[0.024s] Invoking command in '/home/kazusa/kazusa/build/controller': CMAKE_PREFIX_PATH=${CMAKE_PREFIX_PATH}:/opt/ros/humble /usr/bin/cmake /home/kazusa/kazusa/ver0/controller -DCMAKE_EXPORT_COMPILE_COMMANDS=ON -DAMENT_CMAKE_SYMLINK_INSTALL=1 -DCMAKE_INSTALL_PREFIX=/home/kazusa/kazusa/install/controller
[0.118s] -- The C compiler identification is GNU 11.4.0
[0.186s] -- The CXX compiler identification is GNU 11.4.0
[0.195s] -- Detecting C compiler ABI info
[0.267s] -- Detecting C compiler ABI info - done
[0.271s] -- Check for working C compiler: /usr/bin/cc - skipped
[0.272s] -- Detecting C compile features
[0.272s] -- Detecting C compile features - done
[0.275s] -- Detecting CXX compiler ABI info
[0.359s] -- Detecting CXX compiler ABI info - done
[0.364s] -- Check for working CXX compiler: /usr/bin/c++ - skipped
[0.364s] -- Detecting CXX compile features
[0.364s] -- Detecting CXX compile features - done
[0.366s] -- Found ament_cmake: 1.3.14 (/opt/ros/humble/share/ament_cmake/cmake)
[0.496s] -- Found Python3: /usr/bin/python3 (found version "3.10.12") found components: Interpreter 
[0.569s] -- Override CMake install command with custom implementation using symlinks instead of copying resources
[0.599s] -- Found rosidl_default_generators: 1.2.1 (/opt/ros/humble/share/rosidl_default_generators/cmake)
[0.604s] -- Using all available rosidl_typesupport_c: rosidl_typesupport_fastrtps_c;rosidl_typesupport_introspection_c
[0.614s] -- Found rosidl_adapter: 3.1.9 (/opt/ros/humble/share/rosidl_adapter/cmake)
[0.664s] -- Using all available rosidl_typesupport_cpp: rosidl_typesupport_fastrtps_cpp;rosidl_typesupport_introspection_cpp
[0.704s] -- Found std_msgs: 4.9.1 (/opt/ros/humble/share/std_msgs/cmake)
[0.731s] -- Found ament_lint_auto: 0.12.15 (/opt/ros/humble/share/ament_lint_auto/cmake)
[1.005s] [31mCMake Error at /opt/ros/humble/share/rosidl_adapter/cmake/rosidl_adapt_interfaces.cmake:59 (message):
[1.005s]   execute_process(/usr/bin/python3 -m rosidl_adapter --package-name
[1.005s]   controller --arguments-file
[1.005s]   /home/kazusa/kazusa/build/controller/rosidl_adapter__arguments__controller.json
[1.005s]   --output-dir /home/kazusa/kazusa/build/controller/rosidl_adapter/controller
[1.006s]   --output-file
[1.006s]   /home/kazusa/kazusa/build/controller/rosidl_adapter/controller.idls)
[1.006s]   returned error code 1:
[1.006s] 
[1.006s]   Error processing 'bool HojuPosition' of 'controller/Controller':
[1.006s]   ''HojuPosition' is an invalid field name.  It should have the pattern
[1.006s]   '^(?!.*__)(?!.*_$)[a-z][a-z0-9_]*$''
[1.006s] 
[1.006s]   Traceback (most recent call last):
[1.006s] 
[1.006s]     File "/usr/lib/python3.10/runpy.py", line 196, in _run_module_as_main
[1.006s]       return _run_code(code, main_globals, None,
[1.006s]     File "/usr/lib/python3.10/runpy.py", line 86, in _run_code
[1.006s]       exec(code, run_globals)
[1.006s]     File "/opt/ros/humble/local/lib/python3.10/dist-packages/rosidl_adapter/__main__.py", line 19, in <module>
[1.006s]       sys.exit(main())
[1.006s]     File "/opt/ros/humble/local/lib/python3.10/dist-packages/rosidl_adapter/main.py", line 53, in main
[1.006s]       abs_idl_file = convert_to_idl(
[1.006s]     File "/opt/ros/humble/local/lib/python3.10/dist-packages/rosidl_adapter/__init__.py", line 19, in convert_to_idl
[1.007s]       return convert_msg_to_idl(
[1.007s]     File "/opt/ros/humble/local/lib/python3.10/dist-packages/rosidl_adapter/msg/__init__.py", line 28, in convert_msg_to_idl
[1.007s]       msg = parse_message_string(package_name, input_file.stem, content)
[1.007s]     File "/opt/ros/humble/local/lib/python3.10/dist-packages/rosidl_adapter/parser.py", line 519, in parse_message_string
[1.007s]       fields.append(Field(
[1.007s]     File "/opt/ros/humble/local/lib/python3.10/dist-packages/rosidl_adapter/parser.py", line 354, in __init__
[1.007s]       raise NameError(
[1.007s] 
[1.007s]   NameError: 'HojuPosition' is an invalid field name.  It should have the
[1.007s]   pattern '^(?!.*__)(?!.*_$)[a-z][a-z0-9_]*$'
[1.007s] 
[1.007s] Call Stack (most recent call first):
[1.007s]   /opt/ros/humble/share/rosidl_cmake/cmake/rosidl_generate_interfaces.cmake:130 (rosidl_adapt_interfaces)
[1.007s]   CMakeLists.txt:29 (rosidl_generate_interfaces)
[1.007s] 
[1.007s] [0m
[1.007s] -- Configuring incomplete, errors occurred!
[1.008s] See also "/home/kazusa/kazusa/build/controller/CMakeFiles/CMakeOutput.log".
[1.026s] Invoked command in '/home/kazusa/kazusa/build/controller' returned '1': CMAKE_PREFIX_PATH=${CMAKE_PREFIX_PATH}:/opt/ros/humble /usr/bin/cmake /home/kazusa/kazusa/ver0/controller -DCMAKE_EXPORT_COMPILE_COMMANDS=ON -DAMENT_CMAKE_SYMLINK_INSTALL=1 -DCMAKE_INSTALL_PREFIX=/home/kazusa/kazusa/install/controller
