[0.044s] Invoking command in '/home/kazusa/kazusa/build/custom_msgs': CMAKE_PREFIX_PATH=${CMAKE_PREFIX_PATH}:/opt/ros/jazzy DEBUGINFOD_URLS=https://debuginfod.ubuntu.com /usr/bin/cmake --build /home/kazusa/kazusa/build/custom_msgs -- -j12 -l12
[0.167s] [  3%] Built target custom_msgs__rs
[0.167s] [  3%] Built target custom_msgs__rosidl_generator_type_description
[0.203s] [  3%] Built target ament_cmake_python_copy_custom_msgs
[0.212s] [  5%] Built target custom_msgs__cpp
[0.217s] [ 25%] Built target custom_msgs__rosidl_generator_c
[0.289s] [ 34%] Built target custom_msgs__rosidl_typesupport_fastrtps_c
[0.289s] [ 43%] Built target custom_msgs__rosidl_typesupport_introspection_c
[0.292s] [ 61%] Built target custom_msgs__rosidl_typesupport_cpp
[0.293s] [ 61%] Built target custom_msgs__rosidl_typesupport_fastrtps_cpp
[0.293s] [ 70%] Built target custom_msgs__rosidl_typesupport_c
[0.299s] [ 80%] Built target custom_msgs__rosidl_typesupport_introspection_cpp
[0.338s] [ 80%] Built target custom_msgs
[0.378s] [ 81%] Built target custom_msgs__py
[0.424s] [ 89%] Built target custom_msgs__rosidl_generator_py
[0.467s] [ 92%] Built target custom_msgs_s__rosidl_typesupport_introspection_c
[0.468s] [ 96%] Built target custom_msgs_s__rosidl_typesupport_fastrtps_c
[0.470s] [100%] Built target custom_msgs_s__rosidl_typesupport_c
[0.546s] running egg_info
[0.575s] writing custom_msgs.egg-info/PKG-INFO
[0.575s] writing dependency_links to custom_msgs.egg-info/dependency_links.txt
[0.575s] writing top-level names to custom_msgs.egg-info/top_level.txt
[0.647s] reading manifest file 'custom_msgs.egg-info/SOURCES.txt'
[0.648s] writing manifest file 'custom_msgs.egg-info/SOURCES.txt'
[0.700s] [100%] Built target ament_cmake_python_build_custom_msgs_egg
[0.721s] Invoked command in '/home/kazusa/kazusa/build/custom_msgs' returned '0': CMAKE_PREFIX_PATH=${CMAKE_PREFIX_PATH}:/opt/ros/jazzy DEBUGINFOD_URLS=https://debuginfod.ubuntu.com /usr/bin/cmake --build /home/kazusa/kazusa/build/custom_msgs -- -j12 -l12
[0.723s] Invoking command in '/home/kazusa/kazusa/build/custom_msgs': CMAKE_PREFIX_PATH=${CMAKE_PREFIX_PATH}:/opt/ros/jazzy DEBUGINFOD_URLS=https://debuginfod.ubuntu.com /usr/bin/cmake --install /home/kazusa/kazusa/build/custom_msgs
[0.739s] -- Install configuration: ""
[0.740s] -- Up-to-date: /home/kazusa/kazusa/install/custom_msgs/share/ament_index/resource_index/rosidl_interfaces/custom_msgs
[0.740s] -- Up-to-date: /home/kazusa/kazusa/install/custom_msgs/share/custom_msgs/msg/CanPacket.json
[0.740s] -- Up-to-date: /home/kazusa/kazusa/install/custom_msgs/share/custom_msgs/action/FollowPath.json
[0.740s] -- Up-to-date: /home/kazusa/kazusa/install/custom_msgs/share/custom_msgs/action/Hoju.json
[0.740s] -- Up-to-date: /home/kazusa/kazusa/install/custom_msgs/include/custom_msgs/custom_msgs
[0.740s] -- Up-to-date: /home/kazusa/kazusa/install/custom_msgs/include/custom_msgs/custom_msgs/msg
[0.740s] -- Up-to-date: /home/kazusa/kazusa/install/custom_msgs/include/custom_msgs/custom_msgs/msg/rosidl_generator_c__visibility_control.h
[0.741s] -- Up-to-date: /home/kazusa/kazusa/install/custom_msgs/include/custom_msgs/custom_msgs/msg/can_packet.h
[0.741s] -- Up-to-date: /home/kazusa/kazusa/install/custom_msgs/include/custom_msgs/custom_msgs/msg/detail
[0.741s] -- Up-to-date: /home/kazusa/kazusa/install/custom_msgs/include/custom_msgs/custom_msgs/msg/detail/can_packet__struct.h
[0.741s] -- Up-to-date: /home/kazusa/kazusa/install/custom_msgs/include/custom_msgs/custom_msgs/msg/detail/can_packet__type_support.h
[0.741s] -- Up-to-date: /home/kazusa/kazusa/install/custom_msgs/include/custom_msgs/custom_msgs/msg/detail/can_packet__description.c
[0.741s] -- Up-to-date: /home/kazusa/kazusa/install/custom_msgs/include/custom_msgs/custom_msgs/msg/detail/can_packet__functions.h
[0.741s] -- Up-to-date: /home/kazusa/kazusa/install/custom_msgs/include/custom_msgs/custom_msgs/msg/detail/can_packet__type_support.c
[0.741s] -- Up-to-date: /home/kazusa/kazusa/install/custom_msgs/include/custom_msgs/custom_msgs/msg/detail/can_packet__functions.c
[0.741s] -- Up-to-date: /home/kazusa/kazusa/install/custom_msgs/include/custom_msgs/custom_msgs/action
[0.741s] -- Up-to-date: /home/kazusa/kazusa/install/custom_msgs/include/custom_msgs/custom_msgs/action/detail
[0.742s] -- Up-to-date: /home/kazusa/kazusa/install/custom_msgs/include/custom_msgs/custom_msgs/action/detail/hoju__description.c
[0.742s] -- Up-to-date: /home/kazusa/kazusa/install/custom_msgs/include/custom_msgs/custom_msgs/action/detail/follow_path__description.c
[0.742s] -- Up-to-date: /home/kazusa/kazusa/install/custom_msgs/include/custom_msgs/custom_msgs/action/detail/hoju__functions.h
[0.742s] -- Up-to-date: /home/kazusa/kazusa/install/custom_msgs/include/custom_msgs/custom_msgs/action/detail/follow_path__type_support.h
[0.742s] -- Up-to-date: /home/kazusa/kazusa/install/custom_msgs/include/custom_msgs/custom_msgs/action/detail/follow_path__type_support.c
[0.742s] -- Up-to-date: /home/kazusa/kazusa/install/custom_msgs/include/custom_msgs/custom_msgs/action/detail/follow_path__struct.h
[0.742s] -- Up-to-date: /home/kazusa/kazusa/install/custom_msgs/include/custom_msgs/custom_msgs/action/detail/hoju__type_support.c
[0.742s] -- Up-to-date: /home/kazusa/kazusa/install/custom_msgs/include/custom_msgs/custom_msgs/action/detail/follow_path__functions.h
[0.742s] -- Up-to-date: /home/kazusa/kazusa/install/custom_msgs/include/custom_msgs/custom_msgs/action/detail/hoju__struct.h
[0.742s] -- Up-to-date: /home/kazusa/kazusa/install/custom_msgs/include/custom_msgs/custom_msgs/action/detail/hoju__type_support.h
[0.743s] -- Up-to-date: /home/kazusa/kazusa/install/custom_msgs/include/custom_msgs/custom_msgs/action/detail/hoju__functions.c
[0.743s] -- Up-to-date: /home/kazusa/kazusa/install/custom_msgs/include/custom_msgs/custom_msgs/action/detail/follow_path__functions.c
[0.743s] -- Up-to-date: /home/kazusa/kazusa/install/custom_msgs/include/custom_msgs/custom_msgs/action/hoju.h
[0.743s] -- Up-to-date: /home/kazusa/kazusa/install/custom_msgs/include/custom_msgs/custom_msgs/action/follow_path.h
[0.743s] -- Up-to-date: /home/kazusa/kazusa/install/custom_msgs/share/custom_msgs/environment/library_path.sh
[0.743s] -- Up-to-date: /home/kazusa/kazusa/install/custom_msgs/share/custom_msgs/environment/library_path.dsv
[0.743s] -- Up-to-date: /home/kazusa/kazusa/install/custom_msgs/lib/libcustom_msgs__rosidl_generator_c.so
[0.743s] -- Up-to-date: /home/kazusa/kazusa/install/custom_msgs/include/custom_msgs/custom_msgs
[0.743s] -- Up-to-date: /home/kazusa/kazusa/install/custom_msgs/include/custom_msgs/custom_msgs/msg
[0.743s] -- Up-to-date: /home/kazusa/kazusa/install/custom_msgs/include/custom_msgs/custom_msgs/msg/detail
[0.743s] -- Up-to-date: /home/kazusa/kazusa/install/custom_msgs/include/custom_msgs/custom_msgs/msg/detail/can_packet__rosidl_typesupport_fastrtps_c.h
[0.743s] -- Up-to-date: /home/kazusa/kazusa/install/custom_msgs/include/custom_msgs/custom_msgs/msg/rosidl_typesupport_fastrtps_c__visibility_control.h
[0.743s] -- Up-to-date: /home/kazusa/kazusa/install/custom_msgs/include/custom_msgs/custom_msgs/action
[0.744s] -- Up-to-date: /home/kazusa/kazusa/install/custom_msgs/include/custom_msgs/custom_msgs/action/detail
[0.744s] -- Up-to-date: /home/kazusa/kazusa/install/custom_msgs/include/custom_msgs/custom_msgs/action/detail/follow_path__rosidl_typesupport_fastrtps_c.h
[0.744s] -- Up-to-date: /home/kazusa/kazusa/install/custom_msgs/include/custom_msgs/custom_msgs/action/detail/hoju__rosidl_typesupport_fastrtps_c.h
[0.744s] -- Up-to-date: /home/kazusa/kazusa/install/custom_msgs/lib/libcustom_msgs__rosidl_typesupport_fastrtps_c.so
[0.744s] -- Up-to-date: /home/kazusa/kazusa/install/custom_msgs/include/custom_msgs/custom_msgs
[0.744s] -- Up-to-date: /home/kazusa/kazusa/install/custom_msgs/include/custom_msgs/custom_msgs/msg
[0.744s] -- Up-to-date: /home/kazusa/kazusa/install/custom_msgs/include/custom_msgs/custom_msgs/msg/rosidl_typesupport_introspection_c__visibility_control.h
[0.744s] -- Up-to-date: /home/kazusa/kazusa/install/custom_msgs/include/custom_msgs/custom_msgs/msg/detail
[0.745s] -- Up-to-date: /home/kazusa/kazusa/install/custom_msgs/include/custom_msgs/custom_msgs/msg/detail/can_packet__rosidl_typesupport_introspection_c.h
[0.745s] -- Up-to-date: /home/kazusa/kazusa/install/custom_msgs/include/custom_msgs/custom_msgs/msg/detail/can_packet__type_support.c
[0.745s] -- Up-to-date: /home/kazusa/kazusa/install/custom_msgs/include/custom_msgs/custom_msgs/action
[0.745s] -- Up-to-date: /home/kazusa/kazusa/install/custom_msgs/include/custom_msgs/custom_msgs/action/detail
[0.745s] -- Up-to-date: /home/kazusa/kazusa/install/custom_msgs/include/custom_msgs/custom_msgs/action/detail/follow_path__type_support.c
[0.745s] -- Up-to-date: /home/kazusa/kazusa/install/custom_msgs/include/custom_msgs/custom_msgs/action/detail/hoju__type_support.c
[0.745s] -- Up-to-date: /home/kazusa/kazusa/install/custom_msgs/include/custom_msgs/custom_msgs/action/detail/hoju__rosidl_typesupport_introspection_c.h
[0.745s] -- Up-to-date: /home/kazusa/kazusa/install/custom_msgs/include/custom_msgs/custom_msgs/action/detail/follow_path__rosidl_typesupport_introspection_c.h
[0.745s] -- Up-to-date: /home/kazusa/kazusa/install/custom_msgs/lib/libcustom_msgs__rosidl_typesupport_introspection_c.so
[0.745s] -- Up-to-date: /home/kazusa/kazusa/install/custom_msgs/lib/libcustom_msgs__rosidl_typesupport_c.so
[0.746s] -- Up-to-date: /home/kazusa/kazusa/install/custom_msgs/include/custom_msgs/custom_msgs
[0.746s] -- Up-to-date: /home/kazusa/kazusa/install/custom_msgs/include/custom_msgs/custom_msgs/msg
[0.746s] -- Up-to-date: /home/kazusa/kazusa/install/custom_msgs/include/custom_msgs/custom_msgs/msg/can_packet.hpp
[0.746s] -- Up-to-date: /home/kazusa/kazusa/install/custom_msgs/include/custom_msgs/custom_msgs/msg/detail
[0.746s] -- Up-to-date: /home/kazusa/kazusa/install/custom_msgs/include/custom_msgs/custom_msgs/msg/detail/can_packet__struct.hpp
[0.746s] -- Up-to-date: /home/kazusa/kazusa/install/custom_msgs/include/custom_msgs/custom_msgs/msg/detail/can_packet__builder.hpp
[0.746s] -- Up-to-date: /home/kazusa/kazusa/install/custom_msgs/include/custom_msgs/custom_msgs/msg/detail/can_packet__type_support.hpp
[0.746s] -- Up-to-date: /home/kazusa/kazusa/install/custom_msgs/include/custom_msgs/custom_msgs/msg/detail/can_packet__traits.hpp
[0.746s] -- Up-to-date: /home/kazusa/kazusa/install/custom_msgs/include/custom_msgs/custom_msgs/msg/rosidl_generator_cpp__visibility_control.hpp
[0.746s] -- Up-to-date: /home/kazusa/kazusa/install/custom_msgs/include/custom_msgs/custom_msgs/action
[0.747s] -- Up-to-date: /home/kazusa/kazusa/install/custom_msgs/include/custom_msgs/custom_msgs/action/follow_path.hpp
[0.747s] -- Up-to-date: /home/kazusa/kazusa/install/custom_msgs/include/custom_msgs/custom_msgs/action/detail
[0.747s] -- Up-to-date: /home/kazusa/kazusa/install/custom_msgs/include/custom_msgs/custom_msgs/action/detail/follow_path__struct.hpp
[0.747s] -- Up-to-date: /home/kazusa/kazusa/install/custom_msgs/include/custom_msgs/custom_msgs/action/detail/follow_path__type_support.hpp
[0.747s] -- Up-to-date: /home/kazusa/kazusa/install/custom_msgs/include/custom_msgs/custom_msgs/action/detail/hoju__builder.hpp
[0.747s] -- Up-to-date: /home/kazusa/kazusa/install/custom_msgs/include/custom_msgs/custom_msgs/action/detail/follow_path__builder.hpp
[0.747s] -- Up-to-date: /home/kazusa/kazusa/install/custom_msgs/include/custom_msgs/custom_msgs/action/detail/hoju__struct.hpp
[0.747s] -- Up-to-date: /home/kazusa/kazusa/install/custom_msgs/include/custom_msgs/custom_msgs/action/detail/hoju__type_support.hpp
[0.747s] -- Up-to-date: /home/kazusa/kazusa/install/custom_msgs/include/custom_msgs/custom_msgs/action/detail/follow_path__traits.hpp
[0.747s] -- Up-to-date: /home/kazusa/kazusa/install/custom_msgs/include/custom_msgs/custom_msgs/action/detail/hoju__traits.hpp
[0.747s] -- Up-to-date: /home/kazusa/kazusa/install/custom_msgs/include/custom_msgs/custom_msgs/action/hoju.hpp
[0.747s] -- Up-to-date: /home/kazusa/kazusa/install/custom_msgs/include/custom_msgs/custom_msgs
[0.747s] -- Up-to-date: /home/kazusa/kazusa/install/custom_msgs/include/custom_msgs/custom_msgs/msg
[0.747s] -- Up-to-date: /home/kazusa/kazusa/install/custom_msgs/include/custom_msgs/custom_msgs/msg/detail
[0.748s] -- Up-to-date: /home/kazusa/kazusa/install/custom_msgs/include/custom_msgs/custom_msgs/msg/detail/can_packet__rosidl_typesupport_fastrtps_cpp.hpp
[0.748s] -- Up-to-date: /home/kazusa/kazusa/install/custom_msgs/include/custom_msgs/custom_msgs/msg/detail/dds_fastrtps
[0.748s] -- Up-to-date: /home/kazusa/kazusa/install/custom_msgs/include/custom_msgs/custom_msgs/msg/rosidl_typesupport_fastrtps_cpp__visibility_control.h
[0.748s] -- Up-to-date: /home/kazusa/kazusa/install/custom_msgs/include/custom_msgs/custom_msgs/action
[0.748s] -- Up-to-date: /home/kazusa/kazusa/install/custom_msgs/include/custom_msgs/custom_msgs/action/detail
[0.748s] -- Up-to-date: /home/kazusa/kazusa/install/custom_msgs/include/custom_msgs/custom_msgs/action/detail/follow_path__rosidl_typesupport_fastrtps_cpp.hpp
[0.748s] -- Up-to-date: /home/kazusa/kazusa/install/custom_msgs/include/custom_msgs/custom_msgs/action/detail/hoju__rosidl_typesupport_fastrtps_cpp.hpp
[0.748s] -- Up-to-date: /home/kazusa/kazusa/install/custom_msgs/include/custom_msgs/custom_msgs/action/detail/dds_fastrtps
[0.748s] -- Up-to-date: /home/kazusa/kazusa/install/custom_msgs/lib/libcustom_msgs__rosidl_typesupport_fastrtps_cpp.so
[0.748s] -- Up-to-date: /home/kazusa/kazusa/install/custom_msgs/include/custom_msgs/custom_msgs
[0.748s] -- Up-to-date: /home/kazusa/kazusa/install/custom_msgs/include/custom_msgs/custom_msgs/msg
[0.748s] -- Up-to-date: /home/kazusa/kazusa/install/custom_msgs/include/custom_msgs/custom_msgs/msg/detail
[0.749s] -- Up-to-date: /home/kazusa/kazusa/install/custom_msgs/include/custom_msgs/custom_msgs/msg/detail/can_packet__rosidl_typesupport_introspection_cpp.hpp
[0.749s] -- Up-to-date: /home/kazusa/kazusa/install/custom_msgs/include/custom_msgs/custom_msgs/msg/detail/can_packet__type_support.cpp
[0.749s] -- Up-to-date: /home/kazusa/kazusa/install/custom_msgs/include/custom_msgs/custom_msgs/action
[0.749s] -- Up-to-date: /home/kazusa/kazusa/install/custom_msgs/include/custom_msgs/custom_msgs/action/detail
[0.749s] -- Up-to-date: /home/kazusa/kazusa/install/custom_msgs/include/custom_msgs/custom_msgs/action/detail/hoju__rosidl_typesupport_introspection_cpp.hpp
[0.749s] -- Up-to-date: /home/kazusa/kazusa/install/custom_msgs/include/custom_msgs/custom_msgs/action/detail/follow_path__rosidl_typesupport_introspection_cpp.hpp
[0.749s] -- Up-to-date: /home/kazusa/kazusa/install/custom_msgs/include/custom_msgs/custom_msgs/action/detail/hoju__type_support.cpp
[0.749s] -- Up-to-date: /home/kazusa/kazusa/install/custom_msgs/include/custom_msgs/custom_msgs/action/detail/follow_path__type_support.cpp
[0.749s] -- Up-to-date: /home/kazusa/kazusa/install/custom_msgs/lib/libcustom_msgs__rosidl_typesupport_introspection_cpp.so
[0.750s] -- Up-to-date: /home/kazusa/kazusa/install/custom_msgs/lib/libcustom_msgs__rosidl_typesupport_cpp.so
[0.750s] -- Up-to-date: /home/kazusa/kazusa/install/custom_msgs/share/custom_msgs/environment/pythonpath.sh
[0.750s] -- Up-to-date: /home/kazusa/kazusa/install/custom_msgs/share/custom_msgs/environment/pythonpath.dsv
[0.750s] -- Up-to-date: /home/kazusa/kazusa/install/custom_msgs/lib/python3.12/site-packages/custom_msgs-0.0.0-py3.12.egg-info
[0.750s] -- Installing: /home/kazusa/kazusa/install/custom_msgs/lib/python3.12/site-packages/custom_msgs-0.0.0-py3.12.egg-info/top_level.txt
[0.750s] -- Installing: /home/kazusa/kazusa/install/custom_msgs/lib/python3.12/site-packages/custom_msgs-0.0.0-py3.12.egg-info/SOURCES.txt
[0.750s] -- Installing: /home/kazusa/kazusa/install/custom_msgs/lib/python3.12/site-packages/custom_msgs-0.0.0-py3.12.egg-info/PKG-INFO
[0.750s] -- Installing: /home/kazusa/kazusa/install/custom_msgs/lib/python3.12/site-packages/custom_msgs-0.0.0-py3.12.egg-info/dependency_links.txt
[0.750s] -- Up-to-date: /home/kazusa/kazusa/install/custom_msgs/lib/python3.12/site-packages/custom_msgs
[0.750s] -- Up-to-date: /home/kazusa/kazusa/install/custom_msgs/lib/python3.12/site-packages/custom_msgs/__init__.py
[0.750s] -- Up-to-date: /home/kazusa/kazusa/install/custom_msgs/lib/python3.12/site-packages/custom_msgs/msg
[0.750s] -- Up-to-date: /home/kazusa/kazusa/install/custom_msgs/lib/python3.12/site-packages/custom_msgs/msg/__init__.py
[0.750s] -- Up-to-date: /home/kazusa/kazusa/install/custom_msgs/lib/python3.12/site-packages/custom_msgs/msg/_can_packet.py
[0.751s] -- Up-to-date: /home/kazusa/kazusa/install/custom_msgs/lib/python3.12/site-packages/custom_msgs/msg/_can_packet_s.c
[0.751s] -- Up-to-date: /home/kazusa/kazusa/install/custom_msgs/lib/python3.12/site-packages/custom_msgs/_custom_msgs_s.ep.rosidl_typesupport_c.c
[0.751s] -- Up-to-date: /home/kazusa/kazusa/install/custom_msgs/lib/python3.12/site-packages/custom_msgs/action
[0.751s] -- Up-to-date: /home/kazusa/kazusa/install/custom_msgs/lib/python3.12/site-packages/custom_msgs/action/_follow_path_s.c
[0.751s] -- Up-to-date: /home/kazusa/kazusa/install/custom_msgs/lib/python3.12/site-packages/custom_msgs/action/__init__.py
[0.751s] -- Up-to-date: /home/kazusa/kazusa/install/custom_msgs/lib/python3.12/site-packages/custom_msgs/action/_hoju_s.c
[0.751s] -- Up-to-date: /home/kazusa/kazusa/install/custom_msgs/lib/python3.12/site-packages/custom_msgs/action/_hoju.py
[0.751s] -- Up-to-date: /home/kazusa/kazusa/install/custom_msgs/lib/python3.12/site-packages/custom_msgs/action/_follow_path.py
[0.751s] -- Up-to-date: /home/kazusa/kazusa/install/custom_msgs/lib/python3.12/site-packages/custom_msgs/custom_msgs_s__rosidl_typesupport_fastrtps_c.so
[0.751s] -- Up-to-date: /home/kazusa/kazusa/install/custom_msgs/lib/python3.12/site-packages/custom_msgs/_custom_msgs_s.ep.rosidl_typesupport_fastrtps_c.c
[0.751s] -- Up-to-date: /home/kazusa/kazusa/install/custom_msgs/lib/python3.12/site-packages/custom_msgs/custom_msgs_s__rosidl_typesupport_c.so
[0.752s] -- Up-to-date: /home/kazusa/kazusa/install/custom_msgs/lib/python3.12/site-packages/custom_msgs/_custom_msgs_s.ep.rosidl_typesupport_introspection_c.c
[0.752s] -- Up-to-date: /home/kazusa/kazusa/install/custom_msgs/lib/python3.12/site-packages/custom_msgs/custom_msgs_s__rosidl_typesupport_introspection_c.so
[0.800s] Listing '/home/kazusa/kazusa/install/custom_msgs/lib/python3.12/site-packages/custom_msgs'...
[0.801s] Listing '/home/kazusa/kazusa/install/custom_msgs/lib/python3.12/site-packages/custom_msgs/action'...
[0.801s] Listing '/home/kazusa/kazusa/install/custom_msgs/lib/python3.12/site-packages/custom_msgs/msg'...
[0.812s] -- Up-to-date: /home/kazusa/kazusa/install/custom_msgs/lib/python3.12/site-packages/custom_msgs/custom_msgs_s__rosidl_typesupport_fastrtps_c.so
[0.812s] -- Up-to-date: /home/kazusa/kazusa/install/custom_msgs/lib/python3.12/site-packages/custom_msgs/custom_msgs_s__rosidl_typesupport_introspection_c.so
[0.813s] -- Up-to-date: /home/kazusa/kazusa/install/custom_msgs/lib/python3.12/site-packages/custom_msgs/custom_msgs_s__rosidl_typesupport_c.so
[0.814s] -- Up-to-date: /home/kazusa/kazusa/install/custom_msgs/lib/libcustom_msgs__rosidl_generator_py.so
[0.815s] -- Up-to-date: /home/kazusa/kazusa/install/custom_msgs/share/ament_index/resource_index/rust_packages/custom_msgs
[0.815s] -- Up-to-date: /home/kazusa/kazusa/install/custom_msgs/share/custom_msgs/rust
[0.815s] -- Up-to-date: /home/kazusa/kazusa/install/custom_msgs/share/custom_msgs/rust/Cargo.toml
[0.815s] -- Up-to-date: /home/kazusa/kazusa/install/custom_msgs/share/custom_msgs/rust/src
[0.815s] -- Up-to-date: /home/kazusa/kazusa/install/custom_msgs/share/custom_msgs/rust/src/msg
[0.815s] -- Up-to-date: /home/kazusa/kazusa/install/custom_msgs/share/custom_msgs/rust/src/msg/rmw.rs
[0.815s] -- Up-to-date: /home/kazusa/kazusa/install/custom_msgs/share/custom_msgs/rust/src/action
[0.815s] -- Up-to-date: /home/kazusa/kazusa/install/custom_msgs/share/custom_msgs/rust/src/action/rmw.rs
[0.815s] -- Up-to-date: /home/kazusa/kazusa/install/custom_msgs/share/custom_msgs/rust/src/msg.rs
[0.815s] -- Up-to-date: /home/kazusa/kazusa/install/custom_msgs/share/custom_msgs/rust/src/action.rs
[0.816s] -- Up-to-date: /home/kazusa/kazusa/install/custom_msgs/share/custom_msgs/rust/src/lib.rs
[0.816s] -- Up-to-date: /home/kazusa/kazusa/install/custom_msgs/share/custom_msgs/rust/build.rs
[0.816s] -- Up-to-date: /home/kazusa/kazusa/install/custom_msgs/share/custom_msgs/msg/CanPacket.idl
[0.816s] -- Up-to-date: /home/kazusa/kazusa/install/custom_msgs/share/custom_msgs/action/FollowPath.idl
[0.816s] -- Up-to-date: /home/kazusa/kazusa/install/custom_msgs/share/custom_msgs/action/Hoju.idl
[0.816s] -- Up-to-date: /home/kazusa/kazusa/install/custom_msgs/share/custom_msgs/msg/CanPacket.msg
[0.816s] -- Up-to-date: /home/kazusa/kazusa/install/custom_msgs/share/custom_msgs/action/FollowPath.action
[0.816s] -- Up-to-date: /home/kazusa/kazusa/install/custom_msgs/share/custom_msgs/action/Hoju.action
[0.817s] -- Up-to-date: /home/kazusa/kazusa/install/custom_msgs/share/ament_index/resource_index/package_run_dependencies/custom_msgs
[0.817s] -- Up-to-date: /home/kazusa/kazusa/install/custom_msgs/share/ament_index/resource_index/parent_prefix_path/custom_msgs
[0.817s] -- Up-to-date: /home/kazusa/kazusa/install/custom_msgs/share/custom_msgs/environment/ament_prefix_path.sh
[0.817s] -- Up-to-date: /home/kazusa/kazusa/install/custom_msgs/share/custom_msgs/environment/ament_prefix_path.dsv
[0.817s] -- Up-to-date: /home/kazusa/kazusa/install/custom_msgs/share/custom_msgs/environment/path.sh
[0.817s] -- Up-to-date: /home/kazusa/kazusa/install/custom_msgs/share/custom_msgs/environment/path.dsv
[0.818s] -- Up-to-date: /home/kazusa/kazusa/install/custom_msgs/share/custom_msgs/local_setup.bash
[0.818s] -- Up-to-date: /home/kazusa/kazusa/install/custom_msgs/share/custom_msgs/local_setup.sh
[0.818s] -- Up-to-date: /home/kazusa/kazusa/install/custom_msgs/share/custom_msgs/local_setup.zsh
[0.818s] -- Up-to-date: /home/kazusa/kazusa/install/custom_msgs/share/custom_msgs/local_setup.dsv
[0.818s] -- Installing: /home/kazusa/kazusa/install/custom_msgs/share/custom_msgs/package.dsv
[0.818s] -- Up-to-date: /home/kazusa/kazusa/install/custom_msgs/share/ament_index/resource_index/packages/custom_msgs
[0.819s] -- Up-to-date: /home/kazusa/kazusa/install/custom_msgs/share/custom_msgs/cmake/export_custom_msgs__rosidl_generator_cExport.cmake
[0.819s] -- Up-to-date: /home/kazusa/kazusa/install/custom_msgs/share/custom_msgs/cmake/export_custom_msgs__rosidl_generator_cExport-noconfig.cmake
[0.819s] -- Up-to-date: /home/kazusa/kazusa/install/custom_msgs/share/custom_msgs/cmake/export_custom_msgs__rosidl_typesupport_fastrtps_cExport.cmake
[0.819s] -- Up-to-date: /home/kazusa/kazusa/install/custom_msgs/share/custom_msgs/cmake/export_custom_msgs__rosidl_typesupport_fastrtps_cExport-noconfig.cmake
[0.819s] -- Up-to-date: /home/kazusa/kazusa/install/custom_msgs/share/custom_msgs/cmake/custom_msgs__rosidl_typesupport_introspection_cExport.cmake
[0.820s] -- Up-to-date: /home/kazusa/kazusa/install/custom_msgs/share/custom_msgs/cmake/custom_msgs__rosidl_typesupport_introspection_cExport-noconfig.cmake
[0.820s] -- Up-to-date: /home/kazusa/kazusa/install/custom_msgs/share/custom_msgs/cmake/custom_msgs__rosidl_typesupport_cExport.cmake
[0.820s] -- Up-to-date: /home/kazusa/kazusa/install/custom_msgs/share/custom_msgs/cmake/custom_msgs__rosidl_typesupport_cExport-noconfig.cmake
[0.820s] -- Up-to-date: /home/kazusa/kazusa/install/custom_msgs/share/custom_msgs/cmake/export_custom_msgs__rosidl_generator_cppExport.cmake
[0.820s] -- Up-to-date: /home/kazusa/kazusa/install/custom_msgs/share/custom_msgs/cmake/export_custom_msgs__rosidl_typesupport_fastrtps_cppExport.cmake
[0.820s] -- Up-to-date: /home/kazusa/kazusa/install/custom_msgs/share/custom_msgs/cmake/export_custom_msgs__rosidl_typesupport_fastrtps_cppExport-noconfig.cmake
[0.820s] -- Up-to-date: /home/kazusa/kazusa/install/custom_msgs/share/custom_msgs/cmake/custom_msgs__rosidl_typesupport_introspection_cppExport.cmake
[0.821s] -- Up-to-date: /home/kazusa/kazusa/install/custom_msgs/share/custom_msgs/cmake/custom_msgs__rosidl_typesupport_introspection_cppExport-noconfig.cmake
[0.821s] -- Up-to-date: /home/kazusa/kazusa/install/custom_msgs/share/custom_msgs/cmake/custom_msgs__rosidl_typesupport_cppExport.cmake
[0.821s] -- Up-to-date: /home/kazusa/kazusa/install/custom_msgs/share/custom_msgs/cmake/custom_msgs__rosidl_typesupport_cppExport-noconfig.cmake
[0.822s] -- Up-to-date: /home/kazusa/kazusa/install/custom_msgs/share/custom_msgs/cmake/export_custom_msgs__rosidl_generator_pyExport.cmake
[0.822s] -- Up-to-date: /home/kazusa/kazusa/install/custom_msgs/share/custom_msgs/cmake/export_custom_msgs__rosidl_generator_pyExport-noconfig.cmake
[0.822s] -- Up-to-date: /home/kazusa/kazusa/install/custom_msgs/share/custom_msgs/cmake/rosidl_cmake-extras.cmake
[0.822s] -- Up-to-date: /home/kazusa/kazusa/install/custom_msgs/share/custom_msgs/cmake/ament_cmake_export_dependencies-extras.cmake
[0.822s] -- Up-to-date: /home/kazusa/kazusa/install/custom_msgs/share/custom_msgs/cmake/ament_cmake_export_include_directories-extras.cmake
[0.822s] -- Up-to-date: /home/kazusa/kazusa/install/custom_msgs/share/custom_msgs/cmake/ament_cmake_export_libraries-extras.cmake
[0.822s] -- Up-to-date: /home/kazusa/kazusa/install/custom_msgs/share/custom_msgs/cmake/ament_cmake_export_targets-extras.cmake
[0.822s] -- Up-to-date: /home/kazusa/kazusa/install/custom_msgs/share/custom_msgs/cmake/rosidl_cmake_export_typesupport_targets-extras.cmake
[0.823s] -- Up-to-date: /home/kazusa/kazusa/install/custom_msgs/share/custom_msgs/cmake/rosidl_cmake_export_typesupport_libraries-extras.cmake
[0.823s] -- Up-to-date: /home/kazusa/kazusa/install/custom_msgs/share/custom_msgs/cmake/rosidl_cmake_aggregate_target-extras.cmake
[0.823s] -- Up-to-date: /home/kazusa/kazusa/install/custom_msgs/share/custom_msgs/cmake/custom_msgsConfig.cmake
[0.823s] -- Up-to-date: /home/kazusa/kazusa/install/custom_msgs/share/custom_msgs/cmake/custom_msgsConfig-version.cmake
[0.823s] -- Up-to-date: /home/kazusa/kazusa/install/custom_msgs/share/custom_msgs/package.xml
[0.832s] Invoked command in '/home/kazusa/kazusa/build/custom_msgs' returned '0': CMAKE_PREFIX_PATH=${CMAKE_PREFIX_PATH}:/opt/ros/jazzy DEBUGINFOD_URLS=https://debuginfod.ubuntu.com /usr/bin/cmake --install /home/kazusa/kazusa/build/custom_msgs
