-- The C compiler identification is GNU 11.4.0
-- The CXX compiler identification is GNU 11.4.0
-- Detecting C compiler ABI info
-- Detecting C compiler ABI info - done
-- Check for working C compiler: /usr/bin/cc - skipped
-- Detecting C compile features
-- Detecting C compile features - done
-- Detecting CXX compiler ABI info
-- Detecting CXX compiler ABI info - done
-- Check for working CXX compiler: /usr/bin/c++ - skipped
-- Detecting CXX compile features
-- Detecting CXX compile features - done
-- Found ament_cmake: 1.3.14 (/opt/ros/humble/share/ament_cmake/cmake)
-- Found Python3: /usr/bin/python3 (found version "3.10.12") found components: Interpreter 
-- Override CMake install command with custom implementation using symlinks instead of copying resources
-- Found rclcpp: 16.0.19 (/opt/ros/humble/share/rclcpp/cmake)
-- Found rosidl_generator_c: 3.1.9 (/opt/ros/humble/share/rosidl_generator_c/cmake)
-- Found rosidl_adapter: 3.1.9 (/opt/ros/humble/share/rosidl_adapter/cmake)
-- Found rosidl_generator_cpp: 3.1.9 (/opt/ros/humble/share/rosidl_generator_cpp/cmake)
-- Using all available rosidl_typesupport_c: rosidl_typesupport_fastrtps_c;rosidl_typesupport_introspection_c
-- Using all available rosidl_typesupport_cpp: rosidl_typesupport_fastrtps_cpp;rosidl_typesupport_introspection_cpp
-- Found rmw_implementation_cmake: 6.1.2 (/opt/ros/humble/share/rmw_implementation_cmake/cmake)
-- Found rmw_fastrtps_cpp: 6.2.10 (/opt/ros/humble/share/rmw_fastrtps_cpp/cmake)
-- Found OpenSSL: /usr/lib/x86_64-linux-gnu/libcrypto.so (found version "3.0.2")  
-- Found FastRTPS: /opt/ros/humble/include  
-- Using RMW implementation 'rmw_fastrtps_cpp' as default
-- Looking for pthread.h
-- Looking for pthread.h - found
-- Performing Test CMAKE_HAVE_LIBC_PTHREAD
-- Performing Test CMAKE_HAVE_LIBC_PTHREAD - Success
-- Found Threads: TRUE  
-- Found sensor_msgs: 4.9.1 (/opt/ros/humble/share/sensor_msgs/cmake)
-- Found custom_msgs: 0.0.0 (/home/kazusa/kazusa/install/custom_msgs/share/custom_msgs/cmake)
-- Found controller: 0.0.0 (/home/kazusa/kazusa/install/controller/share/controller/cmake)
-- Found rclcpp_action: 16.0.19 (/opt/ros/humble/share/rclcpp_action/cmake)
-- Found ament_lint_auto: 0.12.15 (/opt/ros/humble/share/ament_lint_auto/cmake)
-- Added test 'cppcheck' to perform static code analysis on C / C++ code
-- Configured cppcheck include dirs: /home/kazusa/kazusa/ver0/mast/include
-- Configured cppcheck exclude dirs and/or files: 
-- Added test 'lint_cmake' to check CMake code style
-- Added test 'uncrustify' to check C / C++ code style
-- Configured uncrustify additional arguments: 
-- Added test 'xmllint' to check XML markup files
-- Configuring done
-- Generating done
-- Build files have been written to: /home/kazusa/kazusa/build/mast
[ 16%] [32mBuilding CXX object CMakeFiles/path_follow_node.dir/src/path_follow.cpp.o[0m
[ 33%] [32mBuilding CXX object CMakeFiles/hoju_node.dir/src/hoju.cpp.o[0m
[ 50%] [32mBuilding CXX object CMakeFiles/mast_node.dir/src/mast.cpp.o[0m
[ 66%] [32m[1mLinking CXX executable hoju_node[0m
[ 66%] Built target hoju_node
[ 83%] [32m[1mLinking CXX executable path_follow_node[0m
[ 83%] Built target path_follow_node
[100%] [32m[1mLinking CXX executable mast_node[0m
[100%] Built target mast_node
-- Install configuration: ""
-- Execute custom install script
-- Symlinking: /home/kazusa/kazusa/install/mast/lib/mast/mast_node
-- Symlinking: /home/kazusa/kazusa/install/mast/lib/mast/hoju_node
-- Symlinking: /home/kazusa/kazusa/install/mast/lib/mast/path_follow_node
-- Symlinking: /home/kazusa/kazusa/install/mast/share/mast/path/bucket_to_flag.yaml
-- Symlinking: /home/kazusa/kazusa/install/mast/share/mast/path/bucket_to_start.yaml
-- Symlinking: /home/kazusa/kazusa/install/mast/share/mast/path/flag_to_start.yaml
-- Symlinking: /home/kazusa/kazusa/install/mast/share/mast/path/start_to_bucket.yaml
-- Symlinking: /home/kazusa/kazusa/install/mast/share/mast/path/start_to_flag.yaml
-- Symlinking: /home/kazusa/kazusa/install/mast/share/ament_index/resource_index/package_run_dependencies/mast
-- Symlinking: /home/kazusa/kazusa/install/mast/share/ament_index/resource_index/parent_prefix_path/mast
-- Symlinking: /home/kazusa/kazusa/install/mast/share/mast/environment/ament_prefix_path.sh
-- Symlinking: /home/kazusa/kazusa/install/mast/share/mast/environment/ament_prefix_path.dsv
-- Symlinking: /home/kazusa/kazusa/install/mast/share/mast/environment/path.sh
-- Symlinking: /home/kazusa/kazusa/install/mast/share/mast/environment/path.dsv
-- Symlinking: /home/kazusa/kazusa/install/mast/share/mast/local_setup.bash
-- Symlinking: /home/kazusa/kazusa/install/mast/share/mast/local_setup.sh
-- Symlinking: /home/kazusa/kazusa/install/mast/share/mast/local_setup.zsh
-- Symlinking: /home/kazusa/kazusa/install/mast/share/mast/local_setup.dsv
-- Symlinking: /home/kazusa/kazusa/install/mast/share/mast/package.dsv
-- Symlinking: /home/kazusa/kazusa/install/mast/share/ament_index/resource_index/packages/mast
-- Symlinking: /home/kazusa/kazusa/install/mast/share/mast/cmake/mastConfig.cmake
-- Symlinking: /home/kazusa/kazusa/install/mast/share/mast/cmake/mastConfig-version.cmake
-- Symlinking: /home/kazusa/kazusa/install/mast/share/mast/package.xml
