-- The C compiler identification is GNU 11.4.0
-- The CXX compiler identification is GNU 11.4.0
-- Detecting C compiler ABI info
-- Detecting C compiler ABI info - done
-- Check for working C compiler: /usr/bin/cc - skipped
-- Detecting C compile features
-- Detecting C compile features - done
-- Detecting CXX compiler ABI info
-- Detecting CXX compiler ABI info - done
-- Check for working CXX compiler: /usr/bin/c++ - skipped
-- Detecting CXX compile features
-- Detecting CXX compile features - done
-- Found ament_cmake: 1.3.14 (/opt/ros/humble/share/ament_cmake/cmake)
-- Found Python3: /usr/bin/python3 (found version "3.10.12") found components: Interpreter 
-- Override CMake install command with custom implementation using symlinks instead of copying resources
-- Found ament_lint_auto: 0.12.15 (/opt/ros/humble/share/ament_lint_auto/cmake)
-- Added test 'lint_cmake' to check CMake code style
-- Added test 'xmllint' to check XML markup files
-- Configuring done
-- Generating done
[33mCMake Warning:
  Manually-specified variables were not used by the project:

    CMAKE_EXPORT_COMPILE_COMMANDS

[0m
-- Build files have been written to: /home/kazusa/kazusa/build/amcl_config
-- Install configuration: ""
-- Execute custom install script
-- Symlinking: /home/kazusa/kazusa/install/amcl_config/share/amcl_config/config/amcl copy.yaml
-- Symlinking: /home/kazusa/kazusa/install/amcl_config/share/amcl_config/config/amcl.yaml
-- Symlinking: /home/kazusa/kazusa/install/amcl_config/share/amcl_config/config/amcl714.yaml
-- Symlinking: /home/kazusa/kazusa/install/amcl_config/share/amcl_config/config/amcl_cart.yaml
-- Symlinking: /home/kazusa/kazusa/install/amcl_config/share/amcl_config/config/amcl_draw.yaml
-- Symlinking: /home/kazusa/kazusa/install/amcl_config/share/amcl_config/config/emcl.yaml
-- Symlinking: /home/kazusa/kazusa/install/amcl_config/share/amcl_config/config/emcl2.yaml
-- Symlinking: /home/kazusa/kazusa/install/amcl_config/share/amcl_config/config/emcl3_blue.yaml
-- Symlinking: /home/kazusa/kazusa/install/amcl_config/share/amcl_config/config/emcl3_katahou.yaml
-- Symlinking: /home/kazusa/kazusa/install/amcl_config/share/amcl_config/config/emcl3_red.yaml
-- Symlinking: /home/kazusa/kazusa/install/amcl_config/share/amcl_config/map/2026_b.pgm
-- Symlinking: /home/kazusa/kazusa/install/amcl_config/share/amcl_config/map/2026_b.yaml
-- Symlinking: /home/kazusa/kazusa/install/amcl_config/share/amcl_config/map/2026_b2.yaml
-- Symlinking: /home/kazusa/kazusa/install/amcl_config/share/amcl_config/map/2026_b_2.yaml
-- Symlinking: /home/kazusa/kazusa/install/amcl_config/share/amcl_config/map/2026_r.pgm
-- Symlinking: /home/kazusa/kazusa/install/amcl_config/share/amcl_config/map/2026_r.yaml
-- Symlinking: /home/kazusa/kazusa/install/amcl_config/share/amcl_config/map/2026_r_2.yaml
-- Symlinking: /home/kazusa/kazusa/install/amcl_config/share/amcl_config/map/2026mapblue.pgm
-- Symlinking: /home/kazusa/kazusa/install/amcl_config/share/amcl_config/map/2026mapred.pgm
-- Symlinking: /home/kazusa/kazusa/install/amcl_config/share/amcl_config/map/2026mapred_bak.pgm
-- Symlinking: /home/kazusa/kazusa/install/amcl_config/share/amcl_config/map/drawmap.pgm
-- Symlinking: /home/kazusa/kazusa/install/amcl_config/share/amcl_config/map/drawmap.yaml
-- Symlinking: /home/kazusa/kazusa/install/amcl_config/share/amcl_config/map/map.pgm
-- Symlinking: /home/kazusa/kazusa/install/amcl_config/share/amcl_config/map/my_map_amcl.pgm
-- Symlinking: /home/kazusa/kazusa/install/amcl_config/share/amcl_config/map/my_map_amcl.yaml
-- Symlinking: /home/kazusa/kazusa/install/amcl_config/share/amcl_config/map/off.pgm
-- Symlinking: /home/kazusa/kazusa/install/amcl_config/share/amcl_config/map/off.yaml
-- Symlinking: /home/kazusa/kazusa/install/amcl_config/share/amcl_config/map/off2.pbstream
-- Symlinking: /home/kazusa/kazusa/install/amcl_config/share/amcl_config/map/off2.pgm
-- Symlinking: /home/kazusa/kazusa/install/amcl_config/share/amcl_config/map/off2.yaml
-- Symlinking: /home/kazusa/kazusa/install/amcl_config/share/amcl_config/map/offseason.pgm
-- Symlinking: /home/kazusa/kazusa/install/amcl_config/share/amcl_config/map/offseason.yaml
-- Symlinking: /home/kazusa/kazusa/install/amcl_config/share/ament_index/resource_index/package_run_dependencies/amcl_config
-- Symlinking: /home/kazusa/kazusa/install/amcl_config/share/ament_index/resource_index/parent_prefix_path/amcl_config
-- Symlinking: /home/kazusa/kazusa/install/amcl_config/share/amcl_config/environment/ament_prefix_path.sh
-- Symlinking: /home/kazusa/kazusa/install/amcl_config/share/amcl_config/environment/ament_prefix_path.dsv
-- Symlinking: /home/kazusa/kazusa/install/amcl_config/share/amcl_config/environment/path.sh
-- Symlinking: /home/kazusa/kazusa/install/amcl_config/share/amcl_config/environment/path.dsv
-- Symlinking: /home/kazusa/kazusa/install/amcl_config/share/amcl_config/local_setup.bash
-- Symlinking: /home/kazusa/kazusa/install/amcl_config/share/amcl_config/local_setup.sh
-- Symlinking: /home/kazusa/kazusa/install/amcl_config/share/amcl_config/local_setup.zsh
-- Symlinking: /home/kazusa/kazusa/install/amcl_config/share/amcl_config/local_setup.dsv
-- Symlinking: /home/kazusa/kazusa/install/amcl_config/share/amcl_config/package.dsv
-- Symlinking: /home/kazusa/kazusa/install/amcl_config/share/ament_index/resource_index/packages/amcl_config
-- Symlinking: /home/kazusa/kazusa/install/amcl_config/share/amcl_config/cmake/amcl_configConfig.cmake
-- Symlinking: /home/kazusa/kazusa/install/amcl_config/share/amcl_config/cmake/amcl_configConfig-version.cmake
-- Symlinking: /home/kazusa/kazusa/install/amcl_config/share/amcl_config/package.xml
