[0.029s] Invoking command in '/home/kazusa/kazusa/build/controller': CMAKE_PREFIX_PATH=${CMAKE_PREFIX_PATH}:/opt/ros/humble /usr/bin/cmake --build /home/kazusa/kazusa/build/controller -- -j12 -l12
[0.059s] -- Found ament_cmake: 1.3.14 (/opt/ros/humble/share/ament_cmake/cmake)
[0.206s] -- Override CMake install command with custom implementation using symlinks instead of copying resources
[0.213s] -- Found rosidl_default_generators: 1.2.1 (/opt/ros/humble/share/rosidl_default_generators/cmake)
[0.215s] -- Using all available rosidl_typesupport_c: rosidl_typesupport_fastrtps_c;rosidl_typesupport_introspection_c
[0.218s] -- Found rosidl_adapter: 3.1.9 (/opt/ros/humble/share/rosidl_adapter/cmake)
[0.245s] -- Using all available rosidl_typesupport_cpp: rosidl_typesupport_fastrtps_cpp;rosidl_typesupport_introspection_cpp
[0.262s] -- Found std_msgs: 4.9.1 (/opt/ros/humble/share/std_msgs/cmake)
[0.275s] -- Found ament_lint_auto: 0.12.15 (/opt/ros/humble/share/ament_lint_auto/cmake)
[0.496s] [31mCMake Error at /opt/ros/humble/share/rosidl_adapter/cmake/rosidl_adapt_interfaces.cmake:59 (message):
[0.496s]   execute_process(/usr/bin/python3 -m rosidl_adapter --package-name
[0.496s]   controller --arguments-file
[0.496s]   /home/kazusa/kazusa/build/controller/rosidl_adapter__arguments__controller.json
[0.496s]   --output-dir /home/kazusa/kazusa/build/controller/rosidl_adapter/controller
[0.496s]   --output-file
[0.496s]   /home/kazusa/kazusa/build/controller/rosidl_adapter/controller.idls)
[0.496s]   returned error code 1:
[0.496s] 
[0.496s]   Error processing 'bool HojuPosition' of 'controller/Controller':
[0.496s]   ''HojuPosition' is an invalid field name.  It should have the pattern
[0.496s]   '^(?!.*__)(?!.*_$)[a-z][a-z0-9_]*$''
[0.496s] 
[0.496s]   Traceback (most recent call last):
[0.496s] 
[0.496s]     File "/usr/lib/python3.10/runpy.py", line 196, in _run_module_as_main
[0.496s]       return _run_code(code, main_globals, None,
[0.496s]     File "/usr/lib/python3.10/runpy.py", line 86, in _run_code
[0.497s]       exec(code, run_globals)
[0.497s]     File "/opt/ros/humble/local/lib/python3.10/dist-packages/rosidl_adapter/__main__.py", line 19, in <module>
[0.497s]       sys.exit(main())
[0.497s]     File "/opt/ros/humble/local/lib/python3.10/dist-packages/rosidl_adapter/main.py", line 53, in main
[0.497s]       abs_idl_file = convert_to_idl(
[0.497s]     File "/opt/ros/humble/local/lib/python3.10/dist-packages/rosidl_adapter/__init__.py", line 19, in convert_to_idl
[0.497s]       return convert_msg_to_idl(
[0.497s]     File "/opt/ros/humble/local/lib/python3.10/dist-packages/rosidl_adapter/msg/__init__.py", line 28, in convert_msg_to_idl
[0.497s]       msg = parse_message_string(package_name, input_file.stem, content)
[0.497s]     File "/opt/ros/humble/local/lib/python3.10/dist-packages/rosidl_adapter/parser.py", line 519, in parse_message_string
[0.497s]       fields.append(Field(
[0.497s]     File "/opt/ros/humble/local/lib/python3.10/dist-packages/rosidl_adapter/parser.py", line 354, in __init__
[0.497s]       raise NameError(
[0.497s] 
[0.497s]   NameError: 'HojuPosition' is an invalid field name.  It should have the
[0.497s]   pattern '^(?!.*__)(?!.*_$)[a-z][a-z0-9_]*$'
[0.497s] 
[0.497s] Call Stack (most recent call first):
[0.497s]   /opt/ros/humble/share/rosidl_cmake/cmake/rosidl_generate_interfaces.cmake:130 (rosidl_adapt_interfaces)
[0.497s]   CMakeLists.txt:29 (rosidl_generate_interfaces)
[0.497s] 
[0.497s] [0m
[0.497s] -- Configuring incomplete, errors occurred!
[0.497s] See also "/home/kazusa/kazusa/build/controller/CMakeFiles/CMakeOutput.log".
[0.506s] gmake: *** [Makefile:761: cmake_check_build_system] Error 1
[0.509s] Invoked command in '/home/kazusa/kazusa/build/controller' returned '2': CMAKE_PREFIX_PATH=${CMAKE_PREFIX_PATH}:/opt/ros/humble /usr/bin/cmake --build /home/kazusa/kazusa/build/controller -- -j12 -l12
