[0.039s] Invoking command in '/home/kazusa/kazusa/build/amcl_config': CMAKE_PREFIX_PATH=${CMAKE_PREFIX_PATH}:/opt/ros/jazzy DEBUGINFOD_URLS=https://debuginfod.ubuntu.com /usr/bin/cmake --build /home/kazusa/kazusa/build/amcl_config -- -j12 -l12
[0.128s] Invoked command in '/home/kazusa/kazusa/build/amcl_config' returned '0': CMAKE_PREFIX_PATH=${CMAKE_PREFIX_PATH}:/opt/ros/jazzy DEBUGINFOD_URLS=https://debuginfod.ubuntu.com /usr/bin/cmake --build /home/kazusa/kazusa/build/amcl_config -- -j12 -l12
[0.130s] Invoking command in '/home/kazusa/kazusa/build/amcl_config': CMAKE_PREFIX_PATH=${CMAKE_PREFIX_PATH}:/opt/ros/jazzy DEBUGINFOD_URLS=https://debuginfod.ubuntu.com /usr/bin/cmake --install /home/kazusa/kazusa/build/amcl_config
[0.148s] -- Install configuration: ""
[0.148s] -- Up-to-date: /home/kazusa/kazusa/install/amcl_config/share/amcl_config/config
[0.148s] -- Up-to-date: /home/kazusa/kazusa/install/amcl_config/share/amcl_config/config/amcl_cart.yaml
[0.148s] -- Up-to-date: /home/kazusa/kazusa/install/amcl_config/share/amcl_config/config/emcl3_red.yaml
[0.148s] -- Up-to-date: /home/kazusa/kazusa/install/amcl_config/share/amcl_config/config/amcl_draw.yaml
[0.148s] -- Up-to-date: /home/kazusa/kazusa/install/amcl_config/share/amcl_config/config/amcl.yaml
[0.148s] -- Up-to-date: /home/kazusa/kazusa/install/amcl_config/share/amcl_config/config/amcl714.yaml
[0.148s] -- Up-to-date: /home/kazusa/kazusa/install/amcl_config/share/amcl_config/config/emcl2.yaml
[0.148s] -- Up-to-date: /home/kazusa/kazusa/install/amcl_config/share/amcl_config/config/emcl.yaml
[0.148s] -- Up-to-date: /home/kazusa/kazusa/install/amcl_config/share/amcl_config/config/amcl copy.yaml
[0.149s] -- Up-to-date: /home/kazusa/kazusa/install/amcl_config/share/amcl_config/config/emcl3_katahou.yaml
[0.149s] -- Installing: /home/kazusa/kazusa/install/amcl_config/share/amcl_config/config/emcl3_blue.yaml
[0.149s] -- Up-to-date: /home/kazusa/kazusa/install/amcl_config/share/amcl_config/map
[0.153s] -- Up-to-date: /home/kazusa/kazusa/install/amcl_config/share/amcl_config/map/2026_b2.yaml
[0.153s] -- Up-to-date: /home/kazusa/kazusa/install/amcl_config/share/amcl_config/map/2026_r.pgm
[0.156s] -- Up-to-date: /home/kazusa/kazusa/install/amcl_config/share/amcl_config/map/2026_b.yaml
[0.156s] -- Up-to-date: /home/kazusa/kazusa/install/amcl_config/share/amcl_config/map/2026_b_2.yaml
[0.156s] -- Up-to-date: /home/kazusa/kazusa/install/amcl_config/share/amcl_config/map/2026_b.pgm
[0.156s] -- Up-to-date: /home/kazusa/kazusa/install/amcl_config/share/amcl_config/map/2026_r_2.yaml
[0.156s] -- Up-to-date: /home/kazusa/kazusa/install/amcl_config/share/amcl_config/map/mapblue.pgm
[0.156s] -- Up-to-date: /home/kazusa/kazusa/install/amcl_config/share/amcl_config/map/mapred.pgm
[0.157s] -- Up-to-date: /home/kazusa/kazusa/install/amcl_config/share/amcl_config/map/2026_r.yaml
[0.157s] -- Up-to-date: /home/kazusa/kazusa/install/amcl_config/share/amcl_config/map/2026mapred_bak.pgm
[0.157s] -- Up-to-date: /home/kazusa/kazusa/install/amcl_config/share/amcl_config/map/2026mapblue_bak.pgm
[0.157s] -- Up-to-date: /home/kazusa/kazusa/install/amcl_config/share/ament_index/resource_index/package_run_dependencies/amcl_config
[0.157s] -- Up-to-date: /home/kazusa/kazusa/install/amcl_config/share/ament_index/resource_index/parent_prefix_path/amcl_config
[0.157s] -- Up-to-date: /home/kazusa/kazusa/install/amcl_config/share/amcl_config/environment/ament_prefix_path.sh
[0.157s] -- Up-to-date: /home/kazusa/kazusa/install/amcl_config/share/amcl_config/environment/ament_prefix_path.dsv
[0.157s] -- Up-to-date: /home/kazusa/kazusa/install/amcl_config/share/amcl_config/environment/path.sh
[0.158s] -- Up-to-date: /home/kazusa/kazusa/install/amcl_config/share/amcl_config/environment/path.dsv
[0.158s] -- Up-to-date: /home/kazusa/kazusa/install/amcl_config/share/amcl_config/local_setup.bash
[0.158s] -- Up-to-date: /home/kazusa/kazusa/install/amcl_config/share/amcl_config/local_setup.sh
[0.158s] -- Up-to-date: /home/kazusa/kazusa/install/amcl_config/share/amcl_config/local_setup.zsh
[0.158s] -- Up-to-date: /home/kazusa/kazusa/install/amcl_config/share/amcl_config/local_setup.dsv
[0.158s] -- Installing: /home/kazusa/kazusa/install/amcl_config/share/amcl_config/package.dsv
[0.158s] -- Up-to-date: /home/kazusa/kazusa/install/amcl_config/share/ament_index/resource_index/packages/amcl_config
[0.158s] -- Up-to-date: /home/kazusa/kazusa/install/amcl_config/share/amcl_config/cmake/amcl_configConfig.cmake
[0.159s] -- Up-to-date: /home/kazusa/kazusa/install/amcl_config/share/amcl_config/cmake/amcl_configConfig-version.cmake
[0.159s] -- Up-to-date: /home/kazusa/kazusa/install/amcl_config/share/amcl_config/package.xml
[0.267s] Invoked command in '/home/kazusa/kazusa/build/amcl_config' returned '0': CMAKE_PREFIX_PATH=${CMAKE_PREFIX_PATH}:/opt/ros/jazzy DEBUGINFOD_URLS=https://debuginfod.ubuntu.com /usr/bin/cmake --install /home/kazusa/kazusa/build/amcl_config
