[0.014s] Invoking command in '/home/kazusa/kazusa/build/controller_src': CMAKE_PREFIX_PATH=/home/kazusa/kazusa/install/controller:/home/kazusa/kazusa/install/my_cart2:/home/kazusa/kazusa/install/mast:/home/kazusa/kazusa/install/launcher:/home/kazusa/kazusa/install/esp_agent:/home/kazusa/kazusa/install/custom_msgs:/home/kazusa/kazusa/install/controller_src:/home/kazusa/kazusa/install/amcl_config:/home/kazusa/ros2_deps_ws/install/emcl2:/opt/ros/humble LD_LIBRARY_PATH=/home/kazusa/kazusa/install/controller/lib:/home/kazusa/kazusa/install/custom_msgs/lib:/opt/ros/humble/opt/rviz_ogre_vendor/lib:/opt/ros/humble/lib/x86_64-linux-gnu:/opt/ros/humble/lib /usr/bin/cmake --build /home/kazusa/kazusa/build/controller_src -- -j12 -l12
[0.063s] Invoked command in '/home/kazusa/kazusa/build/controller_src' returned '0': CMAKE_PREFIX_PATH=/home/kazusa/kazusa/install/controller:/home/kazusa/kazusa/install/my_cart2:/home/kazusa/kazusa/install/mast:/home/kazusa/kazusa/install/launcher:/home/kazusa/kazusa/install/esp_agent:/home/kazusa/kazusa/install/custom_msgs:/home/kazusa/kazusa/install/controller_src:/home/kazusa/kazusa/install/amcl_config:/home/kazusa/ros2_deps_ws/install/emcl2:/opt/ros/humble LD_LIBRARY_PATH=/home/kazusa/kazusa/install/controller/lib:/home/kazusa/kazusa/install/custom_msgs/lib:/opt/ros/humble/opt/rviz_ogre_vendor/lib:/opt/ros/humble/lib/x86_64-linux-gnu:/opt/ros/humble/lib /usr/bin/cmake --build /home/kazusa/kazusa/build/controller_src -- -j12 -l12
[0.066s] Invoking command in '/home/kazusa/kazusa/build/controller_src': CMAKE_PREFIX_PATH=/home/kazusa/kazusa/install/controller:/home/kazusa/kazusa/install/my_cart2:/home/kazusa/kazusa/install/mast:/home/kazusa/kazusa/install/launcher:/home/kazusa/kazusa/install/esp_agent:/home/kazusa/kazusa/install/custom_msgs:/home/kazusa/kazusa/install/controller_src:/home/kazusa/kazusa/install/amcl_config:/home/kazusa/ros2_deps_ws/install/emcl2:/opt/ros/humble LD_LIBRARY_PATH=/home/kazusa/kazusa/install/controller/lib:/home/kazusa/kazusa/install/custom_msgs/lib:/opt/ros/humble/opt/rviz_ogre_vendor/lib:/opt/ros/humble/lib/x86_64-linux-gnu:/opt/ros/humble/lib /usr/bin/cmake --install /home/kazusa/kazusa/build/controller_src
[0.073s] -- Install configuration: ""
[0.073s] -- Execute custom install script
[0.073s] -- Up-to-date symlink: /home/kazusa/kazusa/install/controller_src/lib/controller_src/con.py
[0.073s] -- Up-to-date symlink: /home/kazusa/kazusa/install/controller_src/lib/controller_src/launch_starter.py
[0.074s] -- Up-to-date symlink: /home/kazusa/kazusa/install/controller_src/share/ament_index/resource_index/package_run_dependencies/controller_src
[0.074s] -- Up-to-date symlink: /home/kazusa/kazusa/install/controller_src/share/ament_index/resource_index/parent_prefix_path/controller_src
[0.074s] -- Up-to-date symlink: /home/kazusa/kazusa/install/controller_src/share/controller_src/environment/ament_prefix_path.sh
[0.074s] -- Up-to-date symlink: /home/kazusa/kazusa/install/controller_src/share/controller_src/environment/ament_prefix_path.dsv
[0.074s] -- Up-to-date symlink: /home/kazusa/kazusa/install/controller_src/share/controller_src/environment/path.sh
[0.074s] -- Up-to-date symlink: /home/kazusa/kazusa/install/controller_src/share/controller_src/environment/path.dsv
[0.074s] -- Up-to-date symlink: /home/kazusa/kazusa/install/controller_src/share/controller_src/local_setup.bash
[0.074s] -- Up-to-date symlink: /home/kazusa/kazusa/install/controller_src/share/controller_src/local_setup.sh
[0.074s] -- Up-to-date symlink: /home/kazusa/kazusa/install/controller_src/share/controller_src/local_setup.zsh
[0.074s] -- Up-to-date symlink: /home/kazusa/kazusa/install/controller_src/share/controller_src/local_setup.dsv
[0.074s] -- Symlinking: /home/kazusa/kazusa/install/controller_src/share/controller_src/package.dsv
[0.081s] -- Up-to-date symlink: /home/kazusa/kazusa/install/controller_src/share/ament_index/resource_index/packages/controller_src
[0.081s] -- Up-to-date symlink: /home/kazusa/kazusa/install/controller_src/share/controller_src/cmake/controller_srcConfig.cmake
[0.081s] -- Up-to-date symlink: /home/kazusa/kazusa/install/controller_src/share/controller_src/cmake/controller_srcConfig-version.cmake
[0.081s] -- Up-to-date symlink: /home/kazusa/kazusa/install/controller_src/share/controller_src/package.xml
[0.084s] Invoked command in '/home/kazusa/kazusa/build/controller_src' returned '0': CMAKE_PREFIX_PATH=/home/kazusa/kazusa/install/controller:/home/kazusa/kazusa/install/my_cart2:/home/kazusa/kazusa/install/mast:/home/kazusa/kazusa/install/launcher:/home/kazusa/kazusa/install/esp_agent:/home/kazusa/kazusa/install/custom_msgs:/home/kazusa/kazusa/install/controller_src:/home/kazusa/kazusa/install/amcl_config:/home/kazusa/ros2_deps_ws/install/emcl2:/opt/ros/humble LD_LIBRARY_PATH=/home/kazusa/kazusa/install/controller/lib:/home/kazusa/kazusa/install/custom_msgs/lib:/opt/ros/humble/opt/rviz_ogre_vendor/lib:/opt/ros/humble/lib/x86_64-linux-gnu:/opt/ros/humble/lib /usr/bin/cmake --install /home/kazusa/kazusa/build/controller_src
