[0.044s] Invoking command in '/home/kazusa/kazusa/build/custom_msgs': CMAKE_PREFIX_PATH=${CMAKE_PREFIX_PATH}:/opt/ros/jazzy DEBUGINFOD_URLS=https://debuginfod.ubuntu.com /usr/bin/cmake /home/kazusa/kazusa/ver0/custom_msgs -DCMAKE_EXPORT_COMPILE_COMMANDS=ON -DCMAKE_INSTALL_PREFIX=/home/kazusa/kazusa/install/custom_msgs
[0.096s] -- Found ament_cmake: 2.5.6 (/opt/ros/jazzy/share/ament_cmake/cmake)
[0.338s] -- Found rosidl_default_generators: 1.6.1 (/opt/ros/jazzy/share/rosidl_default_generators/cmake)
[0.343s] -- Using all available rosidl_typesupport_c: rosidl_typesupport_fastrtps_c;rosidl_typesupport_introspection_c
[0.431s] -- Using all available rosidl_typesupport_cpp: rosidl_typesupport_fastrtps_cpp;rosidl_typesupport_introspection_cpp
[0.524s] -- Found rosidl_adapter: 4.6.9 (/opt/ros/jazzy/share/rosidl_adapter/cmake)
[1.333s] -- Found ament_cmake_ros: 0.12.1 (/opt/ros/jazzy/share/ament_cmake_ros/cmake)
[1.502s] -- Using all available rosidl_typesupport_c: rosidl_typesupport_fastrtps_c;rosidl_typesupport_introspection_c
[1.702s] -- Using all available rosidl_typesupport_cpp: rosidl_typesupport_fastrtps_cpp;rosidl_typesupport_introspection_cpp
[1.704s] -- Found python_cmake_module: 0.11.1 (/opt/ros/jazzy/share/python_cmake_module/cmake)
[2.088s] -- Found Python3: /usr/bin/python3 (found version "3.12.3") found components: Interpreter Development NumPy Development.Module Development.Embed 
[2.138s] -- Found Python3: /usr/bin/python3 (found version "3.12.3") found components: Interpreter 
[2.140s] -- Found ament_lint_auto: 0.17.5 (/opt/ros/jazzy/share/ament_lint_auto/cmake)
[2.150s] -- Added test 'lint_cmake' to check CMake code style
[2.151s] -- Added test 'xmllint' to check XML markup files
[2.153s] -- Configuring done (2.1s)
[2.203s] -- Generating done (0.0s)
[2.219s] -- Build files have been written to: /home/kazusa/kazusa/build/custom_msgs
[2.232s] Invoked command in '/home/kazusa/kazusa/build/custom_msgs' returned '0': CMAKE_PREFIX_PATH=${CMAKE_PREFIX_PATH}:/opt/ros/jazzy DEBUGINFOD_URLS=https://debuginfod.ubuntu.com /usr/bin/cmake /home/kazusa/kazusa/ver0/custom_msgs -DCMAKE_EXPORT_COMPILE_COMMANDS=ON -DCMAKE_INSTALL_PREFIX=/home/kazusa/kazusa/install/custom_msgs
[2.232s] Invoking command in '/home/kazusa/kazusa/build/custom_msgs': CMAKE_PREFIX_PATH=${CMAKE_PREFIX_PATH}:/opt/ros/jazzy DEBUGINFOD_URLS=https://debuginfod.ubuntu.com /usr/bin/cmake --build /home/kazusa/kazusa/build/custom_msgs -- -j12 -l12
[2.299s] [  1%] Built target custom_msgs__rs
[2.299s] [  3%] Built target custom_msgs__rosidl_generator_type_description
[2.315s] [  3%] Built target ament_cmake_python_copy_custom_msgs
[2.330s] [  5%] Built target custom_msgs__cpp
[2.338s] [ 25%] Built target custom_msgs__rosidl_generator_c
[2.374s] [ 34%] Built target custom_msgs__rosidl_typesupport_introspection_c
[2.391s] [ 43%] Built target custom_msgs__rosidl_typesupport_fastrtps_c
[2.407s] [ 52%] Built target custom_msgs__rosidl_typesupport_fastrtps_cpp
[2.410s] [ 61%] Built target custom_msgs__rosidl_typesupport_cpp
[2.417s] [ 70%] Built target custom_msgs__rosidl_typesupport_introspection_cpp
[2.418s] [ 80%] Built target custom_msgs__rosidl_typesupport_c
[2.453s] [ 80%] Built target custom_msgs
[2.493s] [ 81%] Built target custom_msgs__py
[2.546s] running egg_info
[2.549s] [ 89%] Built target custom_msgs__rosidl_generator_py
[2.569s] writing custom_msgs.egg-info/PKG-INFO
[2.569s] writing dependency_links to custom_msgs.egg-info/dependency_links.txt
[2.569s] writing top-level names to custom_msgs.egg-info/top_level.txt
[2.592s] [ 96%] Built target custom_msgs_s__rosidl_typesupport_fastrtps_c
[2.593s] [ 96%] Built target custom_msgs_s__rosidl_typesupport_introspection_c
[2.602s] [100%] Built target custom_msgs_s__rosidl_typesupport_c
[2.623s] reading manifest file 'custom_msgs.egg-info/SOURCES.txt'
[2.623s] writing manifest file 'custom_msgs.egg-info/SOURCES.txt'
[2.664s] [100%] Built target ament_cmake_python_build_custom_msgs_egg
[2.684s] Invoked command in '/home/kazusa/kazusa/build/custom_msgs' returned '0': CMAKE_PREFIX_PATH=${CMAKE_PREFIX_PATH}:/opt/ros/jazzy DEBUGINFOD_URLS=https://debuginfod.ubuntu.com /usr/bin/cmake --build /home/kazusa/kazusa/build/custom_msgs -- -j12 -l12
[2.685s] Invoking command in '/home/kazusa/kazusa/build/custom_msgs': CMAKE_PREFIX_PATH=${CMAKE_PREFIX_PATH}:/opt/ros/jazzy DEBUGINFOD_URLS=https://debuginfod.ubuntu.com /usr/bin/cmake --install /home/kazusa/kazusa/build/custom_msgs
[2.699s] -- Install configuration: ""
[2.699s] -- Up-to-date: /home/kazusa/kazusa/install/custom_msgs/share/ament_index/resource_index/rosidl_interfaces/custom_msgs
[2.699s] -- Up-to-date: /home/kazusa/kazusa/install/custom_msgs/share/custom_msgs/msg/CanPacket.json
[2.699s] -- Up-to-date: /home/kazusa/kazusa/install/custom_msgs/share/custom_msgs/action/FollowPath.json
[2.699s] -- Up-to-date: /home/kazusa/kazusa/install/custom_msgs/share/custom_msgs/action/Hoju.json
[2.699s] -- Up-to-date: /home/kazusa/kazusa/install/custom_msgs/include/custom_msgs/custom_msgs
[2.699s] -- Up-to-date: /home/kazusa/kazusa/install/custom_msgs/include/custom_msgs/custom_msgs/msg
[2.699s] -- Up-to-date: /home/kazusa/kazusa/install/custom_msgs/include/custom_msgs/custom_msgs/msg/rosidl_generator_c__visibility_control.h
[2.699s] -- Up-to-date: /home/kazusa/kazusa/install/custom_msgs/include/custom_msgs/custom_msgs/msg/can_packet.h
[2.699s] -- Up-to-date: /home/kazusa/kazusa/install/custom_msgs/include/custom_msgs/custom_msgs/msg/detail
[2.700s] -- Up-to-date: /home/kazusa/kazusa/install/custom_msgs/include/custom_msgs/custom_msgs/msg/detail/can_packet__struct.h
[2.700s] -- Up-to-date: /home/kazusa/kazusa/install/custom_msgs/include/custom_msgs/custom_msgs/msg/detail/can_packet__type_support.h
[2.700s] -- Up-to-date: /home/kazusa/kazusa/install/custom_msgs/include/custom_msgs/custom_msgs/msg/detail/can_packet__description.c
[2.700s] -- Up-to-date: /home/kazusa/kazusa/install/custom_msgs/include/custom_msgs/custom_msgs/msg/detail/can_packet__functions.h
[2.700s] -- Up-to-date: /home/kazusa/kazusa/install/custom_msgs/include/custom_msgs/custom_msgs/msg/detail/can_packet__type_support.c
[2.700s] -- Up-to-date: /home/kazusa/kazusa/install/custom_msgs/include/custom_msgs/custom_msgs/msg/detail/can_packet__functions.c
[2.700s] -- Up-to-date: /home/kazusa/kazusa/install/custom_msgs/include/custom_msgs/custom_msgs/action
[2.700s] -- Up-to-date: /home/kazusa/kazusa/install/custom_msgs/include/custom_msgs/custom_msgs/action/detail
[2.700s] -- Up-to-date: /home/kazusa/kazusa/install/custom_msgs/include/custom_msgs/custom_msgs/action/detail/hoju__description.c
[2.700s] -- Up-to-date: /home/kazusa/kazusa/install/custom_msgs/include/custom_msgs/custom_msgs/action/detail/follow_path__description.c
[2.700s] -- Up-to-date: /home/kazusa/kazusa/install/custom_msgs/include/custom_msgs/custom_msgs/action/detail/hoju__functions.h
[2.701s] -- Up-to-date: /home/kazusa/kazusa/install/custom_msgs/include/custom_msgs/custom_msgs/action/detail/follow_path__type_support.h
[2.701s] -- Up-to-date: /home/kazusa/kazusa/install/custom_msgs/include/custom_msgs/custom_msgs/action/detail/follow_path__type_support.c
[2.701s] -- Up-to-date: /home/kazusa/kazusa/install/custom_msgs/include/custom_msgs/custom_msgs/action/detail/follow_path__struct.h
[2.701s] -- Up-to-date: /home/kazusa/kazusa/install/custom_msgs/include/custom_msgs/custom_msgs/action/detail/hoju__type_support.c
[2.701s] -- Up-to-date: /home/kazusa/kazusa/install/custom_msgs/include/custom_msgs/custom_msgs/action/detail/follow_path__functions.h
[2.701s] -- Up-to-date: /home/kazusa/kazusa/install/custom_msgs/include/custom_msgs/custom_msgs/action/detail/hoju__struct.h
[2.701s] -- Up-to-date: /home/kazusa/kazusa/install/custom_msgs/include/custom_msgs/custom_msgs/action/detail/hoju__type_support.h
[2.701s] -- Up-to-date: /home/kazusa/kazusa/install/custom_msgs/include/custom_msgs/custom_msgs/action/detail/hoju__functions.c
[2.701s] -- Up-to-date: /home/kazusa/kazusa/install/custom_msgs/include/custom_msgs/custom_msgs/action/detail/follow_path__functions.c
[2.702s] -- Up-to-date: /home/kazusa/kazusa/install/custom_msgs/include/custom_msgs/custom_msgs/action/hoju.h
[2.702s] -- Up-to-date: /home/kazusa/kazusa/install/custom_msgs/include/custom_msgs/custom_msgs/action/follow_path.h
[2.702s] -- Up-to-date: /home/kazusa/kazusa/install/custom_msgs/share/custom_msgs/environment/library_path.sh
[2.702s] -- Up-to-date: /home/kazusa/kazusa/install/custom_msgs/share/custom_msgs/environment/library_path.dsv
[2.702s] -- Up-to-date: /home/kazusa/kazusa/install/custom_msgs/lib/libcustom_msgs__rosidl_generator_c.so
[2.702s] -- Up-to-date: /home/kazusa/kazusa/install/custom_msgs/include/custom_msgs/custom_msgs
[2.702s] -- Up-to-date: /home/kazusa/kazusa/install/custom_msgs/include/custom_msgs/custom_msgs/msg
[2.702s] -- Up-to-date: /home/kazusa/kazusa/install/custom_msgs/include/custom_msgs/custom_msgs/msg/detail
[2.702s] -- Up-to-date: /home/kazusa/kazusa/install/custom_msgs/include/custom_msgs/custom_msgs/msg/detail/can_packet__rosidl_typesupport_fastrtps_c.h
[2.703s] -- Up-to-date: /home/kazusa/kazusa/install/custom_msgs/include/custom_msgs/custom_msgs/msg/rosidl_typesupport_fastrtps_c__visibility_control.h
[2.703s] -- Up-to-date: /home/kazusa/kazusa/install/custom_msgs/include/custom_msgs/custom_msgs/action
[2.703s] -- Up-to-date: /home/kazusa/kazusa/install/custom_msgs/include/custom_msgs/custom_msgs/action/detail
[2.703s] -- Up-to-date: /home/kazusa/kazusa/install/custom_msgs/include/custom_msgs/custom_msgs/action/detail/follow_path__rosidl_typesupport_fastrtps_c.h
[2.703s] -- Up-to-date: /home/kazusa/kazusa/install/custom_msgs/include/custom_msgs/custom_msgs/action/detail/hoju__rosidl_typesupport_fastrtps_c.h
[2.703s] -- Up-to-date: /home/kazusa/kazusa/install/custom_msgs/lib/libcustom_msgs__rosidl_typesupport_fastrtps_c.so
[2.703s] -- Up-to-date: /home/kazusa/kazusa/install/custom_msgs/include/custom_msgs/custom_msgs
[2.703s] -- Up-to-date: /home/kazusa/kazusa/install/custom_msgs/include/custom_msgs/custom_msgs/msg
[2.703s] -- Up-to-date: /home/kazusa/kazusa/install/custom_msgs/include/custom_msgs/custom_msgs/msg/rosidl_typesupport_introspection_c__visibility_control.h
[2.703s] -- Up-to-date: /home/kazusa/kazusa/install/custom_msgs/include/custom_msgs/custom_msgs/msg/detail
[2.703s] -- Up-to-date: /home/kazusa/kazusa/install/custom_msgs/include/custom_msgs/custom_msgs/msg/detail/can_packet__rosidl_typesupport_introspection_c.h
[2.704s] -- Up-to-date: /home/kazusa/kazusa/install/custom_msgs/include/custom_msgs/custom_msgs/msg/detail/can_packet__type_support.c
[2.704s] -- Up-to-date: /home/kazusa/kazusa/install/custom_msgs/include/custom_msgs/custom_msgs/action
[2.704s] -- Up-to-date: /home/kazusa/kazusa/install/custom_msgs/include/custom_msgs/custom_msgs/action/detail
[2.704s] -- Up-to-date: /home/kazusa/kazusa/install/custom_msgs/include/custom_msgs/custom_msgs/action/detail/follow_path__type_support.c
[2.704s] -- Up-to-date: /home/kazusa/kazusa/install/custom_msgs/include/custom_msgs/custom_msgs/action/detail/hoju__type_support.c
[2.704s] -- Up-to-date: /home/kazusa/kazusa/install/custom_msgs/include/custom_msgs/custom_msgs/action/detail/hoju__rosidl_typesupport_introspection_c.h
[2.704s] -- Up-to-date: /home/kazusa/kazusa/install/custom_msgs/include/custom_msgs/custom_msgs/action/detail/follow_path__rosidl_typesupport_introspection_c.h
[2.704s] -- Up-to-date: /home/kazusa/kazusa/install/custom_msgs/lib/libcustom_msgs__rosidl_typesupport_introspection_c.so
[2.704s] -- Up-to-date: /home/kazusa/kazusa/install/custom_msgs/lib/libcustom_msgs__rosidl_typesupport_c.so
[2.705s] -- Up-to-date: /home/kazusa/kazusa/install/custom_msgs/include/custom_msgs/custom_msgs
[2.705s] -- Up-to-date: /home/kazusa/kazusa/install/custom_msgs/include/custom_msgs/custom_msgs/msg
[2.705s] -- Up-to-date: /home/kazusa/kazusa/install/custom_msgs/include/custom_msgs/custom_msgs/msg/can_packet.hpp
[2.705s] -- Up-to-date: /home/kazusa/kazusa/install/custom_msgs/include/custom_msgs/custom_msgs/msg/detail
[2.705s] -- Up-to-date: /home/kazusa/kazusa/install/custom_msgs/include/custom_msgs/custom_msgs/msg/detail/can_packet__struct.hpp
[2.705s] -- Up-to-date: /home/kazusa/kazusa/install/custom_msgs/include/custom_msgs/custom_msgs/msg/detail/can_packet__builder.hpp
[2.705s] -- Up-to-date: /home/kazusa/kazusa/install/custom_msgs/include/custom_msgs/custom_msgs/msg/detail/can_packet__type_support.hpp
[2.705s] -- Up-to-date: /home/kazusa/kazusa/install/custom_msgs/include/custom_msgs/custom_msgs/msg/detail/can_packet__traits.hpp
[2.705s] -- Up-to-date: /home/kazusa/kazusa/install/custom_msgs/include/custom_msgs/custom_msgs/msg/rosidl_generator_cpp__visibility_control.hpp
[2.706s] -- Up-to-date: /home/kazusa/kazusa/install/custom_msgs/include/custom_msgs/custom_msgs/action
[2.706s] -- Up-to-date: /home/kazusa/kazusa/install/custom_msgs/include/custom_msgs/custom_msgs/action/follow_path.hpp
[2.706s] -- Up-to-date: /home/kazusa/kazusa/install/custom_msgs/include/custom_msgs/custom_msgs/action/detail
[2.706s] -- Up-to-date: /home/kazusa/kazusa/install/custom_msgs/include/custom_msgs/custom_msgs/action/detail/follow_path__struct.hpp
[2.706s] -- Up-to-date: /home/kazusa/kazusa/install/custom_msgs/include/custom_msgs/custom_msgs/action/detail/follow_path__type_support.hpp
[2.706s] -- Up-to-date: /home/kazusa/kazusa/install/custom_msgs/include/custom_msgs/custom_msgs/action/detail/hoju__builder.hpp
[2.706s] -- Up-to-date: /home/kazusa/kazusa/install/custom_msgs/include/custom_msgs/custom_msgs/action/detail/follow_path__builder.hpp
[2.706s] -- Up-to-date: /home/kazusa/kazusa/install/custom_msgs/include/custom_msgs/custom_msgs/action/detail/hoju__struct.hpp
[2.706s] -- Up-to-date: /home/kazusa/kazusa/install/custom_msgs/include/custom_msgs/custom_msgs/action/detail/hoju__type_support.hpp
[2.706s] -- Up-to-date: /home/kazusa/kazusa/install/custom_msgs/include/custom_msgs/custom_msgs/action/detail/follow_path__traits.hpp
[2.707s] -- Up-to-date: /home/kazusa/kazusa/install/custom_msgs/include/custom_msgs/custom_msgs/action/detail/hoju__traits.hpp
[2.707s] -- Up-to-date: /home/kazusa/kazusa/install/custom_msgs/include/custom_msgs/custom_msgs/action/hoju.hpp
[2.707s] -- Up-to-date: /home/kazusa/kazusa/install/custom_msgs/include/custom_msgs/custom_msgs
[2.707s] -- Up-to-date: /home/kazusa/kazusa/install/custom_msgs/include/custom_msgs/custom_msgs/msg
[2.707s] -- Up-to-date: /home/kazusa/kazusa/install/custom_msgs/include/custom_msgs/custom_msgs/msg/detail
[2.707s] -- Up-to-date: /home/kazusa/kazusa/install/custom_msgs/include/custom_msgs/custom_msgs/msg/detail/can_packet__rosidl_typesupport_fastrtps_cpp.hpp
[2.707s] -- Up-to-date: /home/kazusa/kazusa/install/custom_msgs/include/custom_msgs/custom_msgs/msg/detail/dds_fastrtps
[2.707s] -- Up-to-date: /home/kazusa/kazusa/install/custom_msgs/include/custom_msgs/custom_msgs/msg/rosidl_typesupport_fastrtps_cpp__visibility_control.h
[2.707s] -- Up-to-date: /home/kazusa/kazusa/install/custom_msgs/include/custom_msgs/custom_msgs/action
[2.707s] -- Up-to-date: /home/kazusa/kazusa/install/custom_msgs/include/custom_msgs/custom_msgs/action/detail
[2.707s] -- Up-to-date: /home/kazusa/kazusa/install/custom_msgs/include/custom_msgs/custom_msgs/action/detail/follow_path__rosidl_typesupport_fastrtps_cpp.hpp
[2.708s] -- Up-to-date: /home/kazusa/kazusa/install/custom_msgs/include/custom_msgs/custom_msgs/action/detail/hoju__rosidl_typesupport_fastrtps_cpp.hpp
[2.708s] -- Up-to-date: /home/kazusa/kazusa/install/custom_msgs/include/custom_msgs/custom_msgs/action/detail/dds_fastrtps
[2.708s] -- Up-to-date: /home/kazusa/kazusa/install/custom_msgs/lib/libcustom_msgs__rosidl_typesupport_fastrtps_cpp.so
[2.708s] -- Up-to-date: /home/kazusa/kazusa/install/custom_msgs/include/custom_msgs/custom_msgs
[2.708s] -- Up-to-date: /home/kazusa/kazusa/install/custom_msgs/include/custom_msgs/custom_msgs/msg
[2.708s] -- Up-to-date: /home/kazusa/kazusa/install/custom_msgs/include/custom_msgs/custom_msgs/msg/detail
[2.708s] -- Up-to-date: /home/kazusa/kazusa/install/custom_msgs/include/custom_msgs/custom_msgs/msg/detail/can_packet__rosidl_typesupport_introspection_cpp.hpp
[2.708s] -- Up-to-date: /home/kazusa/kazusa/install/custom_msgs/include/custom_msgs/custom_msgs/msg/detail/can_packet__type_support.cpp
[2.708s] -- Up-to-date: /home/kazusa/kazusa/install/custom_msgs/include/custom_msgs/custom_msgs/action
[2.708s] -- Up-to-date: /home/kazusa/kazusa/install/custom_msgs/include/custom_msgs/custom_msgs/action/detail
[2.708s] -- Up-to-date: /home/kazusa/kazusa/install/custom_msgs/include/custom_msgs/custom_msgs/action/detail/hoju__rosidl_typesupport_introspection_cpp.hpp
[2.708s] -- Up-to-date: /home/kazusa/kazusa/install/custom_msgs/include/custom_msgs/custom_msgs/action/detail/follow_path__rosidl_typesupport_introspection_cpp.hpp
[2.709s] -- Up-to-date: /home/kazusa/kazusa/install/custom_msgs/include/custom_msgs/custom_msgs/action/detail/hoju__type_support.cpp
[2.709s] -- Up-to-date: /home/kazusa/kazusa/install/custom_msgs/include/custom_msgs/custom_msgs/action/detail/follow_path__type_support.cpp
[2.709s] -- Up-to-date: /home/kazusa/kazusa/install/custom_msgs/lib/libcustom_msgs__rosidl_typesupport_introspection_cpp.so
[2.709s] -- Up-to-date: /home/kazusa/kazusa/install/custom_msgs/lib/libcustom_msgs__rosidl_typesupport_cpp.so
[2.709s] -- Up-to-date: /home/kazusa/kazusa/install/custom_msgs/share/custom_msgs/environment/pythonpath.sh
[2.709s] -- Up-to-date: /home/kazusa/kazusa/install/custom_msgs/share/custom_msgs/environment/pythonpath.dsv
[2.709s] -- Up-to-date: /home/kazusa/kazusa/install/custom_msgs/lib/python3.12/site-packages/custom_msgs-0.0.0-py3.12.egg-info
[2.709s] -- Installing: /home/kazusa/kazusa/install/custom_msgs/lib/python3.12/site-packages/custom_msgs-0.0.0-py3.12.egg-info/top_level.txt
[2.709s] -- Installing: /home/kazusa/kazusa/install/custom_msgs/lib/python3.12/site-packages/custom_msgs-0.0.0-py3.12.egg-info/SOURCES.txt
[2.709s] -- Installing: /home/kazusa/kazusa/install/custom_msgs/lib/python3.12/site-packages/custom_msgs-0.0.0-py3.12.egg-info/PKG-INFO
[2.710s] -- Installing: /home/kazusa/kazusa/install/custom_msgs/lib/python3.12/site-packages/custom_msgs-0.0.0-py3.12.egg-info/dependency_links.txt
[2.710s] -- Up-to-date: /home/kazusa/kazusa/install/custom_msgs/lib/python3.12/site-packages/custom_msgs
[2.710s] -- Installing: /home/kazusa/kazusa/install/custom_msgs/lib/python3.12/site-packages/custom_msgs/__init__.py
[2.710s] -- Up-to-date: /home/kazusa/kazusa/install/custom_msgs/lib/python3.12/site-packages/custom_msgs/msg
[2.710s] -- Up-to-date: /home/kazusa/kazusa/install/custom_msgs/lib/python3.12/site-packages/custom_msgs/msg/__init__.py
[2.710s] -- Up-to-date: /home/kazusa/kazusa/install/custom_msgs/lib/python3.12/site-packages/custom_msgs/msg/_can_packet.py
[2.710s] -- Up-to-date: /home/kazusa/kazusa/install/custom_msgs/lib/python3.12/site-packages/custom_msgs/msg/_can_packet_s.c
[2.710s] -- Up-to-date: /home/kazusa/kazusa/install/custom_msgs/lib/python3.12/site-packages/custom_msgs/_custom_msgs_s.ep.rosidl_typesupport_c.c
[2.710s] -- Up-to-date: /home/kazusa/kazusa/install/custom_msgs/lib/python3.12/site-packages/custom_msgs/action
[2.710s] -- Up-to-date: /home/kazusa/kazusa/install/custom_msgs/lib/python3.12/site-packages/custom_msgs/action/_follow_path_s.c
[2.710s] -- Up-to-date: /home/kazusa/kazusa/install/custom_msgs/lib/python3.12/site-packages/custom_msgs/action/__init__.py
[2.710s] -- Up-to-date: /home/kazusa/kazusa/install/custom_msgs/lib/python3.12/site-packages/custom_msgs/action/_hoju_s.c
[2.711s] -- Up-to-date: /home/kazusa/kazusa/install/custom_msgs/lib/python3.12/site-packages/custom_msgs/action/_hoju.py
[2.711s] -- Up-to-date: /home/kazusa/kazusa/install/custom_msgs/lib/python3.12/site-packages/custom_msgs/action/_follow_path.py
[2.711s] -- Up-to-date: /home/kazusa/kazusa/install/custom_msgs/lib/python3.12/site-packages/custom_msgs/custom_msgs_s__rosidl_typesupport_fastrtps_c.so
[2.711s] -- Up-to-date: /home/kazusa/kazusa/install/custom_msgs/lib/python3.12/site-packages/custom_msgs/_custom_msgs_s.ep.rosidl_typesupport_fastrtps_c.c
[2.711s] -- Up-to-date: /home/kazusa/kazusa/install/custom_msgs/lib/python3.12/site-packages/custom_msgs/custom_msgs_s__rosidl_typesupport_c.so
[2.711s] -- Up-to-date: /home/kazusa/kazusa/install/custom_msgs/lib/python3.12/site-packages/custom_msgs/_custom_msgs_s.ep.rosidl_typesupport_introspection_c.c
[2.711s] -- Up-to-date: /home/kazusa/kazusa/install/custom_msgs/lib/python3.12/site-packages/custom_msgs/custom_msgs_s__rosidl_typesupport_introspection_c.so
[2.752s] Listing '/home/kazusa/kazusa/install/custom_msgs/lib/python3.12/site-packages/custom_msgs'...
[2.752s] Compiling '/home/kazusa/kazusa/install/custom_msgs/lib/python3.12/site-packages/custom_msgs/__init__.py'...
[2.752s] Listing '/home/kazusa/kazusa/install/custom_msgs/lib/python3.12/site-packages/custom_msgs/action'...
[2.752s] Listing '/home/kazusa/kazusa/install/custom_msgs/lib/python3.12/site-packages/custom_msgs/msg'...
[2.759s] -- Up-to-date: /home/kazusa/kazusa/install/custom_msgs/lib/python3.12/site-packages/custom_msgs/custom_msgs_s__rosidl_typesupport_fastrtps_c.so
[2.759s] -- Up-to-date: /home/kazusa/kazusa/install/custom_msgs/lib/python3.12/site-packages/custom_msgs/custom_msgs_s__rosidl_typesupport_introspection_c.so
[2.760s] -- Up-to-date: /home/kazusa/kazusa/install/custom_msgs/lib/python3.12/site-packages/custom_msgs/custom_msgs_s__rosidl_typesupport_c.so
[2.761s] -- Up-to-date: /home/kazusa/kazusa/install/custom_msgs/lib/libcustom_msgs__rosidl_generator_py.so
[2.761s] -- Up-to-date: /home/kazusa/kazusa/install/custom_msgs/share/ament_index/resource_index/rust_packages/custom_msgs
[2.765s] -- Up-to-date: /home/kazusa/kazusa/install/custom_msgs/share/custom_msgs/rust
[2.765s] -- Up-to-date: /home/kazusa/kazusa/install/custom_msgs/share/custom_msgs/rust/Cargo.toml
[2.765s] -- Up-to-date: /home/kazusa/kazusa/install/custom_msgs/share/custom_msgs/rust/src
[2.765s] -- Up-to-date: /home/kazusa/kazusa/install/custom_msgs/share/custom_msgs/rust/src/msg
[2.765s] -- Up-to-date: /home/kazusa/kazusa/install/custom_msgs/share/custom_msgs/rust/src/msg/rmw.rs
[2.765s] -- Up-to-date: /home/kazusa/kazusa/install/custom_msgs/share/custom_msgs/rust/src/action
[2.765s] -- Up-to-date: /home/kazusa/kazusa/install/custom_msgs/share/custom_msgs/rust/src/action/rmw.rs
[2.765s] -- Up-to-date: /home/kazusa/kazusa/install/custom_msgs/share/custom_msgs/rust/src/msg.rs
[2.765s] -- Up-to-date: /home/kazusa/kazusa/install/custom_msgs/share/custom_msgs/rust/src/action.rs
[2.765s] -- Up-to-date: /home/kazusa/kazusa/install/custom_msgs/share/custom_msgs/rust/src/lib.rs
[2.765s] -- Up-to-date: /home/kazusa/kazusa/install/custom_msgs/share/custom_msgs/rust/build.rs
[2.765s] -- Up-to-date: /home/kazusa/kazusa/install/custom_msgs/share/custom_msgs/msg/CanPacket.idl
[2.766s] -- Up-to-date: /home/kazusa/kazusa/install/custom_msgs/share/custom_msgs/action/FollowPath.idl
[2.766s] -- Up-to-date: /home/kazusa/kazusa/install/custom_msgs/share/custom_msgs/action/Hoju.idl
[2.766s] -- Up-to-date: /home/kazusa/kazusa/install/custom_msgs/share/custom_msgs/msg/CanPacket.msg
[2.766s] -- Up-to-date: /home/kazusa/kazusa/install/custom_msgs/share/custom_msgs/action/FollowPath.action
[2.766s] -- Up-to-date: /home/kazusa/kazusa/install/custom_msgs/share/custom_msgs/action/Hoju.action
[2.766s] -- Up-to-date: /home/kazusa/kazusa/install/custom_msgs/share/ament_index/resource_index/package_run_dependencies/custom_msgs
[2.766s] -- Installing: /home/kazusa/kazusa/install/custom_msgs/share/ament_index/resource_index/parent_prefix_path/custom_msgs
[2.766s] -- Up-to-date: /home/kazusa/kazusa/install/custom_msgs/share/custom_msgs/environment/ament_prefix_path.sh
[2.766s] -- Up-to-date: /home/kazusa/kazusa/install/custom_msgs/share/custom_msgs/environment/ament_prefix_path.dsv
[2.766s] -- Up-to-date: /home/kazusa/kazusa/install/custom_msgs/share/custom_msgs/environment/path.sh
[2.766s] -- Up-to-date: /home/kazusa/kazusa/install/custom_msgs/share/custom_msgs/environment/path.dsv
[2.766s] -- Up-to-date: /home/kazusa/kazusa/install/custom_msgs/share/custom_msgs/local_setup.bash
[2.766s] -- Up-to-date: /home/kazusa/kazusa/install/custom_msgs/share/custom_msgs/local_setup.sh
[2.767s] -- Up-to-date: /home/kazusa/kazusa/install/custom_msgs/share/custom_msgs/local_setup.zsh
[2.769s] -- Up-to-date: /home/kazusa/kazusa/install/custom_msgs/share/custom_msgs/local_setup.dsv
[2.769s] -- Installing: /home/kazusa/kazusa/install/custom_msgs/share/custom_msgs/package.dsv
[2.770s] -- Up-to-date: /home/kazusa/kazusa/install/custom_msgs/share/ament_index/resource_index/packages/custom_msgs
[2.771s] -- Up-to-date: /home/kazusa/kazusa/install/custom_msgs/share/custom_msgs/cmake/export_custom_msgs__rosidl_generator_cExport.cmake
[2.771s] -- Up-to-date: /home/kazusa/kazusa/install/custom_msgs/share/custom_msgs/cmake/export_custom_msgs__rosidl_generator_cExport-noconfig.cmake
[2.771s] -- Up-to-date: /home/kazusa/kazusa/install/custom_msgs/share/custom_msgs/cmake/export_custom_msgs__rosidl_typesupport_fastrtps_cExport.cmake
[2.774s] -- Up-to-date: /home/kazusa/kazusa/install/custom_msgs/share/custom_msgs/cmake/export_custom_msgs__rosidl_typesupport_fastrtps_cExport-noconfig.cmake
[2.774s] -- Up-to-date: /home/kazusa/kazusa/install/custom_msgs/share/custom_msgs/cmake/custom_msgs__rosidl_typesupport_introspection_cExport.cmake
[2.774s] -- Up-to-date: /home/kazusa/kazusa/install/custom_msgs/share/custom_msgs/cmake/custom_msgs__rosidl_typesupport_introspection_cExport-noconfig.cmake
[2.774s] -- Up-to-date: /home/kazusa/kazusa/install/custom_msgs/share/custom_msgs/cmake/custom_msgs__rosidl_typesupport_cExport.cmake
[2.774s] -- Up-to-date: /home/kazusa/kazusa/install/custom_msgs/share/custom_msgs/cmake/custom_msgs__rosidl_typesupport_cExport-noconfig.cmake
[2.774s] -- Up-to-date: /home/kazusa/kazusa/install/custom_msgs/share/custom_msgs/cmake/export_custom_msgs__rosidl_generator_cppExport.cmake
[2.774s] -- Up-to-date: /home/kazusa/kazusa/install/custom_msgs/share/custom_msgs/cmake/export_custom_msgs__rosidl_typesupport_fastrtps_cppExport.cmake
[2.774s] -- Up-to-date: /home/kazusa/kazusa/install/custom_msgs/share/custom_msgs/cmake/export_custom_msgs__rosidl_typesupport_fastrtps_cppExport-noconfig.cmake
[2.775s] -- Up-to-date: /home/kazusa/kazusa/install/custom_msgs/share/custom_msgs/cmake/custom_msgs__rosidl_typesupport_introspection_cppExport.cmake
[2.775s] -- Up-to-date: /home/kazusa/kazusa/install/custom_msgs/share/custom_msgs/cmake/custom_msgs__rosidl_typesupport_introspection_cppExport-noconfig.cmake
[2.775s] -- Up-to-date: /home/kazusa/kazusa/install/custom_msgs/share/custom_msgs/cmake/custom_msgs__rosidl_typesupport_cppExport.cmake
[2.775s] -- Up-to-date: /home/kazusa/kazusa/install/custom_msgs/share/custom_msgs/cmake/custom_msgs__rosidl_typesupport_cppExport-noconfig.cmake
[2.775s] -- Up-to-date: /home/kazusa/kazusa/install/custom_msgs/share/custom_msgs/cmake/export_custom_msgs__rosidl_generator_pyExport.cmake
[2.775s] -- Up-to-date: /home/kazusa/kazusa/install/custom_msgs/share/custom_msgs/cmake/export_custom_msgs__rosidl_generator_pyExport-noconfig.cmake
[2.775s] -- Up-to-date: /home/kazusa/kazusa/install/custom_msgs/share/custom_msgs/cmake/rosidl_cmake-extras.cmake
[2.775s] -- Up-to-date: /home/kazusa/kazusa/install/custom_msgs/share/custom_msgs/cmake/ament_cmake_export_dependencies-extras.cmake
[2.775s] -- Up-to-date: /home/kazusa/kazusa/install/custom_msgs/share/custom_msgs/cmake/ament_cmake_export_include_directories-extras.cmake
[2.775s] -- Up-to-date: /home/kazusa/kazusa/install/custom_msgs/share/custom_msgs/cmake/ament_cmake_export_libraries-extras.cmake
[2.775s] -- Up-to-date: /home/kazusa/kazusa/install/custom_msgs/share/custom_msgs/cmake/ament_cmake_export_targets-extras.cmake
[2.776s] -- Up-to-date: /home/kazusa/kazusa/install/custom_msgs/share/custom_msgs/cmake/rosidl_cmake_export_typesupport_targets-extras.cmake
[2.776s] -- Up-to-date: /home/kazusa/kazusa/install/custom_msgs/share/custom_msgs/cmake/rosidl_cmake_export_typesupport_libraries-extras.cmake
[2.776s] -- Up-to-date: /home/kazusa/kazusa/install/custom_msgs/share/custom_msgs/cmake/rosidl_cmake_aggregate_target-extras.cmake
[2.776s] -- Up-to-date: /home/kazusa/kazusa/install/custom_msgs/share/custom_msgs/cmake/custom_msgsConfig.cmake
[2.776s] -- Up-to-date: /home/kazusa/kazusa/install/custom_msgs/share/custom_msgs/cmake/custom_msgsConfig-version.cmake
[2.776s] -- Up-to-date: /home/kazusa/kazusa/install/custom_msgs/share/custom_msgs/package.xml
[2.776s] Invoked command in '/home/kazusa/kazusa/build/custom_msgs' returned '0': CMAKE_PREFIX_PATH=${CMAKE_PREFIX_PATH}:/opt/ros/jazzy DEBUGINFOD_URLS=https://debuginfod.ubuntu.com /usr/bin/cmake --install /home/kazusa/kazusa/build/custom_msgs
