-- Found ament_cmake: 2.5.6 (/opt/ros/jazzy/share/ament_cmake/cmake)
-- Found rclcpp: 28.1.21 (/opt/ros/jazzy/share/rclcpp/cmake)
-- Found rosidl_generator_c: 4.6.9 (/opt/ros/jazzy/share/rosidl_generator_c/cmake)
-- Found rosidl_generator_cpp: 4.6.9 (/opt/ros/jazzy/share/rosidl_generator_cpp/cmake)
-- Using all available rosidl_typesupport_c: rosidl_typesupport_fastrtps_c;rosidl_typesupport_introspection_c
-- Using all available rosidl_typesupport_cpp: rosidl_typesupport_fastrtps_cpp;rosidl_typesupport_introspection_cpp
-- Found rmw_implementation_cmake: 7.3.3 (/opt/ros/jazzy/share/rmw_implementation_cmake/cmake)
-- Found rmw_fastrtps_cpp: 8.4.4 (/opt/ros/jazzy/share/rmw_fastrtps_cpp/cmake)
-- Using RMW implementation 'rmw_fastrtps_cpp' as default
-- Found sensor_msgs: 5.3.8 (/opt/ros/jazzy/share/sensor_msgs/cmake)
-- Found custom_msgs: 0.0.0 (/home/kazusa/kazusa/install/custom_msgs/share/custom_msgs/cmake)
-- Found controller: 0.0.0 (/home/kazusa/kazusa/install/controller/share/controller/cmake)
-- Found rclcpp_action: 28.1.21 (/opt/ros/jazzy/share/rclcpp_action/cmake)
-- Found ament_lint_auto: 0.17.5 (/opt/ros/jazzy/share/ament_lint_auto/cmake)
-- Added test 'cppcheck' to perform static code analysis on C / C++ code
-- Configured cppcheck include dirs: /home/kazusa/kazusa/ver0/mast/include
-- Configured cppcheck exclude dirs and/or files: 
-- Added test 'lint_cmake' to check CMake code style
-- Added test 'uncrustify' to check C / C++ code style
-- Configured uncrustify additional arguments: 
-- Added test 'xmllint' to check XML markup files
-- Configuring done (0.6s)
-- Generating done (0.0s)
-- Build files have been written to: /home/kazusa/kazusa/build/mast
[ 16%] [32m[1mLinking CXX executable hoju_node[0m
[ 50%] Built target path_follow_node
[ 66%] [32mBuilding CXX object CMakeFiles/mast_node.dir/src/mast.cpp.o[0m
[ 83%] Built target hoju_node
[01m[K/home/kazusa/kazusa/ver0/mast/src/mast.cpp:[m[K In member function ‘[01m[Kvoid Mast::[01;32m[Kexecute_baketsu_hata_hata[m[K()[m[K’:
[01m[K/home/kazusa/kazusa/ver0/mast/src/mast.cpp:483:24:[m[K [01;31m[Kerror: [m[Kno matching function for call to ‘[01m[KMast::shoot_three(std::atomic<float>&)[m[K’
  483 |         if(![01;31m[Kshoot_three(auto_hata_speed0)[m[K){
      |             [01;31m[K~~~~~~~~~~~^~~~~~~~~~~~~~~~~~[m[K
[01m[K/home/kazusa/kazusa/ver0/mast/src/mast.cpp:927:10:[m[K [01;36m[Knote: [m[Kcandidate: ‘[01m[Kbool Mast::[01;32m[Kshoot_three[m[K(float, float, float)[m[K’
  927 |     bool [01;36m[Kshoot_three[m[K(float velocity0, float velocity1, float velocity2)
      |          [01;36m[K^~~~~~~~~~~[m[K
[01m[K/home/kazusa/kazusa/ver0/mast/src/mast.cpp:927:10:[m[K [01;36m[Knote: [m[K  candidate expects 3 arguments, 1 provided
[01m[K/home/kazusa/kazusa/ver0/mast/src/mast.cpp:494:24:[m[K [01;31m[Kerror: [m[Kno matching function for call to ‘[01m[KMast::shoot_three(std::atomic<float>&)[m[K’
  494 |         if(![01;31m[Kshoot_three(auto_hata_speed0)[m[K){
      |             [01;31m[K~~~~~~~~~~~^~~~~~~~~~~~~~~~~~[m[K
[01m[K/home/kazusa/kazusa/ver0/mast/src/mast.cpp:927:10:[m[K [01;36m[Knote: [m[Kcandidate: ‘[01m[Kbool Mast::[01;32m[Kshoot_three[m[K(float, float, float)[m[K’
  927 |     bool [01;36m[Kshoot_three[m[K(float velocity0, float velocity1, float velocity2)
      |          [01;36m[K^~~~~~~~~~~[m[K
[01m[K/home/kazusa/kazusa/ver0/mast/src/mast.cpp:927:10:[m[K [01;36m[Knote: [m[K  candidate expects 3 arguments, 1 provided
gmake[2]: *** [CMakeFiles/mast_node.dir/build.make:76: CMakeFiles/mast_node.dir/src/mast.cpp.o] Error 1
gmake[1]: *** [CMakeFiles/Makefile2:141: CMakeFiles/mast_node.dir/all] Error 2
gmake: *** [Makefile:146: all] Error 2
