[0.022s] Invoking command in '/home/kazusa/kazusa/build/mola_conf': CMAKE_PREFIX_PATH=${CMAKE_PREFIX_PATH}:/opt/ros/jazzy DEBUGINFOD_URLS=https://debuginfod.ubuntu.com /usr/bin/cmake --build /home/kazusa/kazusa/build/mola_conf -- -j12 -l12
[0.099s] Invoked command in '/home/kazusa/kazusa/build/mola_conf' returned '0': CMAKE_PREFIX_PATH=${CMAKE_PREFIX_PATH}:/opt/ros/jazzy DEBUGINFOD_URLS=https://debuginfod.ubuntu.com /usr/bin/cmake --build /home/kazusa/kazusa/build/mola_conf -- -j12 -l12
[0.099s] Invoking command in '/home/kazusa/kazusa/build/mola_conf': CMAKE_PREFIX_PATH=${CMAKE_PREFIX_PATH}:/opt/ros/jazzy DEBUGINFOD_URLS=https://debuginfod.ubuntu.com /usr/bin/cmake --install /home/kazusa/kazusa/build/mola_conf
[0.112s] -- Install configuration: ""
[0.113s] -- Up-to-date: /home/kazusa/kazusa/install/mola_conf/share/mola_conf/maps
[0.113s] -- Up-to-date: /home/kazusa/kazusa/install/mola_conf/share/mola_conf/maps/maps.simplemap
[0.113s] -- Up-to-date: /home/kazusa/kazusa/install/mola_conf/share/mola_conf/maps/maps.mm
[0.113s] -- Up-to-date: /home/kazusa/kazusa/install/mola_conf/share/mola_conf/config
[0.113s] -- Up-to-date: /home/kazusa/kazusa/install/mola_conf/share/mola_conf/config/mola2026_conf.yaml
[0.114s] -- Up-to-date: /home/kazusa/kazusa/install/mola_conf/share/mola_conf/config/lidar2d.yaml
[0.114s] -- Up-to-date: /home/kazusa/kazusa/install/mola_conf/share/ament_index/resource_index/package_run_dependencies/mola_conf
[0.114s] -- Up-to-date: /home/kazusa/kazusa/install/mola_conf/share/ament_index/resource_index/parent_prefix_path/mola_conf
[0.114s] -- Up-to-date: /home/kazusa/kazusa/install/mola_conf/share/mola_conf/environment/ament_prefix_path.sh
[0.114s] -- Up-to-date: /home/kazusa/kazusa/install/mola_conf/share/mola_conf/environment/ament_prefix_path.dsv
[0.114s] -- Up-to-date: /home/kazusa/kazusa/install/mola_conf/share/mola_conf/environment/path.sh
[0.114s] -- Up-to-date: /home/kazusa/kazusa/install/mola_conf/share/mola_conf/environment/path.dsv
[0.114s] -- Up-to-date: /home/kazusa/kazusa/install/mola_conf/share/mola_conf/local_setup.bash
[0.114s] -- Up-to-date: /home/kazusa/kazusa/install/mola_conf/share/mola_conf/local_setup.sh
[0.115s] -- Up-to-date: /home/kazusa/kazusa/install/mola_conf/share/mola_conf/local_setup.zsh
[0.115s] -- Up-to-date: /home/kazusa/kazusa/install/mola_conf/share/mola_conf/local_setup.dsv
[0.115s] -- Installing: /home/kazusa/kazusa/install/mola_conf/share/mola_conf/package.dsv
[0.124s] -- Up-to-date: /home/kazusa/kazusa/install/mola_conf/share/ament_index/resource_index/packages/mola_conf
[0.124s] -- Up-to-date: /home/kazusa/kazusa/install/mola_conf/share/mola_conf/cmake/mola_confConfig.cmake
[0.124s] -- Up-to-date: /home/kazusa/kazusa/install/mola_conf/share/mola_conf/cmake/mola_confConfig-version.cmake
[0.124s] -- Up-to-date: /home/kazusa/kazusa/install/mola_conf/share/mola_conf/package.xml
[0.154s] Invoked command in '/home/kazusa/kazusa/build/mola_conf' returned '0': CMAKE_PREFIX_PATH=${CMAKE_PREFIX_PATH}:/opt/ros/jazzy DEBUGINFOD_URLS=https://debuginfod.ubuntu.com /usr/bin/cmake --install /home/kazusa/kazusa/build/mola_conf
