[0.028s] Invoking command in '/home/kazusa/kazusa/build/mola_conf': CMAKE_PREFIX_PATH=${CMAKE_PREFIX_PATH}:/opt/ros/jazzy DEBUGINFOD_URLS=https://debuginfod.ubuntu.com /usr/bin/cmake /home/kazusa/kazusa/ver0/mola_conf -DCMAKE_INSTALL_PREFIX=/home/kazusa/kazusa/install/mola_conf
[0.086s] -- The C compiler identification is GNU 13.3.0
[0.162s] -- The CXX compiler identification is GNU 13.3.0
[0.182s] -- Detecting C compiler ABI info
[0.285s] -- Detecting C compiler ABI info - done
[0.294s] -- Check for working C compiler: /usr/bin/cc - skipped
[0.294s] -- Detecting C compile features
[0.295s] -- Detecting C compile features - done
[0.303s] -- Detecting CXX compiler ABI info
[0.397s] -- Detecting CXX compiler ABI info - done
[0.409s] -- Check for working CXX compiler: /usr/bin/c++ - skipped
[0.410s] -- Detecting CXX compile features
[0.410s] -- Detecting CXX compile features - done
[0.416s] -- Found ament_cmake: 2.5.6 (/opt/ros/jazzy/share/ament_cmake/cmake)
[0.579s] -- Found Python3: /usr/bin/python3 (found version "3.12.3") found components: Interpreter 
[0.718s] -- Found rclpy: 7.1.11 (/opt/ros/jazzy/share/rclpy/cmake)
[0.722s] -- Found sensor_msgs: 5.3.8 (/opt/ros/jazzy/share/sensor_msgs/cmake)
[0.790s] -- Found rosidl_generator_c: 4.6.9 (/opt/ros/jazzy/share/rosidl_generator_c/cmake)
[0.812s] -- Found rosidl_generator_cpp: 4.6.9 (/opt/ros/jazzy/share/rosidl_generator_cpp/cmake)
[0.835s] -- Using all available rosidl_typesupport_c: rosidl_typesupport_fastrtps_c;rosidl_typesupport_introspection_c
[0.861s] -- Using all available rosidl_typesupport_cpp: rosidl_typesupport_fastrtps_cpp;rosidl_typesupport_introspection_cpp
[0.963s] -- Found nav_msgs: 5.3.8 (/opt/ros/jazzy/share/nav_msgs/cmake)
[0.988s] -- Found tf2_ros: 0.36.21 (/opt/ros/jazzy/share/tf2_ros/cmake)
[1.082s] -- Found rmw_implementation_cmake: 7.3.3 (/opt/ros/jazzy/share/rmw_implementation_cmake/cmake)
[1.086s] -- Found rmw_fastrtps_cpp: 8.4.4 (/opt/ros/jazzy/share/rmw_fastrtps_cpp/cmake)
[1.187s] -- Found OpenSSL: /usr/lib/x86_64-linux-gnu/libcrypto.so (found version "3.0.13")  
[1.212s] -- Found FastRTPS: /opt/ros/jazzy/include (Required is at least version "2.13") 
[1.239s] -- Using RMW implementation 'rmw_fastrtps_cpp' as default
[1.387s] -- Found ament_lint_auto: 0.17.5 (/opt/ros/jazzy/share/ament_lint_auto/cmake)
[1.487s] -- Added test 'lint_cmake' to check CMake code style
[1.488s] -- Added test 'xmllint' to check XML markup files
[1.490s] -- Configuring done (1.4s)
[1.494s] -- Generating done (0.0s)
[1.496s] -- Build files have been written to: /home/kazusa/kazusa/build/mola_conf
[1.507s] Invoked command in '/home/kazusa/kazusa/build/mola_conf' returned '0': CMAKE_PREFIX_PATH=${CMAKE_PREFIX_PATH}:/opt/ros/jazzy DEBUGINFOD_URLS=https://debuginfod.ubuntu.com /usr/bin/cmake /home/kazusa/kazusa/ver0/mola_conf -DCMAKE_INSTALL_PREFIX=/home/kazusa/kazusa/install/mola_conf
[1.508s] Invoking command in '/home/kazusa/kazusa/build/mola_conf': CMAKE_PREFIX_PATH=${CMAKE_PREFIX_PATH}:/opt/ros/jazzy DEBUGINFOD_URLS=https://debuginfod.ubuntu.com /usr/bin/cmake --build /home/kazusa/kazusa/build/mola_conf -- -j12 -l12
[1.551s] Invoked command in '/home/kazusa/kazusa/build/mola_conf' returned '0': CMAKE_PREFIX_PATH=${CMAKE_PREFIX_PATH}:/opt/ros/jazzy DEBUGINFOD_URLS=https://debuginfod.ubuntu.com /usr/bin/cmake --build /home/kazusa/kazusa/build/mola_conf -- -j12 -l12
[1.552s] Invoking command in '/home/kazusa/kazusa/build/mola_conf': CMAKE_PREFIX_PATH=${CMAKE_PREFIX_PATH}:/opt/ros/jazzy DEBUGINFOD_URLS=https://debuginfod.ubuntu.com /usr/bin/cmake --install /home/kazusa/kazusa/build/mola_conf
[1.561s] -- Install configuration: ""
[1.561s] -- Installing: /home/kazusa/kazusa/install/mola_conf/share/mola_conf/maps
[1.561s] -- Installing: /home/kazusa/kazusa/install/mola_conf/share/mola_conf/maps/maps.simplemap
[1.562s] -- Installing: /home/kazusa/kazusa/install/mola_conf/share/mola_conf/maps/maps.mm
[1.563s] -- Installing: /home/kazusa/kazusa/install/mola_conf/share/ament_index/resource_index/package_run_dependencies/mola_conf
[1.563s] -- Installing: /home/kazusa/kazusa/install/mola_conf/share/ament_index/resource_index/parent_prefix_path/mola_conf
[1.563s] -- Installing: /home/kazusa/kazusa/install/mola_conf/share/mola_conf/environment/ament_prefix_path.sh
[1.564s] -- Installing: /home/kazusa/kazusa/install/mola_conf/share/mola_conf/environment/ament_prefix_path.dsv
[1.564s] -- Installing: /home/kazusa/kazusa/install/mola_conf/share/mola_conf/environment/path.sh
[1.564s] -- Installing: /home/kazusa/kazusa/install/mola_conf/share/mola_conf/environment/path.dsv
[1.564s] -- Installing: /home/kazusa/kazusa/install/mola_conf/share/mola_conf/local_setup.bash
[1.564s] -- Installing: /home/kazusa/kazusa/install/mola_conf/share/mola_conf/local_setup.sh
[1.564s] -- Installing: /home/kazusa/kazusa/install/mola_conf/share/mola_conf/local_setup.zsh
[1.565s] -- Installing: /home/kazusa/kazusa/install/mola_conf/share/mola_conf/local_setup.dsv
[1.565s] -- Installing: /home/kazusa/kazusa/install/mola_conf/share/mola_conf/package.dsv
[1.565s] -- Installing: /home/kazusa/kazusa/install/mola_conf/share/ament_index/resource_index/packages/mola_conf
[1.565s] -- Installing: /home/kazusa/kazusa/install/mola_conf/share/mola_conf/cmake/mola_confConfig.cmake
[1.566s] -- Installing: /home/kazusa/kazusa/install/mola_conf/share/mola_conf/cmake/mola_confConfig-version.cmake
[1.566s] -- Installing: /home/kazusa/kazusa/install/mola_conf/share/mola_conf/package.xml
[1.569s] Invoked command in '/home/kazusa/kazusa/build/mola_conf' returned '0': CMAKE_PREFIX_PATH=${CMAKE_PREFIX_PATH}:/opt/ros/jazzy DEBUGINFOD_URLS=https://debuginfod.ubuntu.com /usr/bin/cmake --install /home/kazusa/kazusa/build/mola_conf
