-- Found ament_cmake: 2.5.6 (/opt/ros/jazzy/share/ament_cmake/cmake)
-- Found cartographer_ros: 2.0.9003 (/opt/ros/jazzy/share/cartographer_ros/cmake)
-- Found rosidl_generator_c: 4.6.9 (/opt/ros/jazzy/share/rosidl_generator_c/cmake)
-- Found rosidl_generator_cpp: 4.6.9 (/opt/ros/jazzy/share/rosidl_generator_cpp/cmake)
-- Using all available rosidl_typesupport_c: rosidl_typesupport_fastrtps_c;rosidl_typesupport_introspection_c
-- Using all available rosidl_typesupport_cpp: rosidl_typesupport_fastrtps_cpp;rosidl_typesupport_introspection_cpp
-- Found AMD headers in: /usr/include/suitesparse
-- Found AMD library: /usr/lib/x86_64-linux-gnu/libamd.so
-- Found CAMD headers in: /usr/include/suitesparse
-- Found CAMD library: /usr/lib/x86_64-linux-gnu/libcamd.so
-- Found CCOLAMD headers in: /usr/include/suitesparse
-- Found CCOLAMD library: /usr/lib/x86_64-linux-gnu/libccolamd.so
-- Found CHOLMOD headers in: /usr/include/suitesparse
-- Found CHOLMOD library: /usr/lib/x86_64-linux-gnu/libcholmod.so
-- Found COLAMD headers in: /usr/include/suitesparse
-- Found COLAMD library: /usr/lib/x86_64-linux-gnu/libcolamd.so
-- Found SPQR headers in: /usr/include/suitesparse
-- Found SPQR library: /usr/lib/x86_64-linux-gnu/libspqr.so
-- Found Config headers in: /usr/include/suitesparse
-- Found Config library: /usr/lib/x86_64-linux-gnu/libsuitesparseconfig.so
-- Found Intel Thread Building Blocks (TBB) library (2021.11 / ) include location: . Assuming SuiteSparseQR was compiled with TBB.
-- Adding librt to SuiteSparse_config libraries (required on Linux & Unix [not OSX] if SuiteSparse is compiled with timing).
-- Could NOT find METIS (missing: METIS_INCLUDE_DIR METIS_LIBRARY) 
-- Found rmw_implementation_cmake: 7.3.3 (/opt/ros/jazzy/share/rmw_implementation_cmake/cmake)
-- Found rmw_fastrtps_cpp: 8.4.4 (/opt/ros/jazzy/share/rmw_fastrtps_cpp/cmake)
-- Using RMW implementation 'rmw_fastrtps_cpp' as default
-- Found flann version 1.9.2
-- OpenNI found (version: 1.5.4.0, include: /usr/include/ni, lib: /usr/lib/libOpenNI.so;libusb::libusb)
-- OpenNI2 found (version: 2.2.0.33, include: /usr/include/openni2, lib: /usr/lib/x86_64-linux-gnu/libOpenNI2.so;libusb::libusb)
-- Could NOT find Pcap (missing: PCAP_LIBRARIES PCAP_INCLUDE_DIRS) 
-- OpenNI found (version: 1.5.4.0, include: /usr/include/ni, lib: /usr/lib/libOpenNI.so;libusb::libusb)
-- OpenNI2 found (version: 2.2.0.33, include: /usr/include/openni2, lib: /usr/lib/x86_64-linux-gnu/libOpenNI2.so;libusb::libusb)
-- Found Qhull version 8.0.2
-- OpenNI found (version: 1.5.4.0, include: /usr/include/ni, lib: /usr/lib/libOpenNI.so;libusb::libusb)
-- Setting yaml-cpp_DIR to: '/opt/ros/jazzy/share/yaml_cpp_vendor/cmake/../../../opt/yaml_cpp_vendor/share/cmake/yaml-cpp'
-- Found AMD headers in: /usr/include/suitesparse
-- Found AMD library: /usr/lib/x86_64-linux-gnu/libamd.so
-- Found CAMD headers in: /usr/include/suitesparse
-- Found CAMD library: /usr/lib/x86_64-linux-gnu/libcamd.so
-- Found CCOLAMD headers in: /usr/include/suitesparse
-- Found CCOLAMD library: /usr/lib/x86_64-linux-gnu/libccolamd.so
-- Found CHOLMOD headers in: /usr/include/suitesparse
-- Found CHOLMOD library: /usr/lib/x86_64-linux-gnu/libcholmod.so
-- Found COLAMD headers in: /usr/include/suitesparse
-- Found COLAMD library: /usr/lib/x86_64-linux-gnu/libcolamd.so
-- Found SPQR headers in: /usr/include/suitesparse
-- Found SPQR library: /usr/lib/x86_64-linux-gnu/libspqr.so
-- Found Config headers in: /usr/include/suitesparse
-- Found Config library: /usr/lib/x86_64-linux-gnu/libsuitesparseconfig.so
-- Found Intel Thread Building Blocks (TBB) library (2021.11 / ) include location: . Assuming SuiteSparseQR was compiled with TBB.
-- Adding librt to SuiteSparse_config libraries (required on Linux & Unix [not OSX] if SuiteSparse is compiled with timing).
-- Could NOT find METIS (missing: METIS_INCLUDE_DIR METIS_LIBRARY) 
-- Found required Ceres dependency: Eigen version 3.4.0 in /usr/share/eigen3/cmake
-- Found required Ceres dependency: glog
-- Found required Ceres dependency: gflags
-- Found Ceres version: 2.2.0 installed in: /usr with components: [EigenSparse, SparseLinearAlgebraLibrary, LAPACK, SuiteSparse, SchurSpecializations]
-- Found ament_lint_auto: 0.17.5 (/opt/ros/jazzy/share/ament_lint_auto/cmake)
-- Added test 'cppcheck' to perform static code analysis on C / C++ code
-- Configured cppcheck include dirs: 
-- Configured cppcheck exclude dirs and/or files: 
-- Added test 'flake8' to check Python code syntax and style conventions
-- Configured 'flake8' exclude dirs and/or files: 
-- Added test 'lint_cmake' to check CMake code style
-- Added test 'pep257' to check Python code against some of the docstring style conventions in PEP 257
-- Added test 'uncrustify' to check C / C++ code style
-- Configured uncrustify additional arguments: 
-- Added test 'xmllint' to check XML markup files
-- Configuring done (5.2s)
-- Generating done (0.0s)
-- Build files have been written to: /home/kazusa/kazusa/build/my_cart2
[100%] Built target laser_scan_merger_cpp
-- Install configuration: ""
-- Up-to-date: /home/kazusa/kazusa/install/my_cart2/share/my_cart2//config
-- Up-to-date: /home/kazusa/kazusa/install/my_cart2/share/my_cart2//config/trajectory_builder_3d.lua
-- Up-to-date: /home/kazusa/kazusa/install/my_cart2/share/my_cart2//config/multi_map_builder.lua
-- Up-to-date: /home/kazusa/kazusa/install/my_cart2/share/my_cart2//config/trajectory_builder_static.lua
-- Up-to-date: /home/kazusa/kazusa/install/my_cart2/share/my_cart2//config/map_builder_server.lua
-- Up-to-date: /home/kazusa/kazusa/install/my_cart2/share/my_cart2//config/map_builder.lua
-- Up-to-date: /home/kazusa/kazusa/install/my_cart2/share/my_cart2//config/cartographer.lua
-- Up-to-date: /home/kazusa/kazusa/install/my_cart2/share/my_cart2//config/params.yaml
-- Up-to-date: /home/kazusa/kazusa/install/my_cart2/share/my_cart2//config/pose_graph.lua
-- Up-to-date: /home/kazusa/kazusa/install/my_cart2/share/my_cart2//config/trajectory_builder_2d.lua
-- Up-to-date: /home/kazusa/kazusa/install/my_cart2/share/my_cart2//config/cartographer_static.lua
-- Up-to-date: /home/kazusa/kazusa/install/my_cart2/share/my_cart2//config/trajectory_builder.lua
-- Up-to-date: /home/kazusa/kazusa/install/my_cart2/lib/my_cart2/laser_scan_merger_cpp
-- Up-to-date: /home/kazusa/kazusa/install/my_cart2/lib/my_cart2/pose1_pub.py
-- Up-to-date: /home/kazusa/kazusa/install/my_cart2/lib/my_cart2/imu_reader.py
-- Up-to-date: /home/kazusa/kazusa/install/my_cart2/lib/my_cart2/i2c_pub.py
-- Up-to-date: /home/kazusa/kazusa/install/my_cart2/lib/my_cart2/merge_scan.py
-- Up-to-date: /home/kazusa/kazusa/install/my_cart2/lib/my_cart2/cartStarter.py
-- Up-to-date: /home/kazusa/kazusa/install/my_cart2/lib/my_cart2/cartStarter_static.py
-- Up-to-date: /home/kazusa/kazusa/install/my_cart2/lib/my_cart2/odom_fusion.py
-- Up-to-date: /home/kazusa/kazusa/install/my_cart2/lib/my_cart2/merge_scan_cpu.py
-- Up-to-date: /home/kazusa/kazusa/install/my_cart2/lib/my_cart2/noise_test.py
-- Up-to-date: /home/kazusa/kazusa/install/my_cart2/lib/my_cart2/emcl_degree.py
-- Up-to-date: /home/kazusa/kazusa/install/my_cart2/share/ament_index/resource_index/package_run_dependencies/my_cart2
-- Installing: /home/kazusa/kazusa/install/my_cart2/share/ament_index/resource_index/parent_prefix_path/my_cart2
-- Up-to-date: /home/kazusa/kazusa/install/my_cart2/share/my_cart2/environment/ament_prefix_path.sh
-- Up-to-date: /home/kazusa/kazusa/install/my_cart2/share/my_cart2/environment/ament_prefix_path.dsv
-- Up-to-date: /home/kazusa/kazusa/install/my_cart2/share/my_cart2/environment/path.sh
-- Up-to-date: /home/kazusa/kazusa/install/my_cart2/share/my_cart2/environment/path.dsv
-- Up-to-date: /home/kazusa/kazusa/install/my_cart2/share/my_cart2/local_setup.bash
-- Up-to-date: /home/kazusa/kazusa/install/my_cart2/share/my_cart2/local_setup.sh
-- Up-to-date: /home/kazusa/kazusa/install/my_cart2/share/my_cart2/local_setup.zsh
-- Up-to-date: /home/kazusa/kazusa/install/my_cart2/share/my_cart2/local_setup.dsv
-- Installing: /home/kazusa/kazusa/install/my_cart2/share/my_cart2/package.dsv
-- Up-to-date: /home/kazusa/kazusa/install/my_cart2/share/ament_index/resource_index/packages/my_cart2
-- Up-to-date: /home/kazusa/kazusa/install/my_cart2/share/my_cart2/cmake/ament_cmake_export_dependencies-extras.cmake
-- Up-to-date: /home/kazusa/kazusa/install/my_cart2/share/my_cart2/cmake/my_cart2Config.cmake
-- Up-to-date: /home/kazusa/kazusa/install/my_cart2/share/my_cart2/cmake/my_cart2Config-version.cmake
-- Up-to-date: /home/kazusa/kazusa/install/my_cart2/share/my_cart2/package.xml
