[0.037s] Invoking command in '/home/kazusa/kazusa/build/my_cart2': CMAKE_PREFIX_PATH=${CMAKE_PREFIX_PATH}:/opt/ros/jazzy DEBUGINFOD_URLS=https://debuginfod.ubuntu.com /usr/bin/cmake /home/kazusa/kazusa/ver0/my_cart2 -DCMAKE_EXPORT_COMPILE_COMMANDS=ON -DCMAKE_INSTALL_PREFIX=/home/kazusa/kazusa/install/my_cart2
[0.069s] -- Found ament_cmake: 2.5.6 (/opt/ros/jazzy/share/ament_cmake/cmake)
[0.501s] -- Found cartographer_ros: 2.0.9003 (/opt/ros/jazzy/share/cartographer_ros/cmake)
[0.601s] -- Found rosidl_generator_c: 4.6.9 (/opt/ros/jazzy/share/rosidl_generator_c/cmake)
[0.636s] -- Found rosidl_generator_cpp: 4.6.9 (/opt/ros/jazzy/share/rosidl_generator_cpp/cmake)
[0.678s] -- Using all available rosidl_typesupport_c: rosidl_typesupport_fastrtps_c;rosidl_typesupport_introspection_c
[0.705s] -- Using all available rosidl_typesupport_cpp: rosidl_typesupport_fastrtps_cpp;rosidl_typesupport_introspection_cpp
[1.437s] -- Found AMD headers in: /usr/include/suitesparse
[1.438s] -- Found AMD library: /usr/lib/x86_64-linux-gnu/libamd.so
[1.438s] -- Found CAMD headers in: /usr/include/suitesparse
[1.438s] -- Found CAMD library: /usr/lib/x86_64-linux-gnu/libcamd.so
[1.438s] -- Found CCOLAMD headers in: /usr/include/suitesparse
[1.438s] -- Found CCOLAMD library: /usr/lib/x86_64-linux-gnu/libccolamd.so
[1.438s] -- Found CHOLMOD headers in: /usr/include/suitesparse
[1.438s] -- Found CHOLMOD library: /usr/lib/x86_64-linux-gnu/libcholmod.so
[1.438s] -- Found COLAMD headers in: /usr/include/suitesparse
[1.439s] -- Found COLAMD library: /usr/lib/x86_64-linux-gnu/libcolamd.so
[1.439s] -- Found SPQR headers in: /usr/include/suitesparse
[1.439s] -- Found SPQR library: /usr/lib/x86_64-linux-gnu/libspqr.so
[1.439s] -- Found Config headers in: /usr/include/suitesparse
[1.439s] -- Found Config library: /usr/lib/x86_64-linux-gnu/libsuitesparseconfig.so
[1.441s] -- Found Intel Thread Building Blocks (TBB) library (2021.11 / ) include location: . Assuming SuiteSparseQR was compiled with TBB.
[1.441s] -- Adding librt to SuiteSparse_config libraries (required on Linux & Unix [not OSX] if SuiteSparse is compiled with timing).
[1.462s] -- Could NOT find METIS (missing: METIS_INCLUDE_DIR METIS_LIBRARY) 
[1.696s] -- Found rmw_implementation_cmake: 7.3.3 (/opt/ros/jazzy/share/rmw_implementation_cmake/cmake)
[1.696s] -- Found rmw_fastrtps_cpp: 8.4.4 (/opt/ros/jazzy/share/rmw_fastrtps_cpp/cmake)
[1.760s] -- Using RMW implementation 'rmw_fastrtps_cpp' as default
[1.909s] [33mCMake Warning (dev) at /usr/lib/x86_64-linux-gnu/cmake/pcl/Modules/FindFLANN.cmake:45 (find_package):
[1.909s]   Policy CMP0144 is not set: find_package uses upper-case <PACKAGENAME>_ROOT
[1.909s]   variables.  Run "cmake --help-policy CMP0144" for policy details.  Use the
[1.909s]   cmake_policy command to set the policy and suppress this warning.
[1.909s] 
[1.909s]   CMake variable FLANN_ROOT is set to:
[1.909s] 
[1.910s]     /usr
[1.910s] 
[1.910s]   For compatibility, find_package is ignoring the variable, but code in a
[1.910s]   .cmake module might still use it.
[1.910s] Call Stack (most recent call first):
[1.910s]   /usr/lib/x86_64-linux-gnu/cmake/pcl/PCLConfig.cmake:261 (find_package)
[1.910s]   /usr/lib/x86_64-linux-gnu/cmake/pcl/PCLConfig.cmake:306 (find_flann)
[1.910s]   /usr/lib/x86_64-linux-gnu/cmake/pcl/PCLConfig.cmake:570 (find_external_library)
[1.910s]   /opt/ros/jazzy/share/pcl_conversions/cmake/ament_cmake_export_dependencies-extras.cmake:21 (find_package)
[1.910s]   /opt/ros/jazzy/share/pcl_conversions/cmake/pcl_conversionsConfig.cmake:41 (include)
[1.910s]   /opt/ros/jazzy/share/cartographer_ros/cmake/ament_cmake_export_dependencies-extras.cmake:21 (find_package)
[1.911s]   /opt/ros/jazzy/share/cartographer_ros/cmake/cartographer_rosConfig.cmake:41 (include)
[1.911s]   CMakeLists.txt:11 (find_package)
[1.911s] This warning is for project developers.  Use -Wno-dev to suppress it.
[1.911s] [0m
[1.911s] -- Found flann version 1.9.2
[2.725s] -- OpenNI found (version: 1.5.4.0, include: /usr/include/ni, lib: /usr/lib/libOpenNI.so;libusb::libusb)
[2.736s] -- OpenNI2 found (version: 2.2.0.33, include: /usr/include/openni2, lib: /usr/lib/x86_64-linux-gnu/libOpenNI2.so;libusb::libusb)
[2.748s] -- Could NOT find Pcap (missing: PCAP_LIBRARIES PCAP_INCLUDE_DIRS) 
[3.448s] -- OpenNI found (version: 1.5.4.0, include: /usr/include/ni, lib: /usr/lib/libOpenNI.so;libusb::libusb)
[3.461s] -- OpenNI2 found (version: 2.2.0.33, include: /usr/include/openni2, lib: /usr/lib/x86_64-linux-gnu/libOpenNI2.so;libusb::libusb)
[4.110s] -- Found Qhull version 8.0.2
[4.449s] -- OpenNI found (version: 1.5.4.0, include: /usr/include/ni, lib: /usr/lib/libOpenNI.so;libusb::libusb)
[4.948s] -- Setting yaml-cpp_DIR to: '/opt/ros/jazzy/share/yaml_cpp_vendor/cmake/../../../opt/yaml_cpp_vendor/share/cmake/yaml-cpp'
[5.132s] -- Found AMD headers in: /usr/include/suitesparse
[5.132s] -- Found AMD library: /usr/lib/x86_64-linux-gnu/libamd.so
[5.132s] -- Found CAMD headers in: /usr/include/suitesparse
[5.132s] -- Found CAMD library: /usr/lib/x86_64-linux-gnu/libcamd.so
[5.132s] -- Found CCOLAMD headers in: /usr/include/suitesparse
[5.132s] -- Found CCOLAMD library: /usr/lib/x86_64-linux-gnu/libccolamd.so
[5.132s] -- Found CHOLMOD headers in: /usr/include/suitesparse
[5.132s] -- Found CHOLMOD library: /usr/lib/x86_64-linux-gnu/libcholmod.so
[5.133s] -- Found COLAMD headers in: /usr/include/suitesparse
[5.133s] -- Found COLAMD library: /usr/lib/x86_64-linux-gnu/libcolamd.so
[5.133s] -- Found SPQR headers in: /usr/include/suitesparse
[5.133s] -- Found SPQR library: /usr/lib/x86_64-linux-gnu/libspqr.so
[5.133s] -- Found Config headers in: /usr/include/suitesparse
[5.133s] -- Found Config library: /usr/lib/x86_64-linux-gnu/libsuitesparseconfig.so
[5.133s] -- Found Intel Thread Building Blocks (TBB) library (2021.11 / ) include location: . Assuming SuiteSparseQR was compiled with TBB.
[5.133s] -- Adding librt to SuiteSparse_config libraries (required on Linux & Unix [not OSX] if SuiteSparse is compiled with timing).
[5.137s] -- Could NOT find METIS (missing: METIS_INCLUDE_DIR METIS_LIBRARY) 
[5.139s] -- Found required Ceres dependency: Eigen version 3.4.0 in /usr/share/eigen3/cmake
[5.140s] -- Found required Ceres dependency: glog
[5.140s] -- Found required Ceres dependency: gflags
[5.140s] -- Found Ceres version: 2.2.0 installed in: /usr with components: [EigenSparse, SparseLinearAlgebraLibrary, LAPACK, SuiteSparse, SchurSpecializations]
[5.147s] -- Found ament_lint_auto: 0.17.5 (/opt/ros/jazzy/share/ament_lint_auto/cmake)
[5.219s] -- Added test 'cppcheck' to perform static code analysis on C / C++ code
[5.219s] -- Configured cppcheck include dirs: 
[5.219s] -- Configured cppcheck exclude dirs and/or files: 
[5.219s] -- Added test 'flake8' to check Python code syntax and style conventions
[5.219s] -- Configured 'flake8' exclude dirs and/or files: 
[5.219s] -- Added test 'lint_cmake' to check CMake code style
[5.220s] -- Added test 'pep257' to check Python code against some of the docstring style conventions in PEP 257
[5.221s] -- Added test 'uncrustify' to check C / C++ code style
[5.221s] -- Configured uncrustify additional arguments: 
[5.221s] -- Added test 'xmllint' to check XML markup files
[5.222s] -- Configuring done (5.2s)
[5.238s] -- Generating done (0.0s)
[5.242s] -- Build files have been written to: /home/kazusa/kazusa/build/my_cart2
[5.258s] Invoked command in '/home/kazusa/kazusa/build/my_cart2' returned '0': CMAKE_PREFIX_PATH=${CMAKE_PREFIX_PATH}:/opt/ros/jazzy DEBUGINFOD_URLS=https://debuginfod.ubuntu.com /usr/bin/cmake /home/kazusa/kazusa/ver0/my_cart2 -DCMAKE_EXPORT_COMPILE_COMMANDS=ON -DCMAKE_INSTALL_PREFIX=/home/kazusa/kazusa/install/my_cart2
[5.260s] Invoking command in '/home/kazusa/kazusa/build/my_cart2': CMAKE_PREFIX_PATH=${CMAKE_PREFIX_PATH}:/opt/ros/jazzy DEBUGINFOD_URLS=https://debuginfod.ubuntu.com /usr/bin/cmake --build /home/kazusa/kazusa/build/my_cart2 -- -j12 -l12
[5.342s] [100%] Built target laser_scan_merger_cpp
[5.353s] Invoked command in '/home/kazusa/kazusa/build/my_cart2' returned '0': CMAKE_PREFIX_PATH=${CMAKE_PREFIX_PATH}:/opt/ros/jazzy DEBUGINFOD_URLS=https://debuginfod.ubuntu.com /usr/bin/cmake --build /home/kazusa/kazusa/build/my_cart2 -- -j12 -l12
[5.355s] Invoking command in '/home/kazusa/kazusa/build/my_cart2': CMAKE_PREFIX_PATH=${CMAKE_PREFIX_PATH}:/opt/ros/jazzy DEBUGINFOD_URLS=https://debuginfod.ubuntu.com /usr/bin/cmake --install /home/kazusa/kazusa/build/my_cart2
[5.362s] -- Install configuration: ""
[5.362s] -- Up-to-date: /home/kazusa/kazusa/install/my_cart2/share/my_cart2//config
[5.363s] -- Up-to-date: /home/kazusa/kazusa/install/my_cart2/share/my_cart2//config/trajectory_builder_3d.lua
[5.363s] -- Up-to-date: /home/kazusa/kazusa/install/my_cart2/share/my_cart2//config/multi_map_builder.lua
[5.363s] -- Up-to-date: /home/kazusa/kazusa/install/my_cart2/share/my_cart2//config/trajectory_builder_static.lua
[5.363s] -- Up-to-date: /home/kazusa/kazusa/install/my_cart2/share/my_cart2//config/map_builder_server.lua
[5.363s] -- Up-to-date: /home/kazusa/kazusa/install/my_cart2/share/my_cart2//config/map_builder.lua
[5.363s] -- Up-to-date: /home/kazusa/kazusa/install/my_cart2/share/my_cart2//config/cartographer.lua
[5.363s] -- Up-to-date: /home/kazusa/kazusa/install/my_cart2/share/my_cart2//config/params.yaml
[5.363s] -- Up-to-date: /home/kazusa/kazusa/install/my_cart2/share/my_cart2//config/pose_graph.lua
[5.363s] -- Up-to-date: /home/kazusa/kazusa/install/my_cart2/share/my_cart2//config/trajectory_builder_2d.lua
[5.363s] -- Up-to-date: /home/kazusa/kazusa/install/my_cart2/share/my_cart2//config/cartographer_static.lua
[5.364s] -- Up-to-date: /home/kazusa/kazusa/install/my_cart2/share/my_cart2//config/trajectory_builder.lua
[5.364s] -- Up-to-date: /home/kazusa/kazusa/install/my_cart2/lib/my_cart2/laser_scan_merger_cpp
[5.364s] -- Up-to-date: /home/kazusa/kazusa/install/my_cart2/lib/my_cart2/pose1_pub.py
[5.364s] -- Up-to-date: /home/kazusa/kazusa/install/my_cart2/lib/my_cart2/imu_reader.py
[5.364s] -- Up-to-date: /home/kazusa/kazusa/install/my_cart2/lib/my_cart2/i2c_pub.py
[5.364s] -- Up-to-date: /home/kazusa/kazusa/install/my_cart2/lib/my_cart2/merge_scan.py
[5.364s] -- Up-to-date: /home/kazusa/kazusa/install/my_cart2/lib/my_cart2/cartStarter.py
[5.364s] -- Up-to-date: /home/kazusa/kazusa/install/my_cart2/lib/my_cart2/cartStarter_static.py
[5.364s] -- Up-to-date: /home/kazusa/kazusa/install/my_cart2/lib/my_cart2/odom_fusion.py
[5.364s] -- Up-to-date: /home/kazusa/kazusa/install/my_cart2/lib/my_cart2/merge_scan_cpu.py
[5.364s] -- Up-to-date: /home/kazusa/kazusa/install/my_cart2/lib/my_cart2/noise_test.py
[5.364s] -- Up-to-date: /home/kazusa/kazusa/install/my_cart2/lib/my_cart2/emcl_degree.py
[5.364s] -- Up-to-date: /home/kazusa/kazusa/install/my_cart2/share/ament_index/resource_index/package_run_dependencies/my_cart2
[5.364s] -- Installing: /home/kazusa/kazusa/install/my_cart2/share/ament_index/resource_index/parent_prefix_path/my_cart2
[5.364s] -- Up-to-date: /home/kazusa/kazusa/install/my_cart2/share/my_cart2/environment/ament_prefix_path.sh
[5.364s] -- Up-to-date: /home/kazusa/kazusa/install/my_cart2/share/my_cart2/environment/ament_prefix_path.dsv
[5.365s] -- Up-to-date: /home/kazusa/kazusa/install/my_cart2/share/my_cart2/environment/path.sh
[5.365s] -- Up-to-date: /home/kazusa/kazusa/install/my_cart2/share/my_cart2/environment/path.dsv
[5.365s] -- Up-to-date: /home/kazusa/kazusa/install/my_cart2/share/my_cart2/local_setup.bash
[5.366s] -- Up-to-date: /home/kazusa/kazusa/install/my_cart2/share/my_cart2/local_setup.sh
[5.366s] -- Up-to-date: /home/kazusa/kazusa/install/my_cart2/share/my_cart2/local_setup.zsh
[5.366s] -- Up-to-date: /home/kazusa/kazusa/install/my_cart2/share/my_cart2/local_setup.dsv
[5.366s] -- Installing: /home/kazusa/kazusa/install/my_cart2/share/my_cart2/package.dsv
[5.366s] -- Up-to-date: /home/kazusa/kazusa/install/my_cart2/share/ament_index/resource_index/packages/my_cart2
[5.366s] -- Up-to-date: /home/kazusa/kazusa/install/my_cart2/share/my_cart2/cmake/ament_cmake_export_dependencies-extras.cmake
[5.367s] -- Up-to-date: /home/kazusa/kazusa/install/my_cart2/share/my_cart2/cmake/my_cart2Config.cmake
[5.367s] -- Up-to-date: /home/kazusa/kazusa/install/my_cart2/share/my_cart2/cmake/my_cart2Config-version.cmake
[5.367s] -- Up-to-date: /home/kazusa/kazusa/install/my_cart2/share/my_cart2/package.xml
[5.367s] Invoked command in '/home/kazusa/kazusa/build/my_cart2' returned '0': CMAKE_PREFIX_PATH=${CMAKE_PREFIX_PATH}:/opt/ros/jazzy DEBUGINFOD_URLS=https://debuginfod.ubuntu.com /usr/bin/cmake --install /home/kazusa/kazusa/build/my_cart2
