-- Found ament_cmake: 2.5.6 (/opt/ros/jazzy/share/ament_cmake/cmake)
-- Found rclpy: 7.1.11 (/opt/ros/jazzy/share/rclpy/cmake)
-- Found sensor_msgs: 5.3.8 (/opt/ros/jazzy/share/sensor_msgs/cmake)
-- Found rosidl_generator_c: 4.6.9 (/opt/ros/jazzy/share/rosidl_generator_c/cmake)
-- Found rosidl_generator_cpp: 4.6.9 (/opt/ros/jazzy/share/rosidl_generator_cpp/cmake)
-- Using all available rosidl_typesupport_c: rosidl_typesupport_fastrtps_c;rosidl_typesupport_introspection_c
-- Using all available rosidl_typesupport_cpp: rosidl_typesupport_fastrtps_cpp;rosidl_typesupport_introspection_cpp
-- Found nav_msgs: 5.3.8 (/opt/ros/jazzy/share/nav_msgs/cmake)
-- Found tf2_ros: 0.36.21 (/opt/ros/jazzy/share/tf2_ros/cmake)
-- Found rmw_implementation_cmake: 7.3.3 (/opt/ros/jazzy/share/rmw_implementation_cmake/cmake)
-- Found rmw_fastrtps_cpp: 8.4.4 (/opt/ros/jazzy/share/rmw_fastrtps_cpp/cmake)
-- Using RMW implementation 'rmw_fastrtps_cpp' as default
-- Found ament_lint_auto: 0.17.5 (/opt/ros/jazzy/share/ament_lint_auto/cmake)
-- Added test 'lint_cmake' to check CMake code style
-- Added test 'xmllint' to check XML markup files
-- Configuring done (1.7s)
-- Generating done (0.0s)
[33mCMake Warning:
  Manually-specified variables were not used by the project:

    CMAKE_EXPORT_COMPILE_COMMANDS

[0m
-- Build files have been written to: /home/kazusa/kazusa/build/mola_conf
-- Install configuration: ""
-- Up-to-date: /home/kazusa/kazusa/install/mola_conf/share/mola_conf/maps
-- Up-to-date: /home/kazusa/kazusa/install/mola_conf/share/mola_conf/maps/maps.simplemap
-- Up-to-date: /home/kazusa/kazusa/install/mola_conf/share/mola_conf/maps/field_blue_voxel.mm
-- Up-to-date: /home/kazusa/kazusa/install/mola_conf/share/mola_conf/maps/field_blue.mm
-- Up-to-date: /home/kazusa/kazusa/install/mola_conf/share/mola_conf/maps/maps.mm
-- Up-to-date: /home/kazusa/kazusa/install/mola_conf/share/mola_conf/config
-- Up-to-date: /home/kazusa/kazusa/install/mola_conf/share/mola_conf/config/mola2026_conf.yaml
-- Up-to-date: /home/kazusa/kazusa/install/mola_conf/share/mola_conf/config/lidar2d.yaml
-- Up-to-date: /home/kazusa/kazusa/install/mola_conf/share/mola_conf/config/mola2026_conf_red.yaml
-- Up-to-date: /home/kazusa/kazusa/install/mola_conf/share/mola_conf/config/mola2026_conf_blue.yaml
-- Up-to-date: /home/kazusa/kazusa/install/mola_conf/share/ament_index/resource_index/package_run_dependencies/mola_conf
-- Installing: /home/kazusa/kazusa/install/mola_conf/share/ament_index/resource_index/parent_prefix_path/mola_conf
-- Up-to-date: /home/kazusa/kazusa/install/mola_conf/share/mola_conf/environment/ament_prefix_path.sh
-- Up-to-date: /home/kazusa/kazusa/install/mola_conf/share/mola_conf/environment/ament_prefix_path.dsv
-- Up-to-date: /home/kazusa/kazusa/install/mola_conf/share/mola_conf/environment/path.sh
-- Up-to-date: /home/kazusa/kazusa/install/mola_conf/share/mola_conf/environment/path.dsv
-- Up-to-date: /home/kazusa/kazusa/install/mola_conf/share/mola_conf/local_setup.bash
-- Up-to-date: /home/kazusa/kazusa/install/mola_conf/share/mola_conf/local_setup.sh
-- Up-to-date: /home/kazusa/kazusa/install/mola_conf/share/mola_conf/local_setup.zsh
-- Up-to-date: /home/kazusa/kazusa/install/mola_conf/share/mola_conf/local_setup.dsv
-- Installing: /home/kazusa/kazusa/install/mola_conf/share/mola_conf/package.dsv
-- Up-to-date: /home/kazusa/kazusa/install/mola_conf/share/ament_index/resource_index/packages/mola_conf
-- Up-to-date: /home/kazusa/kazusa/install/mola_conf/share/mola_conf/cmake/mola_confConfig.cmake
-- Up-to-date: /home/kazusa/kazusa/install/mola_conf/share/mola_conf/cmake/mola_confConfig-version.cmake
-- Up-to-date: /home/kazusa/kazusa/install/mola_conf/share/mola_conf/package.xml
