[0.035s] Invoking command in '/home/kazusa/kazusa/build/mola_conf': CMAKE_PREFIX_PATH=${CMAKE_PREFIX_PATH}:/opt/ros/jazzy DEBUGINFOD_URLS=https://debuginfod.ubuntu.com /usr/bin/cmake /home/kazusa/kazusa/ver0/mola_conf -DCMAKE_EXPORT_COMPILE_COMMANDS=ON -DCMAKE_INSTALL_PREFIX=/home/kazusa/kazusa/install/mola_conf
[0.076s] -- Found ament_cmake: 2.5.6 (/opt/ros/jazzy/share/ament_cmake/cmake)
[0.514s] -- Found rclpy: 7.1.11 (/opt/ros/jazzy/share/rclpy/cmake)
[0.515s] -- Found sensor_msgs: 5.3.8 (/opt/ros/jazzy/share/sensor_msgs/cmake)
[0.613s] -- Found rosidl_generator_c: 4.6.9 (/opt/ros/jazzy/share/rosidl_generator_c/cmake)
[0.632s] -- Found rosidl_generator_cpp: 4.6.9 (/opt/ros/jazzy/share/rosidl_generator_cpp/cmake)
[0.658s] -- Using all available rosidl_typesupport_c: rosidl_typesupport_fastrtps_c;rosidl_typesupport_introspection_c
[0.699s] -- Using all available rosidl_typesupport_cpp: rosidl_typesupport_fastrtps_cpp;rosidl_typesupport_introspection_cpp
[0.880s] -- Found nav_msgs: 5.3.8 (/opt/ros/jazzy/share/nav_msgs/cmake)
[0.946s] -- Found tf2_ros: 0.36.21 (/opt/ros/jazzy/share/tf2_ros/cmake)
[1.138s] -- Found rmw_implementation_cmake: 7.3.3 (/opt/ros/jazzy/share/rmw_implementation_cmake/cmake)
[1.144s] -- Found rmw_fastrtps_cpp: 8.4.4 (/opt/ros/jazzy/share/rmw_fastrtps_cpp/cmake)
[1.299s] -- Using RMW implementation 'rmw_fastrtps_cpp' as default
[1.575s] -- Found ament_lint_auto: 0.17.5 (/opt/ros/jazzy/share/ament_lint_auto/cmake)
[1.709s] -- Added test 'lint_cmake' to check CMake code style
[1.711s] -- Added test 'xmllint' to check XML markup files
[1.712s] -- Configuring done (1.7s)
[1.722s] -- Generating done (0.0s)
[1.725s] [33mCMake Warning:
[1.725s]   Manually-specified variables were not used by the project:
[1.725s] 
[1.725s]     CMAKE_EXPORT_COMPILE_COMMANDS
[1.725s] 
[1.725s] [0m
[1.726s] -- Build files have been written to: /home/kazusa/kazusa/build/mola_conf
[1.743s] Invoked command in '/home/kazusa/kazusa/build/mola_conf' returned '0': CMAKE_PREFIX_PATH=${CMAKE_PREFIX_PATH}:/opt/ros/jazzy DEBUGINFOD_URLS=https://debuginfod.ubuntu.com /usr/bin/cmake /home/kazusa/kazusa/ver0/mola_conf -DCMAKE_EXPORT_COMPILE_COMMANDS=ON -DCMAKE_INSTALL_PREFIX=/home/kazusa/kazusa/install/mola_conf
[1.745s] Invoking command in '/home/kazusa/kazusa/build/mola_conf': CMAKE_PREFIX_PATH=${CMAKE_PREFIX_PATH}:/opt/ros/jazzy DEBUGINFOD_URLS=https://debuginfod.ubuntu.com /usr/bin/cmake --build /home/kazusa/kazusa/build/mola_conf -- -j12 -l12
[1.807s] Invoked command in '/home/kazusa/kazusa/build/mola_conf' returned '0': CMAKE_PREFIX_PATH=${CMAKE_PREFIX_PATH}:/opt/ros/jazzy DEBUGINFOD_URLS=https://debuginfod.ubuntu.com /usr/bin/cmake --build /home/kazusa/kazusa/build/mola_conf -- -j12 -l12
[1.808s] Invoking command in '/home/kazusa/kazusa/build/mola_conf': CMAKE_PREFIX_PATH=${CMAKE_PREFIX_PATH}:/opt/ros/jazzy DEBUGINFOD_URLS=https://debuginfod.ubuntu.com /usr/bin/cmake --install /home/kazusa/kazusa/build/mola_conf
[1.819s] -- Install configuration: ""
[1.819s] -- Up-to-date: /home/kazusa/kazusa/install/mola_conf/share/mola_conf/maps
[1.819s] -- Up-to-date: /home/kazusa/kazusa/install/mola_conf/share/mola_conf/maps/maps.simplemap
[1.820s] -- Up-to-date: /home/kazusa/kazusa/install/mola_conf/share/mola_conf/maps/field_blue_voxel.mm
[1.820s] -- Up-to-date: /home/kazusa/kazusa/install/mola_conf/share/mola_conf/maps/field_blue.mm
[1.820s] -- Up-to-date: /home/kazusa/kazusa/install/mola_conf/share/mola_conf/maps/maps.mm
[1.820s] -- Up-to-date: /home/kazusa/kazusa/install/mola_conf/share/mola_conf/config
[1.820s] -- Up-to-date: /home/kazusa/kazusa/install/mola_conf/share/mola_conf/config/mola2026_conf.yaml
[1.820s] -- Up-to-date: /home/kazusa/kazusa/install/mola_conf/share/mola_conf/config/lidar2d.yaml
[1.820s] -- Up-to-date: /home/kazusa/kazusa/install/mola_conf/share/mola_conf/config/mola2026_conf_red.yaml
[1.820s] -- Up-to-date: /home/kazusa/kazusa/install/mola_conf/share/mola_conf/config/mola2026_conf_blue.yaml
[1.821s] -- Up-to-date: /home/kazusa/kazusa/install/mola_conf/share/ament_index/resource_index/package_run_dependencies/mola_conf
[1.821s] -- Installing: /home/kazusa/kazusa/install/mola_conf/share/ament_index/resource_index/parent_prefix_path/mola_conf
[1.821s] -- Up-to-date: /home/kazusa/kazusa/install/mola_conf/share/mola_conf/environment/ament_prefix_path.sh
[1.821s] -- Up-to-date: /home/kazusa/kazusa/install/mola_conf/share/mola_conf/environment/ament_prefix_path.dsv
[1.821s] -- Up-to-date: /home/kazusa/kazusa/install/mola_conf/share/mola_conf/environment/path.sh
[1.821s] -- Up-to-date: /home/kazusa/kazusa/install/mola_conf/share/mola_conf/environment/path.dsv
[1.821s] -- Up-to-date: /home/kazusa/kazusa/install/mola_conf/share/mola_conf/local_setup.bash
[1.821s] -- Up-to-date: /home/kazusa/kazusa/install/mola_conf/share/mola_conf/local_setup.sh
[1.821s] -- Up-to-date: /home/kazusa/kazusa/install/mola_conf/share/mola_conf/local_setup.zsh
[1.821s] -- Up-to-date: /home/kazusa/kazusa/install/mola_conf/share/mola_conf/local_setup.dsv
[1.821s] -- Installing: /home/kazusa/kazusa/install/mola_conf/share/mola_conf/package.dsv
[1.821s] -- Up-to-date: /home/kazusa/kazusa/install/mola_conf/share/ament_index/resource_index/packages/mola_conf
[1.821s] -- Up-to-date: /home/kazusa/kazusa/install/mola_conf/share/mola_conf/cmake/mola_confConfig.cmake
[1.821s] -- Up-to-date: /home/kazusa/kazusa/install/mola_conf/share/mola_conf/cmake/mola_confConfig-version.cmake
[1.821s] -- Up-to-date: /home/kazusa/kazusa/install/mola_conf/share/mola_conf/package.xml
[1.823s] Invoked command in '/home/kazusa/kazusa/build/mola_conf' returned '0': CMAKE_PREFIX_PATH=${CMAKE_PREFIX_PATH}:/opt/ros/jazzy DEBUGINFOD_URLS=https://debuginfod.ubuntu.com /usr/bin/cmake --install /home/kazusa/kazusa/build/mola_conf
