[0.028s] Invoking command in '/home/kazusa/kazusa/build/controller': CMAKE_PREFIX_PATH=${CMAKE_PREFIX_PATH}:/opt/ros/humble /usr/bin/cmake --build /home/kazusa/kazusa/build/controller -- -j12 -l12
[0.076s] [35m[1mConsolidate compiler generated dependencies of target controller__rosidl_generator_c[0m
[0.085s] [  3%] Built target controller__cpp
[0.091s] [  6%] Built target controller__rs
[0.092s] [ 15%] Built target controller__rosidl_generator_c
[0.104s] [35m[1mConsolidate compiler generated dependencies of target controller__rosidl_typesupport_introspection_cpp[0m
[0.104s] [35m[1mConsolidate compiler generated dependencies of target controller__rosidl_typesupport_fastrtps_cpp[0m
[0.104s] [35m[1mConsolidate compiler generated dependencies of target controller__rosidl_typesupport_cpp[0m
[0.107s] [ 15%] Built target ament_cmake_python_symlink_controller
[0.117s] [35m[1mConsolidate compiler generated dependencies of target controller__rosidl_typesupport_fastrtps_c[0m
[0.119s] [35m[1mConsolidate compiler generated dependencies of target controller__rosidl_typesupport_c[0m
[0.125s] [35m[1mConsolidate compiler generated dependencies of target controller__rosidl_typesupport_introspection_c[0m
[0.127s] [ 25%] Built target controller__rosidl_typesupport_cpp
[0.130s] [ 34%] Built target controller__rosidl_typesupport_fastrtps_cpp
[0.135s] [ 43%] Built target controller__rosidl_typesupport_introspection_cpp
[0.143s] [ 53%] Built target controller__rosidl_typesupport_c
[0.144s] [ 62%] Built target controller__rosidl_typesupport_fastrtps_c
[0.152s] [ 71%] Built target controller__rosidl_typesupport_introspection_c
[0.179s] [ 71%] Built target controller
[0.208s] [ 75%] Built target controller__py
[0.221s] [35m[1mConsolidate compiler generated dependencies of target controller__rosidl_generator_py[0m
[0.234s] [ 81%] Built target controller__rosidl_generator_py
[0.246s] [35m[1mConsolidate compiler generated dependencies of target controller__rosidl_typesupport_c__pyext[0m
[0.246s] [35m[1mConsolidate compiler generated dependencies of target controller__rosidl_typesupport_fastrtps_c__pyext[0m
[0.246s] [35m[1mConsolidate compiler generated dependencies of target controller__rosidl_typesupport_introspection_c__pyext[0m
[0.259s] [ 93%] Built target controller__rosidl_typesupport_fastrtps_c__pyext
[0.259s] [ 93%] Built target controller__rosidl_typesupport_c__pyext
[0.260s] [100%] Built target controller__rosidl_typesupport_introspection_c__pyext
[0.337s] running egg_info
[0.338s] writing controller.egg-info/PKG-INFO
[0.338s] writing dependency_links to controller.egg-info/dependency_links.txt
[0.338s] writing top-level names to controller.egg-info/top_level.txt
[0.341s] reading manifest file 'controller.egg-info/SOURCES.txt'
[0.341s] writing manifest file 'controller.egg-info/SOURCES.txt'
[0.376s] [100%] Built target ament_cmake_python_build_controller_egg
[0.391s] Invoked command in '/home/kazusa/kazusa/build/controller' returned '0': CMAKE_PREFIX_PATH=${CMAKE_PREFIX_PATH}:/opt/ros/humble /usr/bin/cmake --build /home/kazusa/kazusa/build/controller -- -j12 -l12
[0.393s] Invoking command in '/home/kazusa/kazusa/build/controller': CMAKE_PREFIX_PATH=${CMAKE_PREFIX_PATH}:/opt/ros/humble /usr/bin/cmake --install /home/kazusa/kazusa/build/controller
[0.401s] -- Install configuration: ""
[0.401s] -- Execute custom install script
[0.402s] -- Up-to-date symlink: /home/kazusa/kazusa/install/controller/share/ament_index/resource_index/rosidl_interfaces/controller
[0.402s] -- Up-to-date symlink: /home/kazusa/kazusa/install/controller/include/controller/controller/msg/controller.h
[0.402s] -- Up-to-date symlink: /home/kazusa/kazusa/install/controller/include/controller/controller/msg/detail/controller__functions.h
[0.402s] -- Up-to-date symlink: /home/kazusa/kazusa/install/controller/include/controller/controller/msg/detail/controller__struct.h
[0.402s] -- Up-to-date symlink: /home/kazusa/kazusa/install/controller/include/controller/controller/msg/detail/controller__type_support.h
[0.402s] -- Up-to-date symlink: /home/kazusa/kazusa/install/controller/include/controller/controller/msg/rosidl_generator_c__visibility_control.h
[0.402s] -- Up-to-date symlink: /home/kazusa/kazusa/install/controller/share/controller/environment/library_path.sh
[0.403s] -- Up-to-date symlink: /home/kazusa/kazusa/install/controller/share/controller/environment/library_path.dsv
[0.403s] -- Up-to-date symlink: /home/kazusa/kazusa/install/controller/include/controller/controller/msg/detail/controller__rosidl_typesupport_fastrtps_c.h
[0.403s] -- Up-to-date symlink: /home/kazusa/kazusa/install/controller/include/controller/controller/msg/rosidl_typesupport_fastrtps_c__visibility_control.h
[0.403s] -- Up-to-date symlink: /home/kazusa/kazusa/install/controller/include/controller/controller/msg/detail/controller__rosidl_typesupport_introspection_c.h
[0.403s] -- Up-to-date symlink: /home/kazusa/kazusa/install/controller/include/controller/controller/msg/rosidl_typesupport_introspection_c__visibility_control.h
[0.404s] -- Up-to-date symlink: /home/kazusa/kazusa/install/controller/include/controller/controller/msg/controller.hpp
[0.404s] -- Up-to-date symlink: /home/kazusa/kazusa/install/controller/include/controller/controller/msg/detail/controller__builder.hpp
[0.404s] -- Up-to-date symlink: /home/kazusa/kazusa/install/controller/include/controller/controller/msg/detail/controller__struct.hpp
[0.404s] -- Up-to-date symlink: /home/kazusa/kazusa/install/controller/include/controller/controller/msg/detail/controller__traits.hpp
[0.404s] -- Up-to-date symlink: /home/kazusa/kazusa/install/controller/include/controller/controller/msg/detail/controller__type_support.hpp
[0.404s] -- Up-to-date symlink: /home/kazusa/kazusa/install/controller/include/controller/controller/msg/rosidl_generator_cpp__visibility_control.hpp
[0.405s] -- Up-to-date symlink: /home/kazusa/kazusa/install/controller/include/controller/controller/msg/detail/controller__rosidl_typesupport_fastrtps_cpp.hpp
[0.405s] -- Up-to-date symlink: /home/kazusa/kazusa/install/controller/include/controller/controller/msg/rosidl_typesupport_fastrtps_cpp__visibility_control.h
[0.405s] -- Up-to-date symlink: /home/kazusa/kazusa/install/controller/include/controller/controller/msg/detail/controller__rosidl_typesupport_introspection_cpp.hpp
[0.405s] -- Up-to-date symlink: /home/kazusa/kazusa/install/controller/share/controller/environment/pythonpath.sh
[0.405s] -- Up-to-date symlink: /home/kazusa/kazusa/install/controller/share/controller/environment/pythonpath.dsv
[0.406s] -- Up-to-date symlink: /home/kazusa/kazusa/install/controller/local/lib/python3.10/dist-packages/controller-0.0.0-py3.10.egg-info/PKG-INFO
[0.406s] -- Up-to-date symlink: /home/kazusa/kazusa/install/controller/local/lib/python3.10/dist-packages/controller-0.0.0-py3.10.egg-info/SOURCES.txt
[0.406s] -- Up-to-date symlink: /home/kazusa/kazusa/install/controller/local/lib/python3.10/dist-packages/controller-0.0.0-py3.10.egg-info/dependency_links.txt
[0.406s] -- Up-to-date symlink: /home/kazusa/kazusa/install/controller/local/lib/python3.10/dist-packages/controller-0.0.0-py3.10.egg-info/top_level.txt
[0.407s] -- Up-to-date symlink: /home/kazusa/kazusa/install/controller/local/lib/python3.10/dist-packages/controller/__init__.py
[0.407s] -- Up-to-date symlink: /home/kazusa/kazusa/install/controller/local/lib/python3.10/dist-packages/controller/_controller_s.ep.rosidl_typesupport_c.c
[0.407s] -- Up-to-date symlink: /home/kazusa/kazusa/install/controller/local/lib/python3.10/dist-packages/controller/_controller_s.ep.rosidl_typesupport_fastrtps_c.c
[0.408s] -- Up-to-date symlink: /home/kazusa/kazusa/install/controller/local/lib/python3.10/dist-packages/controller/_controller_s.ep.rosidl_typesupport_introspection_c.c
[0.408s] -- Up-to-date symlink: /home/kazusa/kazusa/install/controller/local/lib/python3.10/dist-packages/controller/controller_s__rosidl_typesupport_c.cpython-310-x86_64-linux-gnu.so
[0.408s] -- Up-to-date symlink: /home/kazusa/kazusa/install/controller/local/lib/python3.10/dist-packages/controller/controller_s__rosidl_typesupport_fastrtps_c.cpython-310-x86_64-linux-gnu.so
[0.408s] -- Up-to-date symlink: /home/kazusa/kazusa/install/controller/local/lib/python3.10/dist-packages/controller/controller_s__rosidl_typesupport_introspection_c.cpython-310-x86_64-linux-gnu.so
[0.408s] -- Up-to-date symlink: /home/kazusa/kazusa/install/controller/local/lib/python3.10/dist-packages/controller/libcontroller__rosidl_generator_py.so
[0.408s] -- Up-to-date symlink: /home/kazusa/kazusa/install/controller/local/lib/python3.10/dist-packages/controller/msg/__init__.py
[0.408s] -- Up-to-date symlink: /home/kazusa/kazusa/install/controller/local/lib/python3.10/dist-packages/controller/msg/_controller.py
[0.408s] -- Up-to-date symlink: /home/kazusa/kazusa/install/controller/local/lib/python3.10/dist-packages/controller/msg/_controller_s.c
[0.408s] -- Up-to-date symlink: /home/kazusa/kazusa/install/controller/local/lib/python3.10/dist-packages/controller/controller_s__rosidl_typesupport_fastrtps_c.cpython-310-x86_64-linux-gnu.so
[0.409s] -- Up-to-date symlink: /home/kazusa/kazusa/install/controller/local/lib/python3.10/dist-packages/controller/controller_s__rosidl_typesupport_introspection_c.cpython-310-x86_64-linux-gnu.so
[0.409s] -- Up-to-date symlink: /home/kazusa/kazusa/install/controller/local/lib/python3.10/dist-packages/controller/controller_s__rosidl_typesupport_c.cpython-310-x86_64-linux-gnu.so
[0.409s] -- Up-to-date symlink: /home/kazusa/kazusa/install/controller/share/ament_index/resource_index/rust_packages/controller
[0.409s] -- Up-to-date symlink: /home/kazusa/kazusa/install/controller/share/controller/rust/Cargo.toml
[0.409s] -- Up-to-date symlink: /home/kazusa/kazusa/install/controller/share/controller/rust/build.rs
[0.409s] -- Up-to-date symlink: /home/kazusa/kazusa/install/controller/share/controller/rust/src/lib.rs
[0.410s] -- Up-to-date symlink: /home/kazusa/kazusa/install/controller/share/controller/rust/src/msg.rs
[0.411s] -- Up-to-date symlink: /home/kazusa/kazusa/install/controller/share/controller/rust/src/msg/rmw.rs
[0.411s] -- Up-to-date symlink: /home/kazusa/kazusa/install/controller/share/controller/msg/Controller.idl
[0.411s] -- Up-to-date symlink: /home/kazusa/kazusa/install/controller/share/controller/msg/Controller.msg
[0.411s] -- Up-to-date symlink: /home/kazusa/kazusa/install/controller/share/ament_index/resource_index/package_run_dependencies/controller
[0.411s] -- Up-to-date symlink: /home/kazusa/kazusa/install/controller/share/ament_index/resource_index/parent_prefix_path/controller
[0.412s] -- Up-to-date symlink: /home/kazusa/kazusa/install/controller/share/controller/environment/ament_prefix_path.sh
[0.412s] -- Up-to-date symlink: /home/kazusa/kazusa/install/controller/share/controller/environment/ament_prefix_path.dsv
[0.412s] -- Up-to-date symlink: /home/kazusa/kazusa/install/controller/share/controller/environment/path.sh
[0.412s] -- Up-to-date symlink: /home/kazusa/kazusa/install/controller/share/controller/environment/path.dsv
[0.412s] -- Up-to-date symlink: /home/kazusa/kazusa/install/controller/share/controller/local_setup.bash
[0.412s] -- Up-to-date symlink: /home/kazusa/kazusa/install/controller/share/controller/local_setup.sh
[0.412s] -- Up-to-date symlink: /home/kazusa/kazusa/install/controller/share/controller/local_setup.zsh
[0.412s] -- Up-to-date symlink: /home/kazusa/kazusa/install/controller/share/controller/local_setup.dsv
[0.412s] -- Symlinking: /home/kazusa/kazusa/install/controller/share/controller/package.dsv
[0.423s] -- Up-to-date symlink: /home/kazusa/kazusa/install/controller/share/ament_index/resource_index/packages/controller
[0.423s] -- Up-to-date symlink: /home/kazusa/kazusa/install/controller/share/controller/cmake/rosidl_cmake-extras.cmake
[0.423s] -- Up-to-date symlink: /home/kazusa/kazusa/install/controller/share/controller/cmake/ament_cmake_export_dependencies-extras.cmake
[0.423s] -- Up-to-date symlink: /home/kazusa/kazusa/install/controller/share/controller/cmake/ament_cmake_export_include_directories-extras.cmake
[0.423s] -- Up-to-date symlink: /home/kazusa/kazusa/install/controller/share/controller/cmake/ament_cmake_export_libraries-extras.cmake
[0.423s] -- Up-to-date symlink: /home/kazusa/kazusa/install/controller/share/controller/cmake/ament_cmake_export_targets-extras.cmake
[0.423s] -- Up-to-date symlink: /home/kazusa/kazusa/install/controller/share/controller/cmake/rosidl_cmake_export_typesupport_targets-extras.cmake
[0.423s] -- Up-to-date symlink: /home/kazusa/kazusa/install/controller/share/controller/cmake/rosidl_cmake_export_typesupport_libraries-extras.cmake
[0.424s] -- Up-to-date symlink: /home/kazusa/kazusa/install/controller/share/controller/cmake/rosidl_cmake_aggregate_target-extras.cmake
[0.424s] -- Up-to-date symlink: /home/kazusa/kazusa/install/controller/share/controller/cmake/controllerConfig.cmake
[0.424s] -- Up-to-date symlink: /home/kazusa/kazusa/install/controller/share/controller/cmake/controllerConfig-version.cmake
[0.424s] -- Up-to-date symlink: /home/kazusa/kazusa/install/controller/share/controller/package.xml
[0.424s] -- Up-to-date: /home/kazusa/kazusa/install/controller/lib/libcontroller__rosidl_generator_c.so
[0.424s] -- Up-to-date: /home/kazusa/kazusa/install/controller/lib/libcontroller__rosidl_typesupport_fastrtps_c.so
[0.424s] -- Up-to-date: /home/kazusa/kazusa/install/controller/lib/libcontroller__rosidl_typesupport_introspection_c.so
[0.424s] -- Up-to-date: /home/kazusa/kazusa/install/controller/lib/libcontroller__rosidl_typesupport_c.so
[0.425s] -- Up-to-date: /home/kazusa/kazusa/install/controller/lib/libcontroller__rosidl_typesupport_fastrtps_cpp.so
[0.425s] -- Up-to-date: /home/kazusa/kazusa/install/controller/lib/libcontroller__rosidl_typesupport_introspection_cpp.so
[0.425s] -- Up-to-date: /home/kazusa/kazusa/install/controller/lib/libcontroller__rosidl_typesupport_cpp.so
[0.457s] Listing '/home/kazusa/kazusa/install/controller/local/lib/python3.10/dist-packages/controller'...
[0.457s] Listing '/home/kazusa/kazusa/install/controller/local/lib/python3.10/dist-packages/controller/msg'...
[0.461s] -- Up-to-date: /home/kazusa/kazusa/install/controller/lib/libcontroller__rosidl_generator_py.so
[0.461s] -- Up-to-date: /home/kazusa/kazusa/install/controller/share/controller/cmake/export_controller__rosidl_generator_cExport.cmake
[0.461s] -- Up-to-date: /home/kazusa/kazusa/install/controller/share/controller/cmake/export_controller__rosidl_generator_cExport-noconfig.cmake
[0.461s] -- Up-to-date: /home/kazusa/kazusa/install/controller/share/controller/cmake/export_controller__rosidl_typesupport_fastrtps_cExport.cmake
[0.461s] -- Up-to-date: /home/kazusa/kazusa/install/controller/share/controller/cmake/export_controller__rosidl_typesupport_fastrtps_cExport-noconfig.cmake
[0.461s] -- Up-to-date: /home/kazusa/kazusa/install/controller/share/controller/cmake/controller__rosidl_typesupport_introspection_cExport.cmake
[0.461s] -- Up-to-date: /home/kazusa/kazusa/install/controller/share/controller/cmake/controller__rosidl_typesupport_introspection_cExport-noconfig.cmake
[0.461s] -- Up-to-date: /home/kazusa/kazusa/install/controller/share/controller/cmake/controller__rosidl_typesupport_cExport.cmake
[0.461s] -- Up-to-date: /home/kazusa/kazusa/install/controller/share/controller/cmake/controller__rosidl_typesupport_cExport-noconfig.cmake
[0.462s] -- Up-to-date: /home/kazusa/kazusa/install/controller/share/controller/cmake/export_controller__rosidl_generator_cppExport.cmake
[0.462s] -- Up-to-date: /home/kazusa/kazusa/install/controller/share/controller/cmake/export_controller__rosidl_typesupport_fastrtps_cppExport.cmake
[0.463s] -- Up-to-date: /home/kazusa/kazusa/install/controller/share/controller/cmake/export_controller__rosidl_typesupport_fastrtps_cppExport-noconfig.cmake
[0.463s] -- Up-to-date: /home/kazusa/kazusa/install/controller/share/controller/cmake/controller__rosidl_typesupport_introspection_cppExport.cmake
[0.463s] -- Up-to-date: /home/kazusa/kazusa/install/controller/share/controller/cmake/controller__rosidl_typesupport_introspection_cppExport-noconfig.cmake
[0.463s] -- Up-to-date: /home/kazusa/kazusa/install/controller/share/controller/cmake/controller__rosidl_typesupport_cppExport.cmake
[0.463s] -- Up-to-date: /home/kazusa/kazusa/install/controller/share/controller/cmake/controller__rosidl_typesupport_cppExport-noconfig.cmake
[0.464s] -- Up-to-date: /home/kazusa/kazusa/install/controller/share/controller/cmake/export_controller__rosidl_generator_pyExport.cmake
[0.464s] -- Up-to-date: /home/kazusa/kazusa/install/controller/share/controller/cmake/export_controller__rosidl_generator_pyExport-noconfig.cmake
[0.479s] Invoked command in '/home/kazusa/kazusa/build/controller' returned '0': CMAKE_PREFIX_PATH=${CMAKE_PREFIX_PATH}:/opt/ros/humble /usr/bin/cmake --install /home/kazusa/kazusa/build/controller
