-- Found ament_cmake: 2.5.6 (/opt/ros/jazzy/share/ament_cmake/cmake)
-- Found ament_lint_auto: 0.17.5 (/opt/ros/jazzy/share/ament_lint_auto/cmake)
-- Added test 'flake8' to check Python code syntax and style conventions
-- Configured 'flake8' exclude dirs and/or files: 
-- Added test 'lint_cmake' to check CMake code style
-- Added test 'pep257' to check Python code against some of the docstring style conventions in PEP 257
-- Added test 'xmllint' to check XML markup files
-- Configuring done (0.8s)
-- Generating done (0.0s)
[33mCMake Warning:
  Manually-specified variables were not used by the project:

    CMAKE_EXPORT_COMPILE_COMMANDS

[0m
-- Build files have been written to: /home/kazusa/kazusa/build/launcher
-- Install configuration: ""
-- Up-to-date: /home/kazusa/kazusa/install/launcher/share/launcher//launch
-- Up-to-date: /home/kazusa/kazusa/install/launcher/share/launcher//launch/2026omni_cartsim.py
-- Up-to-date: /home/kazusa/kazusa/install/launcher/share/launcher//launch/202689master.py
-- Up-to-date: /home/kazusa/kazusa/install/launcher/share/launcher//launch/2026omni_newpos_b.py
-- Up-to-date: /home/kazusa/kazusa/install/launcher/share/launcher//launch/similator_merge.py
-- Up-to-date: /home/kazusa/kazusa/install/launcher/share/launcher//launch/temp_frametest_cpp.py
-- Up-to-date: /home/kazusa/kazusa/install/launcher/share/launcher//launch/2026omni_emclsimdum.py
-- Up-to-date: /home/kazusa/kazusa/install/launcher/share/launcher//launch/temp_frametest.py
-- Up-to-date: /home/kazusa/kazusa/install/launcher/share/launcher//launch/202689_prev.py
-- Up-to-date: /home/kazusa/kazusa/install/launcher/share/launcher//launch/2026omni_emclsimdum4katahou copy.py
-- Up-to-date: /home/kazusa/kazusa/install/launcher/share/launcher//launch/mola_mapping.py
-- Up-to-date: /home/kazusa/kazusa/install/launcher/share/launcher//launch/similator.py
-- Up-to-date: /home/kazusa/kazusa/install/launcher/share/launcher//launch/controller.py
-- Up-to-date: /home/kazusa/kazusa/install/launcher/share/launcher//launch/wheelodom_test.py
-- Up-to-date: /home/kazusa/kazusa/install/launcher/share/launcher//launch/map_test.py
-- Up-to-date: /home/kazusa/kazusa/install/launcher/share/launcher//launch/2026omni_emclsimdum3.py
-- Up-to-date: /home/kazusa/kazusa/install/launcher/share/launcher//launch/2026omni_cartonlysim.py
-- Up-to-date: /home/kazusa/kazusa/install/launcher/share/launcher//launch/2026omni_cart.py
-- Up-to-date: /home/kazusa/kazusa/install/launcher/share/launcher//launch/2026omni_emclsim.py
-- Up-to-date: /home/kazusa/kazusa/install/launcher/share/launcher//launch/2026omni_newpos_r.py
-- Up-to-date: /home/kazusa/kazusa/install/launcher/share/launcher//launch/2026omni_statictest.py
-- Up-to-date: /home/kazusa/kazusa/install/launcher/share/launcher//launch/202689.py
-- Up-to-date: /home/kazusa/kazusa/install/launcher/share/launcher//launch/mola_test.py
-- Up-to-date: /home/kazusa/kazusa/install/launcher/share/launcher//launch/2026omni_emclsimdum2.py
-- Up-to-date: /home/kazusa/kazusa/install/launcher/share/launcher//launch/similator_rf2o.py
-- Up-to-date: /home/kazusa/kazusa/install/launcher/share/launcher//launch/2026omni_emcl_mola_sim.py
-- Up-to-date: /home/kazusa/kazusa/install/launcher/share/ament_index/resource_index/package_run_dependencies/launcher
-- Installing: /home/kazusa/kazusa/install/launcher/share/ament_index/resource_index/parent_prefix_path/launcher
-- Up-to-date: /home/kazusa/kazusa/install/launcher/share/launcher/environment/ament_prefix_path.sh
-- Up-to-date: /home/kazusa/kazusa/install/launcher/share/launcher/environment/ament_prefix_path.dsv
-- Up-to-date: /home/kazusa/kazusa/install/launcher/share/launcher/environment/path.sh
-- Up-to-date: /home/kazusa/kazusa/install/launcher/share/launcher/environment/path.dsv
-- Up-to-date: /home/kazusa/kazusa/install/launcher/share/launcher/local_setup.bash
-- Up-to-date: /home/kazusa/kazusa/install/launcher/share/launcher/local_setup.sh
-- Up-to-date: /home/kazusa/kazusa/install/launcher/share/launcher/local_setup.zsh
-- Up-to-date: /home/kazusa/kazusa/install/launcher/share/launcher/local_setup.dsv
-- Installing: /home/kazusa/kazusa/install/launcher/share/launcher/package.dsv
-- Up-to-date: /home/kazusa/kazusa/install/launcher/share/ament_index/resource_index/packages/launcher
-- Up-to-date: /home/kazusa/kazusa/install/launcher/share/launcher/cmake/launcherConfig.cmake
-- Up-to-date: /home/kazusa/kazusa/install/launcher/share/launcher/cmake/launcherConfig-version.cmake
-- Up-to-date: /home/kazusa/kazusa/install/launcher/share/launcher/package.xml
