[0.038s] Invoking command in '/home/kazusa/kazusa/build/launcher': CMAKE_PREFIX_PATH=${CMAKE_PREFIX_PATH}:/opt/ros/jazzy DEBUGINFOD_URLS=https://debuginfod.ubuntu.com /usr/bin/cmake /home/kazusa/kazusa/ver0/launcher -DCMAKE_EXPORT_COMPILE_COMMANDS=ON -DCMAKE_INSTALL_PREFIX=/home/kazusa/kazusa/install/launcher
[0.083s] -- Found ament_cmake: 2.5.6 (/opt/ros/jazzy/share/ament_cmake/cmake)
[0.523s] -- Found ament_lint_auto: 0.17.5 (/opt/ros/jazzy/share/ament_lint_auto/cmake)
[0.797s] -- Added test 'flake8' to check Python code syntax and style conventions
[0.799s] -- Configured 'flake8' exclude dirs and/or files: 
[0.804s] -- Added test 'lint_cmake' to check CMake code style
[0.807s] -- Added test 'pep257' to check Python code against some of the docstring style conventions in PEP 257
[0.814s] -- Added test 'xmllint' to check XML markup files
[0.816s] -- Configuring done (0.8s)
[0.833s] -- Generating done (0.0s)
[0.836s] [33mCMake Warning:
[0.837s]   Manually-specified variables were not used by the project:
[0.837s] 
[0.837s]     CMAKE_EXPORT_COMPILE_COMMANDS
[0.838s] 
[0.838s] [0m
[0.838s] -- Build files have been written to: /home/kazusa/kazusa/build/launcher
[0.847s] Invoked command in '/home/kazusa/kazusa/build/launcher' returned '0': CMAKE_PREFIX_PATH=${CMAKE_PREFIX_PATH}:/opt/ros/jazzy DEBUGINFOD_URLS=https://debuginfod.ubuntu.com /usr/bin/cmake /home/kazusa/kazusa/ver0/launcher -DCMAKE_EXPORT_COMPILE_COMMANDS=ON -DCMAKE_INSTALL_PREFIX=/home/kazusa/kazusa/install/launcher
[0.850s] Invoking command in '/home/kazusa/kazusa/build/launcher': CMAKE_PREFIX_PATH=${CMAKE_PREFIX_PATH}:/opt/ros/jazzy DEBUGINFOD_URLS=https://debuginfod.ubuntu.com /usr/bin/cmake --build /home/kazusa/kazusa/build/launcher -- -j12 -l12
[0.954s] Invoked command in '/home/kazusa/kazusa/build/launcher' returned '0': CMAKE_PREFIX_PATH=${CMAKE_PREFIX_PATH}:/opt/ros/jazzy DEBUGINFOD_URLS=https://debuginfod.ubuntu.com /usr/bin/cmake --build /home/kazusa/kazusa/build/launcher -- -j12 -l12
[0.984s] Invoking command in '/home/kazusa/kazusa/build/launcher': CMAKE_PREFIX_PATH=${CMAKE_PREFIX_PATH}:/opt/ros/jazzy DEBUGINFOD_URLS=https://debuginfod.ubuntu.com /usr/bin/cmake --install /home/kazusa/kazusa/build/launcher
[1.008s] -- Install configuration: ""
[1.009s] -- Up-to-date: /home/kazusa/kazusa/install/launcher/share/launcher//launch
[1.009s] -- Up-to-date: /home/kazusa/kazusa/install/launcher/share/launcher//launch/2026omni_cartsim.py
[1.009s] -- Up-to-date: /home/kazusa/kazusa/install/launcher/share/launcher//launch/202689master.py
[1.010s] -- Up-to-date: /home/kazusa/kazusa/install/launcher/share/launcher//launch/2026omni_newpos_b.py
[1.010s] -- Up-to-date: /home/kazusa/kazusa/install/launcher/share/launcher//launch/similator_merge.py
[1.011s] -- Up-to-date: /home/kazusa/kazusa/install/launcher/share/launcher//launch/temp_frametest_cpp.py
[1.011s] -- Up-to-date: /home/kazusa/kazusa/install/launcher/share/launcher//launch/2026omni_emclsimdum.py
[1.012s] -- Up-to-date: /home/kazusa/kazusa/install/launcher/share/launcher//launch/temp_frametest.py
[1.012s] -- Up-to-date: /home/kazusa/kazusa/install/launcher/share/launcher//launch/202689_prev.py
[1.012s] -- Up-to-date: /home/kazusa/kazusa/install/launcher/share/launcher//launch/2026omni_emclsimdum4katahou copy.py
[1.021s] -- Up-to-date: /home/kazusa/kazusa/install/launcher/share/launcher//launch/mola_mapping.py
[1.021s] -- Up-to-date: /home/kazusa/kazusa/install/launcher/share/launcher//launch/similator.py
[1.022s] -- Up-to-date: /home/kazusa/kazusa/install/launcher/share/launcher//launch/controller.py
[1.022s] -- Up-to-date: /home/kazusa/kazusa/install/launcher/share/launcher//launch/wheelodom_test.py
[1.026s] -- Up-to-date: /home/kazusa/kazusa/install/launcher/share/launcher//launch/map_test.py
[1.026s] -- Up-to-date: /home/kazusa/kazusa/install/launcher/share/launcher//launch/2026omni_emclsimdum3.py
[1.027s] -- Up-to-date: /home/kazusa/kazusa/install/launcher/share/launcher//launch/2026omni_cartonlysim.py
[1.027s] -- Up-to-date: /home/kazusa/kazusa/install/launcher/share/launcher//launch/2026omni_cart.py
[1.027s] -- Up-to-date: /home/kazusa/kazusa/install/launcher/share/launcher//launch/2026omni_emclsim.py
[1.027s] -- Up-to-date: /home/kazusa/kazusa/install/launcher/share/launcher//launch/2026omni_newpos_r.py
[1.027s] -- Up-to-date: /home/kazusa/kazusa/install/launcher/share/launcher//launch/2026omni_statictest.py
[1.028s] -- Up-to-date: /home/kazusa/kazusa/install/launcher/share/launcher//launch/202689.py
[1.028s] -- Up-to-date: /home/kazusa/kazusa/install/launcher/share/launcher//launch/mola_test.py
[1.028s] -- Up-to-date: /home/kazusa/kazusa/install/launcher/share/launcher//launch/2026omni_emclsimdum2.py
[1.028s] -- Up-to-date: /home/kazusa/kazusa/install/launcher/share/launcher//launch/similator_rf2o.py
[1.029s] -- Up-to-date: /home/kazusa/kazusa/install/launcher/share/launcher//launch/2026omni_emcl_mola_sim.py
[1.031s] -- Up-to-date: /home/kazusa/kazusa/install/launcher/share/ament_index/resource_index/package_run_dependencies/launcher
[1.031s] -- Installing: /home/kazusa/kazusa/install/launcher/share/ament_index/resource_index/parent_prefix_path/launcher
[1.032s] -- Up-to-date: /home/kazusa/kazusa/install/launcher/share/launcher/environment/ament_prefix_path.sh
[1.032s] -- Up-to-date: /home/kazusa/kazusa/install/launcher/share/launcher/environment/ament_prefix_path.dsv
[1.032s] -- Up-to-date: /home/kazusa/kazusa/install/launcher/share/launcher/environment/path.sh
[1.032s] -- Up-to-date: /home/kazusa/kazusa/install/launcher/share/launcher/environment/path.dsv
[1.033s] -- Up-to-date: /home/kazusa/kazusa/install/launcher/share/launcher/local_setup.bash
[1.034s] -- Up-to-date: /home/kazusa/kazusa/install/launcher/share/launcher/local_setup.sh
[1.034s] -- Up-to-date: /home/kazusa/kazusa/install/launcher/share/launcher/local_setup.zsh
[1.035s] -- Up-to-date: /home/kazusa/kazusa/install/launcher/share/launcher/local_setup.dsv
[1.035s] -- Installing: /home/kazusa/kazusa/install/launcher/share/launcher/package.dsv
[1.035s] -- Up-to-date: /home/kazusa/kazusa/install/launcher/share/ament_index/resource_index/packages/launcher
[1.035s] -- Up-to-date: /home/kazusa/kazusa/install/launcher/share/launcher/cmake/launcherConfig.cmake
[1.035s] -- Up-to-date: /home/kazusa/kazusa/install/launcher/share/launcher/cmake/launcherConfig-version.cmake
[1.035s] -- Up-to-date: /home/kazusa/kazusa/install/launcher/share/launcher/package.xml
[1.106s] Invoked command in '/home/kazusa/kazusa/build/launcher' returned '0': CMAKE_PREFIX_PATH=${CMAKE_PREFIX_PATH}:/opt/ros/jazzy DEBUGINFOD_URLS=https://debuginfod.ubuntu.com /usr/bin/cmake --install /home/kazusa/kazusa/build/launcher
