[0.022s] Invoking command in '/home/kazusa/kazusa/build/controller': CMAKE_PREFIX_PATH=${CMAKE_PREFIX_PATH}:/opt/ros/humble /usr/bin/cmake /home/kazusa/kazusa/ver0/controller -DCMAKE_EXPORT_COMPILE_COMMANDS=ON -DAMENT_CMAKE_SYMLINK_INSTALL=1 -DCMAKE_INSTALL_PREFIX=/home/kazusa/kazusa/install/controller
[0.083s] -- The C compiler identification is GNU 11.4.0
[0.137s] -- The CXX compiler identification is GNU 11.4.0
[0.143s] -- Detecting C compiler ABI info
[0.221s] -- Detecting C compiler ABI info - done
[0.225s] -- Check for working C compiler: /usr/bin/cc - skipped
[0.225s] -- Detecting C compile features
[0.226s] -- Detecting C compile features - done
[0.228s] -- Detecting CXX compiler ABI info
[0.313s] -- Detecting CXX compiler ABI info - done
[0.321s] -- Check for working CXX compiler: /usr/bin/c++ - skipped
[0.321s] -- Detecting CXX compile features
[0.322s] -- Detecting CXX compile features - done
[0.326s] -- Found ament_cmake: 1.3.14 (/opt/ros/humble/share/ament_cmake/cmake)
[0.479s] -- Found Python3: /usr/bin/python3 (found version "3.10.12") found components: Interpreter 
[0.539s] -- Override CMake install command with custom implementation using symlinks instead of copying resources
[0.567s] -- Found rosidl_default_generators: 1.2.1 (/opt/ros/humble/share/rosidl_default_generators/cmake)
[0.571s] -- Using all available rosidl_typesupport_c: rosidl_typesupport_fastrtps_c;rosidl_typesupport_introspection_c
[0.577s] -- Found rosidl_adapter: 3.1.9 (/opt/ros/humble/share/rosidl_adapter/cmake)
[0.625s] -- Using all available rosidl_typesupport_cpp: rosidl_typesupport_fastrtps_cpp;rosidl_typesupport_introspection_cpp
[0.663s] -- Found std_msgs: 4.9.1 (/opt/ros/humble/share/std_msgs/cmake)
[0.683s] -- Found ament_lint_auto: 0.12.15 (/opt/ros/humble/share/ament_lint_auto/cmake)
[0.996s] -- Found ament_cmake_ros: 0.10.0 (/opt/ros/humble/share/ament_cmake_ros/cmake)
[1.210s] -- Using all available rosidl_typesupport_c: rosidl_typesupport_fastrtps_c;rosidl_typesupport_introspection_c
[1.470s] -- Using all available rosidl_typesupport_cpp: rosidl_typesupport_fastrtps_cpp;rosidl_typesupport_introspection_cpp
[1.489s] -- Found PythonInterp: /usr/bin/python3 (found suitable version "3.10.12", minimum required is "3.6") 
[1.490s] -- Found python_cmake_module: 0.10.0 (/opt/ros/humble/share/python_cmake_module/cmake)
[1.522s] -- Found PythonLibs: /usr/lib/x86_64-linux-gnu/libpython3.10.so (found suitable version "3.10.12", minimum required is "3.5") 
[1.522s] -- Using PYTHON_EXECUTABLE: /usr/bin/python3
[1.522s] -- Using PYTHON_INCLUDE_DIRS: /usr/include/python3.10
[1.522s] -- Using PYTHON_LIBRARIES: /usr/lib/x86_64-linux-gnu/libpython3.10.so
[1.545s] -- Found PythonExtra: .so  
[1.646s] -- Added test 'lint_cmake' to check CMake code style
[1.647s] -- Added test 'xmllint' to check XML markup files
[1.653s] -- Configuring done
[1.677s] -- Generating done
[1.685s] -- Build files have been written to: /home/kazusa/kazusa/build/controller
[1.698s] Invoked command in '/home/kazusa/kazusa/build/controller' returned '0': CMAKE_PREFIX_PATH=${CMAKE_PREFIX_PATH}:/opt/ros/humble /usr/bin/cmake /home/kazusa/kazusa/ver0/controller -DCMAKE_EXPORT_COMPILE_COMMANDS=ON -DAMENT_CMAKE_SYMLINK_INSTALL=1 -DCMAKE_INSTALL_PREFIX=/home/kazusa/kazusa/install/controller
[1.700s] Invoking command in '/home/kazusa/kazusa/build/controller': CMAKE_PREFIX_PATH=${CMAKE_PREFIX_PATH}:/opt/ros/humble /usr/bin/cmake --build /home/kazusa/kazusa/build/controller -- -j12 -l12
[1.757s] [  3%] [34m[1mGenerating C code for ROS interfaces[0m
[1.773s] [  6%] [34m[1mGenerating Rust code for ROS interfaces[0m
[1.782s] [  9%] [34m[1mGenerating C++ code for ROS interfaces[0m
[1.787s] [  9%] Built target ament_cmake_python_symlink_controller
[2.069s] [  9%] Built target controller__rs
[2.093s] running egg_info
[2.093s] creating controller.egg-info
[2.093s] writing controller.egg-info/PKG-INFO
[2.094s] writing dependency_links to controller.egg-info/dependency_links.txt
[2.094s] writing top-level names to controller.egg-info/top_level.txt
[2.094s] writing manifest file 'controller.egg-info/SOURCES.txt'
[2.096s] reading manifest file 'controller.egg-info/SOURCES.txt'
[2.097s] writing manifest file 'controller.egg-info/SOURCES.txt'
[2.132s] [  9%] Built target ament_cmake_python_build_controller_egg
[2.167s] [ 12%] [32mBuilding C object CMakeFiles/controller__rosidl_generator_c.dir/rosidl_generator_c/controller/msg/detail/controller__functions.c.o[0m
[2.196s] [ 12%] Built target controller__cpp
[2.207s] [ 21%] [34m[1mGenerating C++ introspection for ROS interfaces[0m
[2.207s] [ 21%] [34m[1mGenerating C++ type support dispatch for ROS interfaces[0m
[2.207s] [ 21%] [34m[1mGenerating C++ type support for eProsima Fast-RTPS[0m
[2.225s] [ 25%] [32m[1mLinking C shared library libcontroller__rosidl_generator_c.so[0m
[2.270s] [ 25%] Built target controller__rosidl_generator_c
[2.282s] [ 31%] [34m[1mGenerating C type support dispatch for ROS interfaces[0m
[2.283s] [ 31%] [34m[1mGenerating C type support for eProsima Fast-RTPS[0m
[2.283s] [ 34%] [34m[1mGenerating C introspection for ROS interfaces[0m
[2.560s] [ 37%] [32mBuilding CXX object CMakeFiles/controller__rosidl_typesupport_cpp.dir/rosidl_typesupport_cpp/controller/msg/controller__type_support.cpp.o[0m
[2.564s] [ 40%] [32mBuilding CXX object CMakeFiles/controller__rosidl_typesupport_introspection_cpp.dir/rosidl_typesupport_introspection_cpp/controller/msg/detail/controller__type_support.cpp.o[0m
[2.623s] [ 43%] [32mBuilding C object CMakeFiles/controller__rosidl_typesupport_introspection_c.dir/rosidl_typesupport_introspection_c/controller/msg/detail/controller__type_support.c.o[0m
[2.627s] [ 46%] [32mBuilding CXX object CMakeFiles/controller__rosidl_typesupport_fastrtps_cpp.dir/rosidl_typesupport_fastrtps_cpp/controller/msg/detail/dds_fastrtps/controller__type_support.cpp.o[0m
[2.631s] [ 50%] [32mBuilding CXX object CMakeFiles/controller__rosidl_typesupport_c.dir/rosidl_typesupport_c/controller/msg/controller__type_support.cpp.o[0m
[2.654s] [ 53%] [32mBuilding CXX object CMakeFiles/controller__rosidl_typesupport_fastrtps_c.dir/rosidl_typesupport_fastrtps_c/controller/msg/detail/controller__type_support_c.cpp.o[0m
[2.674s] [ 59%] [32m[1mLinking CXX shared library libcontroller__rosidl_typesupport_c.so[0m
[2.674s] [ 59%] [32m[1mLinking C shared library libcontroller__rosidl_typesupport_introspection_c.so[0m
[2.738s] [ 59%] Built target controller__rosidl_typesupport_introspection_c
[2.763s] [ 59%] Built target controller__rosidl_typesupport_c
[2.917s] [ 62%] [32m[1mLinking CXX shared library libcontroller__rosidl_typesupport_cpp.so[0m
[2.998s] [ 65%] [32m[1mLinking CXX shared library libcontroller__rosidl_typesupport_introspection_cpp.so[0m
[3.018s] [ 65%] Built target controller__rosidl_typesupport_cpp
[3.049s] [ 68%] [32m[1mLinking CXX shared library libcontroller__rosidl_typesupport_fastrtps_c.so[0m
[3.126s] [ 68%] Built target controller__rosidl_typesupport_introspection_cpp
[3.182s] [ 71%] [32m[1mLinking CXX shared library libcontroller__rosidl_typesupport_fastrtps_cpp.so[0m
[3.182s] [ 71%] Built target controller__rosidl_typesupport_fastrtps_c
[3.381s] [ 71%] Built target controller__rosidl_typesupport_fastrtps_cpp
[3.412s] [ 71%] Built target controller
[3.466s] [ 75%] [34m[1mGenerating Python code for ROS interfaces[0m
[3.960s] [ 75%] Built target controller__py
[3.978s] [ 78%] [32mBuilding C object CMakeFiles/controller__rosidl_generator_py.dir/rosidl_generator_py/controller/msg/_controller_s.c.o[0m
[4.085s] [ 81%] [32m[1mLinking C shared library rosidl_generator_py/controller/libcontroller__rosidl_generator_py.so[0m
[4.128s] [ 81%] Built target controller__rosidl_generator_py
[4.147s] [ 84%] [32mBuilding C object CMakeFiles/controller__rosidl_typesupport_c__pyext.dir/rosidl_generator_py/controller/_controller_s.ep.rosidl_typesupport_c.c.o[0m
[4.149s] [ 87%] [32mBuilding C object CMakeFiles/controller__rosidl_typesupport_fastrtps_c__pyext.dir/rosidl_generator_py/controller/_controller_s.ep.rosidl_typesupport_fastrtps_c.c.o[0m
[4.149s] [ 90%] [32mBuilding C object CMakeFiles/controller__rosidl_typesupport_introspection_c__pyext.dir/rosidl_generator_py/controller/_controller_s.ep.rosidl_typesupport_introspection_c.c.o[0m
[4.220s] [ 93%] [32m[1mLinking C shared library rosidl_generator_py/controller/controller_s__rosidl_typesupport_fastrtps_c.cpython-310-x86_64-linux-gnu.so[0m
[4.236s] [ 96%] [32m[1mLinking C shared library rosidl_generator_py/controller/controller_s__rosidl_typesupport_c.cpython-310-x86_64-linux-gnu.so[0m
[4.236s] [100%] [32m[1mLinking C shared library rosidl_generator_py/controller/controller_s__rosidl_typesupport_introspection_c.cpython-310-x86_64-linux-gnu.so[0m
[4.258s] [100%] Built target controller__rosidl_typesupport_fastrtps_c__pyext
[4.274s] [100%] Built target controller__rosidl_typesupport_c__pyext
[4.275s] [100%] Built target controller__rosidl_typesupport_introspection_c__pyext
[4.287s] Invoked command in '/home/kazusa/kazusa/build/controller' returned '0': CMAKE_PREFIX_PATH=${CMAKE_PREFIX_PATH}:/opt/ros/humble /usr/bin/cmake --build /home/kazusa/kazusa/build/controller -- -j12 -l12
[4.288s] Invoking command in '/home/kazusa/kazusa/build/controller': CMAKE_PREFIX_PATH=${CMAKE_PREFIX_PATH}:/opt/ros/humble /usr/bin/cmake --install /home/kazusa/kazusa/build/controller
[4.296s] -- Install configuration: ""
[4.296s] -- Execute custom install script
[4.297s] -- Symlinking: /home/kazusa/kazusa/install/controller/share/ament_index/resource_index/rosidl_interfaces/controller
[4.306s] -- Symlinking: /home/kazusa/kazusa/install/controller/include/controller/controller/msg/controller.h
[4.313s] -- Symlinking: /home/kazusa/kazusa/install/controller/include/controller/controller/msg/detail/controller__functions.h
[4.325s] -- Symlinking: /home/kazusa/kazusa/install/controller/include/controller/controller/msg/detail/controller__struct.h
[4.334s] -- Symlinking: /home/kazusa/kazusa/install/controller/include/controller/controller/msg/detail/controller__type_support.h
[4.343s] -- Symlinking: /home/kazusa/kazusa/install/controller/include/controller/controller/msg/rosidl_generator_c__visibility_control.h
[4.353s] -- Symlinking: /home/kazusa/kazusa/install/controller/share/controller/environment/library_path.sh
[4.360s] -- Symlinking: /home/kazusa/kazusa/install/controller/share/controller/environment/library_path.dsv
[4.370s] -- Symlinking: /home/kazusa/kazusa/install/controller/include/controller/controller/msg/detail/controller__rosidl_typesupport_fastrtps_c.h
[4.380s] -- Symlinking: /home/kazusa/kazusa/install/controller/include/controller/controller/msg/rosidl_typesupport_fastrtps_c__visibility_control.h
[4.388s] -- Symlinking: /home/kazusa/kazusa/install/controller/include/controller/controller/msg/detail/controller__rosidl_typesupport_introspection_c.h
[4.397s] -- Symlinking: /home/kazusa/kazusa/install/controller/include/controller/controller/msg/rosidl_typesupport_introspection_c__visibility_control.h
[4.407s] -- Symlinking: /home/kazusa/kazusa/install/controller/include/controller/controller/msg/controller.hpp
[4.416s] -- Symlinking: /home/kazusa/kazusa/install/controller/include/controller/controller/msg/detail/controller__builder.hpp
[4.427s] -- Symlinking: /home/kazusa/kazusa/install/controller/include/controller/controller/msg/detail/controller__struct.hpp
[4.435s] -- Symlinking: /home/kazusa/kazusa/install/controller/include/controller/controller/msg/detail/controller__traits.hpp
[4.445s] -- Symlinking: /home/kazusa/kazusa/install/controller/include/controller/controller/msg/detail/controller__type_support.hpp
[4.455s] -- Symlinking: /home/kazusa/kazusa/install/controller/include/controller/controller/msg/rosidl_generator_cpp__visibility_control.hpp
[4.465s] -- Symlinking: /home/kazusa/kazusa/install/controller/include/controller/controller/msg/detail/controller__rosidl_typesupport_fastrtps_cpp.hpp
[4.472s] -- Symlinking: /home/kazusa/kazusa/install/controller/include/controller/controller/msg/rosidl_typesupport_fastrtps_cpp__visibility_control.h
[4.482s] -- Symlinking: /home/kazusa/kazusa/install/controller/include/controller/controller/msg/detail/controller__rosidl_typesupport_introspection_cpp.hpp
[4.492s] -- Symlinking: /home/kazusa/kazusa/install/controller/share/controller/environment/pythonpath.sh
[4.502s] -- Symlinking: /home/kazusa/kazusa/install/controller/share/controller/environment/pythonpath.dsv
[4.512s] -- Symlinking: /home/kazusa/kazusa/install/controller/local/lib/python3.10/dist-packages/controller-0.0.0-py3.10.egg-info/PKG-INFO
[4.523s] -- Symlinking: /home/kazusa/kazusa/install/controller/local/lib/python3.10/dist-packages/controller-0.0.0-py3.10.egg-info/SOURCES.txt
[4.533s] -- Symlinking: /home/kazusa/kazusa/install/controller/local/lib/python3.10/dist-packages/controller-0.0.0-py3.10.egg-info/dependency_links.txt
[4.542s] -- Symlinking: /home/kazusa/kazusa/install/controller/local/lib/python3.10/dist-packages/controller-0.0.0-py3.10.egg-info/top_level.txt
[4.553s] -- Symlinking: /home/kazusa/kazusa/install/controller/local/lib/python3.10/dist-packages/controller/__init__.py
[4.563s] -- Symlinking: /home/kazusa/kazusa/install/controller/local/lib/python3.10/dist-packages/controller/_controller_s.ep.rosidl_typesupport_c.c
[4.573s] -- Symlinking: /home/kazusa/kazusa/install/controller/local/lib/python3.10/dist-packages/controller/_controller_s.ep.rosidl_typesupport_fastrtps_c.c
[4.580s] -- Symlinking: /home/kazusa/kazusa/install/controller/local/lib/python3.10/dist-packages/controller/_controller_s.ep.rosidl_typesupport_introspection_c.c
[4.589s] -- Symlinking: /home/kazusa/kazusa/install/controller/local/lib/python3.10/dist-packages/controller/controller_s__rosidl_typesupport_c.cpython-310-x86_64-linux-gnu.so
[4.599s] -- Symlinking: /home/kazusa/kazusa/install/controller/local/lib/python3.10/dist-packages/controller/controller_s__rosidl_typesupport_fastrtps_c.cpython-310-x86_64-linux-gnu.so
[4.607s] -- Symlinking: /home/kazusa/kazusa/install/controller/local/lib/python3.10/dist-packages/controller/controller_s__rosidl_typesupport_introspection_c.cpython-310-x86_64-linux-gnu.so
[4.616s] -- Symlinking: /home/kazusa/kazusa/install/controller/local/lib/python3.10/dist-packages/controller/libcontroller__rosidl_generator_py.so
[4.628s] -- Symlinking: /home/kazusa/kazusa/install/controller/local/lib/python3.10/dist-packages/controller/msg/__init__.py
[4.637s] -- Symlinking: /home/kazusa/kazusa/install/controller/local/lib/python3.10/dist-packages/controller/msg/_controller.py
[4.647s] -- Symlinking: /home/kazusa/kazusa/install/controller/local/lib/python3.10/dist-packages/controller/msg/_controller_s.c
[4.657s] -- Up-to-date symlink: /home/kazusa/kazusa/install/controller/local/lib/python3.10/dist-packages/controller/controller_s__rosidl_typesupport_fastrtps_c.cpython-310-x86_64-linux-gnu.so
[4.657s] -- Up-to-date symlink: /home/kazusa/kazusa/install/controller/local/lib/python3.10/dist-packages/controller/controller_s__rosidl_typesupport_introspection_c.cpython-310-x86_64-linux-gnu.so
[4.658s] -- Up-to-date symlink: /home/kazusa/kazusa/install/controller/local/lib/python3.10/dist-packages/controller/controller_s__rosidl_typesupport_c.cpython-310-x86_64-linux-gnu.so
[4.658s] -- Symlinking: /home/kazusa/kazusa/install/controller/share/ament_index/resource_index/rust_packages/controller
[4.668s] -- Symlinking: /home/kazusa/kazusa/install/controller/share/controller/rust/Cargo.toml
[4.675s] -- Symlinking: /home/kazusa/kazusa/install/controller/share/controller/rust/build.rs
[4.685s] -- Symlinking: /home/kazusa/kazusa/install/controller/share/controller/rust/src/lib.rs
[4.695s] -- Symlinking: /home/kazusa/kazusa/install/controller/share/controller/rust/src/msg.rs
[4.705s] -- Symlinking: /home/kazusa/kazusa/install/controller/share/controller/rust/src/msg/rmw.rs
[4.715s] -- Symlinking: /home/kazusa/kazusa/install/controller/share/controller/msg/Controller.idl
[4.727s] -- Symlinking: /home/kazusa/kazusa/install/controller/share/controller/msg/Controller.msg
[4.737s] -- Symlinking: /home/kazusa/kazusa/install/controller/share/ament_index/resource_index/package_run_dependencies/controller
[4.747s] -- Symlinking: /home/kazusa/kazusa/install/controller/share/ament_index/resource_index/parent_prefix_path/controller
[4.757s] -- Symlinking: /home/kazusa/kazusa/install/controller/share/controller/environment/ament_prefix_path.sh
[4.765s] -- Symlinking: /home/kazusa/kazusa/install/controller/share/controller/environment/ament_prefix_path.dsv
[4.775s] -- Symlinking: /home/kazusa/kazusa/install/controller/share/controller/environment/path.sh
[4.784s] -- Symlinking: /home/kazusa/kazusa/install/controller/share/controller/environment/path.dsv
[4.794s] -- Symlinking: /home/kazusa/kazusa/install/controller/share/controller/local_setup.bash
[4.802s] -- Symlinking: /home/kazusa/kazusa/install/controller/share/controller/local_setup.sh
[4.811s] -- Symlinking: /home/kazusa/kazusa/install/controller/share/controller/local_setup.zsh
[4.819s] -- Symlinking: /home/kazusa/kazusa/install/controller/share/controller/local_setup.dsv
[4.832s] -- Symlinking: /home/kazusa/kazusa/install/controller/share/controller/package.dsv
[4.842s] -- Symlinking: /home/kazusa/kazusa/install/controller/share/ament_index/resource_index/packages/controller
[4.852s] -- Symlinking: /home/kazusa/kazusa/install/controller/share/controller/cmake/rosidl_cmake-extras.cmake
[4.863s] -- Symlinking: /home/kazusa/kazusa/install/controller/share/controller/cmake/ament_cmake_export_dependencies-extras.cmake
[4.872s] -- Symlinking: /home/kazusa/kazusa/install/controller/share/controller/cmake/ament_cmake_export_include_directories-extras.cmake
[4.880s] -- Symlinking: /home/kazusa/kazusa/install/controller/share/controller/cmake/ament_cmake_export_libraries-extras.cmake
[4.886s] -- Symlinking: /home/kazusa/kazusa/install/controller/share/controller/cmake/ament_cmake_export_targets-extras.cmake
[4.895s] -- Symlinking: /home/kazusa/kazusa/install/controller/share/controller/cmake/rosidl_cmake_export_typesupport_targets-extras.cmake
[4.903s] -- Symlinking: /home/kazusa/kazusa/install/controller/share/controller/cmake/rosidl_cmake_export_typesupport_libraries-extras.cmake
[4.910s] -- Symlinking: /home/kazusa/kazusa/install/controller/share/controller/cmake/rosidl_cmake_aggregate_target-extras.cmake
[4.920s] -- Symlinking: /home/kazusa/kazusa/install/controller/share/controller/cmake/controllerConfig.cmake
[4.932s] -- Symlinking: /home/kazusa/kazusa/install/controller/share/controller/cmake/controllerConfig-version.cmake
[4.941s] -- Symlinking: /home/kazusa/kazusa/install/controller/share/controller/package.xml
[4.951s] -- Installing: /home/kazusa/kazusa/install/controller/lib/libcontroller__rosidl_generator_c.so
[4.951s] -- Set runtime path of "/home/kazusa/kazusa/install/controller/lib/libcontroller__rosidl_generator_c.so" to ""
[4.951s] -- Installing: /home/kazusa/kazusa/install/controller/lib/libcontroller__rosidl_typesupport_fastrtps_c.so
[4.952s] -- Set runtime path of "/home/kazusa/kazusa/install/controller/lib/libcontroller__rosidl_typesupport_fastrtps_c.so" to ""
[4.952s] -- Installing: /home/kazusa/kazusa/install/controller/lib/libcontroller__rosidl_typesupport_introspection_c.so
[4.953s] -- Set runtime path of "/home/kazusa/kazusa/install/controller/lib/libcontroller__rosidl_typesupport_introspection_c.so" to ""
[4.953s] -- Installing: /home/kazusa/kazusa/install/controller/lib/libcontroller__rosidl_typesupport_c.so
[4.953s] -- Set runtime path of "/home/kazusa/kazusa/install/controller/lib/libcontroller__rosidl_typesupport_c.so" to ""
[4.954s] -- Installing: /home/kazusa/kazusa/install/controller/lib/libcontroller__rosidl_typesupport_fastrtps_cpp.so
[4.954s] -- Set runtime path of "/home/kazusa/kazusa/install/controller/lib/libcontroller__rosidl_typesupport_fastrtps_cpp.so" to ""
[4.954s] -- Installing: /home/kazusa/kazusa/install/controller/lib/libcontroller__rosidl_typesupport_introspection_cpp.so
[4.955s] -- Set runtime path of "/home/kazusa/kazusa/install/controller/lib/libcontroller__rosidl_typesupport_introspection_cpp.so" to ""
[4.955s] -- Installing: /home/kazusa/kazusa/install/controller/lib/libcontroller__rosidl_typesupport_cpp.so
[4.956s] -- Set runtime path of "/home/kazusa/kazusa/install/controller/lib/libcontroller__rosidl_typesupport_cpp.so" to ""
[4.983s] Listing '/home/kazusa/kazusa/install/controller/local/lib/python3.10/dist-packages/controller'...
[4.983s] Compiling '/home/kazusa/kazusa/install/controller/local/lib/python3.10/dist-packages/controller/__init__.py'...
[4.983s] Listing '/home/kazusa/kazusa/install/controller/local/lib/python3.10/dist-packages/controller/msg'...
[4.983s] Compiling '/home/kazusa/kazusa/install/controller/local/lib/python3.10/dist-packages/controller/msg/__init__.py'...
[4.983s] Compiling '/home/kazusa/kazusa/install/controller/local/lib/python3.10/dist-packages/controller/msg/_controller.py'...
[4.986s] -- Installing: /home/kazusa/kazusa/install/controller/lib/libcontroller__rosidl_generator_py.so
[4.986s] -- Set runtime path of "/home/kazusa/kazusa/install/controller/lib/libcontroller__rosidl_generator_py.so" to ""
[4.987s] -- Installing: /home/kazusa/kazusa/install/controller/share/controller/cmake/export_controller__rosidl_generator_cExport.cmake
[4.987s] -- Installing: /home/kazusa/kazusa/install/controller/share/controller/cmake/export_controller__rosidl_generator_cExport-noconfig.cmake
[4.987s] -- Installing: /home/kazusa/kazusa/install/controller/share/controller/cmake/export_controller__rosidl_typesupport_fastrtps_cExport.cmake
[4.987s] -- Installing: /home/kazusa/kazusa/install/controller/share/controller/cmake/export_controller__rosidl_typesupport_fastrtps_cExport-noconfig.cmake
[4.987s] -- Installing: /home/kazusa/kazusa/install/controller/share/controller/cmake/controller__rosidl_typesupport_introspection_cExport.cmake
[4.987s] -- Installing: /home/kazusa/kazusa/install/controller/share/controller/cmake/controller__rosidl_typesupport_introspection_cExport-noconfig.cmake
[4.987s] -- Installing: /home/kazusa/kazusa/install/controller/share/controller/cmake/controller__rosidl_typesupport_cExport.cmake
[4.988s] -- Installing: /home/kazusa/kazusa/install/controller/share/controller/cmake/controller__rosidl_typesupport_cExport-noconfig.cmake
[4.988s] -- Installing: /home/kazusa/kazusa/install/controller/share/controller/cmake/export_controller__rosidl_generator_cppExport.cmake
[4.988s] -- Installing: /home/kazusa/kazusa/install/controller/share/controller/cmake/export_controller__rosidl_typesupport_fastrtps_cppExport.cmake
[4.988s] -- Installing: /home/kazusa/kazusa/install/controller/share/controller/cmake/export_controller__rosidl_typesupport_fastrtps_cppExport-noconfig.cmake
[4.988s] -- Installing: /home/kazusa/kazusa/install/controller/share/controller/cmake/controller__rosidl_typesupport_introspection_cppExport.cmake
[4.988s] -- Installing: /home/kazusa/kazusa/install/controller/share/controller/cmake/controller__rosidl_typesupport_introspection_cppExport-noconfig.cmake
[4.989s] -- Installing: /home/kazusa/kazusa/install/controller/share/controller/cmake/controller__rosidl_typesupport_cppExport.cmake
[4.989s] -- Installing: /home/kazusa/kazusa/install/controller/share/controller/cmake/controller__rosidl_typesupport_cppExport-noconfig.cmake
[4.989s] -- Installing: /home/kazusa/kazusa/install/controller/share/controller/cmake/export_controller__rosidl_generator_pyExport.cmake
[4.989s] -- Installing: /home/kazusa/kazusa/install/controller/share/controller/cmake/export_controller__rosidl_generator_pyExport-noconfig.cmake
[4.992s] Invoked command in '/home/kazusa/kazusa/build/controller' returned '0': CMAKE_PREFIX_PATH=${CMAKE_PREFIX_PATH}:/opt/ros/humble /usr/bin/cmake --install /home/kazusa/kazusa/build/controller
