-- Found ament_cmake: 1.3.14 (/opt/ros/humble/share/ament_cmake/cmake)
-- Override CMake install command with custom implementation using symlinks instead of copying resources
-- Found rosidl_default_generators: 1.2.1 (/opt/ros/humble/share/rosidl_default_generators/cmake)
-- Using all available rosidl_typesupport_c: rosidl_typesupport_fastrtps_c;rosidl_typesupport_introspection_c
-- Found rosidl_adapter: 3.1.9 (/opt/ros/humble/share/rosidl_adapter/cmake)
-- Using all available rosidl_typesupport_cpp: rosidl_typesupport_fastrtps_cpp;rosidl_typesupport_introspection_cpp
-- Found std_msgs: 4.9.1 (/opt/ros/humble/share/std_msgs/cmake)
-- Found ament_lint_auto: 0.12.15 (/opt/ros/humble/share/ament_lint_auto/cmake)
-- Found ament_cmake_ros: 0.10.0 (/opt/ros/humble/share/ament_cmake_ros/cmake)
-- Using all available rosidl_typesupport_c: rosidl_typesupport_fastrtps_c;rosidl_typesupport_introspection_c
-- Using all available rosidl_typesupport_cpp: rosidl_typesupport_fastrtps_cpp;rosidl_typesupport_introspection_cpp
-- Found PythonInterp: /usr/bin/python3 (found suitable version "3.10.12", minimum required is "3.6") 
-- Found python_cmake_module: 0.10.0 (/opt/ros/humble/share/python_cmake_module/cmake)
-- Found PythonLibs: /usr/lib/x86_64-linux-gnu/libpython3.10.so (found suitable version "3.10.12", minimum required is "3.5") 
-- Using PYTHON_EXECUTABLE: /usr/bin/python3
-- Using PYTHON_INCLUDE_DIRS: /usr/include/python3.10
-- Using PYTHON_LIBRARIES: /usr/lib/x86_64-linux-gnu/libpython3.10.so
-- Found PythonExtra: .so  
-- Added test 'lint_cmake' to check CMake code style
-- Added test 'xmllint' to check XML markup files
-- Configuring done
-- Generating done
-- Build files have been written to: /home/kazusa/kazusa/build/controller
[  3%] [34m[1mGenerating C code for ROS interfaces[0m
[  6%] [34m[1mGenerating C++ code for ROS interfaces[0m
[  9%] [34m[1mGenerating Rust code for ROS interfaces[0m
[  9%] Built target ament_cmake_python_symlink_controller
running egg_info
creating controller.egg-info
writing controller.egg-info/PKG-INFO
writing dependency_links to controller.egg-info/dependency_links.txt
writing top-level names to controller.egg-info/top_level.txt
writing manifest file 'controller.egg-info/SOURCES.txt'
reading manifest file 'controller.egg-info/SOURCES.txt'
writing manifest file 'controller.egg-info/SOURCES.txt'
[  9%] Built target ament_cmake_python_build_controller_egg
[  9%] Built target controller__cpp
[ 12%] [34m[1mGenerating C++ type support dispatch for ROS interfaces[0m
[ 15%] [34m[1mGenerating C++ type support for eProsima Fast-RTPS[0m
[ 18%] [34m[1mGenerating C++ introspection for ROS interfaces[0m
[ 18%] Built target controller__rs
[ 21%] [32mBuilding C object CMakeFiles/controller__rosidl_generator_c.dir/rosidl_generator_c/controller/msg/detail/controller__functions.c.o[0m
[ 25%] [32m[1mLinking C shared library libcontroller__rosidl_generator_c.so[0m
[ 28%] [32mBuilding CXX object CMakeFiles/controller__rosidl_typesupport_cpp.dir/rosidl_typesupport_cpp/controller/msg/controller__type_support.cpp.o[0m
[ 31%] Built target controller__rosidl_generator_c
[ 31%] [32mBuilding CXX object CMakeFiles/controller__rosidl_typesupport_introspection_cpp.dir/rosidl_typesupport_introspection_cpp/controller/msg/detail/controller__type_support.cpp.o[0m
[ 34%] [34m[1mGenerating C introspection for ROS interfaces[0m
[ 37%] [34m[1mGenerating C type support dispatch for ROS interfaces[0m
[ 40%] [34m[1mGenerating C type support for eProsima Fast-RTPS[0m
[ 43%] [32mBuilding CXX object CMakeFiles/controller__rosidl_typesupport_fastrtps_cpp.dir/rosidl_typesupport_fastrtps_cpp/controller/msg/detail/dds_fastrtps/controller__type_support.cpp.o[0m
[ 46%] [32mBuilding C object CMakeFiles/controller__rosidl_typesupport_introspection_c.dir/rosidl_typesupport_introspection_c/controller/msg/detail/controller__type_support.c.o[0m
[ 50%] [32m[1mLinking CXX shared library libcontroller__rosidl_typesupport_cpp.so[0m
[ 53%] [32m[1mLinking C shared library libcontroller__rosidl_typesupport_introspection_c.so[0m
[ 53%] Built target controller__rosidl_typesupport_introspection_c
[ 53%] Built target controller__rosidl_typesupport_cpp
[ 56%] [32mBuilding CXX object CMakeFiles/controller__rosidl_typesupport_fastrtps_c.dir/rosidl_typesupport_fastrtps_c/controller/msg/detail/controller__type_support_c.cpp.o[0m
[ 59%] [32mBuilding CXX object CMakeFiles/controller__rosidl_typesupport_c.dir/rosidl_typesupport_c/controller/msg/controller__type_support.cpp.o[0m
[ 62%] [32m[1mLinking CXX shared library libcontroller__rosidl_typesupport_introspection_cpp.so[0m
[ 65%] [32m[1mLinking CXX shared library libcontroller__rosidl_typesupport_c.so[0m
[ 65%] Built target controller__rosidl_typesupport_c
[ 65%] Built target controller__rosidl_typesupport_introspection_cpp
[ 68%] [32m[1mLinking CXX shared library libcontroller__rosidl_typesupport_fastrtps_cpp.so[0m
[ 68%] Built target controller__rosidl_typesupport_fastrtps_cpp
[ 71%] [32m[1mLinking CXX shared library libcontroller__rosidl_typesupport_fastrtps_c.so[0m
[ 71%] Built target controller__rosidl_typesupport_fastrtps_c
[ 71%] Built target controller
[ 75%] [34m[1mGenerating Python code for ROS interfaces[0m
[ 75%] Built target controller__py
[ 78%] [32mBuilding C object CMakeFiles/controller__rosidl_generator_py.dir/rosidl_generator_py/controller/msg/_controller_s.c.o[0m
[ 81%] [32m[1mLinking C shared library rosidl_generator_py/controller/libcontroller__rosidl_generator_py.so[0m
[ 81%] Built target controller__rosidl_generator_py
[ 87%] [32mBuilding C object CMakeFiles/controller__rosidl_typesupport_fastrtps_c__pyext.dir/rosidl_generator_py/controller/_controller_s.ep.rosidl_typesupport_fastrtps_c.c.o[0m
[ 87%] [32mBuilding C object CMakeFiles/controller__rosidl_typesupport_introspection_c__pyext.dir/rosidl_generator_py/controller/_controller_s.ep.rosidl_typesupport_introspection_c.c.o[0m
[ 90%] [32mBuilding C object CMakeFiles/controller__rosidl_typesupport_c__pyext.dir/rosidl_generator_py/controller/_controller_s.ep.rosidl_typesupport_c.c.o[0m
[ 93%] [32m[1mLinking C shared library rosidl_generator_py/controller/controller_s__rosidl_typesupport_c.cpython-310-x86_64-linux-gnu.so[0m
[ 96%] [32m[1mLinking C shared library rosidl_generator_py/controller/controller_s__rosidl_typesupport_fastrtps_c.cpython-310-x86_64-linux-gnu.so[0m
[100%] [32m[1mLinking C shared library rosidl_generator_py/controller/controller_s__rosidl_typesupport_introspection_c.cpython-310-x86_64-linux-gnu.so[0m
[100%] Built target controller__rosidl_typesupport_c__pyext
[100%] Built target controller__rosidl_typesupport_fastrtps_c__pyext
[100%] Built target controller__rosidl_typesupport_introspection_c__pyext
-- Install configuration: ""
-- Execute custom install script
-- Symlinking: /home/kazusa/kazusa/install/controller/share/ament_index/resource_index/rosidl_interfaces/controller
-- Symlinking: /home/kazusa/kazusa/install/controller/include/controller/controller/msg/controller.h
-- Symlinking: /home/kazusa/kazusa/install/controller/include/controller/controller/msg/detail/controller__functions.h
-- Symlinking: /home/kazusa/kazusa/install/controller/include/controller/controller/msg/detail/controller__struct.h
-- Symlinking: /home/kazusa/kazusa/install/controller/include/controller/controller/msg/detail/controller__type_support.h
-- Symlinking: /home/kazusa/kazusa/install/controller/include/controller/controller/msg/rosidl_generator_c__visibility_control.h
-- Symlinking: /home/kazusa/kazusa/install/controller/share/controller/environment/library_path.sh
-- Symlinking: /home/kazusa/kazusa/install/controller/share/controller/environment/library_path.dsv
-- Symlinking: /home/kazusa/kazusa/install/controller/include/controller/controller/msg/detail/controller__rosidl_typesupport_fastrtps_c.h
-- Symlinking: /home/kazusa/kazusa/install/controller/include/controller/controller/msg/rosidl_typesupport_fastrtps_c__visibility_control.h
-- Symlinking: /home/kazusa/kazusa/install/controller/include/controller/controller/msg/detail/controller__rosidl_typesupport_introspection_c.h
-- Symlinking: /home/kazusa/kazusa/install/controller/include/controller/controller/msg/rosidl_typesupport_introspection_c__visibility_control.h
-- Symlinking: /home/kazusa/kazusa/install/controller/include/controller/controller/msg/controller.hpp
-- Symlinking: /home/kazusa/kazusa/install/controller/include/controller/controller/msg/detail/controller__builder.hpp
-- Symlinking: /home/kazusa/kazusa/install/controller/include/controller/controller/msg/detail/controller__struct.hpp
-- Symlinking: /home/kazusa/kazusa/install/controller/include/controller/controller/msg/detail/controller__traits.hpp
-- Symlinking: /home/kazusa/kazusa/install/controller/include/controller/controller/msg/detail/controller__type_support.hpp
-- Symlinking: /home/kazusa/kazusa/install/controller/include/controller/controller/msg/rosidl_generator_cpp__visibility_control.hpp
-- Symlinking: /home/kazusa/kazusa/install/controller/include/controller/controller/msg/detail/controller__rosidl_typesupport_fastrtps_cpp.hpp
-- Symlinking: /home/kazusa/kazusa/install/controller/include/controller/controller/msg/rosidl_typesupport_fastrtps_cpp__visibility_control.h
-- Symlinking: /home/kazusa/kazusa/install/controller/include/controller/controller/msg/detail/controller__rosidl_typesupport_introspection_cpp.hpp
-- Symlinking: /home/kazusa/kazusa/install/controller/share/controller/environment/pythonpath.sh
-- Symlinking: /home/kazusa/kazusa/install/controller/share/controller/environment/pythonpath.dsv
-- Symlinking: /home/kazusa/kazusa/install/controller/local/lib/python3.10/dist-packages/controller-0.0.0-py3.10.egg-info/PKG-INFO
-- Symlinking: /home/kazusa/kazusa/install/controller/local/lib/python3.10/dist-packages/controller-0.0.0-py3.10.egg-info/SOURCES.txt
-- Symlinking: /home/kazusa/kazusa/install/controller/local/lib/python3.10/dist-packages/controller-0.0.0-py3.10.egg-info/dependency_links.txt
-- Symlinking: /home/kazusa/kazusa/install/controller/local/lib/python3.10/dist-packages/controller-0.0.0-py3.10.egg-info/top_level.txt
-- Symlinking: /home/kazusa/kazusa/install/controller/local/lib/python3.10/dist-packages/controller/__init__.py
-- Symlinking: /home/kazusa/kazusa/install/controller/local/lib/python3.10/dist-packages/controller/_controller_s.ep.rosidl_typesupport_c.c
-- Symlinking: /home/kazusa/kazusa/install/controller/local/lib/python3.10/dist-packages/controller/_controller_s.ep.rosidl_typesupport_fastrtps_c.c
-- Symlinking: /home/kazusa/kazusa/install/controller/local/lib/python3.10/dist-packages/controller/_controller_s.ep.rosidl_typesupport_introspection_c.c
-- Symlinking: /home/kazusa/kazusa/install/controller/local/lib/python3.10/dist-packages/controller/controller_s__rosidl_typesupport_c.cpython-310-x86_64-linux-gnu.so
-- Symlinking: /home/kazusa/kazusa/install/controller/local/lib/python3.10/dist-packages/controller/controller_s__rosidl_typesupport_fastrtps_c.cpython-310-x86_64-linux-gnu.so
-- Symlinking: /home/kazusa/kazusa/install/controller/local/lib/python3.10/dist-packages/controller/controller_s__rosidl_typesupport_introspection_c.cpython-310-x86_64-linux-gnu.so
-- Symlinking: /home/kazusa/kazusa/install/controller/local/lib/python3.10/dist-packages/controller/libcontroller__rosidl_generator_py.so
-- Symlinking: /home/kazusa/kazusa/install/controller/local/lib/python3.10/dist-packages/controller/msg/__init__.py
-- Symlinking: /home/kazusa/kazusa/install/controller/local/lib/python3.10/dist-packages/controller/msg/_controller.py
-- Symlinking: /home/kazusa/kazusa/install/controller/local/lib/python3.10/dist-packages/controller/msg/_controller_s.c
-- Up-to-date symlink: /home/kazusa/kazusa/install/controller/local/lib/python3.10/dist-packages/controller/controller_s__rosidl_typesupport_fastrtps_c.cpython-310-x86_64-linux-gnu.so
-- Up-to-date symlink: /home/kazusa/kazusa/install/controller/local/lib/python3.10/dist-packages/controller/controller_s__rosidl_typesupport_introspection_c.cpython-310-x86_64-linux-gnu.so
-- Up-to-date symlink: /home/kazusa/kazusa/install/controller/local/lib/python3.10/dist-packages/controller/controller_s__rosidl_typesupport_c.cpython-310-x86_64-linux-gnu.so
-- Symlinking: /home/kazusa/kazusa/install/controller/share/ament_index/resource_index/rust_packages/controller
-- Symlinking: /home/kazusa/kazusa/install/controller/share/controller/rust/Cargo.toml
-- Symlinking: /home/kazusa/kazusa/install/controller/share/controller/rust/build.rs
-- Symlinking: /home/kazusa/kazusa/install/controller/share/controller/rust/src/lib.rs
-- Symlinking: /home/kazusa/kazusa/install/controller/share/controller/rust/src/msg.rs
-- Symlinking: /home/kazusa/kazusa/install/controller/share/controller/rust/src/msg/rmw.rs
-- Symlinking: /home/kazusa/kazusa/install/controller/share/controller/msg/Controller.idl
-- Symlinking: /home/kazusa/kazusa/install/controller/share/controller/msg/Controller.msg
-- Symlinking: /home/kazusa/kazusa/install/controller/share/ament_index/resource_index/package_run_dependencies/controller
-- Symlinking: /home/kazusa/kazusa/install/controller/share/ament_index/resource_index/parent_prefix_path/controller
-- Symlinking: /home/kazusa/kazusa/install/controller/share/controller/environment/ament_prefix_path.sh
-- Symlinking: /home/kazusa/kazusa/install/controller/share/controller/environment/ament_prefix_path.dsv
-- Symlinking: /home/kazusa/kazusa/install/controller/share/controller/environment/path.sh
-- Symlinking: /home/kazusa/kazusa/install/controller/share/controller/environment/path.dsv
-- Symlinking: /home/kazusa/kazusa/install/controller/share/controller/local_setup.bash
-- Symlinking: /home/kazusa/kazusa/install/controller/share/controller/local_setup.sh
-- Symlinking: /home/kazusa/kazusa/install/controller/share/controller/local_setup.zsh
-- Symlinking: /home/kazusa/kazusa/install/controller/share/controller/local_setup.dsv
-- Symlinking: /home/kazusa/kazusa/install/controller/share/controller/package.dsv
-- Symlinking: /home/kazusa/kazusa/install/controller/share/ament_index/resource_index/packages/controller
-- Symlinking: /home/kazusa/kazusa/install/controller/share/controller/cmake/rosidl_cmake-extras.cmake
-- Symlinking: /home/kazusa/kazusa/install/controller/share/controller/cmake/ament_cmake_export_dependencies-extras.cmake
-- Symlinking: /home/kazusa/kazusa/install/controller/share/controller/cmake/ament_cmake_export_include_directories-extras.cmake
-- Symlinking: /home/kazusa/kazusa/install/controller/share/controller/cmake/ament_cmake_export_libraries-extras.cmake
-- Symlinking: /home/kazusa/kazusa/install/controller/share/controller/cmake/ament_cmake_export_targets-extras.cmake
-- Symlinking: /home/kazusa/kazusa/install/controller/share/controller/cmake/rosidl_cmake_export_typesupport_targets-extras.cmake
-- Symlinking: /home/kazusa/kazusa/install/controller/share/controller/cmake/rosidl_cmake_export_typesupport_libraries-extras.cmake
-- Symlinking: /home/kazusa/kazusa/install/controller/share/controller/cmake/rosidl_cmake_aggregate_target-extras.cmake
-- Symlinking: /home/kazusa/kazusa/install/controller/share/controller/cmake/controllerConfig.cmake
-- Symlinking: /home/kazusa/kazusa/install/controller/share/controller/cmake/controllerConfig-version.cmake
-- Symlinking: /home/kazusa/kazusa/install/controller/share/controller/package.xml
-- Installing: /home/kazusa/kazusa/install/controller/lib/libcontroller__rosidl_generator_c.so
-- Set runtime path of "/home/kazusa/kazusa/install/controller/lib/libcontroller__rosidl_generator_c.so" to ""
-- Installing: /home/kazusa/kazusa/install/controller/lib/libcontroller__rosidl_typesupport_fastrtps_c.so
-- Set runtime path of "/home/kazusa/kazusa/install/controller/lib/libcontroller__rosidl_typesupport_fastrtps_c.so" to ""
-- Installing: /home/kazusa/kazusa/install/controller/lib/libcontroller__rosidl_typesupport_introspection_c.so
-- Set runtime path of "/home/kazusa/kazusa/install/controller/lib/libcontroller__rosidl_typesupport_introspection_c.so" to ""
-- Installing: /home/kazusa/kazusa/install/controller/lib/libcontroller__rosidl_typesupport_c.so
-- Set runtime path of "/home/kazusa/kazusa/install/controller/lib/libcontroller__rosidl_typesupport_c.so" to ""
-- Installing: /home/kazusa/kazusa/install/controller/lib/libcontroller__rosidl_typesupport_fastrtps_cpp.so
-- Set runtime path of "/home/kazusa/kazusa/install/controller/lib/libcontroller__rosidl_typesupport_fastrtps_cpp.so" to ""
-- Installing: /home/kazusa/kazusa/install/controller/lib/libcontroller__rosidl_typesupport_introspection_cpp.so
-- Set runtime path of "/home/kazusa/kazusa/install/controller/lib/libcontroller__rosidl_typesupport_introspection_cpp.so" to ""
-- Installing: /home/kazusa/kazusa/install/controller/lib/libcontroller__rosidl_typesupport_cpp.so
-- Set runtime path of "/home/kazusa/kazusa/install/controller/lib/libcontroller__rosidl_typesupport_cpp.so" to ""
Listing '/home/kazusa/kazusa/install/controller/local/lib/python3.10/dist-packages/controller'...
Compiling '/home/kazusa/kazusa/install/controller/local/lib/python3.10/dist-packages/controller/__init__.py'...
Listing '/home/kazusa/kazusa/install/controller/local/lib/python3.10/dist-packages/controller/msg'...
Compiling '/home/kazusa/kazusa/install/controller/local/lib/python3.10/dist-packages/controller/msg/__init__.py'...
Compiling '/home/kazusa/kazusa/install/controller/local/lib/python3.10/dist-packages/controller/msg/_controller.py'...
-- Installing: /home/kazusa/kazusa/install/controller/lib/libcontroller__rosidl_generator_py.so
-- Set runtime path of "/home/kazusa/kazusa/install/controller/lib/libcontroller__rosidl_generator_py.so" to ""
-- Installing: /home/kazusa/kazusa/install/controller/share/controller/cmake/export_controller__rosidl_generator_cExport.cmake
-- Installing: /home/kazusa/kazusa/install/controller/share/controller/cmake/export_controller__rosidl_generator_cExport-noconfig.cmake
-- Installing: /home/kazusa/kazusa/install/controller/share/controller/cmake/export_controller__rosidl_typesupport_fastrtps_cExport.cmake
-- Installing: /home/kazusa/kazusa/install/controller/share/controller/cmake/export_controller__rosidl_typesupport_fastrtps_cExport-noconfig.cmake
-- Installing: /home/kazusa/kazusa/install/controller/share/controller/cmake/controller__rosidl_typesupport_introspection_cExport.cmake
-- Installing: /home/kazusa/kazusa/install/controller/share/controller/cmake/controller__rosidl_typesupport_introspection_cExport-noconfig.cmake
-- Installing: /home/kazusa/kazusa/install/controller/share/controller/cmake/controller__rosidl_typesupport_cExport.cmake
-- Installing: /home/kazusa/kazusa/install/controller/share/controller/cmake/controller__rosidl_typesupport_cExport-noconfig.cmake
-- Installing: /home/kazusa/kazusa/install/controller/share/controller/cmake/export_controller__rosidl_generator_cppExport.cmake
-- Installing: /home/kazusa/kazusa/install/controller/share/controller/cmake/export_controller__rosidl_typesupport_fastrtps_cppExport.cmake
-- Installing: /home/kazusa/kazusa/install/controller/share/controller/cmake/export_controller__rosidl_typesupport_fastrtps_cppExport-noconfig.cmake
-- Installing: /home/kazusa/kazusa/install/controller/share/controller/cmake/controller__rosidl_typesupport_introspection_cppExport.cmake
-- Installing: /home/kazusa/kazusa/install/controller/share/controller/cmake/controller__rosidl_typesupport_introspection_cppExport-noconfig.cmake
-- Installing: /home/kazusa/kazusa/install/controller/share/controller/cmake/controller__rosidl_typesupport_cppExport.cmake
-- Installing: /home/kazusa/kazusa/install/controller/share/controller/cmake/controller__rosidl_typesupport_cppExport-noconfig.cmake
-- Installing: /home/kazusa/kazusa/install/controller/share/controller/cmake/export_controller__rosidl_generator_pyExport.cmake
-- Installing: /home/kazusa/kazusa/install/controller/share/controller/cmake/export_controller__rosidl_generator_pyExport-noconfig.cmake
