[0.019s] Invoking command in '/home/kazusa/kazusa/build/controller': CMAKE_PREFIX_PATH=${CMAKE_PREFIX_PATH}:/opt/ros/humble /usr/bin/cmake /home/kazusa/kazusa/ver0/controller -DCMAKE_EXPORT_COMPILE_COMMANDS=ON -DAMENT_CMAKE_SYMLINK_INSTALL=1 -DCMAKE_INSTALL_PREFIX=/home/kazusa/kazusa/install/controller
[0.042s] -- Found ament_cmake: 1.3.14 (/opt/ros/humble/share/ament_cmake/cmake)
[0.169s] -- Override CMake install command with custom implementation using symlinks instead of copying resources
[0.177s] -- Found rosidl_default_generators: 1.2.1 (/opt/ros/humble/share/rosidl_default_generators/cmake)
[0.178s] -- Using all available rosidl_typesupport_c: rosidl_typesupport_fastrtps_c;rosidl_typesupport_introspection_c
[0.181s] -- Found rosidl_adapter: 3.1.9 (/opt/ros/humble/share/rosidl_adapter/cmake)
[0.211s] -- Using all available rosidl_typesupport_cpp: rosidl_typesupport_fastrtps_cpp;rosidl_typesupport_introspection_cpp
[0.236s] -- Found std_msgs: 4.9.1 (/opt/ros/humble/share/std_msgs/cmake)
[0.255s] -- Found ament_lint_auto: 0.12.15 (/opt/ros/humble/share/ament_lint_auto/cmake)
[0.574s] -- Found ament_cmake_ros: 0.10.0 (/opt/ros/humble/share/ament_cmake_ros/cmake)
[0.828s] -- Using all available rosidl_typesupport_c: rosidl_typesupport_fastrtps_c;rosidl_typesupport_introspection_c
[1.193s] -- Using all available rosidl_typesupport_cpp: rosidl_typesupport_fastrtps_cpp;rosidl_typesupport_introspection_cpp
[1.227s] -- Found PythonInterp: /usr/bin/python3 (found suitable version "3.10.12", minimum required is "3.6") 
[1.230s] -- Found python_cmake_module: 0.10.0 (/opt/ros/humble/share/python_cmake_module/cmake)
[1.268s] -- Found PythonLibs: /usr/lib/x86_64-linux-gnu/libpython3.10.so (found suitable version "3.10.12", minimum required is "3.5") 
[1.268s] -- Using PYTHON_EXECUTABLE: /usr/bin/python3
[1.268s] -- Using PYTHON_INCLUDE_DIRS: /usr/include/python3.10
[1.269s] -- Using PYTHON_LIBRARIES: /usr/lib/x86_64-linux-gnu/libpython3.10.so
[1.298s] -- Found PythonExtra: .so  
[1.496s] -- Added test 'lint_cmake' to check CMake code style
[1.497s] -- Added test 'xmllint' to check XML markup files
[1.509s] -- Configuring done
[1.586s] -- Generating done
[1.605s] -- Build files have been written to: /home/kazusa/kazusa/build/controller
[1.638s] Invoked command in '/home/kazusa/kazusa/build/controller' returned '0': CMAKE_PREFIX_PATH=${CMAKE_PREFIX_PATH}:/opt/ros/humble /usr/bin/cmake /home/kazusa/kazusa/ver0/controller -DCMAKE_EXPORT_COMPILE_COMMANDS=ON -DAMENT_CMAKE_SYMLINK_INSTALL=1 -DCMAKE_INSTALL_PREFIX=/home/kazusa/kazusa/install/controller
[1.641s] Invoking command in '/home/kazusa/kazusa/build/controller': CMAKE_PREFIX_PATH=${CMAKE_PREFIX_PATH}:/opt/ros/humble /usr/bin/cmake --build /home/kazusa/kazusa/build/controller -- -j12 -l12
[1.802s] [  3%] [34m[1mGenerating C code for ROS interfaces[0m
[1.821s] [  6%] [34m[1mGenerating C++ code for ROS interfaces[0m
[1.844s] [  9%] [34m[1mGenerating Rust code for ROS interfaces[0m
[1.875s] [  9%] Built target ament_cmake_python_symlink_controller
[2.145s] running egg_info
[2.146s] creating controller.egg-info
[2.147s] writing controller.egg-info/PKG-INFO
[2.147s] writing dependency_links to controller.egg-info/dependency_links.txt
[2.148s] writing top-level names to controller.egg-info/top_level.txt
[2.148s] writing manifest file 'controller.egg-info/SOURCES.txt'
[2.149s] reading manifest file 'controller.egg-info/SOURCES.txt'
[2.149s] writing manifest file 'controller.egg-info/SOURCES.txt'
[2.222s] [  9%] Built target ament_cmake_python_build_controller_egg
[2.229s] [  9%] Built target controller__cpp
[2.243s] [ 12%] [34m[1mGenerating C++ type support dispatch for ROS interfaces[0m
[2.244s] [ 15%] [34m[1mGenerating C++ type support for eProsima Fast-RTPS[0m
[2.252s] [ 18%] [34m[1mGenerating C++ introspection for ROS interfaces[0m
[2.360s] [ 18%] Built target controller__rs
[2.387s] [ 21%] [32mBuilding C object CMakeFiles/controller__rosidl_generator_c.dir/rosidl_generator_c/controller/msg/detail/controller__functions.c.o[0m
[2.454s] [ 25%] [32m[1mLinking C shared library libcontroller__rosidl_generator_c.so[0m
[2.507s] [ 28%] [32mBuilding CXX object CMakeFiles/controller__rosidl_typesupport_cpp.dir/rosidl_typesupport_cpp/controller/msg/controller__type_support.cpp.o[0m
[2.508s] [ 31%] Built target controller__rosidl_generator_c
[2.508s] [ 31%] [32mBuilding CXX object CMakeFiles/controller__rosidl_typesupport_introspection_cpp.dir/rosidl_typesupport_introspection_cpp/controller/msg/detail/controller__type_support.cpp.o[0m
[2.519s] [ 34%] [34m[1mGenerating C introspection for ROS interfaces[0m
[2.521s] [ 37%] [34m[1mGenerating C type support dispatch for ROS interfaces[0m
[2.521s] [ 40%] [34m[1mGenerating C type support for eProsima Fast-RTPS[0m
[2.589s] [ 43%] [32mBuilding CXX object CMakeFiles/controller__rosidl_typesupport_fastrtps_cpp.dir/rosidl_typesupport_fastrtps_cpp/controller/msg/detail/dds_fastrtps/controller__type_support.cpp.o[0m
[2.785s] [ 46%] [32mBuilding C object CMakeFiles/controller__rosidl_typesupport_introspection_c.dir/rosidl_typesupport_introspection_c/controller/msg/detail/controller__type_support.c.o[0m
[2.806s] [ 50%] [32m[1mLinking CXX shared library libcontroller__rosidl_typesupport_cpp.so[0m
[2.815s] [ 53%] [32m[1mLinking C shared library libcontroller__rosidl_typesupport_introspection_c.so[0m
[2.853s] [ 53%] Built target controller__rosidl_typesupport_introspection_c
[2.853s] [ 53%] Built target controller__rosidl_typesupport_cpp
[2.863s] [ 56%] [32mBuilding CXX object CMakeFiles/controller__rosidl_typesupport_fastrtps_c.dir/rosidl_typesupport_fastrtps_c/controller/msg/detail/controller__type_support_c.cpp.o[0m
[2.903s] [ 59%] [32mBuilding CXX object CMakeFiles/controller__rosidl_typesupport_c.dir/rosidl_typesupport_c/controller/msg/controller__type_support.cpp.o[0m
[2.909s] [ 62%] [32m[1mLinking CXX shared library libcontroller__rosidl_typesupport_introspection_cpp.so[0m
[2.927s] [ 65%] [32m[1mLinking CXX shared library libcontroller__rosidl_typesupport_c.so[0m
[2.964s] [ 65%] Built target controller__rosidl_typesupport_c
[2.971s] [ 65%] Built target controller__rosidl_typesupport_introspection_cpp
[2.990s] [ 68%] [32m[1mLinking CXX shared library libcontroller__rosidl_typesupport_fastrtps_cpp.so[0m
[3.078s] [ 68%] Built target controller__rosidl_typesupport_fastrtps_cpp
[3.091s] [ 71%] [32m[1mLinking CXX shared library libcontroller__rosidl_typesupport_fastrtps_c.so[0m
[3.183s] [ 71%] Built target controller__rosidl_typesupport_fastrtps_c
[3.206s] [ 71%] Built target controller
[3.230s] [ 75%] [34m[1mGenerating Python code for ROS interfaces[0m
[3.511s] [ 75%] Built target controller__py
[3.539s] [ 78%] [32mBuilding C object CMakeFiles/controller__rosidl_generator_py.dir/rosidl_generator_py/controller/msg/_controller_s.c.o[0m
[3.645s] [ 81%] [32m[1mLinking C shared library rosidl_generator_py/controller/libcontroller__rosidl_generator_py.so[0m
[3.689s] [ 81%] Built target controller__rosidl_generator_py
[3.708s] [ 87%] [32mBuilding C object CMakeFiles/controller__rosidl_typesupport_fastrtps_c__pyext.dir/rosidl_generator_py/controller/_controller_s.ep.rosidl_typesupport_fastrtps_c.c.o[0m
[3.709s] [ 87%] [32mBuilding C object CMakeFiles/controller__rosidl_typesupport_introspection_c__pyext.dir/rosidl_generator_py/controller/_controller_s.ep.rosidl_typesupport_introspection_c.c.o[0m
[3.709s] [ 90%] [32mBuilding C object CMakeFiles/controller__rosidl_typesupport_c__pyext.dir/rosidl_generator_py/controller/_controller_s.ep.rosidl_typesupport_c.c.o[0m
[3.780s] [ 93%] [32m[1mLinking C shared library rosidl_generator_py/controller/controller_s__rosidl_typesupport_c.cpython-310-x86_64-linux-gnu.so[0m
[3.800s] [ 96%] [32m[1mLinking C shared library rosidl_generator_py/controller/controller_s__rosidl_typesupport_fastrtps_c.cpython-310-x86_64-linux-gnu.so[0m
[3.806s] [100%] [32m[1mLinking C shared library rosidl_generator_py/controller/controller_s__rosidl_typesupport_introspection_c.cpython-310-x86_64-linux-gnu.so[0m
[3.823s] [100%] Built target controller__rosidl_typesupport_c__pyext
[3.846s] [100%] Built target controller__rosidl_typesupport_fastrtps_c__pyext
[3.851s] [100%] Built target controller__rosidl_typesupport_introspection_c__pyext
[3.865s] Invoked command in '/home/kazusa/kazusa/build/controller' returned '0': CMAKE_PREFIX_PATH=${CMAKE_PREFIX_PATH}:/opt/ros/humble /usr/bin/cmake --build /home/kazusa/kazusa/build/controller -- -j12 -l12
[3.867s] Invoking command in '/home/kazusa/kazusa/build/controller': CMAKE_PREFIX_PATH=${CMAKE_PREFIX_PATH}:/opt/ros/humble /usr/bin/cmake --install /home/kazusa/kazusa/build/controller
[3.875s] -- Install configuration: ""
[3.876s] -- Execute custom install script
[3.876s] -- Symlinking: /home/kazusa/kazusa/install/controller/share/ament_index/resource_index/rosidl_interfaces/controller
[3.886s] -- Symlinking: /home/kazusa/kazusa/install/controller/include/controller/controller/msg/controller.h
[3.895s] -- Symlinking: /home/kazusa/kazusa/install/controller/include/controller/controller/msg/detail/controller__functions.h
[3.905s] -- Symlinking: /home/kazusa/kazusa/install/controller/include/controller/controller/msg/detail/controller__struct.h
[3.915s] -- Symlinking: /home/kazusa/kazusa/install/controller/include/controller/controller/msg/detail/controller__type_support.h
[3.925s] -- Symlinking: /home/kazusa/kazusa/install/controller/include/controller/controller/msg/rosidl_generator_c__visibility_control.h
[3.936s] -- Symlinking: /home/kazusa/kazusa/install/controller/share/controller/environment/library_path.sh
[3.946s] -- Symlinking: /home/kazusa/kazusa/install/controller/share/controller/environment/library_path.dsv
[3.954s] -- Symlinking: /home/kazusa/kazusa/install/controller/include/controller/controller/msg/detail/controller__rosidl_typesupport_fastrtps_c.h
[3.963s] -- Symlinking: /home/kazusa/kazusa/install/controller/include/controller/controller/msg/rosidl_typesupport_fastrtps_c__visibility_control.h
[3.972s] -- Symlinking: /home/kazusa/kazusa/install/controller/include/controller/controller/msg/detail/controller__rosidl_typesupport_introspection_c.h
[3.982s] -- Symlinking: /home/kazusa/kazusa/install/controller/include/controller/controller/msg/rosidl_typesupport_introspection_c__visibility_control.h
[3.991s] -- Symlinking: /home/kazusa/kazusa/install/controller/include/controller/controller/msg/controller.hpp
[3.998s] -- Symlinking: /home/kazusa/kazusa/install/controller/include/controller/controller/msg/detail/controller__builder.hpp
[4.007s] -- Symlinking: /home/kazusa/kazusa/install/controller/include/controller/controller/msg/detail/controller__struct.hpp
[4.015s] -- Symlinking: /home/kazusa/kazusa/install/controller/include/controller/controller/msg/detail/controller__traits.hpp
[4.026s] -- Symlinking: /home/kazusa/kazusa/install/controller/include/controller/controller/msg/detail/controller__type_support.hpp
[4.035s] -- Symlinking: /home/kazusa/kazusa/install/controller/include/controller/controller/msg/rosidl_generator_cpp__visibility_control.hpp
[4.045s] -- Symlinking: /home/kazusa/kazusa/install/controller/include/controller/controller/msg/detail/controller__rosidl_typesupport_fastrtps_cpp.hpp
[4.052s] -- Symlinking: /home/kazusa/kazusa/install/controller/include/controller/controller/msg/rosidl_typesupport_fastrtps_cpp__visibility_control.h
[4.061s] -- Symlinking: /home/kazusa/kazusa/install/controller/include/controller/controller/msg/detail/controller__rosidl_typesupport_introspection_cpp.hpp
[4.070s] -- Symlinking: /home/kazusa/kazusa/install/controller/share/controller/environment/pythonpath.sh
[4.078s] -- Symlinking: /home/kazusa/kazusa/install/controller/share/controller/environment/pythonpath.dsv
[4.087s] -- Symlinking: /home/kazusa/kazusa/install/controller/local/lib/python3.10/dist-packages/controller-0.0.0-py3.10.egg-info/PKG-INFO
[4.096s] -- Symlinking: /home/kazusa/kazusa/install/controller/local/lib/python3.10/dist-packages/controller-0.0.0-py3.10.egg-info/SOURCES.txt
[4.109s] -- Symlinking: /home/kazusa/kazusa/install/controller/local/lib/python3.10/dist-packages/controller-0.0.0-py3.10.egg-info/dependency_links.txt
[4.122s] -- Symlinking: /home/kazusa/kazusa/install/controller/local/lib/python3.10/dist-packages/controller-0.0.0-py3.10.egg-info/top_level.txt
[4.135s] -- Symlinking: /home/kazusa/kazusa/install/controller/local/lib/python3.10/dist-packages/controller/__init__.py
[4.145s] -- Symlinking: /home/kazusa/kazusa/install/controller/local/lib/python3.10/dist-packages/controller/_controller_s.ep.rosidl_typesupport_c.c
[4.153s] -- Symlinking: /home/kazusa/kazusa/install/controller/local/lib/python3.10/dist-packages/controller/_controller_s.ep.rosidl_typesupport_fastrtps_c.c
[4.162s] -- Symlinking: /home/kazusa/kazusa/install/controller/local/lib/python3.10/dist-packages/controller/_controller_s.ep.rosidl_typesupport_introspection_c.c
[4.172s] -- Symlinking: /home/kazusa/kazusa/install/controller/local/lib/python3.10/dist-packages/controller/controller_s__rosidl_typesupport_c.cpython-310-x86_64-linux-gnu.so
[4.181s] -- Symlinking: /home/kazusa/kazusa/install/controller/local/lib/python3.10/dist-packages/controller/controller_s__rosidl_typesupport_fastrtps_c.cpython-310-x86_64-linux-gnu.so
[4.190s] -- Symlinking: /home/kazusa/kazusa/install/controller/local/lib/python3.10/dist-packages/controller/controller_s__rosidl_typesupport_introspection_c.cpython-310-x86_64-linux-gnu.so
[4.197s] -- Symlinking: /home/kazusa/kazusa/install/controller/local/lib/python3.10/dist-packages/controller/libcontroller__rosidl_generator_py.so
[4.204s] -- Symlinking: /home/kazusa/kazusa/install/controller/local/lib/python3.10/dist-packages/controller/msg/__init__.py
[4.210s] -- Symlinking: /home/kazusa/kazusa/install/controller/local/lib/python3.10/dist-packages/controller/msg/_controller.py
[4.219s] -- Symlinking: /home/kazusa/kazusa/install/controller/local/lib/python3.10/dist-packages/controller/msg/_controller_s.c
[4.230s] -- Up-to-date symlink: /home/kazusa/kazusa/install/controller/local/lib/python3.10/dist-packages/controller/controller_s__rosidl_typesupport_fastrtps_c.cpython-310-x86_64-linux-gnu.so
[4.230s] -- Up-to-date symlink: /home/kazusa/kazusa/install/controller/local/lib/python3.10/dist-packages/controller/controller_s__rosidl_typesupport_introspection_c.cpython-310-x86_64-linux-gnu.so
[4.230s] -- Up-to-date symlink: /home/kazusa/kazusa/install/controller/local/lib/python3.10/dist-packages/controller/controller_s__rosidl_typesupport_c.cpython-310-x86_64-linux-gnu.so
[4.230s] -- Symlinking: /home/kazusa/kazusa/install/controller/share/ament_index/resource_index/rust_packages/controller
[4.238s] -- Symlinking: /home/kazusa/kazusa/install/controller/share/controller/rust/Cargo.toml
[4.245s] -- Symlinking: /home/kazusa/kazusa/install/controller/share/controller/rust/build.rs
[4.252s] -- Symlinking: /home/kazusa/kazusa/install/controller/share/controller/rust/src/lib.rs
[4.258s] -- Symlinking: /home/kazusa/kazusa/install/controller/share/controller/rust/src/msg.rs
[4.267s] -- Symlinking: /home/kazusa/kazusa/install/controller/share/controller/rust/src/msg/rmw.rs
[4.276s] -- Symlinking: /home/kazusa/kazusa/install/controller/share/controller/msg/Controller.idl
[4.285s] -- Symlinking: /home/kazusa/kazusa/install/controller/share/controller/msg/Controller.msg
[4.293s] -- Symlinking: /home/kazusa/kazusa/install/controller/share/ament_index/resource_index/package_run_dependencies/controller
[4.301s] -- Symlinking: /home/kazusa/kazusa/install/controller/share/ament_index/resource_index/parent_prefix_path/controller
[4.308s] -- Symlinking: /home/kazusa/kazusa/install/controller/share/controller/environment/ament_prefix_path.sh
[4.314s] -- Symlinking: /home/kazusa/kazusa/install/controller/share/controller/environment/ament_prefix_path.dsv
[4.324s] -- Symlinking: /home/kazusa/kazusa/install/controller/share/controller/environment/path.sh
[4.334s] -- Symlinking: /home/kazusa/kazusa/install/controller/share/controller/environment/path.dsv
[4.343s] -- Symlinking: /home/kazusa/kazusa/install/controller/share/controller/local_setup.bash
[4.350s] -- Symlinking: /home/kazusa/kazusa/install/controller/share/controller/local_setup.sh
[4.357s] -- Symlinking: /home/kazusa/kazusa/install/controller/share/controller/local_setup.zsh
[4.366s] -- Symlinking: /home/kazusa/kazusa/install/controller/share/controller/local_setup.dsv
[4.374s] -- Symlinking: /home/kazusa/kazusa/install/controller/share/controller/package.dsv
[4.383s] -- Symlinking: /home/kazusa/kazusa/install/controller/share/ament_index/resource_index/packages/controller
[4.392s] -- Symlinking: /home/kazusa/kazusa/install/controller/share/controller/cmake/rosidl_cmake-extras.cmake
[4.399s] -- Symlinking: /home/kazusa/kazusa/install/controller/share/controller/cmake/ament_cmake_export_dependencies-extras.cmake
[4.407s] -- Symlinking: /home/kazusa/kazusa/install/controller/share/controller/cmake/ament_cmake_export_include_directories-extras.cmake
[4.416s] -- Symlinking: /home/kazusa/kazusa/install/controller/share/controller/cmake/ament_cmake_export_libraries-extras.cmake
[4.423s] -- Symlinking: /home/kazusa/kazusa/install/controller/share/controller/cmake/ament_cmake_export_targets-extras.cmake
[4.432s] -- Symlinking: /home/kazusa/kazusa/install/controller/share/controller/cmake/rosidl_cmake_export_typesupport_targets-extras.cmake
[4.442s] -- Symlinking: /home/kazusa/kazusa/install/controller/share/controller/cmake/rosidl_cmake_export_typesupport_libraries-extras.cmake
[4.450s] -- Symlinking: /home/kazusa/kazusa/install/controller/share/controller/cmake/rosidl_cmake_aggregate_target-extras.cmake
[4.460s] -- Symlinking: /home/kazusa/kazusa/install/controller/share/controller/cmake/controllerConfig.cmake
[4.469s] -- Symlinking: /home/kazusa/kazusa/install/controller/share/controller/cmake/controllerConfig-version.cmake
[4.476s] -- Symlinking: /home/kazusa/kazusa/install/controller/share/controller/package.xml
[4.483s] -- Installing: /home/kazusa/kazusa/install/controller/lib/libcontroller__rosidl_generator_c.so
[4.484s] -- Set runtime path of "/home/kazusa/kazusa/install/controller/lib/libcontroller__rosidl_generator_c.so" to ""
[4.484s] -- Installing: /home/kazusa/kazusa/install/controller/lib/libcontroller__rosidl_typesupport_fastrtps_c.so
[4.485s] -- Set runtime path of "/home/kazusa/kazusa/install/controller/lib/libcontroller__rosidl_typesupport_fastrtps_c.so" to ""
[4.485s] -- Installing: /home/kazusa/kazusa/install/controller/lib/libcontroller__rosidl_typesupport_introspection_c.so
[4.485s] -- Set runtime path of "/home/kazusa/kazusa/install/controller/lib/libcontroller__rosidl_typesupport_introspection_c.so" to ""
[4.485s] -- Installing: /home/kazusa/kazusa/install/controller/lib/libcontroller__rosidl_typesupport_c.so
[4.486s] -- Set runtime path of "/home/kazusa/kazusa/install/controller/lib/libcontroller__rosidl_typesupport_c.so" to ""
[4.486s] -- Installing: /home/kazusa/kazusa/install/controller/lib/libcontroller__rosidl_typesupport_fastrtps_cpp.so
[4.487s] -- Set runtime path of "/home/kazusa/kazusa/install/controller/lib/libcontroller__rosidl_typesupport_fastrtps_cpp.so" to ""
[4.487s] -- Installing: /home/kazusa/kazusa/install/controller/lib/libcontroller__rosidl_typesupport_introspection_cpp.so
[4.487s] -- Set runtime path of "/home/kazusa/kazusa/install/controller/lib/libcontroller__rosidl_typesupport_introspection_cpp.so" to ""
[4.487s] -- Installing: /home/kazusa/kazusa/install/controller/lib/libcontroller__rosidl_typesupport_cpp.so
[4.488s] -- Set runtime path of "/home/kazusa/kazusa/install/controller/lib/libcontroller__rosidl_typesupport_cpp.so" to ""
[4.517s] Listing '/home/kazusa/kazusa/install/controller/local/lib/python3.10/dist-packages/controller'...
[4.517s] Compiling '/home/kazusa/kazusa/install/controller/local/lib/python3.10/dist-packages/controller/__init__.py'...
[4.517s] Listing '/home/kazusa/kazusa/install/controller/local/lib/python3.10/dist-packages/controller/msg'...
[4.517s] Compiling '/home/kazusa/kazusa/install/controller/local/lib/python3.10/dist-packages/controller/msg/__init__.py'...
[4.517s] Compiling '/home/kazusa/kazusa/install/controller/local/lib/python3.10/dist-packages/controller/msg/_controller.py'...
[4.520s] -- Installing: /home/kazusa/kazusa/install/controller/lib/libcontroller__rosidl_generator_py.so
[4.521s] -- Set runtime path of "/home/kazusa/kazusa/install/controller/lib/libcontroller__rosidl_generator_py.so" to ""
[4.521s] -- Installing: /home/kazusa/kazusa/install/controller/share/controller/cmake/export_controller__rosidl_generator_cExport.cmake
[4.521s] -- Installing: /home/kazusa/kazusa/install/controller/share/controller/cmake/export_controller__rosidl_generator_cExport-noconfig.cmake
[4.521s] -- Installing: /home/kazusa/kazusa/install/controller/share/controller/cmake/export_controller__rosidl_typesupport_fastrtps_cExport.cmake
[4.521s] -- Installing: /home/kazusa/kazusa/install/controller/share/controller/cmake/export_controller__rosidl_typesupport_fastrtps_cExport-noconfig.cmake
[4.521s] -- Installing: /home/kazusa/kazusa/install/controller/share/controller/cmake/controller__rosidl_typesupport_introspection_cExport.cmake
[4.521s] -- Installing: /home/kazusa/kazusa/install/controller/share/controller/cmake/controller__rosidl_typesupport_introspection_cExport-noconfig.cmake
[4.521s] -- Installing: /home/kazusa/kazusa/install/controller/share/controller/cmake/controller__rosidl_typesupport_cExport.cmake
[4.521s] -- Installing: /home/kazusa/kazusa/install/controller/share/controller/cmake/controller__rosidl_typesupport_cExport-noconfig.cmake
[4.522s] -- Installing: /home/kazusa/kazusa/install/controller/share/controller/cmake/export_controller__rosidl_generator_cppExport.cmake
[4.522s] -- Installing: /home/kazusa/kazusa/install/controller/share/controller/cmake/export_controller__rosidl_typesupport_fastrtps_cppExport.cmake
[4.522s] -- Installing: /home/kazusa/kazusa/install/controller/share/controller/cmake/export_controller__rosidl_typesupport_fastrtps_cppExport-noconfig.cmake
[4.522s] -- Installing: /home/kazusa/kazusa/install/controller/share/controller/cmake/controller__rosidl_typesupport_introspection_cppExport.cmake
[4.522s] -- Installing: /home/kazusa/kazusa/install/controller/share/controller/cmake/controller__rosidl_typesupport_introspection_cppExport-noconfig.cmake
[4.522s] -- Installing: /home/kazusa/kazusa/install/controller/share/controller/cmake/controller__rosidl_typesupport_cppExport.cmake
[4.522s] -- Installing: /home/kazusa/kazusa/install/controller/share/controller/cmake/controller__rosidl_typesupport_cppExport-noconfig.cmake
[4.523s] -- Installing: /home/kazusa/kazusa/install/controller/share/controller/cmake/export_controller__rosidl_generator_pyExport.cmake
[4.523s] -- Installing: /home/kazusa/kazusa/install/controller/share/controller/cmake/export_controller__rosidl_generator_pyExport-noconfig.cmake
[4.527s] Invoked command in '/home/kazusa/kazusa/build/controller' returned '0': CMAKE_PREFIX_PATH=${CMAKE_PREFIX_PATH}:/opt/ros/humble /usr/bin/cmake --install /home/kazusa/kazusa/build/controller
