-- The C compiler identification is GNU 13.3.0
-- The CXX compiler identification is GNU 13.3.0
-- Detecting C compiler ABI info
-- Detecting C compiler ABI info - done
-- Check for working C compiler: /usr/bin/cc - skipped
-- Detecting C compile features
-- Detecting C compile features - done
-- Detecting CXX compiler ABI info
-- Detecting CXX compiler ABI info - done
-- Check for working CXX compiler: /usr/bin/c++ - skipped
-- Detecting CXX compile features
-- Detecting CXX compile features - done
-- Found ament_cmake: 2.5.6 (/opt/ros/jazzy/share/ament_cmake/cmake)
-- Found Python3: /usr/bin/python3 (found version "3.12.3") found components: Interpreter 
-- Found controller: 0.0.0 (/home/kazusa/kazusa/install/controller/share/controller/cmake)
-- Found rosidl_generator_c: 4.6.9 (/opt/ros/jazzy/share/rosidl_generator_c/cmake)
-- Found rosidl_generator_cpp: 4.6.9 (/opt/ros/jazzy/share/rosidl_generator_cpp/cmake)
-- Using all available rosidl_typesupport_c: rosidl_typesupport_fastrtps_c;rosidl_typesupport_introspection_c
-- Using all available rosidl_typesupport_cpp: rosidl_typesupport_fastrtps_cpp;rosidl_typesupport_introspection_cpp
-- Found ament_lint_auto: 0.17.5 (/opt/ros/jazzy/share/ament_lint_auto/cmake)
-- Added test 'flake8' to check Python code syntax and style conventions
-- Configured 'flake8' exclude dirs and/or files: 
-- Added test 'lint_cmake' to check CMake code style
-- Added test 'pep257' to check Python code against some of the docstring style conventions in PEP 257
-- Added test 'xmllint' to check XML markup files
-- Configuring done (0.9s)
-- Generating done (0.0s)
-- Build files have been written to: /home/kazusa/kazusa/build/controller_src
-- Install configuration: ""
-- Installing: /home/kazusa/kazusa/install/controller_src/lib/controller_src/con.py
-- Installing: /home/kazusa/kazusa/install/controller_src/lib/controller_src/launch_starter.py
-- Installing: /home/kazusa/kazusa/install/controller_src/share/ament_index/resource_index/package_run_dependencies/controller_src
-- Installing: /home/kazusa/kazusa/install/controller_src/share/ament_index/resource_index/parent_prefix_path/controller_src
-- Installing: /home/kazusa/kazusa/install/controller_src/share/controller_src/environment/ament_prefix_path.sh
-- Installing: /home/kazusa/kazusa/install/controller_src/share/controller_src/environment/ament_prefix_path.dsv
-- Installing: /home/kazusa/kazusa/install/controller_src/share/controller_src/environment/path.sh
-- Installing: /home/kazusa/kazusa/install/controller_src/share/controller_src/environment/path.dsv
-- Installing: /home/kazusa/kazusa/install/controller_src/share/controller_src/local_setup.bash
-- Installing: /home/kazusa/kazusa/install/controller_src/share/controller_src/local_setup.sh
-- Installing: /home/kazusa/kazusa/install/controller_src/share/controller_src/local_setup.zsh
-- Installing: /home/kazusa/kazusa/install/controller_src/share/controller_src/local_setup.dsv
-- Installing: /home/kazusa/kazusa/install/controller_src/share/controller_src/package.dsv
-- Installing: /home/kazusa/kazusa/install/controller_src/share/ament_index/resource_index/packages/controller_src
-- Installing: /home/kazusa/kazusa/install/controller_src/share/controller_src/cmake/controller_srcConfig.cmake
-- Installing: /home/kazusa/kazusa/install/controller_src/share/controller_src/cmake/controller_srcConfig-version.cmake
-- Installing: /home/kazusa/kazusa/install/controller_src/share/controller_src/package.xml
