[0.040s] Invoking command in '/home/kazusa/kazusa/build/amcl_config': CMAKE_PREFIX_PATH=${CMAKE_PREFIX_PATH}:/opt/ros/jazzy DEBUGINFOD_URLS=https://debuginfod.ubuntu.com /usr/bin/cmake /home/kazusa/kazusa/ver0/amcl_config -DCMAKE_EXPORT_COMPILE_COMMANDS=ON -DCMAKE_INSTALL_PREFIX=/home/kazusa/kazusa/install/amcl_config
[0.090s] -- Found ament_cmake: 2.5.6 (/opt/ros/jazzy/share/ament_cmake/cmake)
[0.529s] -- Found ament_lint_auto: 0.17.5 (/opt/ros/jazzy/share/ament_lint_auto/cmake)
[0.768s] -- Added test 'lint_cmake' to check CMake code style
[0.775s] -- Added test 'xmllint' to check XML markup files
[0.779s] -- Configuring done (0.7s)
[0.811s] -- Generating done (0.0s)
[0.811s] [33mCMake Warning:
[0.811s]   Manually-specified variables were not used by the project:
[0.811s] 
[0.811s]     CMAKE_EXPORT_COMPILE_COMMANDS
[0.812s] 
[0.812s] [0m
[0.815s] -- Build files have been written to: /home/kazusa/kazusa/build/amcl_config
[0.833s] Invoked command in '/home/kazusa/kazusa/build/amcl_config' returned '0': CMAKE_PREFIX_PATH=${CMAKE_PREFIX_PATH}:/opt/ros/jazzy DEBUGINFOD_URLS=https://debuginfod.ubuntu.com /usr/bin/cmake /home/kazusa/kazusa/ver0/amcl_config -DCMAKE_EXPORT_COMPILE_COMMANDS=ON -DCMAKE_INSTALL_PREFIX=/home/kazusa/kazusa/install/amcl_config
[0.836s] Invoking command in '/home/kazusa/kazusa/build/amcl_config': CMAKE_PREFIX_PATH=${CMAKE_PREFIX_PATH}:/opt/ros/jazzy DEBUGINFOD_URLS=https://debuginfod.ubuntu.com /usr/bin/cmake --build /home/kazusa/kazusa/build/amcl_config -- -j12 -l12
[0.996s] Invoked command in '/home/kazusa/kazusa/build/amcl_config' returned '0': CMAKE_PREFIX_PATH=${CMAKE_PREFIX_PATH}:/opt/ros/jazzy DEBUGINFOD_URLS=https://debuginfod.ubuntu.com /usr/bin/cmake --build /home/kazusa/kazusa/build/amcl_config -- -j12 -l12
[1.001s] Invoking command in '/home/kazusa/kazusa/build/amcl_config': CMAKE_PREFIX_PATH=${CMAKE_PREFIX_PATH}:/opt/ros/jazzy DEBUGINFOD_URLS=https://debuginfod.ubuntu.com /usr/bin/cmake --install /home/kazusa/kazusa/build/amcl_config
[1.020s] -- Install configuration: ""
[1.020s] -- Up-to-date: /home/kazusa/kazusa/install/amcl_config/share/amcl_config/config
[1.021s] -- Up-to-date: /home/kazusa/kazusa/install/amcl_config/share/amcl_config/config/amcl_cart.yaml
[1.021s] -- Up-to-date: /home/kazusa/kazusa/install/amcl_config/share/amcl_config/config/emcl3_red.yaml
[1.021s] -- Up-to-date: /home/kazusa/kazusa/install/amcl_config/share/amcl_config/config/amcl_draw.yaml
[1.021s] -- Up-to-date: /home/kazusa/kazusa/install/amcl_config/share/amcl_config/config/amcl.yaml
[1.021s] -- Up-to-date: /home/kazusa/kazusa/install/amcl_config/share/amcl_config/config/amcl714.yaml
[1.022s] -- Up-to-date: /home/kazusa/kazusa/install/amcl_config/share/amcl_config/config/emcl2.yaml
[1.022s] -- Up-to-date: /home/kazusa/kazusa/install/amcl_config/share/amcl_config/config/emcl.yaml
[1.022s] -- Up-to-date: /home/kazusa/kazusa/install/amcl_config/share/amcl_config/config/amcl copy.yaml
[1.022s] -- Up-to-date: /home/kazusa/kazusa/install/amcl_config/share/amcl_config/config/emcl3_katahou.yaml
[1.022s] -- Up-to-date: /home/kazusa/kazusa/install/amcl_config/share/amcl_config/config/emcl3_blue.yaml
[1.022s] -- Up-to-date: /home/kazusa/kazusa/install/amcl_config/share/amcl_config/map
[1.022s] -- Up-to-date: /home/kazusa/kazusa/install/amcl_config/share/amcl_config/map/2026_b2.yaml
[1.022s] -- Up-to-date: /home/kazusa/kazusa/install/amcl_config/share/amcl_config/map/2026_r.pgm
[1.023s] -- Up-to-date: /home/kazusa/kazusa/install/amcl_config/share/amcl_config/map/2026_b.yaml
[1.023s] -- Up-to-date: /home/kazusa/kazusa/install/amcl_config/share/amcl_config/map/2026_b_2.yaml
[1.023s] -- Up-to-date: /home/kazusa/kazusa/install/amcl_config/share/amcl_config/map/2026_b.pgm
[1.023s] -- Up-to-date: /home/kazusa/kazusa/install/amcl_config/share/amcl_config/map/2026_r_2.yaml
[1.023s] -- Up-to-date: /home/kazusa/kazusa/install/amcl_config/share/amcl_config/map/mapblue.pgm
[1.024s] -- Up-to-date: /home/kazusa/kazusa/install/amcl_config/share/amcl_config/map/mapred.pgm
[1.024s] -- Up-to-date: /home/kazusa/kazusa/install/amcl_config/share/amcl_config/map/2026_r.yaml
[1.024s] -- Up-to-date: /home/kazusa/kazusa/install/amcl_config/share/amcl_config/map/2026mapred_bak.pgm
[1.024s] -- Up-to-date: /home/kazusa/kazusa/install/amcl_config/share/amcl_config/map/2026mapblue_bak.pgm
[1.024s] -- Up-to-date: /home/kazusa/kazusa/install/amcl_config/share/ament_index/resource_index/package_run_dependencies/amcl_config
[1.024s] -- Installing: /home/kazusa/kazusa/install/amcl_config/share/ament_index/resource_index/parent_prefix_path/amcl_config
[1.024s] -- Up-to-date: /home/kazusa/kazusa/install/amcl_config/share/amcl_config/environment/ament_prefix_path.sh
[1.024s] -- Up-to-date: /home/kazusa/kazusa/install/amcl_config/share/amcl_config/environment/ament_prefix_path.dsv
[1.024s] -- Up-to-date: /home/kazusa/kazusa/install/amcl_config/share/amcl_config/environment/path.sh
[1.025s] -- Up-to-date: /home/kazusa/kazusa/install/amcl_config/share/amcl_config/environment/path.dsv
[1.025s] -- Up-to-date: /home/kazusa/kazusa/install/amcl_config/share/amcl_config/local_setup.bash
[1.025s] -- Up-to-date: /home/kazusa/kazusa/install/amcl_config/share/amcl_config/local_setup.sh
[1.025s] -- Up-to-date: /home/kazusa/kazusa/install/amcl_config/share/amcl_config/local_setup.zsh
[1.025s] -- Up-to-date: /home/kazusa/kazusa/install/amcl_config/share/amcl_config/local_setup.dsv
[1.026s] -- Installing: /home/kazusa/kazusa/install/amcl_config/share/amcl_config/package.dsv
[1.026s] -- Up-to-date: /home/kazusa/kazusa/install/amcl_config/share/ament_index/resource_index/packages/amcl_config
[1.026s] -- Up-to-date: /home/kazusa/kazusa/install/amcl_config/share/amcl_config/cmake/amcl_configConfig.cmake
[1.026s] -- Up-to-date: /home/kazusa/kazusa/install/amcl_config/share/amcl_config/cmake/amcl_configConfig-version.cmake
[1.026s] -- Up-to-date: /home/kazusa/kazusa/install/amcl_config/share/amcl_config/package.xml
[1.038s] Invoked command in '/home/kazusa/kazusa/build/amcl_config' returned '0': CMAKE_PREFIX_PATH=${CMAKE_PREFIX_PATH}:/opt/ros/jazzy DEBUGINFOD_URLS=https://debuginfod.ubuntu.com /usr/bin/cmake --install /home/kazusa/kazusa/build/amcl_config
