[  1%] Built target custom_msgs__rs
[  3%] Built target custom_msgs__rosidl_generator_type_description
[  3%] Built target ament_cmake_python_copy_custom_msgs
[  5%] Built target custom_msgs__cpp
[ 25%] Built target custom_msgs__rosidl_generator_c
[ 34%] Built target custom_msgs__rosidl_typesupport_introspection_c
[ 43%] Built target custom_msgs__rosidl_typesupport_introspection_cpp
[ 52%] Built target custom_msgs__rosidl_typesupport_cpp
[ 61%] Built target custom_msgs__rosidl_typesupport_c
[ 70%] Built target custom_msgs__rosidl_typesupport_fastrtps_cpp
[ 80%] Built target custom_msgs__rosidl_typesupport_fastrtps_c
[ 80%] Built target custom_msgs
[ 81%] Built target custom_msgs__py
[ 89%] Built target custom_msgs__rosidl_generator_py
[ 92%] Built target custom_msgs_s__rosidl_typesupport_c
[100%] Built target custom_msgs_s__rosidl_typesupport_introspection_c
[100%] Built target custom_msgs_s__rosidl_typesupport_fastrtps_c
running egg_info
writing custom_msgs.egg-info/PKG-INFO
writing dependency_links to custom_msgs.egg-info/dependency_links.txt
writing top-level names to custom_msgs.egg-info/top_level.txt
reading manifest file 'custom_msgs.egg-info/SOURCES.txt'
writing manifest file 'custom_msgs.egg-info/SOURCES.txt'
[100%] Built target ament_cmake_python_build_custom_msgs_egg
-- Install configuration: ""
-- Up-to-date: /home/kazusa/kazusa/install/custom_msgs/share/ament_index/resource_index/rosidl_interfaces/custom_msgs
-- Up-to-date: /home/kazusa/kazusa/install/custom_msgs/share/custom_msgs/msg/CanPacket.json
-- Up-to-date: /home/kazusa/kazusa/install/custom_msgs/share/custom_msgs/action/FollowPath.json
-- Up-to-date: /home/kazusa/kazusa/install/custom_msgs/share/custom_msgs/action/Hoju.json
-- Up-to-date: /home/kazusa/kazusa/install/custom_msgs/include/custom_msgs/custom_msgs
-- Up-to-date: /home/kazusa/kazusa/install/custom_msgs/include/custom_msgs/custom_msgs/msg
-- Up-to-date: /home/kazusa/kazusa/install/custom_msgs/include/custom_msgs/custom_msgs/msg/rosidl_generator_c__visibility_control.h
-- Up-to-date: /home/kazusa/kazusa/install/custom_msgs/include/custom_msgs/custom_msgs/msg/can_packet.h
-- Up-to-date: /home/kazusa/kazusa/install/custom_msgs/include/custom_msgs/custom_msgs/msg/detail
-- Up-to-date: /home/kazusa/kazusa/install/custom_msgs/include/custom_msgs/custom_msgs/msg/detail/can_packet__struct.h
-- Up-to-date: /home/kazusa/kazusa/install/custom_msgs/include/custom_msgs/custom_msgs/msg/detail/can_packet__type_support.h
-- Up-to-date: /home/kazusa/kazusa/install/custom_msgs/include/custom_msgs/custom_msgs/msg/detail/can_packet__description.c
-- Up-to-date: /home/kazusa/kazusa/install/custom_msgs/include/custom_msgs/custom_msgs/msg/detail/can_packet__functions.h
-- Up-to-date: /home/kazusa/kazusa/install/custom_msgs/include/custom_msgs/custom_msgs/msg/detail/can_packet__type_support.c
-- Up-to-date: /home/kazusa/kazusa/install/custom_msgs/include/custom_msgs/custom_msgs/msg/detail/can_packet__functions.c
-- Up-to-date: /home/kazusa/kazusa/install/custom_msgs/include/custom_msgs/custom_msgs/action
-- Up-to-date: /home/kazusa/kazusa/install/custom_msgs/include/custom_msgs/custom_msgs/action/detail
-- Up-to-date: /home/kazusa/kazusa/install/custom_msgs/include/custom_msgs/custom_msgs/action/detail/hoju__description.c
-- Up-to-date: /home/kazusa/kazusa/install/custom_msgs/include/custom_msgs/custom_msgs/action/detail/follow_path__description.c
-- Up-to-date: /home/kazusa/kazusa/install/custom_msgs/include/custom_msgs/custom_msgs/action/detail/hoju__functions.h
-- Up-to-date: /home/kazusa/kazusa/install/custom_msgs/include/custom_msgs/custom_msgs/action/detail/follow_path__type_support.h
-- Up-to-date: /home/kazusa/kazusa/install/custom_msgs/include/custom_msgs/custom_msgs/action/detail/follow_path__type_support.c
-- Up-to-date: /home/kazusa/kazusa/install/custom_msgs/include/custom_msgs/custom_msgs/action/detail/follow_path__struct.h
-- Up-to-date: /home/kazusa/kazusa/install/custom_msgs/include/custom_msgs/custom_msgs/action/detail/hoju__type_support.c
-- Up-to-date: /home/kazusa/kazusa/install/custom_msgs/include/custom_msgs/custom_msgs/action/detail/follow_path__functions.h
-- Up-to-date: /home/kazusa/kazusa/install/custom_msgs/include/custom_msgs/custom_msgs/action/detail/hoju__struct.h
-- Up-to-date: /home/kazusa/kazusa/install/custom_msgs/include/custom_msgs/custom_msgs/action/detail/hoju__type_support.h
-- Up-to-date: /home/kazusa/kazusa/install/custom_msgs/include/custom_msgs/custom_msgs/action/detail/hoju__functions.c
-- Up-to-date: /home/kazusa/kazusa/install/custom_msgs/include/custom_msgs/custom_msgs/action/detail/follow_path__functions.c
-- Up-to-date: /home/kazusa/kazusa/install/custom_msgs/include/custom_msgs/custom_msgs/action/hoju.h
-- Up-to-date: /home/kazusa/kazusa/install/custom_msgs/include/custom_msgs/custom_msgs/action/follow_path.h
-- Up-to-date: /home/kazusa/kazusa/install/custom_msgs/share/custom_msgs/environment/library_path.sh
-- Up-to-date: /home/kazusa/kazusa/install/custom_msgs/share/custom_msgs/environment/library_path.dsv
-- Up-to-date: /home/kazusa/kazusa/install/custom_msgs/lib/libcustom_msgs__rosidl_generator_c.so
-- Up-to-date: /home/kazusa/kazusa/install/custom_msgs/include/custom_msgs/custom_msgs
-- Up-to-date: /home/kazusa/kazusa/install/custom_msgs/include/custom_msgs/custom_msgs/msg
-- Up-to-date: /home/kazusa/kazusa/install/custom_msgs/include/custom_msgs/custom_msgs/msg/detail
-- Up-to-date: /home/kazusa/kazusa/install/custom_msgs/include/custom_msgs/custom_msgs/msg/detail/can_packet__rosidl_typesupport_fastrtps_c.h
-- Up-to-date: /home/kazusa/kazusa/install/custom_msgs/include/custom_msgs/custom_msgs/msg/rosidl_typesupport_fastrtps_c__visibility_control.h
-- Up-to-date: /home/kazusa/kazusa/install/custom_msgs/include/custom_msgs/custom_msgs/action
-- Up-to-date: /home/kazusa/kazusa/install/custom_msgs/include/custom_msgs/custom_msgs/action/detail
-- Up-to-date: /home/kazusa/kazusa/install/custom_msgs/include/custom_msgs/custom_msgs/action/detail/follow_path__rosidl_typesupport_fastrtps_c.h
-- Up-to-date: /home/kazusa/kazusa/install/custom_msgs/include/custom_msgs/custom_msgs/action/detail/hoju__rosidl_typesupport_fastrtps_c.h
-- Up-to-date: /home/kazusa/kazusa/install/custom_msgs/lib/libcustom_msgs__rosidl_typesupport_fastrtps_c.so
-- Up-to-date: /home/kazusa/kazusa/install/custom_msgs/include/custom_msgs/custom_msgs
-- Up-to-date: /home/kazusa/kazusa/install/custom_msgs/include/custom_msgs/custom_msgs/msg
-- Up-to-date: /home/kazusa/kazusa/install/custom_msgs/include/custom_msgs/custom_msgs/msg/rosidl_typesupport_introspection_c__visibility_control.h
-- Up-to-date: /home/kazusa/kazusa/install/custom_msgs/include/custom_msgs/custom_msgs/msg/detail
-- Up-to-date: /home/kazusa/kazusa/install/custom_msgs/include/custom_msgs/custom_msgs/msg/detail/can_packet__rosidl_typesupport_introspection_c.h
-- Up-to-date: /home/kazusa/kazusa/install/custom_msgs/include/custom_msgs/custom_msgs/msg/detail/can_packet__type_support.c
-- Up-to-date: /home/kazusa/kazusa/install/custom_msgs/include/custom_msgs/custom_msgs/action
-- Up-to-date: /home/kazusa/kazusa/install/custom_msgs/include/custom_msgs/custom_msgs/action/detail
-- Up-to-date: /home/kazusa/kazusa/install/custom_msgs/include/custom_msgs/custom_msgs/action/detail/follow_path__type_support.c
-- Up-to-date: /home/kazusa/kazusa/install/custom_msgs/include/custom_msgs/custom_msgs/action/detail/hoju__type_support.c
-- Up-to-date: /home/kazusa/kazusa/install/custom_msgs/include/custom_msgs/custom_msgs/action/detail/hoju__rosidl_typesupport_introspection_c.h
-- Up-to-date: /home/kazusa/kazusa/install/custom_msgs/include/custom_msgs/custom_msgs/action/detail/follow_path__rosidl_typesupport_introspection_c.h
-- Up-to-date: /home/kazusa/kazusa/install/custom_msgs/lib/libcustom_msgs__rosidl_typesupport_introspection_c.so
-- Up-to-date: /home/kazusa/kazusa/install/custom_msgs/lib/libcustom_msgs__rosidl_typesupport_c.so
-- Up-to-date: /home/kazusa/kazusa/install/custom_msgs/include/custom_msgs/custom_msgs
-- Up-to-date: /home/kazusa/kazusa/install/custom_msgs/include/custom_msgs/custom_msgs/msg
-- Up-to-date: /home/kazusa/kazusa/install/custom_msgs/include/custom_msgs/custom_msgs/msg/can_packet.hpp
-- Up-to-date: /home/kazusa/kazusa/install/custom_msgs/include/custom_msgs/custom_msgs/msg/detail
-- Up-to-date: /home/kazusa/kazusa/install/custom_msgs/include/custom_msgs/custom_msgs/msg/detail/can_packet__struct.hpp
-- Up-to-date: /home/kazusa/kazusa/install/custom_msgs/include/custom_msgs/custom_msgs/msg/detail/can_packet__builder.hpp
-- Up-to-date: /home/kazusa/kazusa/install/custom_msgs/include/custom_msgs/custom_msgs/msg/detail/can_packet__type_support.hpp
-- Up-to-date: /home/kazusa/kazusa/install/custom_msgs/include/custom_msgs/custom_msgs/msg/detail/can_packet__traits.hpp
-- Up-to-date: /home/kazusa/kazusa/install/custom_msgs/include/custom_msgs/custom_msgs/msg/rosidl_generator_cpp__visibility_control.hpp
-- Up-to-date: /home/kazusa/kazusa/install/custom_msgs/include/custom_msgs/custom_msgs/action
-- Up-to-date: /home/kazusa/kazusa/install/custom_msgs/include/custom_msgs/custom_msgs/action/follow_path.hpp
-- Up-to-date: /home/kazusa/kazusa/install/custom_msgs/include/custom_msgs/custom_msgs/action/detail
-- Up-to-date: /home/kazusa/kazusa/install/custom_msgs/include/custom_msgs/custom_msgs/action/detail/follow_path__struct.hpp
-- Up-to-date: /home/kazusa/kazusa/install/custom_msgs/include/custom_msgs/custom_msgs/action/detail/follow_path__type_support.hpp
-- Up-to-date: /home/kazusa/kazusa/install/custom_msgs/include/custom_msgs/custom_msgs/action/detail/hoju__builder.hpp
-- Up-to-date: /home/kazusa/kazusa/install/custom_msgs/include/custom_msgs/custom_msgs/action/detail/follow_path__builder.hpp
-- Up-to-date: /home/kazusa/kazusa/install/custom_msgs/include/custom_msgs/custom_msgs/action/detail/hoju__struct.hpp
-- Up-to-date: /home/kazusa/kazusa/install/custom_msgs/include/custom_msgs/custom_msgs/action/detail/hoju__type_support.hpp
-- Up-to-date: /home/kazusa/kazusa/install/custom_msgs/include/custom_msgs/custom_msgs/action/detail/follow_path__traits.hpp
-- Up-to-date: /home/kazusa/kazusa/install/custom_msgs/include/custom_msgs/custom_msgs/action/detail/hoju__traits.hpp
-- Up-to-date: /home/kazusa/kazusa/install/custom_msgs/include/custom_msgs/custom_msgs/action/hoju.hpp
-- Up-to-date: /home/kazusa/kazusa/install/custom_msgs/include/custom_msgs/custom_msgs
-- Up-to-date: /home/kazusa/kazusa/install/custom_msgs/include/custom_msgs/custom_msgs/msg
-- Up-to-date: /home/kazusa/kazusa/install/custom_msgs/include/custom_msgs/custom_msgs/msg/detail
-- Up-to-date: /home/kazusa/kazusa/install/custom_msgs/include/custom_msgs/custom_msgs/msg/detail/can_packet__rosidl_typesupport_fastrtps_cpp.hpp
-- Up-to-date: /home/kazusa/kazusa/install/custom_msgs/include/custom_msgs/custom_msgs/msg/detail/dds_fastrtps
-- Up-to-date: /home/kazusa/kazusa/install/custom_msgs/include/custom_msgs/custom_msgs/msg/rosidl_typesupport_fastrtps_cpp__visibility_control.h
-- Up-to-date: /home/kazusa/kazusa/install/custom_msgs/include/custom_msgs/custom_msgs/action
-- Up-to-date: /home/kazusa/kazusa/install/custom_msgs/include/custom_msgs/custom_msgs/action/detail
-- Up-to-date: /home/kazusa/kazusa/install/custom_msgs/include/custom_msgs/custom_msgs/action/detail/follow_path__rosidl_typesupport_fastrtps_cpp.hpp
-- Up-to-date: /home/kazusa/kazusa/install/custom_msgs/include/custom_msgs/custom_msgs/action/detail/hoju__rosidl_typesupport_fastrtps_cpp.hpp
-- Up-to-date: /home/kazusa/kazusa/install/custom_msgs/include/custom_msgs/custom_msgs/action/detail/dds_fastrtps
-- Up-to-date: /home/kazusa/kazusa/install/custom_msgs/lib/libcustom_msgs__rosidl_typesupport_fastrtps_cpp.so
-- Up-to-date: /home/kazusa/kazusa/install/custom_msgs/include/custom_msgs/custom_msgs
-- Up-to-date: /home/kazusa/kazusa/install/custom_msgs/include/custom_msgs/custom_msgs/msg
-- Up-to-date: /home/kazusa/kazusa/install/custom_msgs/include/custom_msgs/custom_msgs/msg/detail
-- Up-to-date: /home/kazusa/kazusa/install/custom_msgs/include/custom_msgs/custom_msgs/msg/detail/can_packet__rosidl_typesupport_introspection_cpp.hpp
-- Up-to-date: /home/kazusa/kazusa/install/custom_msgs/include/custom_msgs/custom_msgs/msg/detail/can_packet__type_support.cpp
-- Up-to-date: /home/kazusa/kazusa/install/custom_msgs/include/custom_msgs/custom_msgs/action
-- Up-to-date: /home/kazusa/kazusa/install/custom_msgs/include/custom_msgs/custom_msgs/action/detail
-- Up-to-date: /home/kazusa/kazusa/install/custom_msgs/include/custom_msgs/custom_msgs/action/detail/hoju__rosidl_typesupport_introspection_cpp.hpp
-- Up-to-date: /home/kazusa/kazusa/install/custom_msgs/include/custom_msgs/custom_msgs/action/detail/follow_path__rosidl_typesupport_introspection_cpp.hpp
-- Up-to-date: /home/kazusa/kazusa/install/custom_msgs/include/custom_msgs/custom_msgs/action/detail/hoju__type_support.cpp
-- Up-to-date: /home/kazusa/kazusa/install/custom_msgs/include/custom_msgs/custom_msgs/action/detail/follow_path__type_support.cpp
-- Up-to-date: /home/kazusa/kazusa/install/custom_msgs/lib/libcustom_msgs__rosidl_typesupport_introspection_cpp.so
-- Up-to-date: /home/kazusa/kazusa/install/custom_msgs/lib/libcustom_msgs__rosidl_typesupport_cpp.so
-- Up-to-date: /home/kazusa/kazusa/install/custom_msgs/share/custom_msgs/environment/pythonpath.sh
-- Up-to-date: /home/kazusa/kazusa/install/custom_msgs/share/custom_msgs/environment/pythonpath.dsv
-- Up-to-date: /home/kazusa/kazusa/install/custom_msgs/lib/python3.12/site-packages/custom_msgs-0.0.0-py3.12.egg-info
-- Installing: /home/kazusa/kazusa/install/custom_msgs/lib/python3.12/site-packages/custom_msgs-0.0.0-py3.12.egg-info/top_level.txt
-- Installing: /home/kazusa/kazusa/install/custom_msgs/lib/python3.12/site-packages/custom_msgs-0.0.0-py3.12.egg-info/SOURCES.txt
-- Installing: /home/kazusa/kazusa/install/custom_msgs/lib/python3.12/site-packages/custom_msgs-0.0.0-py3.12.egg-info/PKG-INFO
-- Installing: /home/kazusa/kazusa/install/custom_msgs/lib/python3.12/site-packages/custom_msgs-0.0.0-py3.12.egg-info/dependency_links.txt
-- Up-to-date: /home/kazusa/kazusa/install/custom_msgs/lib/python3.12/site-packages/custom_msgs
-- Up-to-date: /home/kazusa/kazusa/install/custom_msgs/lib/python3.12/site-packages/custom_msgs/__init__.py
-- Up-to-date: /home/kazusa/kazusa/install/custom_msgs/lib/python3.12/site-packages/custom_msgs/msg
-- Up-to-date: /home/kazusa/kazusa/install/custom_msgs/lib/python3.12/site-packages/custom_msgs/msg/__init__.py
-- Up-to-date: /home/kazusa/kazusa/install/custom_msgs/lib/python3.12/site-packages/custom_msgs/msg/_can_packet.py
-- Up-to-date: /home/kazusa/kazusa/install/custom_msgs/lib/python3.12/site-packages/custom_msgs/msg/_can_packet_s.c
-- Up-to-date: /home/kazusa/kazusa/install/custom_msgs/lib/python3.12/site-packages/custom_msgs/_custom_msgs_s.ep.rosidl_typesupport_c.c
-- Up-to-date: /home/kazusa/kazusa/install/custom_msgs/lib/python3.12/site-packages/custom_msgs/action
-- Up-to-date: /home/kazusa/kazusa/install/custom_msgs/lib/python3.12/site-packages/custom_msgs/action/_follow_path_s.c
-- Up-to-date: /home/kazusa/kazusa/install/custom_msgs/lib/python3.12/site-packages/custom_msgs/action/__init__.py
-- Up-to-date: /home/kazusa/kazusa/install/custom_msgs/lib/python3.12/site-packages/custom_msgs/action/_hoju_s.c
-- Up-to-date: /home/kazusa/kazusa/install/custom_msgs/lib/python3.12/site-packages/custom_msgs/action/_hoju.py
-- Up-to-date: /home/kazusa/kazusa/install/custom_msgs/lib/python3.12/site-packages/custom_msgs/action/_follow_path.py
-- Up-to-date: /home/kazusa/kazusa/install/custom_msgs/lib/python3.12/site-packages/custom_msgs/custom_msgs_s__rosidl_typesupport_fastrtps_c.so
-- Up-to-date: /home/kazusa/kazusa/install/custom_msgs/lib/python3.12/site-packages/custom_msgs/_custom_msgs_s.ep.rosidl_typesupport_fastrtps_c.c
-- Up-to-date: /home/kazusa/kazusa/install/custom_msgs/lib/python3.12/site-packages/custom_msgs/custom_msgs_s__rosidl_typesupport_c.so
-- Up-to-date: /home/kazusa/kazusa/install/custom_msgs/lib/python3.12/site-packages/custom_msgs/_custom_msgs_s.ep.rosidl_typesupport_introspection_c.c
-- Up-to-date: /home/kazusa/kazusa/install/custom_msgs/lib/python3.12/site-packages/custom_msgs/custom_msgs_s__rosidl_typesupport_introspection_c.so
Listing '/home/kazusa/kazusa/install/custom_msgs/lib/python3.12/site-packages/custom_msgs'...
Listing '/home/kazusa/kazusa/install/custom_msgs/lib/python3.12/site-packages/custom_msgs/action'...
Listing '/home/kazusa/kazusa/install/custom_msgs/lib/python3.12/site-packages/custom_msgs/msg'...
-- Up-to-date: /home/kazusa/kazusa/install/custom_msgs/lib/python3.12/site-packages/custom_msgs/custom_msgs_s__rosidl_typesupport_fastrtps_c.so
-- Up-to-date: /home/kazusa/kazusa/install/custom_msgs/lib/python3.12/site-packages/custom_msgs/custom_msgs_s__rosidl_typesupport_introspection_c.so
-- Up-to-date: /home/kazusa/kazusa/install/custom_msgs/lib/python3.12/site-packages/custom_msgs/custom_msgs_s__rosidl_typesupport_c.so
-- Up-to-date: /home/kazusa/kazusa/install/custom_msgs/lib/libcustom_msgs__rosidl_generator_py.so
-- Up-to-date: /home/kazusa/kazusa/install/custom_msgs/share/ament_index/resource_index/rust_packages/custom_msgs
-- Up-to-date: /home/kazusa/kazusa/install/custom_msgs/share/custom_msgs/rust
-- Up-to-date: /home/kazusa/kazusa/install/custom_msgs/share/custom_msgs/rust/Cargo.toml
-- Up-to-date: /home/kazusa/kazusa/install/custom_msgs/share/custom_msgs/rust/src
-- Up-to-date: /home/kazusa/kazusa/install/custom_msgs/share/custom_msgs/rust/src/msg
-- Up-to-date: /home/kazusa/kazusa/install/custom_msgs/share/custom_msgs/rust/src/msg/rmw.rs
-- Up-to-date: /home/kazusa/kazusa/install/custom_msgs/share/custom_msgs/rust/src/action
-- Up-to-date: /home/kazusa/kazusa/install/custom_msgs/share/custom_msgs/rust/src/action/rmw.rs
-- Up-to-date: /home/kazusa/kazusa/install/custom_msgs/share/custom_msgs/rust/src/msg.rs
-- Up-to-date: /home/kazusa/kazusa/install/custom_msgs/share/custom_msgs/rust/src/action.rs
-- Up-to-date: /home/kazusa/kazusa/install/custom_msgs/share/custom_msgs/rust/src/lib.rs
-- Up-to-date: /home/kazusa/kazusa/install/custom_msgs/share/custom_msgs/rust/build.rs
-- Up-to-date: /home/kazusa/kazusa/install/custom_msgs/share/custom_msgs/msg/CanPacket.idl
-- Up-to-date: /home/kazusa/kazusa/install/custom_msgs/share/custom_msgs/action/FollowPath.idl
-- Up-to-date: /home/kazusa/kazusa/install/custom_msgs/share/custom_msgs/action/Hoju.idl
-- Up-to-date: /home/kazusa/kazusa/install/custom_msgs/share/custom_msgs/msg/CanPacket.msg
-- Up-to-date: /home/kazusa/kazusa/install/custom_msgs/share/custom_msgs/action/FollowPath.action
-- Up-to-date: /home/kazusa/kazusa/install/custom_msgs/share/custom_msgs/action/Hoju.action
-- Up-to-date: /home/kazusa/kazusa/install/custom_msgs/share/ament_index/resource_index/package_run_dependencies/custom_msgs
-- Up-to-date: /home/kazusa/kazusa/install/custom_msgs/share/ament_index/resource_index/parent_prefix_path/custom_msgs
-- Up-to-date: /home/kazusa/kazusa/install/custom_msgs/share/custom_msgs/environment/ament_prefix_path.sh
-- Up-to-date: /home/kazusa/kazusa/install/custom_msgs/share/custom_msgs/environment/ament_prefix_path.dsv
-- Up-to-date: /home/kazusa/kazusa/install/custom_msgs/share/custom_msgs/environment/path.sh
-- Up-to-date: /home/kazusa/kazusa/install/custom_msgs/share/custom_msgs/environment/path.dsv
-- Up-to-date: /home/kazusa/kazusa/install/custom_msgs/share/custom_msgs/local_setup.bash
-- Up-to-date: /home/kazusa/kazusa/install/custom_msgs/share/custom_msgs/local_setup.sh
-- Up-to-date: /home/kazusa/kazusa/install/custom_msgs/share/custom_msgs/local_setup.zsh
-- Up-to-date: /home/kazusa/kazusa/install/custom_msgs/share/custom_msgs/local_setup.dsv
-- Installing: /home/kazusa/kazusa/install/custom_msgs/share/custom_msgs/package.dsv
-- Up-to-date: /home/kazusa/kazusa/install/custom_msgs/share/ament_index/resource_index/packages/custom_msgs
-- Up-to-date: /home/kazusa/kazusa/install/custom_msgs/share/custom_msgs/cmake/export_custom_msgs__rosidl_generator_cExport.cmake
-- Up-to-date: /home/kazusa/kazusa/install/custom_msgs/share/custom_msgs/cmake/export_custom_msgs__rosidl_generator_cExport-noconfig.cmake
-- Up-to-date: /home/kazusa/kazusa/install/custom_msgs/share/custom_msgs/cmake/export_custom_msgs__rosidl_typesupport_fastrtps_cExport.cmake
-- Up-to-date: /home/kazusa/kazusa/install/custom_msgs/share/custom_msgs/cmake/export_custom_msgs__rosidl_typesupport_fastrtps_cExport-noconfig.cmake
-- Up-to-date: /home/kazusa/kazusa/install/custom_msgs/share/custom_msgs/cmake/custom_msgs__rosidl_typesupport_introspection_cExport.cmake
-- Up-to-date: /home/kazusa/kazusa/install/custom_msgs/share/custom_msgs/cmake/custom_msgs__rosidl_typesupport_introspection_cExport-noconfig.cmake
-- Up-to-date: /home/kazusa/kazusa/install/custom_msgs/share/custom_msgs/cmake/custom_msgs__rosidl_typesupport_cExport.cmake
-- Up-to-date: /home/kazusa/kazusa/install/custom_msgs/share/custom_msgs/cmake/custom_msgs__rosidl_typesupport_cExport-noconfig.cmake
-- Up-to-date: /home/kazusa/kazusa/install/custom_msgs/share/custom_msgs/cmake/export_custom_msgs__rosidl_generator_cppExport.cmake
-- Up-to-date: /home/kazusa/kazusa/install/custom_msgs/share/custom_msgs/cmake/export_custom_msgs__rosidl_typesupport_fastrtps_cppExport.cmake
-- Up-to-date: /home/kazusa/kazusa/install/custom_msgs/share/custom_msgs/cmake/export_custom_msgs__rosidl_typesupport_fastrtps_cppExport-noconfig.cmake
-- Up-to-date: /home/kazusa/kazusa/install/custom_msgs/share/custom_msgs/cmake/custom_msgs__rosidl_typesupport_introspection_cppExport.cmake
-- Up-to-date: /home/kazusa/kazusa/install/custom_msgs/share/custom_msgs/cmake/custom_msgs__rosidl_typesupport_introspection_cppExport-noconfig.cmake
-- Up-to-date: /home/kazusa/kazusa/install/custom_msgs/share/custom_msgs/cmake/custom_msgs__rosidl_typesupport_cppExport.cmake
-- Up-to-date: /home/kazusa/kazusa/install/custom_msgs/share/custom_msgs/cmake/custom_msgs__rosidl_typesupport_cppExport-noconfig.cmake
-- Up-to-date: /home/kazusa/kazusa/install/custom_msgs/share/custom_msgs/cmake/export_custom_msgs__rosidl_generator_pyExport.cmake
-- Up-to-date: /home/kazusa/kazusa/install/custom_msgs/share/custom_msgs/cmake/export_custom_msgs__rosidl_generator_pyExport-noconfig.cmake
-- Up-to-date: /home/kazusa/kazusa/install/custom_msgs/share/custom_msgs/cmake/rosidl_cmake-extras.cmake
-- Up-to-date: /home/kazusa/kazusa/install/custom_msgs/share/custom_msgs/cmake/ament_cmake_export_dependencies-extras.cmake
-- Up-to-date: /home/kazusa/kazusa/install/custom_msgs/share/custom_msgs/cmake/ament_cmake_export_include_directories-extras.cmake
-- Up-to-date: /home/kazusa/kazusa/install/custom_msgs/share/custom_msgs/cmake/ament_cmake_export_libraries-extras.cmake
-- Up-to-date: /home/kazusa/kazusa/install/custom_msgs/share/custom_msgs/cmake/ament_cmake_export_targets-extras.cmake
-- Up-to-date: /home/kazusa/kazusa/install/custom_msgs/share/custom_msgs/cmake/rosidl_cmake_export_typesupport_targets-extras.cmake
-- Up-to-date: /home/kazusa/kazusa/install/custom_msgs/share/custom_msgs/cmake/rosidl_cmake_export_typesupport_libraries-extras.cmake
-- Up-to-date: /home/kazusa/kazusa/install/custom_msgs/share/custom_msgs/cmake/rosidl_cmake_aggregate_target-extras.cmake
-- Up-to-date: /home/kazusa/kazusa/install/custom_msgs/share/custom_msgs/cmake/custom_msgsConfig.cmake
-- Up-to-date: /home/kazusa/kazusa/install/custom_msgs/share/custom_msgs/cmake/custom_msgsConfig-version.cmake
-- Up-to-date: /home/kazusa/kazusa/install/custom_msgs/share/custom_msgs/package.xml
