[0.028s] Invoking command in '/home/kazusa/kazusa/build/custom_msgs': CMAKE_PREFIX_PATH=${CMAKE_PREFIX_PATH}:/opt/ros/humble /usr/bin/cmake --build /home/kazusa/kazusa/build/custom_msgs -- -j12 -l12
[0.079s] [  2%] Built target custom_msgs__rs
[0.084s] [ 12%] Built target custom_msgs__rosidl_generator_c
[0.088s] [ 14%] Built target custom_msgs__cpp
[0.100s] [ 14%] Built target ament_cmake_python_symlink_custom_msgs
[0.117s] [ 25%] Built target custom_msgs__rosidl_typesupport_c
[0.117s] [ 35%] Built target custom_msgs__rosidl_typesupport_introspection_c
[0.122s] [ 45%] Built target custom_msgs__rosidl_typesupport_fastrtps_c
[0.122s] [ 56%] Built target custom_msgs__rosidl_typesupport_cpp
[0.123s] [ 66%] Built target custom_msgs__rosidl_typesupport_fastrtps_cpp
[0.124s] [ 77%] Built target custom_msgs__rosidl_typesupport_introspection_cpp
[0.152s] [ 77%] Built target custom_msgs
[0.181s] [ 79%] Built target custom_msgs__py
[0.211s] [ 87%] Built target custom_msgs__rosidl_generator_py
[0.235s] [ 91%] Built target custom_msgs__rosidl_typesupport_fastrtps_c__pyext
[0.236s] [ 97%] Built target custom_msgs__rosidl_typesupport_c__pyext
[0.236s] [100%] Built target custom_msgs__rosidl_typesupport_introspection_c__pyext
[0.276s] running egg_info
[0.277s] writing custom_msgs.egg-info/PKG-INFO
[0.277s] writing dependency_links to custom_msgs.egg-info/dependency_links.txt
[0.277s] writing top-level names to custom_msgs.egg-info/top_level.txt
[0.279s] reading manifest file 'custom_msgs.egg-info/SOURCES.txt'
[0.279s] writing manifest file 'custom_msgs.egg-info/SOURCES.txt'
[0.323s] [100%] Built target ament_cmake_python_build_custom_msgs_egg
[0.336s] Invoked command in '/home/kazusa/kazusa/build/custom_msgs' returned '0': CMAKE_PREFIX_PATH=${CMAKE_PREFIX_PATH}:/opt/ros/humble /usr/bin/cmake --build /home/kazusa/kazusa/build/custom_msgs -- -j12 -l12
[0.338s] Invoking command in '/home/kazusa/kazusa/build/custom_msgs': CMAKE_PREFIX_PATH=${CMAKE_PREFIX_PATH}:/opt/ros/humble /usr/bin/cmake --install /home/kazusa/kazusa/build/custom_msgs
[0.346s] -- Install configuration: ""
[0.346s] -- Execute custom install script
[0.346s] -- Up-to-date symlink: /home/kazusa/kazusa/install/custom_msgs/share/ament_index/resource_index/rosidl_interfaces/custom_msgs
[0.347s] -- Up-to-date symlink: /home/kazusa/kazusa/install/custom_msgs/include/custom_msgs/custom_msgs/action/detail/follow_path__functions.h
[0.347s] -- Up-to-date symlink: /home/kazusa/kazusa/install/custom_msgs/include/custom_msgs/custom_msgs/action/detail/follow_path__struct.h
[0.347s] -- Up-to-date symlink: /home/kazusa/kazusa/install/custom_msgs/include/custom_msgs/custom_msgs/action/detail/follow_path__type_support.h
[0.347s] -- Up-to-date symlink: /home/kazusa/kazusa/install/custom_msgs/include/custom_msgs/custom_msgs/action/detail/hoju__functions.h
[0.347s] -- Up-to-date symlink: /home/kazusa/kazusa/install/custom_msgs/include/custom_msgs/custom_msgs/action/detail/hoju__struct.h
[0.347s] -- Up-to-date symlink: /home/kazusa/kazusa/install/custom_msgs/include/custom_msgs/custom_msgs/action/detail/hoju__type_support.h
[0.348s] -- Up-to-date symlink: /home/kazusa/kazusa/install/custom_msgs/include/custom_msgs/custom_msgs/action/follow_path.h
[0.348s] -- Up-to-date symlink: /home/kazusa/kazusa/install/custom_msgs/include/custom_msgs/custom_msgs/action/hoju.h
[0.348s] -- Up-to-date symlink: /home/kazusa/kazusa/install/custom_msgs/include/custom_msgs/custom_msgs/msg/can_packet.h
[0.348s] -- Up-to-date symlink: /home/kazusa/kazusa/install/custom_msgs/include/custom_msgs/custom_msgs/msg/detail/can_packet__functions.h
[0.348s] -- Up-to-date symlink: /home/kazusa/kazusa/install/custom_msgs/include/custom_msgs/custom_msgs/msg/detail/can_packet__struct.h
[0.348s] -- Up-to-date symlink: /home/kazusa/kazusa/install/custom_msgs/include/custom_msgs/custom_msgs/msg/detail/can_packet__type_support.h
[0.348s] -- Up-to-date symlink: /home/kazusa/kazusa/install/custom_msgs/include/custom_msgs/custom_msgs/msg/rosidl_generator_c__visibility_control.h
[0.348s] -- Up-to-date symlink: /home/kazusa/kazusa/install/custom_msgs/share/custom_msgs/environment/library_path.sh
[0.348s] -- Up-to-date symlink: /home/kazusa/kazusa/install/custom_msgs/share/custom_msgs/environment/library_path.dsv
[0.348s] -- Up-to-date symlink: /home/kazusa/kazusa/install/custom_msgs/include/custom_msgs/custom_msgs/action/detail/follow_path__rosidl_typesupport_fastrtps_c.h
[0.348s] -- Up-to-date symlink: /home/kazusa/kazusa/install/custom_msgs/include/custom_msgs/custom_msgs/action/detail/hoju__rosidl_typesupport_fastrtps_c.h
[0.349s] -- Up-to-date symlink: /home/kazusa/kazusa/install/custom_msgs/include/custom_msgs/custom_msgs/msg/detail/can_packet__rosidl_typesupport_fastrtps_c.h
[0.349s] -- Up-to-date symlink: /home/kazusa/kazusa/install/custom_msgs/include/custom_msgs/custom_msgs/msg/rosidl_typesupport_fastrtps_c__visibility_control.h
[0.349s] -- Up-to-date symlink: /home/kazusa/kazusa/install/custom_msgs/include/custom_msgs/custom_msgs/action/detail/follow_path__rosidl_typesupport_introspection_c.h
[0.349s] -- Up-to-date symlink: /home/kazusa/kazusa/install/custom_msgs/include/custom_msgs/custom_msgs/action/detail/hoju__rosidl_typesupport_introspection_c.h
[0.349s] -- Up-to-date symlink: /home/kazusa/kazusa/install/custom_msgs/include/custom_msgs/custom_msgs/msg/detail/can_packet__rosidl_typesupport_introspection_c.h
[0.349s] -- Up-to-date symlink: /home/kazusa/kazusa/install/custom_msgs/include/custom_msgs/custom_msgs/msg/rosidl_typesupport_introspection_c__visibility_control.h
[0.349s] -- Up-to-date symlink: /home/kazusa/kazusa/install/custom_msgs/include/custom_msgs/custom_msgs/action/detail/follow_path__builder.hpp
[0.350s] -- Up-to-date symlink: /home/kazusa/kazusa/install/custom_msgs/include/custom_msgs/custom_msgs/action/detail/follow_path__struct.hpp
[0.350s] -- Up-to-date symlink: /home/kazusa/kazusa/install/custom_msgs/include/custom_msgs/custom_msgs/action/detail/follow_path__traits.hpp
[0.350s] -- Up-to-date symlink: /home/kazusa/kazusa/install/custom_msgs/include/custom_msgs/custom_msgs/action/detail/follow_path__type_support.hpp
[0.350s] -- Up-to-date symlink: /home/kazusa/kazusa/install/custom_msgs/include/custom_msgs/custom_msgs/action/detail/hoju__builder.hpp
[0.350s] -- Up-to-date symlink: /home/kazusa/kazusa/install/custom_msgs/include/custom_msgs/custom_msgs/action/detail/hoju__struct.hpp
[0.350s] -- Up-to-date symlink: /home/kazusa/kazusa/install/custom_msgs/include/custom_msgs/custom_msgs/action/detail/hoju__traits.hpp
[0.350s] -- Up-to-date symlink: /home/kazusa/kazusa/install/custom_msgs/include/custom_msgs/custom_msgs/action/detail/hoju__type_support.hpp
[0.350s] -- Up-to-date symlink: /home/kazusa/kazusa/install/custom_msgs/include/custom_msgs/custom_msgs/action/follow_path.hpp
[0.350s] -- Up-to-date symlink: /home/kazusa/kazusa/install/custom_msgs/include/custom_msgs/custom_msgs/action/hoju.hpp
[0.350s] -- Up-to-date symlink: /home/kazusa/kazusa/install/custom_msgs/include/custom_msgs/custom_msgs/msg/can_packet.hpp
[0.350s] -- Up-to-date symlink: /home/kazusa/kazusa/install/custom_msgs/include/custom_msgs/custom_msgs/msg/detail/can_packet__builder.hpp
[0.350s] -- Up-to-date symlink: /home/kazusa/kazusa/install/custom_msgs/include/custom_msgs/custom_msgs/msg/detail/can_packet__struct.hpp
[0.350s] -- Up-to-date symlink: /home/kazusa/kazusa/install/custom_msgs/include/custom_msgs/custom_msgs/msg/detail/can_packet__traits.hpp
[0.351s] -- Up-to-date symlink: /home/kazusa/kazusa/install/custom_msgs/include/custom_msgs/custom_msgs/msg/detail/can_packet__type_support.hpp
[0.351s] -- Up-to-date symlink: /home/kazusa/kazusa/install/custom_msgs/include/custom_msgs/custom_msgs/msg/rosidl_generator_cpp__visibility_control.hpp
[0.351s] -- Up-to-date symlink: /home/kazusa/kazusa/install/custom_msgs/include/custom_msgs/custom_msgs/action/detail/follow_path__rosidl_typesupport_fastrtps_cpp.hpp
[0.351s] -- Up-to-date symlink: /home/kazusa/kazusa/install/custom_msgs/include/custom_msgs/custom_msgs/action/detail/hoju__rosidl_typesupport_fastrtps_cpp.hpp
[0.351s] -- Up-to-date symlink: /home/kazusa/kazusa/install/custom_msgs/include/custom_msgs/custom_msgs/msg/detail/can_packet__rosidl_typesupport_fastrtps_cpp.hpp
[0.351s] -- Up-to-date symlink: /home/kazusa/kazusa/install/custom_msgs/include/custom_msgs/custom_msgs/msg/rosidl_typesupport_fastrtps_cpp__visibility_control.h
[0.352s] -- Up-to-date symlink: /home/kazusa/kazusa/install/custom_msgs/include/custom_msgs/custom_msgs/action/detail/follow_path__rosidl_typesupport_introspection_cpp.hpp
[0.352s] -- Up-to-date symlink: /home/kazusa/kazusa/install/custom_msgs/include/custom_msgs/custom_msgs/action/detail/hoju__rosidl_typesupport_introspection_cpp.hpp
[0.352s] -- Up-to-date symlink: /home/kazusa/kazusa/install/custom_msgs/include/custom_msgs/custom_msgs/msg/detail/can_packet__rosidl_typesupport_introspection_cpp.hpp
[0.352s] -- Up-to-date symlink: /home/kazusa/kazusa/install/custom_msgs/share/custom_msgs/environment/pythonpath.sh
[0.352s] -- Up-to-date symlink: /home/kazusa/kazusa/install/custom_msgs/share/custom_msgs/environment/pythonpath.dsv
[0.352s] -- Up-to-date symlink: /home/kazusa/kazusa/install/custom_msgs/local/lib/python3.10/dist-packages/custom_msgs-0.0.0-py3.10.egg-info/PKG-INFO
[0.352s] -- Up-to-date symlink: /home/kazusa/kazusa/install/custom_msgs/local/lib/python3.10/dist-packages/custom_msgs-0.0.0-py3.10.egg-info/SOURCES.txt
[0.352s] -- Up-to-date symlink: /home/kazusa/kazusa/install/custom_msgs/local/lib/python3.10/dist-packages/custom_msgs-0.0.0-py3.10.egg-info/dependency_links.txt
[0.352s] -- Up-to-date symlink: /home/kazusa/kazusa/install/custom_msgs/local/lib/python3.10/dist-packages/custom_msgs-0.0.0-py3.10.egg-info/top_level.txt
[0.353s] -- Up-to-date symlink: /home/kazusa/kazusa/install/custom_msgs/local/lib/python3.10/dist-packages/custom_msgs/__init__.py
[0.353s] -- Up-to-date symlink: /home/kazusa/kazusa/install/custom_msgs/local/lib/python3.10/dist-packages/custom_msgs/_custom_msgs_s.ep.rosidl_typesupport_c.c
[0.353s] -- Up-to-date symlink: /home/kazusa/kazusa/install/custom_msgs/local/lib/python3.10/dist-packages/custom_msgs/_custom_msgs_s.ep.rosidl_typesupport_fastrtps_c.c
[0.353s] -- Up-to-date symlink: /home/kazusa/kazusa/install/custom_msgs/local/lib/python3.10/dist-packages/custom_msgs/_custom_msgs_s.ep.rosidl_typesupport_introspection_c.c
[0.353s] -- Up-to-date symlink: /home/kazusa/kazusa/install/custom_msgs/local/lib/python3.10/dist-packages/custom_msgs/action/__init__.py
[0.353s] -- Up-to-date symlink: /home/kazusa/kazusa/install/custom_msgs/local/lib/python3.10/dist-packages/custom_msgs/action/_follow_path.py
[0.353s] -- Up-to-date symlink: /home/kazusa/kazusa/install/custom_msgs/local/lib/python3.10/dist-packages/custom_msgs/action/_follow_path_s.c
[0.353s] -- Up-to-date symlink: /home/kazusa/kazusa/install/custom_msgs/local/lib/python3.10/dist-packages/custom_msgs/action/_hoju.py
[0.353s] -- Up-to-date symlink: /home/kazusa/kazusa/install/custom_msgs/local/lib/python3.10/dist-packages/custom_msgs/action/_hoju_s.c
[0.353s] -- Up-to-date symlink: /home/kazusa/kazusa/install/custom_msgs/local/lib/python3.10/dist-packages/custom_msgs/custom_msgs_s__rosidl_typesupport_c.cpython-310-x86_64-linux-gnu.so
[0.353s] -- Up-to-date symlink: /home/kazusa/kazusa/install/custom_msgs/local/lib/python3.10/dist-packages/custom_msgs/custom_msgs_s__rosidl_typesupport_fastrtps_c.cpython-310-x86_64-linux-gnu.so
[0.354s] -- Up-to-date symlink: /home/kazusa/kazusa/install/custom_msgs/local/lib/python3.10/dist-packages/custom_msgs/custom_msgs_s__rosidl_typesupport_introspection_c.cpython-310-x86_64-linux-gnu.so
[0.354s] -- Up-to-date symlink: /home/kazusa/kazusa/install/custom_msgs/local/lib/python3.10/dist-packages/custom_msgs/libcustom_msgs__rosidl_generator_py.so
[0.354s] -- Up-to-date symlink: /home/kazusa/kazusa/install/custom_msgs/local/lib/python3.10/dist-packages/custom_msgs/msg/__init__.py
[0.354s] -- Up-to-date symlink: /home/kazusa/kazusa/install/custom_msgs/local/lib/python3.10/dist-packages/custom_msgs/msg/_can_packet.py
[0.354s] -- Up-to-date symlink: /home/kazusa/kazusa/install/custom_msgs/local/lib/python3.10/dist-packages/custom_msgs/msg/_can_packet_s.c
[0.354s] -- Up-to-date symlink: /home/kazusa/kazusa/install/custom_msgs/local/lib/python3.10/dist-packages/custom_msgs/custom_msgs_s__rosidl_typesupport_fastrtps_c.cpython-310-x86_64-linux-gnu.so
[0.354s] -- Up-to-date symlink: /home/kazusa/kazusa/install/custom_msgs/local/lib/python3.10/dist-packages/custom_msgs/custom_msgs_s__rosidl_typesupport_introspection_c.cpython-310-x86_64-linux-gnu.so
[0.354s] -- Up-to-date symlink: /home/kazusa/kazusa/install/custom_msgs/local/lib/python3.10/dist-packages/custom_msgs/custom_msgs_s__rosidl_typesupport_c.cpython-310-x86_64-linux-gnu.so
[0.355s] -- Up-to-date symlink: /home/kazusa/kazusa/install/custom_msgs/share/ament_index/resource_index/rust_packages/custom_msgs
[0.355s] -- Up-to-date symlink: /home/kazusa/kazusa/install/custom_msgs/share/custom_msgs/rust/Cargo.toml
[0.355s] -- Up-to-date symlink: /home/kazusa/kazusa/install/custom_msgs/share/custom_msgs/rust/build.rs
[0.355s] -- Up-to-date symlink: /home/kazusa/kazusa/install/custom_msgs/share/custom_msgs/rust/src/action.rs
[0.355s] -- Up-to-date symlink: /home/kazusa/kazusa/install/custom_msgs/share/custom_msgs/rust/src/action/rmw.rs
[0.355s] -- Up-to-date symlink: /home/kazusa/kazusa/install/custom_msgs/share/custom_msgs/rust/src/lib.rs
[0.355s] -- Up-to-date symlink: /home/kazusa/kazusa/install/custom_msgs/share/custom_msgs/rust/src/msg.rs
[0.355s] -- Up-to-date symlink: /home/kazusa/kazusa/install/custom_msgs/share/custom_msgs/rust/src/msg/rmw.rs
[0.355s] -- Up-to-date symlink: /home/kazusa/kazusa/install/custom_msgs/share/custom_msgs/msg/CanPacket.idl
[0.355s] -- Up-to-date symlink: /home/kazusa/kazusa/install/custom_msgs/share/custom_msgs/action/FollowPath.idl
[0.356s] -- Up-to-date symlink: /home/kazusa/kazusa/install/custom_msgs/share/custom_msgs/action/Hoju.idl
[0.356s] -- Up-to-date symlink: /home/kazusa/kazusa/install/custom_msgs/share/custom_msgs/msg/CanPacket.msg
[0.356s] -- Up-to-date symlink: /home/kazusa/kazusa/install/custom_msgs/share/custom_msgs/action/FollowPath.action
[0.356s] -- Up-to-date symlink: /home/kazusa/kazusa/install/custom_msgs/share/custom_msgs/action/Hoju.action
[0.356s] -- Up-to-date symlink: /home/kazusa/kazusa/install/custom_msgs/share/ament_index/resource_index/package_run_dependencies/custom_msgs
[0.356s] -- Up-to-date symlink: /home/kazusa/kazusa/install/custom_msgs/share/ament_index/resource_index/parent_prefix_path/custom_msgs
[0.356s] -- Up-to-date symlink: /home/kazusa/kazusa/install/custom_msgs/share/custom_msgs/environment/ament_prefix_path.sh
[0.356s] -- Up-to-date symlink: /home/kazusa/kazusa/install/custom_msgs/share/custom_msgs/environment/ament_prefix_path.dsv
[0.356s] -- Up-to-date symlink: /home/kazusa/kazusa/install/custom_msgs/share/custom_msgs/environment/path.sh
[0.356s] -- Up-to-date symlink: /home/kazusa/kazusa/install/custom_msgs/share/custom_msgs/environment/path.dsv
[0.356s] -- Up-to-date symlink: /home/kazusa/kazusa/install/custom_msgs/share/custom_msgs/local_setup.bash
[0.356s] -- Up-to-date symlink: /home/kazusa/kazusa/install/custom_msgs/share/custom_msgs/local_setup.sh
[0.357s] -- Up-to-date symlink: /home/kazusa/kazusa/install/custom_msgs/share/custom_msgs/local_setup.zsh
[0.357s] -- Up-to-date symlink: /home/kazusa/kazusa/install/custom_msgs/share/custom_msgs/local_setup.dsv
[0.357s] -- Symlinking: /home/kazusa/kazusa/install/custom_msgs/share/custom_msgs/package.dsv
[0.368s] -- Up-to-date symlink: /home/kazusa/kazusa/install/custom_msgs/share/ament_index/resource_index/packages/custom_msgs
[0.368s] -- Up-to-date symlink: /home/kazusa/kazusa/install/custom_msgs/share/custom_msgs/cmake/rosidl_cmake-extras.cmake
[0.369s] -- Up-to-date symlink: /home/kazusa/kazusa/install/custom_msgs/share/custom_msgs/cmake/ament_cmake_export_dependencies-extras.cmake
[0.369s] -- Up-to-date symlink: /home/kazusa/kazusa/install/custom_msgs/share/custom_msgs/cmake/ament_cmake_export_include_directories-extras.cmake
[0.369s] -- Up-to-date symlink: /home/kazusa/kazusa/install/custom_msgs/share/custom_msgs/cmake/ament_cmake_export_libraries-extras.cmake
[0.369s] -- Up-to-date symlink: /home/kazusa/kazusa/install/custom_msgs/share/custom_msgs/cmake/ament_cmake_export_targets-extras.cmake
[0.369s] -- Up-to-date symlink: /home/kazusa/kazusa/install/custom_msgs/share/custom_msgs/cmake/rosidl_cmake_export_typesupport_targets-extras.cmake
[0.369s] -- Up-to-date symlink: /home/kazusa/kazusa/install/custom_msgs/share/custom_msgs/cmake/rosidl_cmake_export_typesupport_libraries-extras.cmake
[0.369s] -- Up-to-date symlink: /home/kazusa/kazusa/install/custom_msgs/share/custom_msgs/cmake/rosidl_cmake_aggregate_target-extras.cmake
[0.369s] -- Up-to-date symlink: /home/kazusa/kazusa/install/custom_msgs/share/custom_msgs/cmake/custom_msgsConfig.cmake
[0.369s] -- Up-to-date symlink: /home/kazusa/kazusa/install/custom_msgs/share/custom_msgs/cmake/custom_msgsConfig-version.cmake
[0.369s] -- Up-to-date symlink: /home/kazusa/kazusa/install/custom_msgs/share/custom_msgs/package.xml
[0.369s] -- Up-to-date: /home/kazusa/kazusa/install/custom_msgs/lib/libcustom_msgs__rosidl_generator_c.so
[0.370s] -- Up-to-date: /home/kazusa/kazusa/install/custom_msgs/lib/libcustom_msgs__rosidl_typesupport_fastrtps_c.so
[0.370s] -- Up-to-date: /home/kazusa/kazusa/install/custom_msgs/lib/libcustom_msgs__rosidl_typesupport_introspection_c.so
[0.370s] -- Up-to-date: /home/kazusa/kazusa/install/custom_msgs/lib/libcustom_msgs__rosidl_typesupport_c.so
[0.370s] -- Up-to-date: /home/kazusa/kazusa/install/custom_msgs/lib/libcustom_msgs__rosidl_typesupport_fastrtps_cpp.so
[0.370s] -- Up-to-date: /home/kazusa/kazusa/install/custom_msgs/lib/libcustom_msgs__rosidl_typesupport_introspection_cpp.so
[0.371s] -- Up-to-date: /home/kazusa/kazusa/install/custom_msgs/lib/libcustom_msgs__rosidl_typesupport_cpp.so
[0.398s] Listing '/home/kazusa/kazusa/install/custom_msgs/local/lib/python3.10/dist-packages/custom_msgs'...
[0.398s] Listing '/home/kazusa/kazusa/install/custom_msgs/local/lib/python3.10/dist-packages/custom_msgs/action'...
[0.398s] Listing '/home/kazusa/kazusa/install/custom_msgs/local/lib/python3.10/dist-packages/custom_msgs/msg'...
[0.401s] -- Up-to-date: /home/kazusa/kazusa/install/custom_msgs/lib/libcustom_msgs__rosidl_generator_py.so
[0.401s] -- Up-to-date: /home/kazusa/kazusa/install/custom_msgs/share/custom_msgs/cmake/export_custom_msgs__rosidl_generator_cExport.cmake
[0.401s] -- Up-to-date: /home/kazusa/kazusa/install/custom_msgs/share/custom_msgs/cmake/export_custom_msgs__rosidl_generator_cExport-noconfig.cmake
[0.401s] -- Up-to-date: /home/kazusa/kazusa/install/custom_msgs/share/custom_msgs/cmake/export_custom_msgs__rosidl_typesupport_fastrtps_cExport.cmake
[0.402s] -- Up-to-date: /home/kazusa/kazusa/install/custom_msgs/share/custom_msgs/cmake/export_custom_msgs__rosidl_typesupport_fastrtps_cExport-noconfig.cmake
[0.402s] -- Up-to-date: /home/kazusa/kazusa/install/custom_msgs/share/custom_msgs/cmake/custom_msgs__rosidl_typesupport_introspection_cExport.cmake
[0.402s] -- Up-to-date: /home/kazusa/kazusa/install/custom_msgs/share/custom_msgs/cmake/custom_msgs__rosidl_typesupport_introspection_cExport-noconfig.cmake
[0.402s] -- Up-to-date: /home/kazusa/kazusa/install/custom_msgs/share/custom_msgs/cmake/custom_msgs__rosidl_typesupport_cExport.cmake
[0.402s] -- Up-to-date: /home/kazusa/kazusa/install/custom_msgs/share/custom_msgs/cmake/custom_msgs__rosidl_typesupport_cExport-noconfig.cmake
[0.402s] -- Up-to-date: /home/kazusa/kazusa/install/custom_msgs/share/custom_msgs/cmake/export_custom_msgs__rosidl_generator_cppExport.cmake
[0.402s] -- Up-to-date: /home/kazusa/kazusa/install/custom_msgs/share/custom_msgs/cmake/export_custom_msgs__rosidl_typesupport_fastrtps_cppExport.cmake
[0.402s] -- Up-to-date: /home/kazusa/kazusa/install/custom_msgs/share/custom_msgs/cmake/export_custom_msgs__rosidl_typesupport_fastrtps_cppExport-noconfig.cmake
[0.402s] -- Up-to-date: /home/kazusa/kazusa/install/custom_msgs/share/custom_msgs/cmake/custom_msgs__rosidl_typesupport_introspection_cppExport.cmake
[0.402s] -- Up-to-date: /home/kazusa/kazusa/install/custom_msgs/share/custom_msgs/cmake/custom_msgs__rosidl_typesupport_introspection_cppExport-noconfig.cmake
[0.402s] -- Up-to-date: /home/kazusa/kazusa/install/custom_msgs/share/custom_msgs/cmake/custom_msgs__rosidl_typesupport_cppExport.cmake
[0.402s] -- Up-to-date: /home/kazusa/kazusa/install/custom_msgs/share/custom_msgs/cmake/custom_msgs__rosidl_typesupport_cppExport-noconfig.cmake
[0.402s] -- Up-to-date: /home/kazusa/kazusa/install/custom_msgs/share/custom_msgs/cmake/export_custom_msgs__rosidl_generator_pyExport.cmake
[0.402s] -- Up-to-date: /home/kazusa/kazusa/install/custom_msgs/share/custom_msgs/cmake/export_custom_msgs__rosidl_generator_pyExport-noconfig.cmake
[0.405s] Invoked command in '/home/kazusa/kazusa/build/custom_msgs' returned '0': CMAKE_PREFIX_PATH=${CMAKE_PREFIX_PATH}:/opt/ros/humble /usr/bin/cmake --install /home/kazusa/kazusa/build/custom_msgs
