[0.024s] Invoking command in '/home/kazusa/kazusa/build/controller': CMAKE_PREFIX_PATH=${CMAKE_PREFIX_PATH}:/opt/ros/jazzy DEBUGINFOD_URLS=https://debuginfod.ubuntu.com /usr/bin/cmake --build /home/kazusa/kazusa/build/controller -- -j12 -l12
[0.082s] [  2%] Built target controller__rs
[0.083s] [  5%] Built target controller__rosidl_generator_type_description
[0.095s] [  5%] Built target ament_cmake_python_copy_controller
[0.108s] [  8%] Built target controller__cpp
[0.116s] [ 22%] Built target controller__rosidl_generator_c
[0.151s] [ 34%] Built target controller__rosidl_typesupport_fastrtps_cpp
[0.151s] [ 48%] Built target controller__rosidl_typesupport_introspection_cpp
[0.151s] [ 48%] Built target controller__rosidl_typesupport_cpp
[0.151s] [ 57%] Built target controller__rosidl_typesupport_c
[0.151s] [ 65%] Built target controller__rosidl_typesupport_fastrtps_c
[0.151s] [ 74%] Built target controller__rosidl_typesupport_introspection_c
[0.180s] [ 74%] Built target controller
[0.208s] [ 77%] Built target controller__py
[0.228s] [ 82%] Built target controller__rosidl_generator_py
[0.249s] [ 88%] Built target controller_s__rosidl_typesupport_fastrtps_c
[0.257s] [100%] Built target controller_s__rosidl_typesupport_introspection_c
[0.257s] [100%] Built target controller_s__rosidl_typesupport_c
[0.310s] running egg_info
[0.320s] writing controller.egg-info/PKG-INFO
[0.320s] writing dependency_links to controller.egg-info/dependency_links.txt
[0.321s] writing top-level names to controller.egg-info/top_level.txt
[0.352s] reading manifest file 'controller.egg-info/SOURCES.txt'
[0.352s] writing manifest file 'controller.egg-info/SOURCES.txt'
[0.378s] [100%] Built target ament_cmake_python_build_controller_egg
[0.395s] Invoked command in '/home/kazusa/kazusa/build/controller' returned '0': CMAKE_PREFIX_PATH=${CMAKE_PREFIX_PATH}:/opt/ros/jazzy DEBUGINFOD_URLS=https://debuginfod.ubuntu.com /usr/bin/cmake --build /home/kazusa/kazusa/build/controller -- -j12 -l12
[0.397s] Invoking command in '/home/kazusa/kazusa/build/controller': CMAKE_PREFIX_PATH=${CMAKE_PREFIX_PATH}:/opt/ros/jazzy DEBUGINFOD_URLS=https://debuginfod.ubuntu.com /usr/bin/cmake --install /home/kazusa/kazusa/build/controller
[0.407s] -- Install configuration: ""
[0.407s] -- Up-to-date: /home/kazusa/kazusa/install/controller/share/ament_index/resource_index/rosidl_interfaces/controller
[0.407s] -- Up-to-date: /home/kazusa/kazusa/install/controller/share/controller/msg/Controller.json
[0.407s] -- Up-to-date: /home/kazusa/kazusa/install/controller/include/controller/controller
[0.407s] -- Up-to-date: /home/kazusa/kazusa/install/controller/include/controller/controller/msg
[0.407s] -- Up-to-date: /home/kazusa/kazusa/install/controller/include/controller/controller/msg/rosidl_generator_c__visibility_control.h
[0.407s] -- Up-to-date: /home/kazusa/kazusa/install/controller/include/controller/controller/msg/controller.h
[0.407s] -- Up-to-date: /home/kazusa/kazusa/install/controller/include/controller/controller/msg/detail
[0.407s] -- Up-to-date: /home/kazusa/kazusa/install/controller/include/controller/controller/msg/detail/controller__type_support.c
[0.407s] -- Up-to-date: /home/kazusa/kazusa/install/controller/include/controller/controller/msg/detail/controller__functions.h
[0.407s] -- Up-to-date: /home/kazusa/kazusa/install/controller/include/controller/controller/msg/detail/controller__functions.c
[0.408s] -- Up-to-date: /home/kazusa/kazusa/install/controller/include/controller/controller/msg/detail/controller__type_support.h
[0.408s] -- Up-to-date: /home/kazusa/kazusa/install/controller/include/controller/controller/msg/detail/controller__description.c
[0.408s] -- Up-to-date: /home/kazusa/kazusa/install/controller/include/controller/controller/msg/detail/controller__struct.h
[0.408s] -- Up-to-date: /home/kazusa/kazusa/install/controller/share/controller/environment/library_path.sh
[0.408s] -- Up-to-date: /home/kazusa/kazusa/install/controller/share/controller/environment/library_path.dsv
[0.408s] -- Up-to-date: /home/kazusa/kazusa/install/controller/lib/libcontroller__rosidl_generator_c.so
[0.408s] -- Up-to-date: /home/kazusa/kazusa/install/controller/include/controller/controller
[0.408s] -- Up-to-date: /home/kazusa/kazusa/install/controller/include/controller/controller/msg
[0.408s] -- Up-to-date: /home/kazusa/kazusa/install/controller/include/controller/controller/msg/detail
[0.408s] -- Up-to-date: /home/kazusa/kazusa/install/controller/include/controller/controller/msg/detail/controller__rosidl_typesupport_fastrtps_c.h
[0.408s] -- Up-to-date: /home/kazusa/kazusa/install/controller/include/controller/controller/msg/rosidl_typesupport_fastrtps_c__visibility_control.h
[0.408s] -- Up-to-date: /home/kazusa/kazusa/install/controller/lib/libcontroller__rosidl_typesupport_fastrtps_c.so
[0.408s] -- Up-to-date: /home/kazusa/kazusa/install/controller/include/controller/controller
[0.408s] -- Up-to-date: /home/kazusa/kazusa/install/controller/include/controller/controller/msg
[0.408s] -- Up-to-date: /home/kazusa/kazusa/install/controller/include/controller/controller/msg/rosidl_typesupport_introspection_c__visibility_control.h
[0.409s] -- Up-to-date: /home/kazusa/kazusa/install/controller/include/controller/controller/msg/detail
[0.409s] -- Up-to-date: /home/kazusa/kazusa/install/controller/include/controller/controller/msg/detail/controller__type_support.c
[0.409s] -- Up-to-date: /home/kazusa/kazusa/install/controller/include/controller/controller/msg/detail/controller__rosidl_typesupport_introspection_c.h
[0.409s] -- Up-to-date: /home/kazusa/kazusa/install/controller/lib/libcontroller__rosidl_typesupport_introspection_c.so
[0.409s] -- Up-to-date: /home/kazusa/kazusa/install/controller/lib/libcontroller__rosidl_typesupport_c.so
[0.409s] -- Up-to-date: /home/kazusa/kazusa/install/controller/include/controller/controller
[0.410s] -- Up-to-date: /home/kazusa/kazusa/install/controller/include/controller/controller/msg
[0.410s] -- Up-to-date: /home/kazusa/kazusa/install/controller/include/controller/controller/msg/detail
[0.410s] -- Up-to-date: /home/kazusa/kazusa/install/controller/include/controller/controller/msg/detail/controller__struct.hpp
[0.410s] -- Up-to-date: /home/kazusa/kazusa/install/controller/include/controller/controller/msg/detail/controller__traits.hpp
[0.410s] -- Up-to-date: /home/kazusa/kazusa/install/controller/include/controller/controller/msg/detail/controller__type_support.hpp
[0.410s] -- Up-to-date: /home/kazusa/kazusa/install/controller/include/controller/controller/msg/detail/controller__builder.hpp
[0.410s] -- Up-to-date: /home/kazusa/kazusa/install/controller/include/controller/controller/msg/controller.hpp
[0.410s] -- Up-to-date: /home/kazusa/kazusa/install/controller/include/controller/controller/msg/rosidl_generator_cpp__visibility_control.hpp
[0.410s] -- Up-to-date: /home/kazusa/kazusa/install/controller/include/controller/controller
[0.410s] -- Up-to-date: /home/kazusa/kazusa/install/controller/include/controller/controller/msg
[0.411s] -- Up-to-date: /home/kazusa/kazusa/install/controller/include/controller/controller/msg/detail
[0.411s] -- Up-to-date: /home/kazusa/kazusa/install/controller/include/controller/controller/msg/detail/dds_fastrtps
[0.411s] -- Up-to-date: /home/kazusa/kazusa/install/controller/include/controller/controller/msg/detail/controller__rosidl_typesupport_fastrtps_cpp.hpp
[0.411s] -- Up-to-date: /home/kazusa/kazusa/install/controller/include/controller/controller/msg/rosidl_typesupport_fastrtps_cpp__visibility_control.h
[0.411s] -- Up-to-date: /home/kazusa/kazusa/install/controller/lib/libcontroller__rosidl_typesupport_fastrtps_cpp.so
[0.411s] -- Up-to-date: /home/kazusa/kazusa/install/controller/include/controller/controller
[0.411s] -- Up-to-date: /home/kazusa/kazusa/install/controller/include/controller/controller/msg
[0.411s] -- Up-to-date: /home/kazusa/kazusa/install/controller/include/controller/controller/msg/detail
[0.411s] -- Up-to-date: /home/kazusa/kazusa/install/controller/include/controller/controller/msg/detail/controller__type_support.cpp
[0.411s] -- Up-to-date: /home/kazusa/kazusa/install/controller/include/controller/controller/msg/detail/controller__rosidl_typesupport_introspection_cpp.hpp
[0.411s] -- Up-to-date: /home/kazusa/kazusa/install/controller/lib/libcontroller__rosidl_typesupport_introspection_cpp.so
[0.411s] -- Up-to-date: /home/kazusa/kazusa/install/controller/lib/libcontroller__rosidl_typesupport_cpp.so
[0.411s] -- Up-to-date: /home/kazusa/kazusa/install/controller/share/controller/environment/pythonpath.sh
[0.411s] -- Up-to-date: /home/kazusa/kazusa/install/controller/share/controller/environment/pythonpath.dsv
[0.411s] -- Up-to-date: /home/kazusa/kazusa/install/controller/lib/python3.12/site-packages/controller-0.0.0-py3.12.egg-info
[0.411s] -- Installing: /home/kazusa/kazusa/install/controller/lib/python3.12/site-packages/controller-0.0.0-py3.12.egg-info/top_level.txt
[0.411s] -- Installing: /home/kazusa/kazusa/install/controller/lib/python3.12/site-packages/controller-0.0.0-py3.12.egg-info/SOURCES.txt
[0.411s] -- Installing: /home/kazusa/kazusa/install/controller/lib/python3.12/site-packages/controller-0.0.0-py3.12.egg-info/PKG-INFO
[0.411s] -- Installing: /home/kazusa/kazusa/install/controller/lib/python3.12/site-packages/controller-0.0.0-py3.12.egg-info/dependency_links.txt
[0.411s] -- Up-to-date: /home/kazusa/kazusa/install/controller/lib/python3.12/site-packages/controller
[0.411s] -- Up-to-date: /home/kazusa/kazusa/install/controller/lib/python3.12/site-packages/controller/_controller_s.ep.rosidl_typesupport_c.c
[0.411s] -- Up-to-date: /home/kazusa/kazusa/install/controller/lib/python3.12/site-packages/controller/__init__.py
[0.412s] -- Up-to-date: /home/kazusa/kazusa/install/controller/lib/python3.12/site-packages/controller/_controller_s.ep.rosidl_typesupport_fastrtps_c.c
[0.412s] -- Up-to-date: /home/kazusa/kazusa/install/controller/lib/python3.12/site-packages/controller/msg
[0.412s] -- Up-to-date: /home/kazusa/kazusa/install/controller/lib/python3.12/site-packages/controller/msg/__init__.py
[0.412s] -- Up-to-date: /home/kazusa/kazusa/install/controller/lib/python3.12/site-packages/controller/msg/_controller_s.c
[0.412s] -- Up-to-date: /home/kazusa/kazusa/install/controller/lib/python3.12/site-packages/controller/msg/_controller.py
[0.412s] -- Up-to-date: /home/kazusa/kazusa/install/controller/lib/python3.12/site-packages/controller/_controller_s.ep.rosidl_typesupport_introspection_c.c
[0.412s] -- Up-to-date: /home/kazusa/kazusa/install/controller/lib/python3.12/site-packages/controller/controller_s__rosidl_typesupport_fastrtps_c.so
[0.412s] -- Up-to-date: /home/kazusa/kazusa/install/controller/lib/python3.12/site-packages/controller/controller_s__rosidl_typesupport_introspection_c.so
[0.412s] -- Up-to-date: /home/kazusa/kazusa/install/controller/lib/python3.12/site-packages/controller/controller_s__rosidl_typesupport_c.so
[0.436s] Listing '/home/kazusa/kazusa/install/controller/lib/python3.12/site-packages/controller'...
[0.436s] Listing '/home/kazusa/kazusa/install/controller/lib/python3.12/site-packages/controller/msg'...
[0.440s] -- Up-to-date: /home/kazusa/kazusa/install/controller/lib/python3.12/site-packages/controller/controller_s__rosidl_typesupport_fastrtps_c.so
[0.441s] -- Up-to-date: /home/kazusa/kazusa/install/controller/lib/python3.12/site-packages/controller/controller_s__rosidl_typesupport_introspection_c.so
[0.442s] -- Up-to-date: /home/kazusa/kazusa/install/controller/lib/python3.12/site-packages/controller/controller_s__rosidl_typesupport_c.so
[0.442s] -- Up-to-date: /home/kazusa/kazusa/install/controller/lib/libcontroller__rosidl_generator_py.so
[0.443s] -- Up-to-date: /home/kazusa/kazusa/install/controller/share/ament_index/resource_index/rust_packages/controller
[0.443s] -- Up-to-date: /home/kazusa/kazusa/install/controller/share/controller/rust
[0.443s] -- Up-to-date: /home/kazusa/kazusa/install/controller/share/controller/rust/Cargo.toml
[0.443s] -- Up-to-date: /home/kazusa/kazusa/install/controller/share/controller/rust/src
[0.443s] -- Up-to-date: /home/kazusa/kazusa/install/controller/share/controller/rust/src/msg
[0.444s] -- Up-to-date: /home/kazusa/kazusa/install/controller/share/controller/rust/src/msg/rmw.rs
[0.444s] -- Up-to-date: /home/kazusa/kazusa/install/controller/share/controller/rust/src/msg.rs
[0.444s] -- Up-to-date: /home/kazusa/kazusa/install/controller/share/controller/rust/src/lib.rs
[0.444s] -- Up-to-date: /home/kazusa/kazusa/install/controller/share/controller/rust/build.rs
[0.444s] -- Up-to-date: /home/kazusa/kazusa/install/controller/share/controller/msg/Controller.idl
[0.444s] -- Up-to-date: /home/kazusa/kazusa/install/controller/share/controller/msg/Controller.msg
[0.444s] -- Up-to-date: /home/kazusa/kazusa/install/controller/share/ament_index/resource_index/package_run_dependencies/controller
[0.444s] -- Up-to-date: /home/kazusa/kazusa/install/controller/share/ament_index/resource_index/parent_prefix_path/controller
[0.444s] -- Up-to-date: /home/kazusa/kazusa/install/controller/share/controller/environment/ament_prefix_path.sh
[0.445s] -- Up-to-date: /home/kazusa/kazusa/install/controller/share/controller/environment/ament_prefix_path.dsv
[0.445s] -- Up-to-date: /home/kazusa/kazusa/install/controller/share/controller/environment/path.sh
[0.445s] -- Up-to-date: /home/kazusa/kazusa/install/controller/share/controller/environment/path.dsv
[0.445s] -- Up-to-date: /home/kazusa/kazusa/install/controller/share/controller/local_setup.bash
[0.445s] -- Up-to-date: /home/kazusa/kazusa/install/controller/share/controller/local_setup.sh
[0.445s] -- Up-to-date: /home/kazusa/kazusa/install/controller/share/controller/local_setup.zsh
[0.445s] -- Up-to-date: /home/kazusa/kazusa/install/controller/share/controller/local_setup.dsv
[0.445s] -- Installing: /home/kazusa/kazusa/install/controller/share/controller/package.dsv
[0.445s] -- Up-to-date: /home/kazusa/kazusa/install/controller/share/ament_index/resource_index/packages/controller
[0.445s] -- Up-to-date: /home/kazusa/kazusa/install/controller/share/controller/cmake/export_controller__rosidl_generator_cExport.cmake
[0.445s] -- Up-to-date: /home/kazusa/kazusa/install/controller/share/controller/cmake/export_controller__rosidl_generator_cExport-noconfig.cmake
[0.446s] -- Up-to-date: /home/kazusa/kazusa/install/controller/share/controller/cmake/export_controller__rosidl_typesupport_fastrtps_cExport.cmake
[0.446s] -- Up-to-date: /home/kazusa/kazusa/install/controller/share/controller/cmake/export_controller__rosidl_typesupport_fastrtps_cExport-noconfig.cmake
[0.446s] -- Up-to-date: /home/kazusa/kazusa/install/controller/share/controller/cmake/controller__rosidl_typesupport_introspection_cExport.cmake
[0.446s] -- Up-to-date: /home/kazusa/kazusa/install/controller/share/controller/cmake/controller__rosidl_typesupport_introspection_cExport-noconfig.cmake
[0.446s] -- Up-to-date: /home/kazusa/kazusa/install/controller/share/controller/cmake/controller__rosidl_typesupport_cExport.cmake
[0.446s] -- Up-to-date: /home/kazusa/kazusa/install/controller/share/controller/cmake/controller__rosidl_typesupport_cExport-noconfig.cmake
[0.446s] -- Up-to-date: /home/kazusa/kazusa/install/controller/share/controller/cmake/export_controller__rosidl_generator_cppExport.cmake
[0.446s] -- Up-to-date: /home/kazusa/kazusa/install/controller/share/controller/cmake/export_controller__rosidl_typesupport_fastrtps_cppExport.cmake
[0.447s] -- Up-to-date: /home/kazusa/kazusa/install/controller/share/controller/cmake/export_controller__rosidl_typesupport_fastrtps_cppExport-noconfig.cmake
[0.447s] -- Up-to-date: /home/kazusa/kazusa/install/controller/share/controller/cmake/controller__rosidl_typesupport_introspection_cppExport.cmake
[0.447s] -- Up-to-date: /home/kazusa/kazusa/install/controller/share/controller/cmake/controller__rosidl_typesupport_introspection_cppExport-noconfig.cmake
[0.447s] -- Up-to-date: /home/kazusa/kazusa/install/controller/share/controller/cmake/controller__rosidl_typesupport_cppExport.cmake
[0.447s] -- Up-to-date: /home/kazusa/kazusa/install/controller/share/controller/cmake/controller__rosidl_typesupport_cppExport-noconfig.cmake
[0.447s] -- Up-to-date: /home/kazusa/kazusa/install/controller/share/controller/cmake/export_controller__rosidl_generator_pyExport.cmake
[0.447s] -- Up-to-date: /home/kazusa/kazusa/install/controller/share/controller/cmake/export_controller__rosidl_generator_pyExport-noconfig.cmake
[0.447s] -- Up-to-date: /home/kazusa/kazusa/install/controller/share/controller/cmake/rosidl_cmake-extras.cmake
[0.447s] -- Up-to-date: /home/kazusa/kazusa/install/controller/share/controller/cmake/ament_cmake_export_dependencies-extras.cmake
[0.448s] -- Up-to-date: /home/kazusa/kazusa/install/controller/share/controller/cmake/ament_cmake_export_include_directories-extras.cmake
[0.448s] -- Up-to-date: /home/kazusa/kazusa/install/controller/share/controller/cmake/ament_cmake_export_libraries-extras.cmake
[0.448s] -- Up-to-date: /home/kazusa/kazusa/install/controller/share/controller/cmake/ament_cmake_export_targets-extras.cmake
[0.448s] -- Up-to-date: /home/kazusa/kazusa/install/controller/share/controller/cmake/rosidl_cmake_export_typesupport_targets-extras.cmake
[0.448s] -- Up-to-date: /home/kazusa/kazusa/install/controller/share/controller/cmake/rosidl_cmake_export_typesupport_libraries-extras.cmake
[0.448s] -- Up-to-date: /home/kazusa/kazusa/install/controller/share/controller/cmake/rosidl_cmake_aggregate_target-extras.cmake
[0.448s] -- Up-to-date: /home/kazusa/kazusa/install/controller/share/controller/cmake/controllerConfig.cmake
[0.449s] -- Up-to-date: /home/kazusa/kazusa/install/controller/share/controller/cmake/controllerConfig-version.cmake
[0.449s] -- Up-to-date: /home/kazusa/kazusa/install/controller/share/controller/package.xml
[0.462s] Invoked command in '/home/kazusa/kazusa/build/controller' returned '0': CMAKE_PREFIX_PATH=${CMAKE_PREFIX_PATH}:/opt/ros/jazzy DEBUGINFOD_URLS=https://debuginfod.ubuntu.com /usr/bin/cmake --install /home/kazusa/kazusa/build/controller
