[0.011s] Invoking command in '/home/kazusa/kazusa/build/mast': CMAKE_PREFIX_PATH=/home/kazusa/kazusa/install/custom_msgs:/home/kazusa/kazusa/install/controller:/home/kazusa/kazusa/install/my_cart2:/home/kazusa/kazusa/install/mast:/home/kazusa/kazusa/install/launcher:/home/kazusa/kazusa/install/esp_agent:/home/kazusa/kazusa/install/controller_src:/home/kazusa/kazusa/install/amcl_config:/home/kazusa/ros2_deps_ws/install/emcl2:/opt/ros/humble /usr/bin/cmake /home/kazusa/kazusa/ver0/mast -DCMAKE_EXPORT_COMPILE_COMMANDS=ON -DAMENT_CMAKE_SYMLINK_INSTALL=1 -DCMAKE_INSTALL_PREFIX=/home/kazusa/kazusa/install/mast
[0.064s] -- The C compiler identification is GNU 11.4.0
[0.116s] -- The CXX compiler identification is GNU 11.4.0
[0.122s] -- Detecting C compiler ABI info
[0.190s] -- Detecting C compiler ABI info - done
[0.194s] -- Check for working C compiler: /usr/bin/cc - skipped
[0.194s] -- Detecting C compile features
[0.194s] -- Detecting C compile features - done
[0.196s] -- Detecting CXX compiler ABI info
[0.273s] -- Detecting CXX compiler ABI info - done
[0.278s] -- Check for working CXX compiler: /usr/bin/c++ - skipped
[0.278s] -- Detecting CXX compile features
[0.279s] -- Detecting CXX compile features - done
[0.281s] -- Found ament_cmake: 1.3.14 (/opt/ros/humble/share/ament_cmake/cmake)
[0.413s] -- Found Python3: /usr/bin/python3 (found version "3.10.12") found components: Interpreter 
[0.467s] -- Override CMake install command with custom implementation using symlinks instead of copying resources
[0.506s] -- Found rclcpp: 16.0.19 (/opt/ros/humble/share/rclcpp/cmake)
[0.553s] -- Found rosidl_generator_c: 3.1.9 (/opt/ros/humble/share/rosidl_generator_c/cmake)
[0.560s] -- Found rosidl_adapter: 3.1.9 (/opt/ros/humble/share/rosidl_adapter/cmake)
[0.569s] -- Found rosidl_generator_cpp: 3.1.9 (/opt/ros/humble/share/rosidl_generator_cpp/cmake)
[0.581s] -- Using all available rosidl_typesupport_c: rosidl_typesupport_fastrtps_c;rosidl_typesupport_introspection_c
[0.600s] -- Using all available rosidl_typesupport_cpp: rosidl_typesupport_fastrtps_cpp;rosidl_typesupport_introspection_cpp
[0.647s] -- Found rmw_implementation_cmake: 6.1.2 (/opt/ros/humble/share/rmw_implementation_cmake/cmake)
[0.650s] -- Found rmw_fastrtps_cpp: 6.2.10 (/opt/ros/humble/share/rmw_fastrtps_cpp/cmake)
[0.754s] -- Found OpenSSL: /usr/lib/x86_64-linux-gnu/libcrypto.so (found version "3.0.2")  
[0.785s] -- Found FastRTPS: /opt/ros/humble/include  
[0.833s] -- Using RMW implementation 'rmw_fastrtps_cpp' as default
[0.843s] -- Looking for pthread.h
[0.919s] -- Looking for pthread.h - found
[0.920s] -- Performing Test CMAKE_HAVE_LIBC_PTHREAD
[1.000s] -- Performing Test CMAKE_HAVE_LIBC_PTHREAD - Success
[1.001s] -- Found Threads: TRUE  
[1.045s] -- Found sensor_msgs: 4.9.1 (/opt/ros/humble/share/sensor_msgs/cmake)
[1.071s] -- Found custom_msgs: 0.0.0 (/home/kazusa/kazusa/install/custom_msgs/share/custom_msgs/cmake)
[1.108s] -- Found controller: 0.0.0 (/home/kazusa/kazusa/install/controller/share/controller/cmake)
[1.123s] -- Found rclcpp_action: 16.0.19 (/opt/ros/humble/share/rclcpp_action/cmake)
[1.143s] -- Found ament_lint_auto: 0.12.15 (/opt/ros/humble/share/ament_lint_auto/cmake)
[1.249s] -- Added test 'cppcheck' to perform static code analysis on C / C++ code
[1.250s] -- Configured cppcheck include dirs: /home/kazusa/kazusa/ver0/mast/include
[1.250s] -- Configured cppcheck exclude dirs and/or files: 
[1.251s] -- Added test 'lint_cmake' to check CMake code style
[1.252s] -- Added test 'uncrustify' to check C / C++ code style
[1.252s] -- Configured uncrustify additional arguments: 
[1.253s] -- Added test 'xmllint' to check XML markup files
[1.255s] -- Configuring done
[1.278s] -- Generating done
[1.286s] -- Build files have been written to: /home/kazusa/kazusa/build/mast
[1.299s] Invoked command in '/home/kazusa/kazusa/build/mast' returned '0': CMAKE_PREFIX_PATH=/home/kazusa/kazusa/install/custom_msgs:/home/kazusa/kazusa/install/controller:/home/kazusa/kazusa/install/my_cart2:/home/kazusa/kazusa/install/mast:/home/kazusa/kazusa/install/launcher:/home/kazusa/kazusa/install/esp_agent:/home/kazusa/kazusa/install/controller_src:/home/kazusa/kazusa/install/amcl_config:/home/kazusa/ros2_deps_ws/install/emcl2:/opt/ros/humble /usr/bin/cmake /home/kazusa/kazusa/ver0/mast -DCMAKE_EXPORT_COMPILE_COMMANDS=ON -DAMENT_CMAKE_SYMLINK_INSTALL=1 -DCMAKE_INSTALL_PREFIX=/home/kazusa/kazusa/install/mast
[1.301s] Invoking command in '/home/kazusa/kazusa/build/mast': CMAKE_PREFIX_PATH=/home/kazusa/kazusa/install/custom_msgs:/home/kazusa/kazusa/install/controller:/home/kazusa/kazusa/install/my_cart2:/home/kazusa/kazusa/install/mast:/home/kazusa/kazusa/install/launcher:/home/kazusa/kazusa/install/esp_agent:/home/kazusa/kazusa/install/controller_src:/home/kazusa/kazusa/install/amcl_config:/home/kazusa/ros2_deps_ws/install/emcl2:/opt/ros/humble /usr/bin/cmake --build /home/kazusa/kazusa/build/mast -- -j12 -l12
[1.359s] [ 33%] [32mBuilding CXX object CMakeFiles/hoju_node.dir/src/hoju.cpp.o[0m
[1.359s] [ 33%] [32mBuilding CXX object CMakeFiles/path_follow_node.dir/src/path_follow.cpp.o[0m
[1.359s] [ 50%] [32mBuilding CXX object CMakeFiles/mast_node.dir/src/mast.cpp.o[0m
[6.787s] [ 66%] [32m[1mLinking CXX executable hoju_node[0m
[7.004s] [ 66%] Built target hoju_node
[10.313s] [ 83%] [32m[1mLinking CXX executable path_follow_node[0m
[10.664s] [ 83%] Built target path_follow_node
[12.910s] [100%] [32m[1mLinking CXX executable mast_node[0m
[13.334s] [100%] Built target mast_node
[13.345s] Invoked command in '/home/kazusa/kazusa/build/mast' returned '0': CMAKE_PREFIX_PATH=/home/kazusa/kazusa/install/custom_msgs:/home/kazusa/kazusa/install/controller:/home/kazusa/kazusa/install/my_cart2:/home/kazusa/kazusa/install/mast:/home/kazusa/kazusa/install/launcher:/home/kazusa/kazusa/install/esp_agent:/home/kazusa/kazusa/install/controller_src:/home/kazusa/kazusa/install/amcl_config:/home/kazusa/ros2_deps_ws/install/emcl2:/opt/ros/humble /usr/bin/cmake --build /home/kazusa/kazusa/build/mast -- -j12 -l12
[13.347s] Invoking command in '/home/kazusa/kazusa/build/mast': CMAKE_PREFIX_PATH=/home/kazusa/kazusa/install/custom_msgs:/home/kazusa/kazusa/install/controller:/home/kazusa/kazusa/install/my_cart2:/home/kazusa/kazusa/install/mast:/home/kazusa/kazusa/install/launcher:/home/kazusa/kazusa/install/esp_agent:/home/kazusa/kazusa/install/controller_src:/home/kazusa/kazusa/install/amcl_config:/home/kazusa/ros2_deps_ws/install/emcl2:/opt/ros/humble /usr/bin/cmake --install /home/kazusa/kazusa/build/mast
[13.353s] -- Install configuration: ""
[13.353s] -- Execute custom install script
[13.353s] -- Symlinking: /home/kazusa/kazusa/install/mast/lib/mast/mast_node
[13.362s] -- Symlinking: /home/kazusa/kazusa/install/mast/lib/mast/hoju_node
[13.370s] -- Symlinking: /home/kazusa/kazusa/install/mast/lib/mast/path_follow_node
[13.380s] -- Symlinking: /home/kazusa/kazusa/install/mast/share/mast/path/bucket_to_flag.yaml
[13.389s] -- Symlinking: /home/kazusa/kazusa/install/mast/share/mast/path/bucket_to_start.yaml
[13.396s] -- Symlinking: /home/kazusa/kazusa/install/mast/share/mast/path/flag_to_start.yaml
[13.405s] -- Symlinking: /home/kazusa/kazusa/install/mast/share/mast/path/start_to_bucket.yaml
[13.414s] -- Symlinking: /home/kazusa/kazusa/install/mast/share/mast/path/start_to_flag.yaml
[13.420s] -- Symlinking: /home/kazusa/kazusa/install/mast/share/ament_index/resource_index/package_run_dependencies/mast
[13.431s] -- Symlinking: /home/kazusa/kazusa/install/mast/share/ament_index/resource_index/parent_prefix_path/mast
[13.442s] -- Symlinking: /home/kazusa/kazusa/install/mast/share/mast/environment/ament_prefix_path.sh
[13.451s] -- Symlinking: /home/kazusa/kazusa/install/mast/share/mast/environment/ament_prefix_path.dsv
[13.458s] -- Symlinking: /home/kazusa/kazusa/install/mast/share/mast/environment/path.sh
[13.464s] -- Symlinking: /home/kazusa/kazusa/install/mast/share/mast/environment/path.dsv
[13.474s] -- Symlinking: /home/kazusa/kazusa/install/mast/share/mast/local_setup.bash
[13.480s] -- Symlinking: /home/kazusa/kazusa/install/mast/share/mast/local_setup.sh
[13.489s] -- Symlinking: /home/kazusa/kazusa/install/mast/share/mast/local_setup.zsh
[13.498s] -- Symlinking: /home/kazusa/kazusa/install/mast/share/mast/local_setup.dsv
[13.504s] -- Symlinking: /home/kazusa/kazusa/install/mast/share/mast/package.dsv
[13.513s] -- Symlinking: /home/kazusa/kazusa/install/mast/share/ament_index/resource_index/packages/mast
[13.522s] -- Symlinking: /home/kazusa/kazusa/install/mast/share/mast/cmake/mastConfig.cmake
[13.533s] -- Symlinking: /home/kazusa/kazusa/install/mast/share/mast/cmake/mastConfig-version.cmake
[13.543s] -- Symlinking: /home/kazusa/kazusa/install/mast/share/mast/package.xml
[13.554s] Invoked command in '/home/kazusa/kazusa/build/mast' returned '0': CMAKE_PREFIX_PATH=/home/kazusa/kazusa/install/custom_msgs:/home/kazusa/kazusa/install/controller:/home/kazusa/kazusa/install/my_cart2:/home/kazusa/kazusa/install/mast:/home/kazusa/kazusa/install/launcher:/home/kazusa/kazusa/install/esp_agent:/home/kazusa/kazusa/install/controller_src:/home/kazusa/kazusa/install/amcl_config:/home/kazusa/ros2_deps_ws/install/emcl2:/opt/ros/humble /usr/bin/cmake --install /home/kazusa/kazusa/build/mast
