[0.024s] Invoking command in '/home/kazusa/kazusa/build/my_cart2': CMAKE_PREFIX_PATH=${CMAKE_PREFIX_PATH}:/opt/ros/jazzy DEBUGINFOD_URLS=https://debuginfod.ubuntu.com /usr/bin/cmake --build /home/kazusa/kazusa/build/my_cart2 -- -j12 -l12
[0.121s] [100%] Built target laser_scan_merger_cpp
[0.175s] Invoked command in '/home/kazusa/kazusa/build/my_cart2' returned '0': CMAKE_PREFIX_PATH=${CMAKE_PREFIX_PATH}:/opt/ros/jazzy DEBUGINFOD_URLS=https://debuginfod.ubuntu.com /usr/bin/cmake --build /home/kazusa/kazusa/build/my_cart2 -- -j12 -l12
[0.177s] Invoking command in '/home/kazusa/kazusa/build/my_cart2': CMAKE_PREFIX_PATH=${CMAKE_PREFIX_PATH}:/opt/ros/jazzy DEBUGINFOD_URLS=https://debuginfod.ubuntu.com /usr/bin/cmake --install /home/kazusa/kazusa/build/my_cart2
[0.184s] -- Install configuration: ""
[0.184s] -- Up-to-date: /home/kazusa/kazusa/install/my_cart2/share/my_cart2//config
[0.185s] -- Up-to-date: /home/kazusa/kazusa/install/my_cart2/share/my_cart2//config/trajectory_builder_3d.lua
[0.185s] -- Up-to-date: /home/kazusa/kazusa/install/my_cart2/share/my_cart2//config/multi_map_builder.lua
[0.185s] -- Up-to-date: /home/kazusa/kazusa/install/my_cart2/share/my_cart2//config/trajectory_builder_static.lua
[0.185s] -- Up-to-date: /home/kazusa/kazusa/install/my_cart2/share/my_cart2//config/map_builder_server.lua
[0.185s] -- Up-to-date: /home/kazusa/kazusa/install/my_cart2/share/my_cart2//config/map_builder.lua
[0.185s] -- Up-to-date: /home/kazusa/kazusa/install/my_cart2/share/my_cart2//config/cartographer.lua
[0.185s] -- Up-to-date: /home/kazusa/kazusa/install/my_cart2/share/my_cart2//config/params.yaml
[0.186s] -- Up-to-date: /home/kazusa/kazusa/install/my_cart2/share/my_cart2//config/pose_graph.lua
[0.186s] -- Up-to-date: /home/kazusa/kazusa/install/my_cart2/share/my_cart2//config/trajectory_builder_2d.lua
[0.186s] -- Up-to-date: /home/kazusa/kazusa/install/my_cart2/share/my_cart2//config/cartographer_static.lua
[0.186s] -- Up-to-date: /home/kazusa/kazusa/install/my_cart2/share/my_cart2//config/trajectory_builder.lua
[0.186s] -- Up-to-date: /home/kazusa/kazusa/install/my_cart2/lib/my_cart2/laser_scan_merger_cpp
[0.187s] -- Up-to-date: /home/kazusa/kazusa/install/my_cart2/lib/my_cart2/pose1_pub.py
[0.187s] -- Up-to-date: /home/kazusa/kazusa/install/my_cart2/lib/my_cart2/imu_reader.py
[0.187s] -- Up-to-date: /home/kazusa/kazusa/install/my_cart2/lib/my_cart2/i2c_pub.py
[0.187s] -- Up-to-date: /home/kazusa/kazusa/install/my_cart2/lib/my_cart2/merge_scan.py
[0.187s] -- Up-to-date: /home/kazusa/kazusa/install/my_cart2/lib/my_cart2/cartStarter.py
[0.188s] -- Up-to-date: /home/kazusa/kazusa/install/my_cart2/lib/my_cart2/cartStarter_static.py
[0.188s] -- Up-to-date: /home/kazusa/kazusa/install/my_cart2/lib/my_cart2/odom_fusion.py
[0.188s] -- Up-to-date: /home/kazusa/kazusa/install/my_cart2/lib/my_cart2/merge_scan_cpu.py
[0.188s] -- Up-to-date: /home/kazusa/kazusa/install/my_cart2/lib/my_cart2/noise_test.py
[0.188s] -- Up-to-date: /home/kazusa/kazusa/install/my_cart2/lib/my_cart2/emcl_degree.py
[0.188s] -- Up-to-date: /home/kazusa/kazusa/install/my_cart2/share/ament_index/resource_index/package_run_dependencies/my_cart2
[0.188s] -- Up-to-date: /home/kazusa/kazusa/install/my_cart2/share/ament_index/resource_index/parent_prefix_path/my_cart2
[0.189s] -- Up-to-date: /home/kazusa/kazusa/install/my_cart2/share/my_cart2/environment/ament_prefix_path.sh
[0.189s] -- Up-to-date: /home/kazusa/kazusa/install/my_cart2/share/my_cart2/environment/ament_prefix_path.dsv
[0.189s] -- Up-to-date: /home/kazusa/kazusa/install/my_cart2/share/my_cart2/environment/path.sh
[0.189s] -- Up-to-date: /home/kazusa/kazusa/install/my_cart2/share/my_cart2/environment/path.dsv
[0.190s] -- Up-to-date: /home/kazusa/kazusa/install/my_cart2/share/my_cart2/local_setup.bash
[0.190s] -- Up-to-date: /home/kazusa/kazusa/install/my_cart2/share/my_cart2/local_setup.sh
[0.190s] -- Up-to-date: /home/kazusa/kazusa/install/my_cart2/share/my_cart2/local_setup.zsh
[0.190s] -- Up-to-date: /home/kazusa/kazusa/install/my_cart2/share/my_cart2/local_setup.dsv
[0.191s] -- Installing: /home/kazusa/kazusa/install/my_cart2/share/my_cart2/package.dsv
[0.191s] -- Up-to-date: /home/kazusa/kazusa/install/my_cart2/share/ament_index/resource_index/packages/my_cart2
[0.191s] -- Up-to-date: /home/kazusa/kazusa/install/my_cart2/share/my_cart2/cmake/ament_cmake_export_dependencies-extras.cmake
[0.192s] -- Up-to-date: /home/kazusa/kazusa/install/my_cart2/share/my_cart2/cmake/my_cart2Config.cmake
[0.192s] -- Up-to-date: /home/kazusa/kazusa/install/my_cart2/share/my_cart2/cmake/my_cart2Config-version.cmake
[0.192s] -- Up-to-date: /home/kazusa/kazusa/install/my_cart2/share/my_cart2/package.xml
[0.199s] Invoked command in '/home/kazusa/kazusa/build/my_cart2' returned '0': CMAKE_PREFIX_PATH=${CMAKE_PREFIX_PATH}:/opt/ros/jazzy DEBUGINFOD_URLS=https://debuginfod.ubuntu.com /usr/bin/cmake --install /home/kazusa/kazusa/build/my_cart2
