-- The C compiler identification is GNU 13.3.0
-- The CXX compiler identification is GNU 13.3.0
-- Detecting C compiler ABI info
-- Detecting C compiler ABI info - done
-- Check for working C compiler: /usr/bin/cc - skipped
-- Detecting C compile features
-- Detecting C compile features - done
-- Detecting CXX compiler ABI info
-- Detecting CXX compiler ABI info - done
-- Check for working CXX compiler: /usr/bin/c++ - skipped
-- Detecting CXX compile features
-- Detecting CXX compile features - done
-- Found ament_cmake: 2.5.6 (/opt/ros/jazzy/share/ament_cmake/cmake)
-- Found Python3: /usr/bin/python3 (found version "3.12.3") found components: Interpreter 
-- Found rosidl_default_generators: 1.6.1 (/opt/ros/jazzy/share/rosidl_default_generators/cmake)
-- Using all available rosidl_typesupport_c: rosidl_typesupport_fastrtps_c;rosidl_typesupport_introspection_c
-- Using all available rosidl_typesupport_cpp: rosidl_typesupport_fastrtps_cpp;rosidl_typesupport_introspection_cpp
-- Found rosidl_adapter: 4.6.9 (/opt/ros/jazzy/share/rosidl_adapter/cmake)
-- Found ament_cmake_ros: 0.12.1 (/opt/ros/jazzy/share/ament_cmake_ros/cmake)
-- Using all available rosidl_typesupport_c: rosidl_typesupport_fastrtps_c;rosidl_typesupport_introspection_c
-- Using all available rosidl_typesupport_cpp: rosidl_typesupport_fastrtps_cpp;rosidl_typesupport_introspection_cpp
-- Found python_cmake_module: 0.11.1 (/opt/ros/jazzy/share/python_cmake_module/cmake)
-- Found PythonExtra: /usr/bin/python3  
-- Found Python3: /usr/bin/python3 (found version "3.12.3") found components: Interpreter Development NumPy Development.Module Development.Embed 
-- Found Python3: /usr/bin/python3 (found version "3.12.3") found components: Interpreter 
-- Found ament_lint_auto: 0.17.5 (/opt/ros/jazzy/share/ament_lint_auto/cmake)
-- Added test 'lint_cmake' to check CMake code style
-- Added test 'xmllint' to check XML markup files
-- Configuring done (3.7s)
-- Generating done (0.0s)
-- Build files have been written to: /home/kazusa/kazusa/build/custom_msgs
[  1%] [34m[1mGenerating type hashes for ROS interfaces[0m
[  3%] [34m[1mGenerating Rust code for ROS interfaces[0m
[  3%] Built target ament_cmake_python_copy_custom_msgs
running egg_info
creating custom_msgs.egg-info
writing custom_msgs.egg-info/PKG-INFO
writing dependency_links to custom_msgs.egg-info/dependency_links.txt
writing top-level names to custom_msgs.egg-info/top_level.txt
writing manifest file 'custom_msgs.egg-info/SOURCES.txt'
[  3%] Built target custom_msgs__rs
[  3%] Built target custom_msgs__rosidl_generator_type_description
[  5%] [34m[1mGenerating C code for ROS interfaces[0m
reading manifest file 'custom_msgs.egg-info/SOURCES.txt'
writing manifest file 'custom_msgs.egg-info/SOURCES.txt'
[  7%] [34m[1mGenerating C++ code for ROS interfaces[0m
[  7%] Built target ament_cmake_python_build_custom_msgs_egg
[  9%] [32mBuilding C object CMakeFiles/custom_msgs__rosidl_generator_c.dir/rosidl_generator_c/custom_msgs/msg/detail/can_packet__description.c.o[0m
[ 10%] [32mBuilding C object CMakeFiles/custom_msgs__rosidl_generator_c.dir/rosidl_generator_c/custom_msgs/msg/detail/can_packet__type_support.c.o[0m
[ 14%] [32mBuilding C object CMakeFiles/custom_msgs__rosidl_generator_c.dir/rosidl_generator_c/custom_msgs/action/detail/hoju__description.c.o[0m
[ 14%] [32mBuilding C object CMakeFiles/custom_msgs__rosidl_generator_c.dir/rosidl_generator_c/custom_msgs/action/detail/follow_path__functions.c.o[0m
[ 16%] [32mBuilding C object CMakeFiles/custom_msgs__rosidl_generator_c.dir/rosidl_generator_c/custom_msgs/action/detail/follow_path__description.c.o[0m
[ 18%] [32mBuilding C object CMakeFiles/custom_msgs__rosidl_generator_c.dir/rosidl_generator_c/custom_msgs/action/detail/follow_path__type_support.c.o[0m
[ 20%] [32mBuilding C object CMakeFiles/custom_msgs__rosidl_generator_c.dir/rosidl_generator_c/custom_msgs/msg/detail/can_packet__functions.c.o[0m
[ 21%] [32mBuilding C object CMakeFiles/custom_msgs__rosidl_generator_c.dir/rosidl_generator_c/custom_msgs/action/detail/hoju__functions.c.o[0m
[ 23%] [32mBuilding C object CMakeFiles/custom_msgs__rosidl_generator_c.dir/rosidl_generator_c/custom_msgs/action/detail/hoju__type_support.c.o[0m
[ 23%] Built target custom_msgs__cpp
[ 25%] [32m[1mLinking C shared library libcustom_msgs__rosidl_generator_c.so[0m
[ 25%] Built target custom_msgs__rosidl_generator_c
[ 29%] [34m[1mGenerating C++ type support dispatch for ROS interfaces[0m
[ 29%] [34m[1mGenerating C type support dispatch for ROS interfaces[0m
[ 30%] [34m[1mGenerating C type support for eProsima Fast-RTPS[0m
[ 32%] [34m[1mGenerating C introspection for ROS interfaces[0m
[ 34%] [34m[1mGenerating C++ type support for eProsima Fast-RTPS[0m
[ 36%] [34m[1mGenerating C++ introspection for ROS interfaces[0m
[ 40%] [32mBuilding CXX object CMakeFiles/custom_msgs__rosidl_typesupport_cpp.dir/rosidl_typesupport_cpp/custom_msgs/action/hoju__type_support.cpp.o[0m
[ 38%] [32mBuilding CXX object CMakeFiles/custom_msgs__rosidl_typesupport_cpp.dir/rosidl_typesupport_cpp/custom_msgs/msg/can_packet__type_support.cpp.o[0m
[ 41%] [32mBuilding CXX object CMakeFiles/custom_msgs__rosidl_typesupport_cpp.dir/rosidl_typesupport_cpp/custom_msgs/action/follow_path__type_support.cpp.o[0m
[ 45%] [32mBuilding CXX object CMakeFiles/custom_msgs__rosidl_typesupport_c.dir/rosidl_typesupport_c/custom_msgs/action/follow_path__type_support.cpp.o[0m
[ 45%] [32mBuilding CXX object CMakeFiles/custom_msgs__rosidl_typesupport_c.dir/rosidl_typesupport_c/custom_msgs/msg/can_packet__type_support.cpp.o[0m
[ 47%] [32mBuilding CXX object CMakeFiles/custom_msgs__rosidl_typesupport_c.dir/rosidl_typesupport_c/custom_msgs/action/hoju__type_support.cpp.o[0m
[ 49%] [32m[1mLinking CXX shared library libcustom_msgs__rosidl_typesupport_c.so[0m
[ 52%] [32mBuilding CXX object CMakeFiles/custom_msgs__rosidl_typesupport_introspection_cpp.dir/rosidl_typesupport_introspection_cpp/custom_msgs/msg/detail/can_packet__type_support.cpp.o[0m
[ 52%] [32mBuilding CXX object CMakeFiles/custom_msgs__rosidl_typesupport_introspection_cpp.dir/rosidl_typesupport_introspection_cpp/custom_msgs/action/detail/follow_path__type_support.cpp.o[0m
[ 54%] [32mBuilding CXX object CMakeFiles/custom_msgs__rosidl_typesupport_introspection_cpp.dir/rosidl_typesupport_introspection_cpp/custom_msgs/action/detail/hoju__type_support.cpp.o[0m
[ 56%] [32mBuilding C object CMakeFiles/custom_msgs__rosidl_typesupport_introspection_c.dir/rosidl_typesupport_introspection_c/custom_msgs/action/detail/hoju__type_support.c.o[0m
[ 58%] [32mBuilding C object CMakeFiles/custom_msgs__rosidl_typesupport_introspection_c.dir/rosidl_typesupport_introspection_c/custom_msgs/msg/detail/can_packet__type_support.c.o[0m
[ 58%] Built target custom_msgs__rosidl_typesupport_c
[ 60%] [32mBuilding C object CMakeFiles/custom_msgs__rosidl_typesupport_introspection_c.dir/rosidl_typesupport_introspection_c/custom_msgs/action/detail/follow_path__type_support.c.o[0m
[ 61%] [32m[1mLinking C shared library libcustom_msgs__rosidl_typesupport_introspection_c.so[0m
[ 65%] [32mBuilding CXX object CMakeFiles/custom_msgs__rosidl_typesupport_fastrtps_cpp.dir/rosidl_typesupport_fastrtps_cpp/custom_msgs/msg/detail/dds_fastrtps/can_packet__type_support.cpp.o[0m
[ 65%] [32mBuilding CXX object CMakeFiles/custom_msgs__rosidl_typesupport_fastrtps_cpp.dir/rosidl_typesupport_fastrtps_cpp/custom_msgs/action/detail/dds_fastrtps/hoju__type_support.cpp.o[0m
[ 67%] [32mBuilding CXX object CMakeFiles/custom_msgs__rosidl_typesupport_fastrtps_c.dir/rosidl_typesupport_fastrtps_c/custom_msgs/msg/detail/can_packet__type_support_c.cpp.o[0m
[ 69%] [32mBuilding CXX object CMakeFiles/custom_msgs__rosidl_typesupport_fastrtps_cpp.dir/rosidl_typesupport_fastrtps_cpp/custom_msgs/action/detail/dds_fastrtps/follow_path__type_support.cpp.o[0m
[ 70%] [32mBuilding CXX object CMakeFiles/custom_msgs__rosidl_typesupport_fastrtps_c.dir/rosidl_typesupport_fastrtps_c/custom_msgs/action/detail/follow_path__type_support_c.cpp.o[0m
[ 70%] Built target custom_msgs__rosidl_typesupport_introspection_c
[ 72%] [32mBuilding CXX object CMakeFiles/custom_msgs__rosidl_typesupport_fastrtps_c.dir/rosidl_typesupport_fastrtps_c/custom_msgs/action/detail/hoju__type_support_c.cpp.o[0m
[ 74%] [32m[1mLinking CXX shared library libcustom_msgs__rosidl_typesupport_cpp.so[0m
[ 74%] Built target custom_msgs__rosidl_typesupport_cpp
[ 76%] [32m[1mLinking CXX shared library libcustom_msgs__rosidl_typesupport_introspection_cpp.so[0m
[ 78%] [32m[1mLinking CXX shared library libcustom_msgs__rosidl_typesupport_fastrtps_c.so[0m
[ 78%] Built target custom_msgs__rosidl_typesupport_introspection_cpp
[ 78%] Built target custom_msgs__rosidl_typesupport_fastrtps_c
[ 80%] [32m[1mLinking CXX shared library libcustom_msgs__rosidl_typesupport_fastrtps_cpp.so[0m
[ 80%] Built target custom_msgs__rosidl_typesupport_fastrtps_cpp
[ 80%] Built target custom_msgs
[ 81%] [34m[1mGenerating Python code for ROS interfaces[0m
[ 81%] Built target custom_msgs__py
[ 83%] [32mBuilding C object CMakeFiles/custom_msgs__rosidl_generator_py.dir/rosidl_generator_py/custom_msgs/msg/_can_packet_s.c.o[0m
[ 85%] [32mBuilding C object CMakeFiles/custom_msgs__rosidl_generator_py.dir/rosidl_generator_py/custom_msgs/action/_follow_path_s.c.o[0m
[ 87%] [32mBuilding C object CMakeFiles/custom_msgs__rosidl_generator_py.dir/rosidl_generator_py/custom_msgs/action/_hoju_s.c.o[0m
[ 89%] [32m[1mLinking C shared library libcustom_msgs__rosidl_generator_py.so[0m
[ 89%] Built target custom_msgs__rosidl_generator_py
[ 90%] [32mBuilding C object CMakeFiles/custom_msgs_s__rosidl_typesupport_introspection_c.dir/rosidl_generator_py/custom_msgs/_custom_msgs_s.ep.rosidl_typesupport_introspection_c.c.o[0m
[ 92%] [32mBuilding C object CMakeFiles/custom_msgs_s__rosidl_typesupport_c.dir/rosidl_generator_py/custom_msgs/_custom_msgs_s.ep.rosidl_typesupport_c.c.o[0m
[ 94%] [32mBuilding C object CMakeFiles/custom_msgs_s__rosidl_typesupport_fastrtps_c.dir/rosidl_generator_py/custom_msgs/_custom_msgs_s.ep.rosidl_typesupport_fastrtps_c.c.o[0m
[ 96%] [32m[1mLinking C shared module rosidl_generator_py/custom_msgs/custom_msgs_s__rosidl_typesupport_c.so[0m
[ 98%] [32m[1mLinking C shared module rosidl_generator_py/custom_msgs/custom_msgs_s__rosidl_typesupport_introspection_c.so[0m
[ 98%] Built target custom_msgs_s__rosidl_typesupport_c
[100%] [32m[1mLinking C shared module rosidl_generator_py/custom_msgs/custom_msgs_s__rosidl_typesupport_fastrtps_c.so[0m
[100%] Built target custom_msgs_s__rosidl_typesupport_introspection_c
[100%] Built target custom_msgs_s__rosidl_typesupport_fastrtps_c
-- Install configuration: ""
-- Installing: /home/kazusa/kazusa/install/custom_msgs/share/ament_index/resource_index/rosidl_interfaces/custom_msgs
-- Installing: /home/kazusa/kazusa/install/custom_msgs/share/custom_msgs/msg/CanPacket.json
-- Installing: /home/kazusa/kazusa/install/custom_msgs/share/custom_msgs/action/FollowPath.json
-- Installing: /home/kazusa/kazusa/install/custom_msgs/share/custom_msgs/action/Hoju.json
-- Installing: /home/kazusa/kazusa/install/custom_msgs/include/custom_msgs/custom_msgs
-- Installing: /home/kazusa/kazusa/install/custom_msgs/include/custom_msgs/custom_msgs/msg
-- Installing: /home/kazusa/kazusa/install/custom_msgs/include/custom_msgs/custom_msgs/msg/rosidl_generator_c__visibility_control.h
-- Installing: /home/kazusa/kazusa/install/custom_msgs/include/custom_msgs/custom_msgs/msg/can_packet.h
-- Installing: /home/kazusa/kazusa/install/custom_msgs/include/custom_msgs/custom_msgs/msg/detail
-- Installing: /home/kazusa/kazusa/install/custom_msgs/include/custom_msgs/custom_msgs/msg/detail/can_packet__struct.h
-- Installing: /home/kazusa/kazusa/install/custom_msgs/include/custom_msgs/custom_msgs/msg/detail/can_packet__type_support.h
-- Installing: /home/kazusa/kazusa/install/custom_msgs/include/custom_msgs/custom_msgs/msg/detail/can_packet__description.c
-- Installing: /home/kazusa/kazusa/install/custom_msgs/include/custom_msgs/custom_msgs/msg/detail/can_packet__functions.h
-- Installing: /home/kazusa/kazusa/install/custom_msgs/include/custom_msgs/custom_msgs/msg/detail/can_packet__type_support.c
-- Installing: /home/kazusa/kazusa/install/custom_msgs/include/custom_msgs/custom_msgs/msg/detail/can_packet__functions.c
-- Installing: /home/kazusa/kazusa/install/custom_msgs/include/custom_msgs/custom_msgs/action
-- Installing: /home/kazusa/kazusa/install/custom_msgs/include/custom_msgs/custom_msgs/action/detail
-- Installing: /home/kazusa/kazusa/install/custom_msgs/include/custom_msgs/custom_msgs/action/detail/hoju__description.c
-- Installing: /home/kazusa/kazusa/install/custom_msgs/include/custom_msgs/custom_msgs/action/detail/follow_path__description.c
-- Installing: /home/kazusa/kazusa/install/custom_msgs/include/custom_msgs/custom_msgs/action/detail/hoju__functions.h
-- Installing: /home/kazusa/kazusa/install/custom_msgs/include/custom_msgs/custom_msgs/action/detail/follow_path__type_support.h
-- Installing: /home/kazusa/kazusa/install/custom_msgs/include/custom_msgs/custom_msgs/action/detail/follow_path__type_support.c
-- Installing: /home/kazusa/kazusa/install/custom_msgs/include/custom_msgs/custom_msgs/action/detail/follow_path__struct.h
-- Installing: /home/kazusa/kazusa/install/custom_msgs/include/custom_msgs/custom_msgs/action/detail/hoju__type_support.c
-- Installing: /home/kazusa/kazusa/install/custom_msgs/include/custom_msgs/custom_msgs/action/detail/follow_path__functions.h
-- Installing: /home/kazusa/kazusa/install/custom_msgs/include/custom_msgs/custom_msgs/action/detail/hoju__struct.h
-- Installing: /home/kazusa/kazusa/install/custom_msgs/include/custom_msgs/custom_msgs/action/detail/hoju__type_support.h
-- Installing: /home/kazusa/kazusa/install/custom_msgs/include/custom_msgs/custom_msgs/action/detail/hoju__functions.c
-- Installing: /home/kazusa/kazusa/install/custom_msgs/include/custom_msgs/custom_msgs/action/detail/follow_path__functions.c
-- Installing: /home/kazusa/kazusa/install/custom_msgs/include/custom_msgs/custom_msgs/action/hoju.h
-- Installing: /home/kazusa/kazusa/install/custom_msgs/include/custom_msgs/custom_msgs/action/follow_path.h
-- Installing: /home/kazusa/kazusa/install/custom_msgs/share/custom_msgs/environment/library_path.sh
-- Installing: /home/kazusa/kazusa/install/custom_msgs/share/custom_msgs/environment/library_path.dsv
-- Installing: /home/kazusa/kazusa/install/custom_msgs/lib/libcustom_msgs__rosidl_generator_c.so
-- Set non-toolchain portion of runtime path of "/home/kazusa/kazusa/install/custom_msgs/lib/libcustom_msgs__rosidl_generator_c.so" to ""
-- Up-to-date: /home/kazusa/kazusa/install/custom_msgs/include/custom_msgs/custom_msgs
-- Up-to-date: /home/kazusa/kazusa/install/custom_msgs/include/custom_msgs/custom_msgs/msg
-- Up-to-date: /home/kazusa/kazusa/install/custom_msgs/include/custom_msgs/custom_msgs/msg/detail
-- Installing: /home/kazusa/kazusa/install/custom_msgs/include/custom_msgs/custom_msgs/msg/detail/can_packet__rosidl_typesupport_fastrtps_c.h
-- Installing: /home/kazusa/kazusa/install/custom_msgs/include/custom_msgs/custom_msgs/msg/rosidl_typesupport_fastrtps_c__visibility_control.h
-- Up-to-date: /home/kazusa/kazusa/install/custom_msgs/include/custom_msgs/custom_msgs/action
-- Up-to-date: /home/kazusa/kazusa/install/custom_msgs/include/custom_msgs/custom_msgs/action/detail
-- Installing: /home/kazusa/kazusa/install/custom_msgs/include/custom_msgs/custom_msgs/action/detail/follow_path__rosidl_typesupport_fastrtps_c.h
-- Installing: /home/kazusa/kazusa/install/custom_msgs/include/custom_msgs/custom_msgs/action/detail/hoju__rosidl_typesupport_fastrtps_c.h
-- Installing: /home/kazusa/kazusa/install/custom_msgs/lib/libcustom_msgs__rosidl_typesupport_fastrtps_c.so
-- Set non-toolchain portion of runtime path of "/home/kazusa/kazusa/install/custom_msgs/lib/libcustom_msgs__rosidl_typesupport_fastrtps_c.so" to ""
-- Up-to-date: /home/kazusa/kazusa/install/custom_msgs/include/custom_msgs/custom_msgs
-- Up-to-date: /home/kazusa/kazusa/install/custom_msgs/include/custom_msgs/custom_msgs/msg
-- Installing: /home/kazusa/kazusa/install/custom_msgs/include/custom_msgs/custom_msgs/msg/rosidl_typesupport_introspection_c__visibility_control.h
-- Up-to-date: /home/kazusa/kazusa/install/custom_msgs/include/custom_msgs/custom_msgs/msg/detail
-- Installing: /home/kazusa/kazusa/install/custom_msgs/include/custom_msgs/custom_msgs/msg/detail/can_packet__rosidl_typesupport_introspection_c.h
-- Installing: /home/kazusa/kazusa/install/custom_msgs/include/custom_msgs/custom_msgs/msg/detail/can_packet__type_support.c
-- Up-to-date: /home/kazusa/kazusa/install/custom_msgs/include/custom_msgs/custom_msgs/action
-- Up-to-date: /home/kazusa/kazusa/install/custom_msgs/include/custom_msgs/custom_msgs/action/detail
-- Installing: /home/kazusa/kazusa/install/custom_msgs/include/custom_msgs/custom_msgs/action/detail/follow_path__type_support.c
-- Installing: /home/kazusa/kazusa/install/custom_msgs/include/custom_msgs/custom_msgs/action/detail/hoju__type_support.c
-- Installing: /home/kazusa/kazusa/install/custom_msgs/include/custom_msgs/custom_msgs/action/detail/hoju__rosidl_typesupport_introspection_c.h
-- Installing: /home/kazusa/kazusa/install/custom_msgs/include/custom_msgs/custom_msgs/action/detail/follow_path__rosidl_typesupport_introspection_c.h
-- Installing: /home/kazusa/kazusa/install/custom_msgs/lib/libcustom_msgs__rosidl_typesupport_introspection_c.so
-- Set non-toolchain portion of runtime path of "/home/kazusa/kazusa/install/custom_msgs/lib/libcustom_msgs__rosidl_typesupport_introspection_c.so" to ""
-- Installing: /home/kazusa/kazusa/install/custom_msgs/lib/libcustom_msgs__rosidl_typesupport_c.so
-- Set non-toolchain portion of runtime path of "/home/kazusa/kazusa/install/custom_msgs/lib/libcustom_msgs__rosidl_typesupport_c.so" to ""
-- Up-to-date: /home/kazusa/kazusa/install/custom_msgs/include/custom_msgs/custom_msgs
-- Up-to-date: /home/kazusa/kazusa/install/custom_msgs/include/custom_msgs/custom_msgs/msg
-- Installing: /home/kazusa/kazusa/install/custom_msgs/include/custom_msgs/custom_msgs/msg/can_packet.hpp
-- Up-to-date: /home/kazusa/kazusa/install/custom_msgs/include/custom_msgs/custom_msgs/msg/detail
-- Installing: /home/kazusa/kazusa/install/custom_msgs/include/custom_msgs/custom_msgs/msg/detail/can_packet__struct.hpp
-- Installing: /home/kazusa/kazusa/install/custom_msgs/include/custom_msgs/custom_msgs/msg/detail/can_packet__builder.hpp
-- Installing: /home/kazusa/kazusa/install/custom_msgs/include/custom_msgs/custom_msgs/msg/detail/can_packet__type_support.hpp
-- Installing: /home/kazusa/kazusa/install/custom_msgs/include/custom_msgs/custom_msgs/msg/detail/can_packet__traits.hpp
-- Installing: /home/kazusa/kazusa/install/custom_msgs/include/custom_msgs/custom_msgs/msg/rosidl_generator_cpp__visibility_control.hpp
-- Up-to-date: /home/kazusa/kazusa/install/custom_msgs/include/custom_msgs/custom_msgs/action
-- Installing: /home/kazusa/kazusa/install/custom_msgs/include/custom_msgs/custom_msgs/action/follow_path.hpp
-- Up-to-date: /home/kazusa/kazusa/install/custom_msgs/include/custom_msgs/custom_msgs/action/detail
-- Installing: /home/kazusa/kazusa/install/custom_msgs/include/custom_msgs/custom_msgs/action/detail/follow_path__struct.hpp
-- Installing: /home/kazusa/kazusa/install/custom_msgs/include/custom_msgs/custom_msgs/action/detail/follow_path__type_support.hpp
-- Installing: /home/kazusa/kazusa/install/custom_msgs/include/custom_msgs/custom_msgs/action/detail/hoju__builder.hpp
-- Installing: /home/kazusa/kazusa/install/custom_msgs/include/custom_msgs/custom_msgs/action/detail/follow_path__builder.hpp
-- Installing: /home/kazusa/kazusa/install/custom_msgs/include/custom_msgs/custom_msgs/action/detail/hoju__struct.hpp
-- Installing: /home/kazusa/kazusa/install/custom_msgs/include/custom_msgs/custom_msgs/action/detail/hoju__type_support.hpp
-- Installing: /home/kazusa/kazusa/install/custom_msgs/include/custom_msgs/custom_msgs/action/detail/follow_path__traits.hpp
-- Installing: /home/kazusa/kazusa/install/custom_msgs/include/custom_msgs/custom_msgs/action/detail/hoju__traits.hpp
-- Installing: /home/kazusa/kazusa/install/custom_msgs/include/custom_msgs/custom_msgs/action/hoju.hpp
-- Up-to-date: /home/kazusa/kazusa/install/custom_msgs/include/custom_msgs/custom_msgs
-- Up-to-date: /home/kazusa/kazusa/install/custom_msgs/include/custom_msgs/custom_msgs/msg
-- Up-to-date: /home/kazusa/kazusa/install/custom_msgs/include/custom_msgs/custom_msgs/msg/detail
-- Installing: /home/kazusa/kazusa/install/custom_msgs/include/custom_msgs/custom_msgs/msg/detail/can_packet__rosidl_typesupport_fastrtps_cpp.hpp
-- Installing: /home/kazusa/kazusa/install/custom_msgs/include/custom_msgs/custom_msgs/msg/detail/dds_fastrtps
-- Installing: /home/kazusa/kazusa/install/custom_msgs/include/custom_msgs/custom_msgs/msg/rosidl_typesupport_fastrtps_cpp__visibility_control.h
-- Up-to-date: /home/kazusa/kazusa/install/custom_msgs/include/custom_msgs/custom_msgs/action
-- Up-to-date: /home/kazusa/kazusa/install/custom_msgs/include/custom_msgs/custom_msgs/action/detail
-- Installing: /home/kazusa/kazusa/install/custom_msgs/include/custom_msgs/custom_msgs/action/detail/follow_path__rosidl_typesupport_fastrtps_cpp.hpp
-- Installing: /home/kazusa/kazusa/install/custom_msgs/include/custom_msgs/custom_msgs/action/detail/hoju__rosidl_typesupport_fastrtps_cpp.hpp
-- Installing: /home/kazusa/kazusa/install/custom_msgs/include/custom_msgs/custom_msgs/action/detail/dds_fastrtps
-- Installing: /home/kazusa/kazusa/install/custom_msgs/lib/libcustom_msgs__rosidl_typesupport_fastrtps_cpp.so
-- Set non-toolchain portion of runtime path of "/home/kazusa/kazusa/install/custom_msgs/lib/libcustom_msgs__rosidl_typesupport_fastrtps_cpp.so" to ""
-- Up-to-date: /home/kazusa/kazusa/install/custom_msgs/include/custom_msgs/custom_msgs
-- Up-to-date: /home/kazusa/kazusa/install/custom_msgs/include/custom_msgs/custom_msgs/msg
-- Up-to-date: /home/kazusa/kazusa/install/custom_msgs/include/custom_msgs/custom_msgs/msg/detail
-- Installing: /home/kazusa/kazusa/install/custom_msgs/include/custom_msgs/custom_msgs/msg/detail/can_packet__rosidl_typesupport_introspection_cpp.hpp
-- Installing: /home/kazusa/kazusa/install/custom_msgs/include/custom_msgs/custom_msgs/msg/detail/can_packet__type_support.cpp
-- Up-to-date: /home/kazusa/kazusa/install/custom_msgs/include/custom_msgs/custom_msgs/action
-- Up-to-date: /home/kazusa/kazusa/install/custom_msgs/include/custom_msgs/custom_msgs/action/detail
-- Installing: /home/kazusa/kazusa/install/custom_msgs/include/custom_msgs/custom_msgs/action/detail/hoju__rosidl_typesupport_introspection_cpp.hpp
-- Installing: /home/kazusa/kazusa/install/custom_msgs/include/custom_msgs/custom_msgs/action/detail/follow_path__rosidl_typesupport_introspection_cpp.hpp
-- Installing: /home/kazusa/kazusa/install/custom_msgs/include/custom_msgs/custom_msgs/action/detail/hoju__type_support.cpp
-- Installing: /home/kazusa/kazusa/install/custom_msgs/include/custom_msgs/custom_msgs/action/detail/follow_path__type_support.cpp
-- Installing: /home/kazusa/kazusa/install/custom_msgs/lib/libcustom_msgs__rosidl_typesupport_introspection_cpp.so
-- Set non-toolchain portion of runtime path of "/home/kazusa/kazusa/install/custom_msgs/lib/libcustom_msgs__rosidl_typesupport_introspection_cpp.so" to ""
-- Installing: /home/kazusa/kazusa/install/custom_msgs/lib/libcustom_msgs__rosidl_typesupport_cpp.so
-- Set non-toolchain portion of runtime path of "/home/kazusa/kazusa/install/custom_msgs/lib/libcustom_msgs__rosidl_typesupport_cpp.so" to ""
-- Installing: /home/kazusa/kazusa/install/custom_msgs/share/custom_msgs/environment/pythonpath.sh
-- Installing: /home/kazusa/kazusa/install/custom_msgs/share/custom_msgs/environment/pythonpath.dsv
-- Installing: /home/kazusa/kazusa/install/custom_msgs/lib/python3.12/site-packages/custom_msgs-0.0.0-py3.12.egg-info
-- Installing: /home/kazusa/kazusa/install/custom_msgs/lib/python3.12/site-packages/custom_msgs-0.0.0-py3.12.egg-info/top_level.txt
-- Installing: /home/kazusa/kazusa/install/custom_msgs/lib/python3.12/site-packages/custom_msgs-0.0.0-py3.12.egg-info/SOURCES.txt
-- Installing: /home/kazusa/kazusa/install/custom_msgs/lib/python3.12/site-packages/custom_msgs-0.0.0-py3.12.egg-info/PKG-INFO
-- Installing: /home/kazusa/kazusa/install/custom_msgs/lib/python3.12/site-packages/custom_msgs-0.0.0-py3.12.egg-info/dependency_links.txt
-- Installing: /home/kazusa/kazusa/install/custom_msgs/lib/python3.12/site-packages/custom_msgs
-- Installing: /home/kazusa/kazusa/install/custom_msgs/lib/python3.12/site-packages/custom_msgs/__init__.py
-- Installing: /home/kazusa/kazusa/install/custom_msgs/lib/python3.12/site-packages/custom_msgs/msg
-- Installing: /home/kazusa/kazusa/install/custom_msgs/lib/python3.12/site-packages/custom_msgs/msg/__init__.py
-- Installing: /home/kazusa/kazusa/install/custom_msgs/lib/python3.12/site-packages/custom_msgs/msg/_can_packet.py
-- Installing: /home/kazusa/kazusa/install/custom_msgs/lib/python3.12/site-packages/custom_msgs/msg/_can_packet_s.c
-- Installing: /home/kazusa/kazusa/install/custom_msgs/lib/python3.12/site-packages/custom_msgs/_custom_msgs_s.ep.rosidl_typesupport_c.c
-- Installing: /home/kazusa/kazusa/install/custom_msgs/lib/python3.12/site-packages/custom_msgs/action
-- Installing: /home/kazusa/kazusa/install/custom_msgs/lib/python3.12/site-packages/custom_msgs/action/_follow_path_s.c
-- Installing: /home/kazusa/kazusa/install/custom_msgs/lib/python3.12/site-packages/custom_msgs/action/__init__.py
-- Installing: /home/kazusa/kazusa/install/custom_msgs/lib/python3.12/site-packages/custom_msgs/action/_hoju_s.c
-- Installing: /home/kazusa/kazusa/install/custom_msgs/lib/python3.12/site-packages/custom_msgs/action/_hoju.py
-- Installing: /home/kazusa/kazusa/install/custom_msgs/lib/python3.12/site-packages/custom_msgs/action/_follow_path.py
-- Installing: /home/kazusa/kazusa/install/custom_msgs/lib/python3.12/site-packages/custom_msgs/custom_msgs_s__rosidl_typesupport_fastrtps_c.so
-- Installing: /home/kazusa/kazusa/install/custom_msgs/lib/python3.12/site-packages/custom_msgs/_custom_msgs_s.ep.rosidl_typesupport_fastrtps_c.c
-- Installing: /home/kazusa/kazusa/install/custom_msgs/lib/python3.12/site-packages/custom_msgs/custom_msgs_s__rosidl_typesupport_c.so
-- Installing: /home/kazusa/kazusa/install/custom_msgs/lib/python3.12/site-packages/custom_msgs/_custom_msgs_s.ep.rosidl_typesupport_introspection_c.c
-- Installing: /home/kazusa/kazusa/install/custom_msgs/lib/python3.12/site-packages/custom_msgs/custom_msgs_s__rosidl_typesupport_introspection_c.so
Listing '/home/kazusa/kazusa/install/custom_msgs/lib/python3.12/site-packages/custom_msgs'...
Compiling '/home/kazusa/kazusa/install/custom_msgs/lib/python3.12/site-packages/custom_msgs/__init__.py'...
Listing '/home/kazusa/kazusa/install/custom_msgs/lib/python3.12/site-packages/custom_msgs/action'...
Compiling '/home/kazusa/kazusa/install/custom_msgs/lib/python3.12/site-packages/custom_msgs/action/__init__.py'...
Compiling '/home/kazusa/kazusa/install/custom_msgs/lib/python3.12/site-packages/custom_msgs/action/_follow_path.py'...
Compiling '/home/kazusa/kazusa/install/custom_msgs/lib/python3.12/site-packages/custom_msgs/action/_hoju.py'...
Listing '/home/kazusa/kazusa/install/custom_msgs/lib/python3.12/site-packages/custom_msgs/msg'...
Compiling '/home/kazusa/kazusa/install/custom_msgs/lib/python3.12/site-packages/custom_msgs/msg/__init__.py'...
Compiling '/home/kazusa/kazusa/install/custom_msgs/lib/python3.12/site-packages/custom_msgs/msg/_can_packet.py'...
-- Installing: /home/kazusa/kazusa/install/custom_msgs/lib/python3.12/site-packages/custom_msgs/custom_msgs_s__rosidl_typesupport_fastrtps_c.so
-- Set non-toolchain portion of runtime path of "/home/kazusa/kazusa/install/custom_msgs/lib/python3.12/site-packages/custom_msgs/custom_msgs_s__rosidl_typesupport_fastrtps_c.so" to ""
-- Installing: /home/kazusa/kazusa/install/custom_msgs/lib/python3.12/site-packages/custom_msgs/custom_msgs_s__rosidl_typesupport_introspection_c.so
-- Set non-toolchain portion of runtime path of "/home/kazusa/kazusa/install/custom_msgs/lib/python3.12/site-packages/custom_msgs/custom_msgs_s__rosidl_typesupport_introspection_c.so" to ""
-- Installing: /home/kazusa/kazusa/install/custom_msgs/lib/python3.12/site-packages/custom_msgs/custom_msgs_s__rosidl_typesupport_c.so
-- Set non-toolchain portion of runtime path of "/home/kazusa/kazusa/install/custom_msgs/lib/python3.12/site-packages/custom_msgs/custom_msgs_s__rosidl_typesupport_c.so" to ""
-- Installing: /home/kazusa/kazusa/install/custom_msgs/lib/libcustom_msgs__rosidl_generator_py.so
-- Set non-toolchain portion of runtime path of "/home/kazusa/kazusa/install/custom_msgs/lib/libcustom_msgs__rosidl_generator_py.so" to ""
-- Installing: /home/kazusa/kazusa/install/custom_msgs/share/ament_index/resource_index/rust_packages/custom_msgs
-- Installing: /home/kazusa/kazusa/install/custom_msgs/share/custom_msgs/rust
-- Installing: /home/kazusa/kazusa/install/custom_msgs/share/custom_msgs/rust/Cargo.toml
-- Installing: /home/kazusa/kazusa/install/custom_msgs/share/custom_msgs/rust/src
-- Installing: /home/kazusa/kazusa/install/custom_msgs/share/custom_msgs/rust/src/msg
-- Installing: /home/kazusa/kazusa/install/custom_msgs/share/custom_msgs/rust/src/msg/rmw.rs
-- Installing: /home/kazusa/kazusa/install/custom_msgs/share/custom_msgs/rust/src/action
-- Installing: /home/kazusa/kazusa/install/custom_msgs/share/custom_msgs/rust/src/action/rmw.rs
-- Installing: /home/kazusa/kazusa/install/custom_msgs/share/custom_msgs/rust/src/msg.rs
-- Installing: /home/kazusa/kazusa/install/custom_msgs/share/custom_msgs/rust/src/action.rs
-- Installing: /home/kazusa/kazusa/install/custom_msgs/share/custom_msgs/rust/src/lib.rs
-- Installing: /home/kazusa/kazusa/install/custom_msgs/share/custom_msgs/rust/build.rs
-- Installing: /home/kazusa/kazusa/install/custom_msgs/share/custom_msgs/msg/CanPacket.idl
-- Installing: /home/kazusa/kazusa/install/custom_msgs/share/custom_msgs/action/FollowPath.idl
-- Installing: /home/kazusa/kazusa/install/custom_msgs/share/custom_msgs/action/Hoju.idl
-- Installing: /home/kazusa/kazusa/install/custom_msgs/share/custom_msgs/msg/CanPacket.msg
-- Installing: /home/kazusa/kazusa/install/custom_msgs/share/custom_msgs/action/FollowPath.action
-- Installing: /home/kazusa/kazusa/install/custom_msgs/share/custom_msgs/action/Hoju.action
-- Installing: /home/kazusa/kazusa/install/custom_msgs/share/ament_index/resource_index/package_run_dependencies/custom_msgs
-- Installing: /home/kazusa/kazusa/install/custom_msgs/share/ament_index/resource_index/parent_prefix_path/custom_msgs
-- Installing: /home/kazusa/kazusa/install/custom_msgs/share/custom_msgs/environment/ament_prefix_path.sh
-- Installing: /home/kazusa/kazusa/install/custom_msgs/share/custom_msgs/environment/ament_prefix_path.dsv
-- Installing: /home/kazusa/kazusa/install/custom_msgs/share/custom_msgs/environment/path.sh
-- Installing: /home/kazusa/kazusa/install/custom_msgs/share/custom_msgs/environment/path.dsv
-- Installing: /home/kazusa/kazusa/install/custom_msgs/share/custom_msgs/local_setup.bash
-- Installing: /home/kazusa/kazusa/install/custom_msgs/share/custom_msgs/local_setup.sh
-- Installing: /home/kazusa/kazusa/install/custom_msgs/share/custom_msgs/local_setup.zsh
-- Installing: /home/kazusa/kazusa/install/custom_msgs/share/custom_msgs/local_setup.dsv
-- Installing: /home/kazusa/kazusa/install/custom_msgs/share/custom_msgs/package.dsv
-- Installing: /home/kazusa/kazusa/install/custom_msgs/share/ament_index/resource_index/packages/custom_msgs
-- Installing: /home/kazusa/kazusa/install/custom_msgs/share/custom_msgs/cmake/export_custom_msgs__rosidl_generator_cExport.cmake
-- Installing: /home/kazusa/kazusa/install/custom_msgs/share/custom_msgs/cmake/export_custom_msgs__rosidl_generator_cExport-noconfig.cmake
-- Installing: /home/kazusa/kazusa/install/custom_msgs/share/custom_msgs/cmake/export_custom_msgs__rosidl_typesupport_fastrtps_cExport.cmake
-- Installing: /home/kazusa/kazusa/install/custom_msgs/share/custom_msgs/cmake/export_custom_msgs__rosidl_typesupport_fastrtps_cExport-noconfig.cmake
-- Installing: /home/kazusa/kazusa/install/custom_msgs/share/custom_msgs/cmake/custom_msgs__rosidl_typesupport_introspection_cExport.cmake
-- Installing: /home/kazusa/kazusa/install/custom_msgs/share/custom_msgs/cmake/custom_msgs__rosidl_typesupport_introspection_cExport-noconfig.cmake
-- Installing: /home/kazusa/kazusa/install/custom_msgs/share/custom_msgs/cmake/custom_msgs__rosidl_typesupport_cExport.cmake
-- Installing: /home/kazusa/kazusa/install/custom_msgs/share/custom_msgs/cmake/custom_msgs__rosidl_typesupport_cExport-noconfig.cmake
-- Installing: /home/kazusa/kazusa/install/custom_msgs/share/custom_msgs/cmake/export_custom_msgs__rosidl_generator_cppExport.cmake
-- Installing: /home/kazusa/kazusa/install/custom_msgs/share/custom_msgs/cmake/export_custom_msgs__rosidl_typesupport_fastrtps_cppExport.cmake
-- Installing: /home/kazusa/kazusa/install/custom_msgs/share/custom_msgs/cmake/export_custom_msgs__rosidl_typesupport_fastrtps_cppExport-noconfig.cmake
-- Installing: /home/kazusa/kazusa/install/custom_msgs/share/custom_msgs/cmake/custom_msgs__rosidl_typesupport_introspection_cppExport.cmake
-- Installing: /home/kazusa/kazusa/install/custom_msgs/share/custom_msgs/cmake/custom_msgs__rosidl_typesupport_introspection_cppExport-noconfig.cmake
-- Installing: /home/kazusa/kazusa/install/custom_msgs/share/custom_msgs/cmake/custom_msgs__rosidl_typesupport_cppExport.cmake
-- Installing: /home/kazusa/kazusa/install/custom_msgs/share/custom_msgs/cmake/custom_msgs__rosidl_typesupport_cppExport-noconfig.cmake
-- Installing: /home/kazusa/kazusa/install/custom_msgs/share/custom_msgs/cmake/export_custom_msgs__rosidl_generator_pyExport.cmake
-- Installing: /home/kazusa/kazusa/install/custom_msgs/share/custom_msgs/cmake/export_custom_msgs__rosidl_generator_pyExport-noconfig.cmake
-- Installing: /home/kazusa/kazusa/install/custom_msgs/share/custom_msgs/cmake/rosidl_cmake-extras.cmake
-- Installing: /home/kazusa/kazusa/install/custom_msgs/share/custom_msgs/cmake/ament_cmake_export_dependencies-extras.cmake
-- Installing: /home/kazusa/kazusa/install/custom_msgs/share/custom_msgs/cmake/ament_cmake_export_include_directories-extras.cmake
-- Installing: /home/kazusa/kazusa/install/custom_msgs/share/custom_msgs/cmake/ament_cmake_export_libraries-extras.cmake
-- Installing: /home/kazusa/kazusa/install/custom_msgs/share/custom_msgs/cmake/ament_cmake_export_targets-extras.cmake
-- Installing: /home/kazusa/kazusa/install/custom_msgs/share/custom_msgs/cmake/rosidl_cmake_export_typesupport_targets-extras.cmake
-- Installing: /home/kazusa/kazusa/install/custom_msgs/share/custom_msgs/cmake/rosidl_cmake_export_typesupport_libraries-extras.cmake
-- Installing: /home/kazusa/kazusa/install/custom_msgs/share/custom_msgs/cmake/rosidl_cmake_aggregate_target-extras.cmake
-- Installing: /home/kazusa/kazusa/install/custom_msgs/share/custom_msgs/cmake/custom_msgsConfig.cmake
-- Installing: /home/kazusa/kazusa/install/custom_msgs/share/custom_msgs/cmake/custom_msgsConfig-version.cmake
-- Installing: /home/kazusa/kazusa/install/custom_msgs/share/custom_msgs/package.xml
