[0.036s] Invoking command in '/home/kazusa/kazusa/build/custom_msgs': CMAKE_PREFIX_PATH=${CMAKE_PREFIX_PATH}:/opt/ros/jazzy DEBUGINFOD_URLS=https://debuginfod.ubuntu.com /usr/bin/cmake --build /home/kazusa/kazusa/build/custom_msgs -- -j12 -l12
[0.105s] [  1%] Built target custom_msgs__rs
[0.107s] [  3%] Built target custom_msgs__rosidl_generator_type_description
[0.123s] [  3%] Built target ament_cmake_python_copy_custom_msgs
[0.148s] [  5%] Built target custom_msgs__cpp
[0.156s] [ 25%] Built target custom_msgs__rosidl_generator_c
[0.189s] [ 34%] Built target custom_msgs__rosidl_typesupport_c
[0.190s] [ 52%] Built target custom_msgs__rosidl_typesupport_introspection_c
[0.190s] [ 52%] Built target custom_msgs__rosidl_typesupport_cpp
[0.191s] [ 70%] Built target custom_msgs__rosidl_typesupport_introspection_cpp
[0.216s] [ 70%] Built target custom_msgs__rosidl_typesupport_fastrtps_cpp
[0.216s] [ 80%] Built target custom_msgs__rosidl_typesupport_fastrtps_c
[0.242s] [ 80%] Built target custom_msgs
[0.270s] [ 81%] Built target custom_msgs__py
[0.298s] [ 89%] Built target custom_msgs__rosidl_generator_py
[0.324s] [ 92%] Built target custom_msgs_s__rosidl_typesupport_c
[0.328s] [ 96%] Built target custom_msgs_s__rosidl_typesupport_fastrtps_c
[0.333s] [100%] Built target custom_msgs_s__rosidl_typesupport_introspection_c
[0.388s] running egg_info
[0.403s] writing custom_msgs.egg-info/PKG-INFO
[0.403s] writing dependency_links to custom_msgs.egg-info/dependency_links.txt
[0.403s] writing top-level names to custom_msgs.egg-info/top_level.txt
[0.437s] reading manifest file 'custom_msgs.egg-info/SOURCES.txt'
[0.437s] writing manifest file 'custom_msgs.egg-info/SOURCES.txt'
[0.462s] [100%] Built target ament_cmake_python_build_custom_msgs_egg
[0.477s] Invoked command in '/home/kazusa/kazusa/build/custom_msgs' returned '0': CMAKE_PREFIX_PATH=${CMAKE_PREFIX_PATH}:/opt/ros/jazzy DEBUGINFOD_URLS=https://debuginfod.ubuntu.com /usr/bin/cmake --build /home/kazusa/kazusa/build/custom_msgs -- -j12 -l12
[0.479s] Invoking command in '/home/kazusa/kazusa/build/custom_msgs': CMAKE_PREFIX_PATH=${CMAKE_PREFIX_PATH}:/opt/ros/jazzy DEBUGINFOD_URLS=https://debuginfod.ubuntu.com /usr/bin/cmake --install /home/kazusa/kazusa/build/custom_msgs
[0.488s] -- Install configuration: ""
[0.488s] -- Up-to-date: /home/kazusa/kazusa/install/custom_msgs/share/ament_index/resource_index/rosidl_interfaces/custom_msgs
[0.488s] -- Up-to-date: /home/kazusa/kazusa/install/custom_msgs/share/custom_msgs/msg/CanPacket.json
[0.488s] -- Up-to-date: /home/kazusa/kazusa/install/custom_msgs/share/custom_msgs/action/FollowPath.json
[0.488s] -- Up-to-date: /home/kazusa/kazusa/install/custom_msgs/share/custom_msgs/action/Hoju.json
[0.488s] -- Up-to-date: /home/kazusa/kazusa/install/custom_msgs/include/custom_msgs/custom_msgs
[0.488s] -- Up-to-date: /home/kazusa/kazusa/install/custom_msgs/include/custom_msgs/custom_msgs/msg
[0.489s] -- Up-to-date: /home/kazusa/kazusa/install/custom_msgs/include/custom_msgs/custom_msgs/msg/rosidl_generator_c__visibility_control.h
[0.489s] -- Up-to-date: /home/kazusa/kazusa/install/custom_msgs/include/custom_msgs/custom_msgs/msg/can_packet.h
[0.489s] -- Up-to-date: /home/kazusa/kazusa/install/custom_msgs/include/custom_msgs/custom_msgs/msg/detail
[0.489s] -- Up-to-date: /home/kazusa/kazusa/install/custom_msgs/include/custom_msgs/custom_msgs/msg/detail/can_packet__struct.h
[0.489s] -- Up-to-date: /home/kazusa/kazusa/install/custom_msgs/include/custom_msgs/custom_msgs/msg/detail/can_packet__type_support.h
[0.489s] -- Up-to-date: /home/kazusa/kazusa/install/custom_msgs/include/custom_msgs/custom_msgs/msg/detail/can_packet__description.c
[0.489s] -- Up-to-date: /home/kazusa/kazusa/install/custom_msgs/include/custom_msgs/custom_msgs/msg/detail/can_packet__functions.h
[0.489s] -- Up-to-date: /home/kazusa/kazusa/install/custom_msgs/include/custom_msgs/custom_msgs/msg/detail/can_packet__type_support.c
[0.489s] -- Up-to-date: /home/kazusa/kazusa/install/custom_msgs/include/custom_msgs/custom_msgs/msg/detail/can_packet__functions.c
[0.490s] -- Up-to-date: /home/kazusa/kazusa/install/custom_msgs/include/custom_msgs/custom_msgs/action
[0.490s] -- Up-to-date: /home/kazusa/kazusa/install/custom_msgs/include/custom_msgs/custom_msgs/action/detail
[0.490s] -- Up-to-date: /home/kazusa/kazusa/install/custom_msgs/include/custom_msgs/custom_msgs/action/detail/hoju__description.c
[0.490s] -- Up-to-date: /home/kazusa/kazusa/install/custom_msgs/include/custom_msgs/custom_msgs/action/detail/follow_path__description.c
[0.490s] -- Up-to-date: /home/kazusa/kazusa/install/custom_msgs/include/custom_msgs/custom_msgs/action/detail/hoju__functions.h
[0.490s] -- Up-to-date: /home/kazusa/kazusa/install/custom_msgs/include/custom_msgs/custom_msgs/action/detail/follow_path__type_support.h
[0.490s] -- Up-to-date: /home/kazusa/kazusa/install/custom_msgs/include/custom_msgs/custom_msgs/action/detail/follow_path__type_support.c
[0.490s] -- Up-to-date: /home/kazusa/kazusa/install/custom_msgs/include/custom_msgs/custom_msgs/action/detail/follow_path__struct.h
[0.490s] -- Up-to-date: /home/kazusa/kazusa/install/custom_msgs/include/custom_msgs/custom_msgs/action/detail/hoju__type_support.c
[0.491s] -- Up-to-date: /home/kazusa/kazusa/install/custom_msgs/include/custom_msgs/custom_msgs/action/detail/follow_path__functions.h
[0.491s] -- Up-to-date: /home/kazusa/kazusa/install/custom_msgs/include/custom_msgs/custom_msgs/action/detail/hoju__struct.h
[0.491s] -- Up-to-date: /home/kazusa/kazusa/install/custom_msgs/include/custom_msgs/custom_msgs/action/detail/hoju__type_support.h
[0.491s] -- Up-to-date: /home/kazusa/kazusa/install/custom_msgs/include/custom_msgs/custom_msgs/action/detail/hoju__functions.c
[0.491s] -- Up-to-date: /home/kazusa/kazusa/install/custom_msgs/include/custom_msgs/custom_msgs/action/detail/follow_path__functions.c
[0.491s] -- Up-to-date: /home/kazusa/kazusa/install/custom_msgs/include/custom_msgs/custom_msgs/action/hoju.h
[0.491s] -- Up-to-date: /home/kazusa/kazusa/install/custom_msgs/include/custom_msgs/custom_msgs/action/follow_path.h
[0.491s] -- Up-to-date: /home/kazusa/kazusa/install/custom_msgs/share/custom_msgs/environment/library_path.sh
[0.491s] -- Up-to-date: /home/kazusa/kazusa/install/custom_msgs/share/custom_msgs/environment/library_path.dsv
[0.491s] -- Up-to-date: /home/kazusa/kazusa/install/custom_msgs/lib/libcustom_msgs__rosidl_generator_c.so
[0.491s] -- Up-to-date: /home/kazusa/kazusa/install/custom_msgs/include/custom_msgs/custom_msgs
[0.492s] -- Up-to-date: /home/kazusa/kazusa/install/custom_msgs/include/custom_msgs/custom_msgs/msg
[0.492s] -- Up-to-date: /home/kazusa/kazusa/install/custom_msgs/include/custom_msgs/custom_msgs/msg/detail
[0.492s] -- Up-to-date: /home/kazusa/kazusa/install/custom_msgs/include/custom_msgs/custom_msgs/msg/detail/can_packet__rosidl_typesupport_fastrtps_c.h
[0.492s] -- Up-to-date: /home/kazusa/kazusa/install/custom_msgs/include/custom_msgs/custom_msgs/msg/rosidl_typesupport_fastrtps_c__visibility_control.h
[0.492s] -- Up-to-date: /home/kazusa/kazusa/install/custom_msgs/include/custom_msgs/custom_msgs/action
[0.492s] -- Up-to-date: /home/kazusa/kazusa/install/custom_msgs/include/custom_msgs/custom_msgs/action/detail
[0.492s] -- Up-to-date: /home/kazusa/kazusa/install/custom_msgs/include/custom_msgs/custom_msgs/action/detail/follow_path__rosidl_typesupport_fastrtps_c.h
[0.492s] -- Up-to-date: /home/kazusa/kazusa/install/custom_msgs/include/custom_msgs/custom_msgs/action/detail/hoju__rosidl_typesupport_fastrtps_c.h
[0.492s] -- Up-to-date: /home/kazusa/kazusa/install/custom_msgs/lib/libcustom_msgs__rosidl_typesupport_fastrtps_c.so
[0.492s] -- Up-to-date: /home/kazusa/kazusa/install/custom_msgs/include/custom_msgs/custom_msgs
[0.492s] -- Up-to-date: /home/kazusa/kazusa/install/custom_msgs/include/custom_msgs/custom_msgs/msg
[0.493s] -- Up-to-date: /home/kazusa/kazusa/install/custom_msgs/include/custom_msgs/custom_msgs/msg/rosidl_typesupport_introspection_c__visibility_control.h
[0.493s] -- Up-to-date: /home/kazusa/kazusa/install/custom_msgs/include/custom_msgs/custom_msgs/msg/detail
[0.493s] -- Up-to-date: /home/kazusa/kazusa/install/custom_msgs/include/custom_msgs/custom_msgs/msg/detail/can_packet__rosidl_typesupport_introspection_c.h
[0.493s] -- Up-to-date: /home/kazusa/kazusa/install/custom_msgs/include/custom_msgs/custom_msgs/msg/detail/can_packet__type_support.c
[0.493s] -- Up-to-date: /home/kazusa/kazusa/install/custom_msgs/include/custom_msgs/custom_msgs/action
[0.493s] -- Up-to-date: /home/kazusa/kazusa/install/custom_msgs/include/custom_msgs/custom_msgs/action/detail
[0.493s] -- Up-to-date: /home/kazusa/kazusa/install/custom_msgs/include/custom_msgs/custom_msgs/action/detail/follow_path__type_support.c
[0.493s] -- Up-to-date: /home/kazusa/kazusa/install/custom_msgs/include/custom_msgs/custom_msgs/action/detail/hoju__type_support.c
[0.493s] -- Up-to-date: /home/kazusa/kazusa/install/custom_msgs/include/custom_msgs/custom_msgs/action/detail/hoju__rosidl_typesupport_introspection_c.h
[0.493s] -- Up-to-date: /home/kazusa/kazusa/install/custom_msgs/include/custom_msgs/custom_msgs/action/detail/follow_path__rosidl_typesupport_introspection_c.h
[0.493s] -- Up-to-date: /home/kazusa/kazusa/install/custom_msgs/lib/libcustom_msgs__rosidl_typesupport_introspection_c.so
[0.493s] -- Up-to-date: /home/kazusa/kazusa/install/custom_msgs/lib/libcustom_msgs__rosidl_typesupport_c.so
[0.493s] -- Up-to-date: /home/kazusa/kazusa/install/custom_msgs/include/custom_msgs/custom_msgs
[0.493s] -- Up-to-date: /home/kazusa/kazusa/install/custom_msgs/include/custom_msgs/custom_msgs/msg
[0.493s] -- Up-to-date: /home/kazusa/kazusa/install/custom_msgs/include/custom_msgs/custom_msgs/msg/can_packet.hpp
[0.493s] -- Up-to-date: /home/kazusa/kazusa/install/custom_msgs/include/custom_msgs/custom_msgs/msg/detail
[0.493s] -- Up-to-date: /home/kazusa/kazusa/install/custom_msgs/include/custom_msgs/custom_msgs/msg/detail/can_packet__struct.hpp
[0.494s] -- Up-to-date: /home/kazusa/kazusa/install/custom_msgs/include/custom_msgs/custom_msgs/msg/detail/can_packet__builder.hpp
[0.494s] -- Up-to-date: /home/kazusa/kazusa/install/custom_msgs/include/custom_msgs/custom_msgs/msg/detail/can_packet__type_support.hpp
[0.494s] -- Up-to-date: /home/kazusa/kazusa/install/custom_msgs/include/custom_msgs/custom_msgs/msg/detail/can_packet__traits.hpp
[0.494s] -- Up-to-date: /home/kazusa/kazusa/install/custom_msgs/include/custom_msgs/custom_msgs/msg/rosidl_generator_cpp__visibility_control.hpp
[0.494s] -- Up-to-date: /home/kazusa/kazusa/install/custom_msgs/include/custom_msgs/custom_msgs/action
[0.494s] -- Up-to-date: /home/kazusa/kazusa/install/custom_msgs/include/custom_msgs/custom_msgs/action/follow_path.hpp
[0.494s] -- Up-to-date: /home/kazusa/kazusa/install/custom_msgs/include/custom_msgs/custom_msgs/action/detail
[0.494s] -- Up-to-date: /home/kazusa/kazusa/install/custom_msgs/include/custom_msgs/custom_msgs/action/detail/follow_path__struct.hpp
[0.494s] -- Up-to-date: /home/kazusa/kazusa/install/custom_msgs/include/custom_msgs/custom_msgs/action/detail/follow_path__type_support.hpp
[0.494s] -- Up-to-date: /home/kazusa/kazusa/install/custom_msgs/include/custom_msgs/custom_msgs/action/detail/hoju__builder.hpp
[0.494s] -- Up-to-date: /home/kazusa/kazusa/install/custom_msgs/include/custom_msgs/custom_msgs/action/detail/follow_path__builder.hpp
[0.494s] -- Up-to-date: /home/kazusa/kazusa/install/custom_msgs/include/custom_msgs/custom_msgs/action/detail/hoju__struct.hpp
[0.494s] -- Up-to-date: /home/kazusa/kazusa/install/custom_msgs/include/custom_msgs/custom_msgs/action/detail/hoju__type_support.hpp
[0.494s] -- Up-to-date: /home/kazusa/kazusa/install/custom_msgs/include/custom_msgs/custom_msgs/action/detail/follow_path__traits.hpp
[0.494s] -- Up-to-date: /home/kazusa/kazusa/install/custom_msgs/include/custom_msgs/custom_msgs/action/detail/hoju__traits.hpp
[0.494s] -- Up-to-date: /home/kazusa/kazusa/install/custom_msgs/include/custom_msgs/custom_msgs/action/hoju.hpp
[0.494s] -- Up-to-date: /home/kazusa/kazusa/install/custom_msgs/include/custom_msgs/custom_msgs
[0.495s] -- Up-to-date: /home/kazusa/kazusa/install/custom_msgs/include/custom_msgs/custom_msgs/msg
[0.495s] -- Up-to-date: /home/kazusa/kazusa/install/custom_msgs/include/custom_msgs/custom_msgs/msg/detail
[0.495s] -- Up-to-date: /home/kazusa/kazusa/install/custom_msgs/include/custom_msgs/custom_msgs/msg/detail/can_packet__rosidl_typesupport_fastrtps_cpp.hpp
[0.495s] -- Up-to-date: /home/kazusa/kazusa/install/custom_msgs/include/custom_msgs/custom_msgs/msg/detail/dds_fastrtps
[0.495s] -- Up-to-date: /home/kazusa/kazusa/install/custom_msgs/include/custom_msgs/custom_msgs/msg/rosidl_typesupport_fastrtps_cpp__visibility_control.h
[0.495s] -- Up-to-date: /home/kazusa/kazusa/install/custom_msgs/include/custom_msgs/custom_msgs/action
[0.495s] -- Up-to-date: /home/kazusa/kazusa/install/custom_msgs/include/custom_msgs/custom_msgs/action/detail
[0.495s] -- Up-to-date: /home/kazusa/kazusa/install/custom_msgs/include/custom_msgs/custom_msgs/action/detail/follow_path__rosidl_typesupport_fastrtps_cpp.hpp
[0.495s] -- Up-to-date: /home/kazusa/kazusa/install/custom_msgs/include/custom_msgs/custom_msgs/action/detail/hoju__rosidl_typesupport_fastrtps_cpp.hpp
[0.495s] -- Up-to-date: /home/kazusa/kazusa/install/custom_msgs/include/custom_msgs/custom_msgs/action/detail/dds_fastrtps
[0.495s] -- Up-to-date: /home/kazusa/kazusa/install/custom_msgs/lib/libcustom_msgs__rosidl_typesupport_fastrtps_cpp.so
[0.495s] -- Up-to-date: /home/kazusa/kazusa/install/custom_msgs/include/custom_msgs/custom_msgs
[0.495s] -- Up-to-date: /home/kazusa/kazusa/install/custom_msgs/include/custom_msgs/custom_msgs/msg
[0.495s] -- Up-to-date: /home/kazusa/kazusa/install/custom_msgs/include/custom_msgs/custom_msgs/msg/detail
[0.495s] -- Up-to-date: /home/kazusa/kazusa/install/custom_msgs/include/custom_msgs/custom_msgs/msg/detail/can_packet__rosidl_typesupport_introspection_cpp.hpp
[0.495s] -- Up-to-date: /home/kazusa/kazusa/install/custom_msgs/include/custom_msgs/custom_msgs/msg/detail/can_packet__type_support.cpp
[0.496s] -- Up-to-date: /home/kazusa/kazusa/install/custom_msgs/include/custom_msgs/custom_msgs/action
[0.496s] -- Up-to-date: /home/kazusa/kazusa/install/custom_msgs/include/custom_msgs/custom_msgs/action/detail
[0.496s] -- Up-to-date: /home/kazusa/kazusa/install/custom_msgs/include/custom_msgs/custom_msgs/action/detail/hoju__rosidl_typesupport_introspection_cpp.hpp
[0.496s] -- Up-to-date: /home/kazusa/kazusa/install/custom_msgs/include/custom_msgs/custom_msgs/action/detail/follow_path__rosidl_typesupport_introspection_cpp.hpp
[0.496s] -- Up-to-date: /home/kazusa/kazusa/install/custom_msgs/include/custom_msgs/custom_msgs/action/detail/hoju__type_support.cpp
[0.496s] -- Up-to-date: /home/kazusa/kazusa/install/custom_msgs/include/custom_msgs/custom_msgs/action/detail/follow_path__type_support.cpp
[0.496s] -- Up-to-date: /home/kazusa/kazusa/install/custom_msgs/lib/libcustom_msgs__rosidl_typesupport_introspection_cpp.so
[0.496s] -- Up-to-date: /home/kazusa/kazusa/install/custom_msgs/lib/libcustom_msgs__rosidl_typesupport_cpp.so
[0.496s] -- Up-to-date: /home/kazusa/kazusa/install/custom_msgs/share/custom_msgs/environment/pythonpath.sh
[0.496s] -- Up-to-date: /home/kazusa/kazusa/install/custom_msgs/share/custom_msgs/environment/pythonpath.dsv
[0.496s] -- Up-to-date: /home/kazusa/kazusa/install/custom_msgs/lib/python3.12/site-packages/custom_msgs-0.0.0-py3.12.egg-info
[0.496s] -- Installing: /home/kazusa/kazusa/install/custom_msgs/lib/python3.12/site-packages/custom_msgs-0.0.0-py3.12.egg-info/top_level.txt
[0.496s] -- Installing: /home/kazusa/kazusa/install/custom_msgs/lib/python3.12/site-packages/custom_msgs-0.0.0-py3.12.egg-info/SOURCES.txt
[0.496s] -- Installing: /home/kazusa/kazusa/install/custom_msgs/lib/python3.12/site-packages/custom_msgs-0.0.0-py3.12.egg-info/PKG-INFO
[0.496s] -- Installing: /home/kazusa/kazusa/install/custom_msgs/lib/python3.12/site-packages/custom_msgs-0.0.0-py3.12.egg-info/dependency_links.txt
[0.496s] -- Up-to-date: /home/kazusa/kazusa/install/custom_msgs/lib/python3.12/site-packages/custom_msgs
[0.496s] -- Up-to-date: /home/kazusa/kazusa/install/custom_msgs/lib/python3.12/site-packages/custom_msgs/__init__.py
[0.496s] -- Up-to-date: /home/kazusa/kazusa/install/custom_msgs/lib/python3.12/site-packages/custom_msgs/msg
[0.497s] -- Up-to-date: /home/kazusa/kazusa/install/custom_msgs/lib/python3.12/site-packages/custom_msgs/msg/__init__.py
[0.497s] -- Up-to-date: /home/kazusa/kazusa/install/custom_msgs/lib/python3.12/site-packages/custom_msgs/msg/_can_packet.py
[0.497s] -- Up-to-date: /home/kazusa/kazusa/install/custom_msgs/lib/python3.12/site-packages/custom_msgs/msg/_can_packet_s.c
[0.497s] -- Up-to-date: /home/kazusa/kazusa/install/custom_msgs/lib/python3.12/site-packages/custom_msgs/_custom_msgs_s.ep.rosidl_typesupport_c.c
[0.497s] -- Up-to-date: /home/kazusa/kazusa/install/custom_msgs/lib/python3.12/site-packages/custom_msgs/action
[0.497s] -- Up-to-date: /home/kazusa/kazusa/install/custom_msgs/lib/python3.12/site-packages/custom_msgs/action/_follow_path_s.c
[0.497s] -- Up-to-date: /home/kazusa/kazusa/install/custom_msgs/lib/python3.12/site-packages/custom_msgs/action/__init__.py
[0.497s] -- Up-to-date: /home/kazusa/kazusa/install/custom_msgs/lib/python3.12/site-packages/custom_msgs/action/_hoju_s.c
[0.497s] -- Up-to-date: /home/kazusa/kazusa/install/custom_msgs/lib/python3.12/site-packages/custom_msgs/action/_hoju.py
[0.497s] -- Up-to-date: /home/kazusa/kazusa/install/custom_msgs/lib/python3.12/site-packages/custom_msgs/action/_follow_path.py
[0.497s] -- Up-to-date: /home/kazusa/kazusa/install/custom_msgs/lib/python3.12/site-packages/custom_msgs/custom_msgs_s__rosidl_typesupport_fastrtps_c.so
[0.497s] -- Up-to-date: /home/kazusa/kazusa/install/custom_msgs/lib/python3.12/site-packages/custom_msgs/_custom_msgs_s.ep.rosidl_typesupport_fastrtps_c.c
[0.497s] -- Up-to-date: /home/kazusa/kazusa/install/custom_msgs/lib/python3.12/site-packages/custom_msgs/custom_msgs_s__rosidl_typesupport_c.so
[0.497s] -- Up-to-date: /home/kazusa/kazusa/install/custom_msgs/lib/python3.12/site-packages/custom_msgs/_custom_msgs_s.ep.rosidl_typesupport_introspection_c.c
[0.497s] -- Up-to-date: /home/kazusa/kazusa/install/custom_msgs/lib/python3.12/site-packages/custom_msgs/custom_msgs_s__rosidl_typesupport_introspection_c.so
[0.519s] Listing '/home/kazusa/kazusa/install/custom_msgs/lib/python3.12/site-packages/custom_msgs'...
[0.519s] Listing '/home/kazusa/kazusa/install/custom_msgs/lib/python3.12/site-packages/custom_msgs/action'...
[0.519s] Listing '/home/kazusa/kazusa/install/custom_msgs/lib/python3.12/site-packages/custom_msgs/msg'...
[0.525s] -- Up-to-date: /home/kazusa/kazusa/install/custom_msgs/lib/python3.12/site-packages/custom_msgs/custom_msgs_s__rosidl_typesupport_fastrtps_c.so
[0.525s] -- Up-to-date: /home/kazusa/kazusa/install/custom_msgs/lib/python3.12/site-packages/custom_msgs/custom_msgs_s__rosidl_typesupport_introspection_c.so
[0.526s] -- Up-to-date: /home/kazusa/kazusa/install/custom_msgs/lib/python3.12/site-packages/custom_msgs/custom_msgs_s__rosidl_typesupport_c.so
[0.526s] -- Up-to-date: /home/kazusa/kazusa/install/custom_msgs/lib/libcustom_msgs__rosidl_generator_py.so
[0.526s] -- Up-to-date: /home/kazusa/kazusa/install/custom_msgs/share/ament_index/resource_index/rust_packages/custom_msgs
[0.527s] -- Up-to-date: /home/kazusa/kazusa/install/custom_msgs/share/custom_msgs/rust
[0.527s] -- Up-to-date: /home/kazusa/kazusa/install/custom_msgs/share/custom_msgs/rust/Cargo.toml
[0.527s] -- Up-to-date: /home/kazusa/kazusa/install/custom_msgs/share/custom_msgs/rust/src
[0.527s] -- Up-to-date: /home/kazusa/kazusa/install/custom_msgs/share/custom_msgs/rust/src/msg
[0.527s] -- Up-to-date: /home/kazusa/kazusa/install/custom_msgs/share/custom_msgs/rust/src/msg/rmw.rs
[0.527s] -- Up-to-date: /home/kazusa/kazusa/install/custom_msgs/share/custom_msgs/rust/src/action
[0.527s] -- Up-to-date: /home/kazusa/kazusa/install/custom_msgs/share/custom_msgs/rust/src/action/rmw.rs
[0.527s] -- Up-to-date: /home/kazusa/kazusa/install/custom_msgs/share/custom_msgs/rust/src/msg.rs
[0.527s] -- Up-to-date: /home/kazusa/kazusa/install/custom_msgs/share/custom_msgs/rust/src/action.rs
[0.527s] -- Up-to-date: /home/kazusa/kazusa/install/custom_msgs/share/custom_msgs/rust/src/lib.rs
[0.528s] -- Up-to-date: /home/kazusa/kazusa/install/custom_msgs/share/custom_msgs/rust/build.rs
[0.528s] -- Up-to-date: /home/kazusa/kazusa/install/custom_msgs/share/custom_msgs/msg/CanPacket.idl
[0.528s] -- Up-to-date: /home/kazusa/kazusa/install/custom_msgs/share/custom_msgs/action/FollowPath.idl
[0.528s] -- Up-to-date: /home/kazusa/kazusa/install/custom_msgs/share/custom_msgs/action/Hoju.idl
[0.528s] -- Up-to-date: /home/kazusa/kazusa/install/custom_msgs/share/custom_msgs/msg/CanPacket.msg
[0.528s] -- Up-to-date: /home/kazusa/kazusa/install/custom_msgs/share/custom_msgs/action/FollowPath.action
[0.528s] -- Up-to-date: /home/kazusa/kazusa/install/custom_msgs/share/custom_msgs/action/Hoju.action
[0.528s] -- Up-to-date: /home/kazusa/kazusa/install/custom_msgs/share/ament_index/resource_index/package_run_dependencies/custom_msgs
[0.529s] -- Up-to-date: /home/kazusa/kazusa/install/custom_msgs/share/ament_index/resource_index/parent_prefix_path/custom_msgs
[0.529s] -- Up-to-date: /home/kazusa/kazusa/install/custom_msgs/share/custom_msgs/environment/ament_prefix_path.sh
[0.529s] -- Up-to-date: /home/kazusa/kazusa/install/custom_msgs/share/custom_msgs/environment/ament_prefix_path.dsv
[0.529s] -- Up-to-date: /home/kazusa/kazusa/install/custom_msgs/share/custom_msgs/environment/path.sh
[0.529s] -- Up-to-date: /home/kazusa/kazusa/install/custom_msgs/share/custom_msgs/environment/path.dsv
[0.529s] -- Up-to-date: /home/kazusa/kazusa/install/custom_msgs/share/custom_msgs/local_setup.bash
[0.529s] -- Up-to-date: /home/kazusa/kazusa/install/custom_msgs/share/custom_msgs/local_setup.sh
[0.529s] -- Up-to-date: /home/kazusa/kazusa/install/custom_msgs/share/custom_msgs/local_setup.zsh
[0.529s] -- Up-to-date: /home/kazusa/kazusa/install/custom_msgs/share/custom_msgs/local_setup.dsv
[0.529s] -- Installing: /home/kazusa/kazusa/install/custom_msgs/share/custom_msgs/package.dsv
[0.529s] -- Up-to-date: /home/kazusa/kazusa/install/custom_msgs/share/ament_index/resource_index/packages/custom_msgs
[0.529s] -- Up-to-date: /home/kazusa/kazusa/install/custom_msgs/share/custom_msgs/cmake/export_custom_msgs__rosidl_generator_cExport.cmake
[0.529s] -- Up-to-date: /home/kazusa/kazusa/install/custom_msgs/share/custom_msgs/cmake/export_custom_msgs__rosidl_generator_cExport-noconfig.cmake
[0.529s] -- Up-to-date: /home/kazusa/kazusa/install/custom_msgs/share/custom_msgs/cmake/export_custom_msgs__rosidl_typesupport_fastrtps_cExport.cmake
[0.529s] -- Up-to-date: /home/kazusa/kazusa/install/custom_msgs/share/custom_msgs/cmake/export_custom_msgs__rosidl_typesupport_fastrtps_cExport-noconfig.cmake
[0.529s] -- Up-to-date: /home/kazusa/kazusa/install/custom_msgs/share/custom_msgs/cmake/custom_msgs__rosidl_typesupport_introspection_cExport.cmake
[0.529s] -- Up-to-date: /home/kazusa/kazusa/install/custom_msgs/share/custom_msgs/cmake/custom_msgs__rosidl_typesupport_introspection_cExport-noconfig.cmake
[0.530s] -- Up-to-date: /home/kazusa/kazusa/install/custom_msgs/share/custom_msgs/cmake/custom_msgs__rosidl_typesupport_cExport.cmake
[0.530s] -- Up-to-date: /home/kazusa/kazusa/install/custom_msgs/share/custom_msgs/cmake/custom_msgs__rosidl_typesupport_cExport-noconfig.cmake
[0.530s] -- Up-to-date: /home/kazusa/kazusa/install/custom_msgs/share/custom_msgs/cmake/export_custom_msgs__rosidl_generator_cppExport.cmake
[0.530s] -- Up-to-date: /home/kazusa/kazusa/install/custom_msgs/share/custom_msgs/cmake/export_custom_msgs__rosidl_typesupport_fastrtps_cppExport.cmake
[0.530s] -- Up-to-date: /home/kazusa/kazusa/install/custom_msgs/share/custom_msgs/cmake/export_custom_msgs__rosidl_typesupport_fastrtps_cppExport-noconfig.cmake
[0.530s] -- Up-to-date: /home/kazusa/kazusa/install/custom_msgs/share/custom_msgs/cmake/custom_msgs__rosidl_typesupport_introspection_cppExport.cmake
[0.530s] -- Up-to-date: /home/kazusa/kazusa/install/custom_msgs/share/custom_msgs/cmake/custom_msgs__rosidl_typesupport_introspection_cppExport-noconfig.cmake
[0.530s] -- Up-to-date: /home/kazusa/kazusa/install/custom_msgs/share/custom_msgs/cmake/custom_msgs__rosidl_typesupport_cppExport.cmake
[0.530s] -- Up-to-date: /home/kazusa/kazusa/install/custom_msgs/share/custom_msgs/cmake/custom_msgs__rosidl_typesupport_cppExport-noconfig.cmake
[0.530s] -- Up-to-date: /home/kazusa/kazusa/install/custom_msgs/share/custom_msgs/cmake/export_custom_msgs__rosidl_generator_pyExport.cmake
[0.530s] -- Up-to-date: /home/kazusa/kazusa/install/custom_msgs/share/custom_msgs/cmake/export_custom_msgs__rosidl_generator_pyExport-noconfig.cmake
[0.530s] -- Up-to-date: /home/kazusa/kazusa/install/custom_msgs/share/custom_msgs/cmake/rosidl_cmake-extras.cmake
[0.530s] -- Up-to-date: /home/kazusa/kazusa/install/custom_msgs/share/custom_msgs/cmake/ament_cmake_export_dependencies-extras.cmake
[0.531s] -- Up-to-date: /home/kazusa/kazusa/install/custom_msgs/share/custom_msgs/cmake/ament_cmake_export_include_directories-extras.cmake
[0.531s] -- Up-to-date: /home/kazusa/kazusa/install/custom_msgs/share/custom_msgs/cmake/ament_cmake_export_libraries-extras.cmake
[0.531s] -- Up-to-date: /home/kazusa/kazusa/install/custom_msgs/share/custom_msgs/cmake/ament_cmake_export_targets-extras.cmake
[0.531s] -- Up-to-date: /home/kazusa/kazusa/install/custom_msgs/share/custom_msgs/cmake/rosidl_cmake_export_typesupport_targets-extras.cmake
[0.531s] -- Up-to-date: /home/kazusa/kazusa/install/custom_msgs/share/custom_msgs/cmake/rosidl_cmake_export_typesupport_libraries-extras.cmake
[0.531s] -- Up-to-date: /home/kazusa/kazusa/install/custom_msgs/share/custom_msgs/cmake/rosidl_cmake_aggregate_target-extras.cmake
[0.531s] -- Up-to-date: /home/kazusa/kazusa/install/custom_msgs/share/custom_msgs/cmake/custom_msgsConfig.cmake
[0.531s] -- Up-to-date: /home/kazusa/kazusa/install/custom_msgs/share/custom_msgs/cmake/custom_msgsConfig-version.cmake
[0.532s] -- Up-to-date: /home/kazusa/kazusa/install/custom_msgs/share/custom_msgs/package.xml
[0.532s] Invoked command in '/home/kazusa/kazusa/build/custom_msgs' returned '0': CMAKE_PREFIX_PATH=${CMAKE_PREFIX_PATH}:/opt/ros/jazzy DEBUGINFOD_URLS=https://debuginfod.ubuntu.com /usr/bin/cmake --install /home/kazusa/kazusa/build/custom_msgs
