[  3%] Built target controller__rs
[  6%] Built target controller__cpp
[ 15%] Built target controller__rosidl_generator_c
[ 15%] Built target ament_cmake_python_symlink_controller
[ 25%] Built target controller__rosidl_typesupport_c
[ 43%] Built target controller__rosidl_typesupport_introspection_cpp
[ 43%] Built target controller__rosidl_typesupport_introspection_c
[ 53%] Built target controller__rosidl_typesupport_cpp
[ 62%] Built target controller__rosidl_typesupport_fastrtps_cpp
[ 71%] Built target controller__rosidl_typesupport_fastrtps_c
[ 71%] Built target controller
[ 75%] Built target controller__py
[ 81%] Built target controller__rosidl_generator_py
[100%] Built target controller__rosidl_typesupport_introspection_c__pyext
[100%] Built target controller__rosidl_typesupport_fastrtps_c__pyext
[100%] Built target controller__rosidl_typesupport_c__pyext
running egg_info
writing controller.egg-info/PKG-INFO
writing dependency_links to controller.egg-info/dependency_links.txt
writing top-level names to controller.egg-info/top_level.txt
reading manifest file 'controller.egg-info/SOURCES.txt'
writing manifest file 'controller.egg-info/SOURCES.txt'
[100%] Built target ament_cmake_python_build_controller_egg
-- Install configuration: ""
-- Execute custom install script
-- Up-to-date symlink: /home/kazusa/kazusa/install/controller/share/ament_index/resource_index/rosidl_interfaces/controller
-- Up-to-date symlink: /home/kazusa/kazusa/install/controller/include/controller/controller/msg/controller.h
-- Up-to-date symlink: /home/kazusa/kazusa/install/controller/include/controller/controller/msg/detail/controller__functions.h
-- Up-to-date symlink: /home/kazusa/kazusa/install/controller/include/controller/controller/msg/detail/controller__struct.h
-- Up-to-date symlink: /home/kazusa/kazusa/install/controller/include/controller/controller/msg/detail/controller__type_support.h
-- Up-to-date symlink: /home/kazusa/kazusa/install/controller/include/controller/controller/msg/rosidl_generator_c__visibility_control.h
-- Up-to-date symlink: /home/kazusa/kazusa/install/controller/share/controller/environment/library_path.sh
-- Up-to-date symlink: /home/kazusa/kazusa/install/controller/share/controller/environment/library_path.dsv
-- Up-to-date symlink: /home/kazusa/kazusa/install/controller/include/controller/controller/msg/detail/controller__rosidl_typesupport_fastrtps_c.h
-- Up-to-date symlink: /home/kazusa/kazusa/install/controller/include/controller/controller/msg/rosidl_typesupport_fastrtps_c__visibility_control.h
-- Up-to-date symlink: /home/kazusa/kazusa/install/controller/include/controller/controller/msg/detail/controller__rosidl_typesupport_introspection_c.h
-- Up-to-date symlink: /home/kazusa/kazusa/install/controller/include/controller/controller/msg/rosidl_typesupport_introspection_c__visibility_control.h
-- Up-to-date symlink: /home/kazusa/kazusa/install/controller/include/controller/controller/msg/controller.hpp
-- Up-to-date symlink: /home/kazusa/kazusa/install/controller/include/controller/controller/msg/detail/controller__builder.hpp
-- Up-to-date symlink: /home/kazusa/kazusa/install/controller/include/controller/controller/msg/detail/controller__struct.hpp
-- Up-to-date symlink: /home/kazusa/kazusa/install/controller/include/controller/controller/msg/detail/controller__traits.hpp
-- Up-to-date symlink: /home/kazusa/kazusa/install/controller/include/controller/controller/msg/detail/controller__type_support.hpp
-- Up-to-date symlink: /home/kazusa/kazusa/install/controller/include/controller/controller/msg/rosidl_generator_cpp__visibility_control.hpp
-- Up-to-date symlink: /home/kazusa/kazusa/install/controller/include/controller/controller/msg/detail/controller__rosidl_typesupport_fastrtps_cpp.hpp
-- Up-to-date symlink: /home/kazusa/kazusa/install/controller/include/controller/controller/msg/rosidl_typesupport_fastrtps_cpp__visibility_control.h
-- Up-to-date symlink: /home/kazusa/kazusa/install/controller/include/controller/controller/msg/detail/controller__rosidl_typesupport_introspection_cpp.hpp
-- Up-to-date symlink: /home/kazusa/kazusa/install/controller/share/controller/environment/pythonpath.sh
-- Up-to-date symlink: /home/kazusa/kazusa/install/controller/share/controller/environment/pythonpath.dsv
-- Up-to-date symlink: /home/kazusa/kazusa/install/controller/local/lib/python3.10/dist-packages/controller-0.0.0-py3.10.egg-info/PKG-INFO
-- Up-to-date symlink: /home/kazusa/kazusa/install/controller/local/lib/python3.10/dist-packages/controller-0.0.0-py3.10.egg-info/SOURCES.txt
-- Up-to-date symlink: /home/kazusa/kazusa/install/controller/local/lib/python3.10/dist-packages/controller-0.0.0-py3.10.egg-info/dependency_links.txt
-- Up-to-date symlink: /home/kazusa/kazusa/install/controller/local/lib/python3.10/dist-packages/controller-0.0.0-py3.10.egg-info/top_level.txt
-- Up-to-date symlink: /home/kazusa/kazusa/install/controller/local/lib/python3.10/dist-packages/controller/__init__.py
-- Up-to-date symlink: /home/kazusa/kazusa/install/controller/local/lib/python3.10/dist-packages/controller/_controller_s.ep.rosidl_typesupport_c.c
-- Up-to-date symlink: /home/kazusa/kazusa/install/controller/local/lib/python3.10/dist-packages/controller/_controller_s.ep.rosidl_typesupport_fastrtps_c.c
-- Up-to-date symlink: /home/kazusa/kazusa/install/controller/local/lib/python3.10/dist-packages/controller/_controller_s.ep.rosidl_typesupport_introspection_c.c
-- Up-to-date symlink: /home/kazusa/kazusa/install/controller/local/lib/python3.10/dist-packages/controller/controller_s__rosidl_typesupport_c.cpython-310-x86_64-linux-gnu.so
-- Up-to-date symlink: /home/kazusa/kazusa/install/controller/local/lib/python3.10/dist-packages/controller/controller_s__rosidl_typesupport_fastrtps_c.cpython-310-x86_64-linux-gnu.so
-- Up-to-date symlink: /home/kazusa/kazusa/install/controller/local/lib/python3.10/dist-packages/controller/controller_s__rosidl_typesupport_introspection_c.cpython-310-x86_64-linux-gnu.so
-- Up-to-date symlink: /home/kazusa/kazusa/install/controller/local/lib/python3.10/dist-packages/controller/libcontroller__rosidl_generator_py.so
-- Up-to-date symlink: /home/kazusa/kazusa/install/controller/local/lib/python3.10/dist-packages/controller/msg/__init__.py
-- Up-to-date symlink: /home/kazusa/kazusa/install/controller/local/lib/python3.10/dist-packages/controller/msg/_controller.py
-- Up-to-date symlink: /home/kazusa/kazusa/install/controller/local/lib/python3.10/dist-packages/controller/msg/_controller_s.c
-- Up-to-date symlink: /home/kazusa/kazusa/install/controller/local/lib/python3.10/dist-packages/controller/controller_s__rosidl_typesupport_fastrtps_c.cpython-310-x86_64-linux-gnu.so
-- Up-to-date symlink: /home/kazusa/kazusa/install/controller/local/lib/python3.10/dist-packages/controller/controller_s__rosidl_typesupport_introspection_c.cpython-310-x86_64-linux-gnu.so
-- Up-to-date symlink: /home/kazusa/kazusa/install/controller/local/lib/python3.10/dist-packages/controller/controller_s__rosidl_typesupport_c.cpython-310-x86_64-linux-gnu.so
-- Up-to-date symlink: /home/kazusa/kazusa/install/controller/share/ament_index/resource_index/rust_packages/controller
-- Up-to-date symlink: /home/kazusa/kazusa/install/controller/share/controller/rust/Cargo.toml
-- Up-to-date symlink: /home/kazusa/kazusa/install/controller/share/controller/rust/build.rs
-- Up-to-date symlink: /home/kazusa/kazusa/install/controller/share/controller/rust/src/lib.rs
-- Up-to-date symlink: /home/kazusa/kazusa/install/controller/share/controller/rust/src/msg.rs
-- Up-to-date symlink: /home/kazusa/kazusa/install/controller/share/controller/rust/src/msg/rmw.rs
-- Up-to-date symlink: /home/kazusa/kazusa/install/controller/share/controller/msg/Controller.idl
-- Up-to-date symlink: /home/kazusa/kazusa/install/controller/share/controller/msg/Controller.msg
-- Up-to-date symlink: /home/kazusa/kazusa/install/controller/share/ament_index/resource_index/package_run_dependencies/controller
-- Up-to-date symlink: /home/kazusa/kazusa/install/controller/share/ament_index/resource_index/parent_prefix_path/controller
-- Up-to-date symlink: /home/kazusa/kazusa/install/controller/share/controller/environment/ament_prefix_path.sh
-- Up-to-date symlink: /home/kazusa/kazusa/install/controller/share/controller/environment/ament_prefix_path.dsv
-- Up-to-date symlink: /home/kazusa/kazusa/install/controller/share/controller/environment/path.sh
-- Up-to-date symlink: /home/kazusa/kazusa/install/controller/share/controller/environment/path.dsv
-- Up-to-date symlink: /home/kazusa/kazusa/install/controller/share/controller/local_setup.bash
-- Up-to-date symlink: /home/kazusa/kazusa/install/controller/share/controller/local_setup.sh
-- Up-to-date symlink: /home/kazusa/kazusa/install/controller/share/controller/local_setup.zsh
-- Up-to-date symlink: /home/kazusa/kazusa/install/controller/share/controller/local_setup.dsv
-- Symlinking: /home/kazusa/kazusa/install/controller/share/controller/package.dsv
-- Up-to-date symlink: /home/kazusa/kazusa/install/controller/share/ament_index/resource_index/packages/controller
-- Up-to-date symlink: /home/kazusa/kazusa/install/controller/share/controller/cmake/rosidl_cmake-extras.cmake
-- Up-to-date symlink: /home/kazusa/kazusa/install/controller/share/controller/cmake/ament_cmake_export_dependencies-extras.cmake
-- Up-to-date symlink: /home/kazusa/kazusa/install/controller/share/controller/cmake/ament_cmake_export_include_directories-extras.cmake
-- Up-to-date symlink: /home/kazusa/kazusa/install/controller/share/controller/cmake/ament_cmake_export_libraries-extras.cmake
-- Up-to-date symlink: /home/kazusa/kazusa/install/controller/share/controller/cmake/ament_cmake_export_targets-extras.cmake
-- Up-to-date symlink: /home/kazusa/kazusa/install/controller/share/controller/cmake/rosidl_cmake_export_typesupport_targets-extras.cmake
-- Up-to-date symlink: /home/kazusa/kazusa/install/controller/share/controller/cmake/rosidl_cmake_export_typesupport_libraries-extras.cmake
-- Up-to-date symlink: /home/kazusa/kazusa/install/controller/share/controller/cmake/rosidl_cmake_aggregate_target-extras.cmake
-- Up-to-date symlink: /home/kazusa/kazusa/install/controller/share/controller/cmake/controllerConfig.cmake
-- Up-to-date symlink: /home/kazusa/kazusa/install/controller/share/controller/cmake/controllerConfig-version.cmake
-- Up-to-date symlink: /home/kazusa/kazusa/install/controller/share/controller/package.xml
-- Up-to-date: /home/kazusa/kazusa/install/controller/lib/libcontroller__rosidl_generator_c.so
-- Up-to-date: /home/kazusa/kazusa/install/controller/lib/libcontroller__rosidl_typesupport_fastrtps_c.so
-- Up-to-date: /home/kazusa/kazusa/install/controller/lib/libcontroller__rosidl_typesupport_introspection_c.so
-- Up-to-date: /home/kazusa/kazusa/install/controller/lib/libcontroller__rosidl_typesupport_c.so
-- Up-to-date: /home/kazusa/kazusa/install/controller/lib/libcontroller__rosidl_typesupport_fastrtps_cpp.so
-- Up-to-date: /home/kazusa/kazusa/install/controller/lib/libcontroller__rosidl_typesupport_introspection_cpp.so
-- Up-to-date: /home/kazusa/kazusa/install/controller/lib/libcontroller__rosidl_typesupport_cpp.so
Listing '/home/kazusa/kazusa/install/controller/local/lib/python3.10/dist-packages/controller'...
Listing '/home/kazusa/kazusa/install/controller/local/lib/python3.10/dist-packages/controller/msg'...
-- Up-to-date: /home/kazusa/kazusa/install/controller/lib/libcontroller__rosidl_generator_py.so
-- Up-to-date: /home/kazusa/kazusa/install/controller/share/controller/cmake/export_controller__rosidl_generator_cExport.cmake
-- Up-to-date: /home/kazusa/kazusa/install/controller/share/controller/cmake/export_controller__rosidl_generator_cExport-noconfig.cmake
-- Up-to-date: /home/kazusa/kazusa/install/controller/share/controller/cmake/export_controller__rosidl_typesupport_fastrtps_cExport.cmake
-- Up-to-date: /home/kazusa/kazusa/install/controller/share/controller/cmake/export_controller__rosidl_typesupport_fastrtps_cExport-noconfig.cmake
-- Up-to-date: /home/kazusa/kazusa/install/controller/share/controller/cmake/controller__rosidl_typesupport_introspection_cExport.cmake
-- Up-to-date: /home/kazusa/kazusa/install/controller/share/controller/cmake/controller__rosidl_typesupport_introspection_cExport-noconfig.cmake
-- Up-to-date: /home/kazusa/kazusa/install/controller/share/controller/cmake/controller__rosidl_typesupport_cExport.cmake
-- Up-to-date: /home/kazusa/kazusa/install/controller/share/controller/cmake/controller__rosidl_typesupport_cExport-noconfig.cmake
-- Up-to-date: /home/kazusa/kazusa/install/controller/share/controller/cmake/export_controller__rosidl_generator_cppExport.cmake
-- Up-to-date: /home/kazusa/kazusa/install/controller/share/controller/cmake/export_controller__rosidl_typesupport_fastrtps_cppExport.cmake
-- Up-to-date: /home/kazusa/kazusa/install/controller/share/controller/cmake/export_controller__rosidl_typesupport_fastrtps_cppExport-noconfig.cmake
-- Up-to-date: /home/kazusa/kazusa/install/controller/share/controller/cmake/controller__rosidl_typesupport_introspection_cppExport.cmake
-- Up-to-date: /home/kazusa/kazusa/install/controller/share/controller/cmake/controller__rosidl_typesupport_introspection_cppExport-noconfig.cmake
-- Up-to-date: /home/kazusa/kazusa/install/controller/share/controller/cmake/controller__rosidl_typesupport_cppExport.cmake
-- Up-to-date: /home/kazusa/kazusa/install/controller/share/controller/cmake/controller__rosidl_typesupport_cppExport-noconfig.cmake
-- Up-to-date: /home/kazusa/kazusa/install/controller/share/controller/cmake/export_controller__rosidl_generator_pyExport.cmake
-- Up-to-date: /home/kazusa/kazusa/install/controller/share/controller/cmake/export_controller__rosidl_generator_pyExport-noconfig.cmake
