[0.021s] Invoking command in '/home/kazusa/kazusa/build/controller': CMAKE_PREFIX_PATH=${CMAKE_PREFIX_PATH}:/opt/ros/humble /usr/bin/cmake --build /home/kazusa/kazusa/build/controller -- -j12 -l12
[0.106s] [  3%] Built target controller__rs
[0.108s] [  6%] Built target controller__cpp
[0.109s] [ 15%] Built target controller__rosidl_generator_c
[0.117s] [ 15%] Built target ament_cmake_python_symlink_controller
[0.145s] [ 25%] Built target controller__rosidl_typesupport_c
[0.155s] [ 43%] Built target controller__rosidl_typesupport_introspection_cpp
[0.155s] [ 43%] Built target controller__rosidl_typesupport_introspection_c
[0.156s] [ 53%] Built target controller__rosidl_typesupport_cpp
[0.159s] [ 62%] Built target controller__rosidl_typesupport_fastrtps_cpp
[0.160s] [ 71%] Built target controller__rosidl_typesupport_fastrtps_c
[0.181s] [ 71%] Built target controller
[0.202s] [ 75%] Built target controller__py
[0.226s] [ 81%] Built target controller__rosidl_generator_py
[0.252s] [100%] Built target controller__rosidl_typesupport_introspection_c__pyext
[0.252s] [100%] Built target controller__rosidl_typesupport_fastrtps_c__pyext
[0.252s] [100%] Built target controller__rosidl_typesupport_c__pyext
[0.302s] running egg_info
[0.302s] writing controller.egg-info/PKG-INFO
[0.302s] writing dependency_links to controller.egg-info/dependency_links.txt
[0.302s] writing top-level names to controller.egg-info/top_level.txt
[0.304s] reading manifest file 'controller.egg-info/SOURCES.txt'
[0.305s] writing manifest file 'controller.egg-info/SOURCES.txt'
[0.329s] [100%] Built target ament_cmake_python_build_controller_egg
[0.338s] Invoked command in '/home/kazusa/kazusa/build/controller' returned '0': CMAKE_PREFIX_PATH=${CMAKE_PREFIX_PATH}:/opt/ros/humble /usr/bin/cmake --build /home/kazusa/kazusa/build/controller -- -j12 -l12
[0.340s] Invoking command in '/home/kazusa/kazusa/build/controller': CMAKE_PREFIX_PATH=${CMAKE_PREFIX_PATH}:/opt/ros/humble /usr/bin/cmake --install /home/kazusa/kazusa/build/controller
[0.347s] -- Install configuration: ""
[0.347s] -- Execute custom install script
[0.347s] -- Up-to-date symlink: /home/kazusa/kazusa/install/controller/share/ament_index/resource_index/rosidl_interfaces/controller
[0.347s] -- Up-to-date symlink: /home/kazusa/kazusa/install/controller/include/controller/controller/msg/controller.h
[0.348s] -- Up-to-date symlink: /home/kazusa/kazusa/install/controller/include/controller/controller/msg/detail/controller__functions.h
[0.348s] -- Up-to-date symlink: /home/kazusa/kazusa/install/controller/include/controller/controller/msg/detail/controller__struct.h
[0.348s] -- Up-to-date symlink: /home/kazusa/kazusa/install/controller/include/controller/controller/msg/detail/controller__type_support.h
[0.348s] -- Up-to-date symlink: /home/kazusa/kazusa/install/controller/include/controller/controller/msg/rosidl_generator_c__visibility_control.h
[0.348s] -- Up-to-date symlink: /home/kazusa/kazusa/install/controller/share/controller/environment/library_path.sh
[0.348s] -- Up-to-date symlink: /home/kazusa/kazusa/install/controller/share/controller/environment/library_path.dsv
[0.348s] -- Up-to-date symlink: /home/kazusa/kazusa/install/controller/include/controller/controller/msg/detail/controller__rosidl_typesupport_fastrtps_c.h
[0.348s] -- Up-to-date symlink: /home/kazusa/kazusa/install/controller/include/controller/controller/msg/rosidl_typesupport_fastrtps_c__visibility_control.h
[0.348s] -- Up-to-date symlink: /home/kazusa/kazusa/install/controller/include/controller/controller/msg/detail/controller__rosidl_typesupport_introspection_c.h
[0.348s] -- Up-to-date symlink: /home/kazusa/kazusa/install/controller/include/controller/controller/msg/rosidl_typesupport_introspection_c__visibility_control.h
[0.349s] -- Up-to-date symlink: /home/kazusa/kazusa/install/controller/include/controller/controller/msg/controller.hpp
[0.349s] -- Up-to-date symlink: /home/kazusa/kazusa/install/controller/include/controller/controller/msg/detail/controller__builder.hpp
[0.349s] -- Up-to-date symlink: /home/kazusa/kazusa/install/controller/include/controller/controller/msg/detail/controller__struct.hpp
[0.349s] -- Up-to-date symlink: /home/kazusa/kazusa/install/controller/include/controller/controller/msg/detail/controller__traits.hpp
[0.349s] -- Up-to-date symlink: /home/kazusa/kazusa/install/controller/include/controller/controller/msg/detail/controller__type_support.hpp
[0.349s] -- Up-to-date symlink: /home/kazusa/kazusa/install/controller/include/controller/controller/msg/rosidl_generator_cpp__visibility_control.hpp
[0.349s] -- Up-to-date symlink: /home/kazusa/kazusa/install/controller/include/controller/controller/msg/detail/controller__rosidl_typesupport_fastrtps_cpp.hpp
[0.349s] -- Up-to-date symlink: /home/kazusa/kazusa/install/controller/include/controller/controller/msg/rosidl_typesupport_fastrtps_cpp__visibility_control.h
[0.350s] -- Up-to-date symlink: /home/kazusa/kazusa/install/controller/include/controller/controller/msg/detail/controller__rosidl_typesupport_introspection_cpp.hpp
[0.350s] -- Up-to-date symlink: /home/kazusa/kazusa/install/controller/share/controller/environment/pythonpath.sh
[0.350s] -- Up-to-date symlink: /home/kazusa/kazusa/install/controller/share/controller/environment/pythonpath.dsv
[0.350s] -- Up-to-date symlink: /home/kazusa/kazusa/install/controller/local/lib/python3.10/dist-packages/controller-0.0.0-py3.10.egg-info/PKG-INFO
[0.350s] -- Up-to-date symlink: /home/kazusa/kazusa/install/controller/local/lib/python3.10/dist-packages/controller-0.0.0-py3.10.egg-info/SOURCES.txt
[0.350s] -- Up-to-date symlink: /home/kazusa/kazusa/install/controller/local/lib/python3.10/dist-packages/controller-0.0.0-py3.10.egg-info/dependency_links.txt
[0.350s] -- Up-to-date symlink: /home/kazusa/kazusa/install/controller/local/lib/python3.10/dist-packages/controller-0.0.0-py3.10.egg-info/top_level.txt
[0.350s] -- Up-to-date symlink: /home/kazusa/kazusa/install/controller/local/lib/python3.10/dist-packages/controller/__init__.py
[0.351s] -- Up-to-date symlink: /home/kazusa/kazusa/install/controller/local/lib/python3.10/dist-packages/controller/_controller_s.ep.rosidl_typesupport_c.c
[0.351s] -- Up-to-date symlink: /home/kazusa/kazusa/install/controller/local/lib/python3.10/dist-packages/controller/_controller_s.ep.rosidl_typesupport_fastrtps_c.c
[0.351s] -- Up-to-date symlink: /home/kazusa/kazusa/install/controller/local/lib/python3.10/dist-packages/controller/_controller_s.ep.rosidl_typesupport_introspection_c.c
[0.351s] -- Up-to-date symlink: /home/kazusa/kazusa/install/controller/local/lib/python3.10/dist-packages/controller/controller_s__rosidl_typesupport_c.cpython-310-x86_64-linux-gnu.so
[0.351s] -- Up-to-date symlink: /home/kazusa/kazusa/install/controller/local/lib/python3.10/dist-packages/controller/controller_s__rosidl_typesupport_fastrtps_c.cpython-310-x86_64-linux-gnu.so
[0.351s] -- Up-to-date symlink: /home/kazusa/kazusa/install/controller/local/lib/python3.10/dist-packages/controller/controller_s__rosidl_typesupport_introspection_c.cpython-310-x86_64-linux-gnu.so
[0.351s] -- Up-to-date symlink: /home/kazusa/kazusa/install/controller/local/lib/python3.10/dist-packages/controller/libcontroller__rosidl_generator_py.so
[0.351s] -- Up-to-date symlink: /home/kazusa/kazusa/install/controller/local/lib/python3.10/dist-packages/controller/msg/__init__.py
[0.351s] -- Up-to-date symlink: /home/kazusa/kazusa/install/controller/local/lib/python3.10/dist-packages/controller/msg/_controller.py
[0.351s] -- Up-to-date symlink: /home/kazusa/kazusa/install/controller/local/lib/python3.10/dist-packages/controller/msg/_controller_s.c
[0.352s] -- Up-to-date symlink: /home/kazusa/kazusa/install/controller/local/lib/python3.10/dist-packages/controller/controller_s__rosidl_typesupport_fastrtps_c.cpython-310-x86_64-linux-gnu.so
[0.352s] -- Up-to-date symlink: /home/kazusa/kazusa/install/controller/local/lib/python3.10/dist-packages/controller/controller_s__rosidl_typesupport_introspection_c.cpython-310-x86_64-linux-gnu.so
[0.352s] -- Up-to-date symlink: /home/kazusa/kazusa/install/controller/local/lib/python3.10/dist-packages/controller/controller_s__rosidl_typesupport_c.cpython-310-x86_64-linux-gnu.so
[0.352s] -- Up-to-date symlink: /home/kazusa/kazusa/install/controller/share/ament_index/resource_index/rust_packages/controller
[0.352s] -- Up-to-date symlink: /home/kazusa/kazusa/install/controller/share/controller/rust/Cargo.toml
[0.352s] -- Up-to-date symlink: /home/kazusa/kazusa/install/controller/share/controller/rust/build.rs
[0.352s] -- Up-to-date symlink: /home/kazusa/kazusa/install/controller/share/controller/rust/src/lib.rs
[0.353s] -- Up-to-date symlink: /home/kazusa/kazusa/install/controller/share/controller/rust/src/msg.rs
[0.353s] -- Up-to-date symlink: /home/kazusa/kazusa/install/controller/share/controller/rust/src/msg/rmw.rs
[0.353s] -- Up-to-date symlink: /home/kazusa/kazusa/install/controller/share/controller/msg/Controller.idl
[0.353s] -- Up-to-date symlink: /home/kazusa/kazusa/install/controller/share/controller/msg/Controller.msg
[0.353s] -- Up-to-date symlink: /home/kazusa/kazusa/install/controller/share/ament_index/resource_index/package_run_dependencies/controller
[0.353s] -- Up-to-date symlink: /home/kazusa/kazusa/install/controller/share/ament_index/resource_index/parent_prefix_path/controller
[0.353s] -- Up-to-date symlink: /home/kazusa/kazusa/install/controller/share/controller/environment/ament_prefix_path.sh
[0.353s] -- Up-to-date symlink: /home/kazusa/kazusa/install/controller/share/controller/environment/ament_prefix_path.dsv
[0.353s] -- Up-to-date symlink: /home/kazusa/kazusa/install/controller/share/controller/environment/path.sh
[0.353s] -- Up-to-date symlink: /home/kazusa/kazusa/install/controller/share/controller/environment/path.dsv
[0.353s] -- Up-to-date symlink: /home/kazusa/kazusa/install/controller/share/controller/local_setup.bash
[0.354s] -- Up-to-date symlink: /home/kazusa/kazusa/install/controller/share/controller/local_setup.sh
[0.354s] -- Up-to-date symlink: /home/kazusa/kazusa/install/controller/share/controller/local_setup.zsh
[0.354s] -- Up-to-date symlink: /home/kazusa/kazusa/install/controller/share/controller/local_setup.dsv
[0.354s] -- Symlinking: /home/kazusa/kazusa/install/controller/share/controller/package.dsv
[0.363s] -- Up-to-date symlink: /home/kazusa/kazusa/install/controller/share/ament_index/resource_index/packages/controller
[0.363s] -- Up-to-date symlink: /home/kazusa/kazusa/install/controller/share/controller/cmake/rosidl_cmake-extras.cmake
[0.363s] -- Up-to-date symlink: /home/kazusa/kazusa/install/controller/share/controller/cmake/ament_cmake_export_dependencies-extras.cmake
[0.364s] -- Up-to-date symlink: /home/kazusa/kazusa/install/controller/share/controller/cmake/ament_cmake_export_include_directories-extras.cmake
[0.364s] -- Up-to-date symlink: /home/kazusa/kazusa/install/controller/share/controller/cmake/ament_cmake_export_libraries-extras.cmake
[0.364s] -- Up-to-date symlink: /home/kazusa/kazusa/install/controller/share/controller/cmake/ament_cmake_export_targets-extras.cmake
[0.364s] -- Up-to-date symlink: /home/kazusa/kazusa/install/controller/share/controller/cmake/rosidl_cmake_export_typesupport_targets-extras.cmake
[0.364s] -- Up-to-date symlink: /home/kazusa/kazusa/install/controller/share/controller/cmake/rosidl_cmake_export_typesupport_libraries-extras.cmake
[0.364s] -- Up-to-date symlink: /home/kazusa/kazusa/install/controller/share/controller/cmake/rosidl_cmake_aggregate_target-extras.cmake
[0.364s] -- Up-to-date symlink: /home/kazusa/kazusa/install/controller/share/controller/cmake/controllerConfig.cmake
[0.364s] -- Up-to-date symlink: /home/kazusa/kazusa/install/controller/share/controller/cmake/controllerConfig-version.cmake
[0.364s] -- Up-to-date symlink: /home/kazusa/kazusa/install/controller/share/controller/package.xml
[0.365s] -- Up-to-date: /home/kazusa/kazusa/install/controller/lib/libcontroller__rosidl_generator_c.so
[0.365s] -- Up-to-date: /home/kazusa/kazusa/install/controller/lib/libcontroller__rosidl_typesupport_fastrtps_c.so
[0.366s] -- Up-to-date: /home/kazusa/kazusa/install/controller/lib/libcontroller__rosidl_typesupport_introspection_c.so
[0.366s] -- Up-to-date: /home/kazusa/kazusa/install/controller/lib/libcontroller__rosidl_typesupport_c.so
[0.367s] -- Up-to-date: /home/kazusa/kazusa/install/controller/lib/libcontroller__rosidl_typesupport_fastrtps_cpp.so
[0.367s] -- Up-to-date: /home/kazusa/kazusa/install/controller/lib/libcontroller__rosidl_typesupport_introspection_cpp.so
[0.368s] -- Up-to-date: /home/kazusa/kazusa/install/controller/lib/libcontroller__rosidl_typesupport_cpp.so
[0.388s] Listing '/home/kazusa/kazusa/install/controller/local/lib/python3.10/dist-packages/controller'...
[0.389s] Listing '/home/kazusa/kazusa/install/controller/local/lib/python3.10/dist-packages/controller/msg'...
[0.392s] -- Up-to-date: /home/kazusa/kazusa/install/controller/lib/libcontroller__rosidl_generator_py.so
[0.392s] -- Up-to-date: /home/kazusa/kazusa/install/controller/share/controller/cmake/export_controller__rosidl_generator_cExport.cmake
[0.392s] -- Up-to-date: /home/kazusa/kazusa/install/controller/share/controller/cmake/export_controller__rosidl_generator_cExport-noconfig.cmake
[0.392s] -- Up-to-date: /home/kazusa/kazusa/install/controller/share/controller/cmake/export_controller__rosidl_typesupport_fastrtps_cExport.cmake
[0.393s] -- Up-to-date: /home/kazusa/kazusa/install/controller/share/controller/cmake/export_controller__rosidl_typesupport_fastrtps_cExport-noconfig.cmake
[0.393s] -- Up-to-date: /home/kazusa/kazusa/install/controller/share/controller/cmake/controller__rosidl_typesupport_introspection_cExport.cmake
[0.393s] -- Up-to-date: /home/kazusa/kazusa/install/controller/share/controller/cmake/controller__rosidl_typesupport_introspection_cExport-noconfig.cmake
[0.393s] -- Up-to-date: /home/kazusa/kazusa/install/controller/share/controller/cmake/controller__rosidl_typesupport_cExport.cmake
[0.393s] -- Up-to-date: /home/kazusa/kazusa/install/controller/share/controller/cmake/controller__rosidl_typesupport_cExport-noconfig.cmake
[0.393s] -- Up-to-date: /home/kazusa/kazusa/install/controller/share/controller/cmake/export_controller__rosidl_generator_cppExport.cmake
[0.394s] -- Up-to-date: /home/kazusa/kazusa/install/controller/share/controller/cmake/export_controller__rosidl_typesupport_fastrtps_cppExport.cmake
[0.394s] -- Up-to-date: /home/kazusa/kazusa/install/controller/share/controller/cmake/export_controller__rosidl_typesupport_fastrtps_cppExport-noconfig.cmake
[0.394s] -- Up-to-date: /home/kazusa/kazusa/install/controller/share/controller/cmake/controller__rosidl_typesupport_introspection_cppExport.cmake
[0.394s] -- Up-to-date: /home/kazusa/kazusa/install/controller/share/controller/cmake/controller__rosidl_typesupport_introspection_cppExport-noconfig.cmake
[0.394s] -- Up-to-date: /home/kazusa/kazusa/install/controller/share/controller/cmake/controller__rosidl_typesupport_cppExport.cmake
[0.394s] -- Up-to-date: /home/kazusa/kazusa/install/controller/share/controller/cmake/controller__rosidl_typesupport_cppExport-noconfig.cmake
[0.395s] -- Up-to-date: /home/kazusa/kazusa/install/controller/share/controller/cmake/export_controller__rosidl_generator_pyExport.cmake
[0.395s] -- Up-to-date: /home/kazusa/kazusa/install/controller/share/controller/cmake/export_controller__rosidl_generator_pyExport-noconfig.cmake
[0.398s] Invoked command in '/home/kazusa/kazusa/build/controller' returned '0': CMAKE_PREFIX_PATH=${CMAKE_PREFIX_PATH}:/opt/ros/humble /usr/bin/cmake --install /home/kazusa/kazusa/build/controller
