[0.011s] Invoking command in '/home/kazusa/kazusa/build/controller_src': AMENT_PREFIX_PATH=/home/kazusa/kazusa/install/controller:${AMENT_PREFIX_PATH} CMAKE_PREFIX_PATH=/home/kazusa/kazusa/install/controller:/home/kazusa/ros2_deps_ws/install/emcl2:/opt/ros/humble LD_LIBRARY_PATH=/home/kazusa/kazusa/install/controller/lib:${LD_LIBRARY_PATH} PYTHONPATH=/home/kazusa/kazusa/install/controller/local/lib/python3.10/dist-packages:${PYTHONPATH} /usr/bin/cmake --build /home/kazusa/kazusa/build/controller_src -- -j12 -l12
[0.051s] Invoked command in '/home/kazusa/kazusa/build/controller_src' returned '0': AMENT_PREFIX_PATH=/home/kazusa/kazusa/install/controller:${AMENT_PREFIX_PATH} CMAKE_PREFIX_PATH=/home/kazusa/kazusa/install/controller:/home/kazusa/ros2_deps_ws/install/emcl2:/opt/ros/humble LD_LIBRARY_PATH=/home/kazusa/kazusa/install/controller/lib:${LD_LIBRARY_PATH} PYTHONPATH=/home/kazusa/kazusa/install/controller/local/lib/python3.10/dist-packages:${PYTHONPATH} /usr/bin/cmake --build /home/kazusa/kazusa/build/controller_src -- -j12 -l12
[0.053s] Invoking command in '/home/kazusa/kazusa/build/controller_src': AMENT_PREFIX_PATH=/home/kazusa/kazusa/install/controller:${AMENT_PREFIX_PATH} CMAKE_PREFIX_PATH=/home/kazusa/kazusa/install/controller:/home/kazusa/ros2_deps_ws/install/emcl2:/opt/ros/humble LD_LIBRARY_PATH=/home/kazusa/kazusa/install/controller/lib:${LD_LIBRARY_PATH} PYTHONPATH=/home/kazusa/kazusa/install/controller/local/lib/python3.10/dist-packages:${PYTHONPATH} /usr/bin/cmake --install /home/kazusa/kazusa/build/controller_src
[0.060s] -- Install configuration: ""
[0.060s] -- Execute custom install script
[0.061s] -- Up-to-date symlink: /home/kazusa/kazusa/install/controller_src/lib/controller_src/con.py
[0.061s] -- Up-to-date symlink: /home/kazusa/kazusa/install/controller_src/lib/controller_src/launch_starter.py
[0.061s] -- Up-to-date symlink: /home/kazusa/kazusa/install/controller_src/share/ament_index/resource_index/package_run_dependencies/controller_src
[0.061s] -- Up-to-date symlink: /home/kazusa/kazusa/install/controller_src/share/ament_index/resource_index/parent_prefix_path/controller_src
[0.061s] -- Up-to-date symlink: /home/kazusa/kazusa/install/controller_src/share/controller_src/environment/ament_prefix_path.sh
[0.061s] -- Up-to-date symlink: /home/kazusa/kazusa/install/controller_src/share/controller_src/environment/ament_prefix_path.dsv
[0.061s] -- Up-to-date symlink: /home/kazusa/kazusa/install/controller_src/share/controller_src/environment/path.sh
[0.062s] -- Up-to-date symlink: /home/kazusa/kazusa/install/controller_src/share/controller_src/environment/path.dsv
[0.062s] -- Up-to-date symlink: /home/kazusa/kazusa/install/controller_src/share/controller_src/local_setup.bash
[0.062s] -- Up-to-date symlink: /home/kazusa/kazusa/install/controller_src/share/controller_src/local_setup.sh
[0.062s] -- Up-to-date symlink: /home/kazusa/kazusa/install/controller_src/share/controller_src/local_setup.zsh
[0.062s] -- Up-to-date symlink: /home/kazusa/kazusa/install/controller_src/share/controller_src/local_setup.dsv
[0.062s] -- Symlinking: /home/kazusa/kazusa/install/controller_src/share/controller_src/package.dsv
[0.068s] -- Up-to-date symlink: /home/kazusa/kazusa/install/controller_src/share/ament_index/resource_index/packages/controller_src
[0.069s] -- Up-to-date symlink: /home/kazusa/kazusa/install/controller_src/share/controller_src/cmake/controller_srcConfig.cmake
[0.069s] -- Up-to-date symlink: /home/kazusa/kazusa/install/controller_src/share/controller_src/cmake/controller_srcConfig-version.cmake
[0.069s] -- Up-to-date symlink: /home/kazusa/kazusa/install/controller_src/share/controller_src/package.xml
[0.071s] Invoked command in '/home/kazusa/kazusa/build/controller_src' returned '0': AMENT_PREFIX_PATH=/home/kazusa/kazusa/install/controller:${AMENT_PREFIX_PATH} CMAKE_PREFIX_PATH=/home/kazusa/kazusa/install/controller:/home/kazusa/ros2_deps_ws/install/emcl2:/opt/ros/humble LD_LIBRARY_PATH=/home/kazusa/kazusa/install/controller/lib:${LD_LIBRARY_PATH} PYTHONPATH=/home/kazusa/kazusa/install/controller/local/lib/python3.10/dist-packages:${PYTHONPATH} /usr/bin/cmake --install /home/kazusa/kazusa/build/controller_src
