-- Install configuration: ""
-- Up-to-date: /home/kazusa/kazusa/install/mola_conf/share/mola_conf/maps
-- Up-to-date: /home/kazusa/kazusa/install/mola_conf/share/mola_conf/maps/maps.simplemap
-- Up-to-date: /home/kazusa/kazusa/install/mola_conf/share/mola_conf/maps/field_blue_voxel.mm
-- Up-to-date: /home/kazusa/kazusa/install/mola_conf/share/mola_conf/maps/field_blue.mm
-- Up-to-date: /home/kazusa/kazusa/install/mola_conf/share/mola_conf/maps/maps.mm
-- Up-to-date: /home/kazusa/kazusa/install/mola_conf/share/mola_conf/config
-- Up-to-date: /home/kazusa/kazusa/install/mola_conf/share/mola_conf/config/mola2026_conf.yaml
-- Up-to-date: /home/kazusa/kazusa/install/mola_conf/share/mola_conf/config/lidar2d.yaml
-- Up-to-date: /home/kazusa/kazusa/install/mola_conf/share/mola_conf/config/mola2026_conf_red.yaml
-- Up-to-date: /home/kazusa/kazusa/install/mola_conf/share/mola_conf/config/mola2026_conf_blue.yaml
-- Up-to-date: /home/kazusa/kazusa/install/mola_conf/share/ament_index/resource_index/package_run_dependencies/mola_conf
-- Up-to-date: /home/kazusa/kazusa/install/mola_conf/share/ament_index/resource_index/parent_prefix_path/mola_conf
-- Up-to-date: /home/kazusa/kazusa/install/mola_conf/share/mola_conf/environment/ament_prefix_path.sh
-- Up-to-date: /home/kazusa/kazusa/install/mola_conf/share/mola_conf/environment/ament_prefix_path.dsv
-- Up-to-date: /home/kazusa/kazusa/install/mola_conf/share/mola_conf/environment/path.sh
-- Up-to-date: /home/kazusa/kazusa/install/mola_conf/share/mola_conf/environment/path.dsv
-- Up-to-date: /home/kazusa/kazusa/install/mola_conf/share/mola_conf/local_setup.bash
-- Up-to-date: /home/kazusa/kazusa/install/mola_conf/share/mola_conf/local_setup.sh
-- Up-to-date: /home/kazusa/kazusa/install/mola_conf/share/mola_conf/local_setup.zsh
-- Up-to-date: /home/kazusa/kazusa/install/mola_conf/share/mola_conf/local_setup.dsv
-- Installing: /home/kazusa/kazusa/install/mola_conf/share/mola_conf/package.dsv
-- Up-to-date: /home/kazusa/kazusa/install/mola_conf/share/ament_index/resource_index/packages/mola_conf
-- Up-to-date: /home/kazusa/kazusa/install/mola_conf/share/mola_conf/cmake/mola_confConfig.cmake
-- Up-to-date: /home/kazusa/kazusa/install/mola_conf/share/mola_conf/cmake/mola_confConfig-version.cmake
-- Up-to-date: /home/kazusa/kazusa/install/mola_conf/share/mola_conf/package.xml
