[0.025s] Invoking command in '/home/kazusa/kazusa/build/mola_conf': CMAKE_PREFIX_PATH=${CMAKE_PREFIX_PATH}:/opt/ros/jazzy DEBUGINFOD_URLS=https://debuginfod.ubuntu.com /usr/bin/cmake --build /home/kazusa/kazusa/build/mola_conf -- -j12 -l12
[0.061s] -- Found ament_cmake: 2.5.6 (/opt/ros/jazzy/share/ament_cmake/cmake)
[0.326s] -- Found rclpy: 7.1.11 (/opt/ros/jazzy/share/rclpy/cmake)
[0.326s] -- Found sensor_msgs: 5.3.8 (/opt/ros/jazzy/share/sensor_msgs/cmake)
[0.353s] -- Found rosidl_generator_c: 4.6.9 (/opt/ros/jazzy/share/rosidl_generator_c/cmake)
[0.361s] -- Found rosidl_generator_cpp: 4.6.9 (/opt/ros/jazzy/share/rosidl_generator_cpp/cmake)
[0.373s] -- Using all available rosidl_typesupport_c: rosidl_typesupport_fastrtps_c;rosidl_typesupport_introspection_c
[0.386s] -- Using all available rosidl_typesupport_cpp: rosidl_typesupport_fastrtps_cpp;rosidl_typesupport_introspection_cpp
[0.467s] -- Found nav_msgs: 5.3.8 (/opt/ros/jazzy/share/nav_msgs/cmake)
[0.491s] -- Found tf2_ros: 0.36.21 (/opt/ros/jazzy/share/tf2_ros/cmake)
[0.538s] -- Found rmw_implementation_cmake: 7.3.3 (/opt/ros/jazzy/share/rmw_implementation_cmake/cmake)
[0.540s] -- Found rmw_fastrtps_cpp: 8.4.4 (/opt/ros/jazzy/share/rmw_fastrtps_cpp/cmake)
[0.618s] -- Using RMW implementation 'rmw_fastrtps_cpp' as default
[0.747s] -- Found ament_lint_auto: 0.17.5 (/opt/ros/jazzy/share/ament_lint_auto/cmake)
[0.812s] -- Added test 'lint_cmake' to check CMake code style
[0.813s] -- Added test 'xmllint' to check XML markup files
[0.813s] -- Configuring done (0.8s)
[0.818s] -- Generating done (0.0s)
[0.820s] -- Build files have been written to: /home/kazusa/kazusa/build/mola_conf
[0.846s] Invoked command in '/home/kazusa/kazusa/build/mola_conf' returned '0': CMAKE_PREFIX_PATH=${CMAKE_PREFIX_PATH}:/opt/ros/jazzy DEBUGINFOD_URLS=https://debuginfod.ubuntu.com /usr/bin/cmake --build /home/kazusa/kazusa/build/mola_conf -- -j12 -l12
[0.847s] Invoking command in '/home/kazusa/kazusa/build/mola_conf': CMAKE_PREFIX_PATH=${CMAKE_PREFIX_PATH}:/opt/ros/jazzy DEBUGINFOD_URLS=https://debuginfod.ubuntu.com /usr/bin/cmake --install /home/kazusa/kazusa/build/mola_conf
[0.856s] -- Install configuration: ""
[0.856s] -- Up-to-date: /home/kazusa/kazusa/install/mola_conf/share/mola_conf/maps
[0.856s] -- Up-to-date: /home/kazusa/kazusa/install/mola_conf/share/mola_conf/maps/maps.simplemap
[0.856s] -- Up-to-date: /home/kazusa/kazusa/install/mola_conf/share/mola_conf/maps/maps.mm
[0.856s] -- Installing: /home/kazusa/kazusa/install/mola_conf/share/mola_conf/config
[0.856s] -- Installing: /home/kazusa/kazusa/install/mola_conf/share/mola_conf/config/mola2026_conf.yaml
[0.856s] -- Installing: /home/kazusa/kazusa/install/mola_conf/share/mola_conf/config/lidar2d.yaml
[0.857s] -- Up-to-date: /home/kazusa/kazusa/install/mola_conf/share/ament_index/resource_index/package_run_dependencies/mola_conf
[0.857s] -- Up-to-date: /home/kazusa/kazusa/install/mola_conf/share/ament_index/resource_index/parent_prefix_path/mola_conf
[0.857s] -- Up-to-date: /home/kazusa/kazusa/install/mola_conf/share/mola_conf/environment/ament_prefix_path.sh
[0.857s] -- Up-to-date: /home/kazusa/kazusa/install/mola_conf/share/mola_conf/environment/ament_prefix_path.dsv
[0.857s] -- Up-to-date: /home/kazusa/kazusa/install/mola_conf/share/mola_conf/environment/path.sh
[0.857s] -- Up-to-date: /home/kazusa/kazusa/install/mola_conf/share/mola_conf/environment/path.dsv
[0.857s] -- Up-to-date: /home/kazusa/kazusa/install/mola_conf/share/mola_conf/local_setup.bash
[0.857s] -- Up-to-date: /home/kazusa/kazusa/install/mola_conf/share/mola_conf/local_setup.sh
[0.857s] -- Up-to-date: /home/kazusa/kazusa/install/mola_conf/share/mola_conf/local_setup.zsh
[0.857s] -- Up-to-date: /home/kazusa/kazusa/install/mola_conf/share/mola_conf/local_setup.dsv
[0.857s] -- Installing: /home/kazusa/kazusa/install/mola_conf/share/mola_conf/package.dsv
[0.857s] -- Up-to-date: /home/kazusa/kazusa/install/mola_conf/share/ament_index/resource_index/packages/mola_conf
[0.857s] -- Up-to-date: /home/kazusa/kazusa/install/mola_conf/share/mola_conf/cmake/mola_confConfig.cmake
[0.857s] -- Up-to-date: /home/kazusa/kazusa/install/mola_conf/share/mola_conf/cmake/mola_confConfig-version.cmake
[0.857s] -- Up-to-date: /home/kazusa/kazusa/install/mola_conf/share/mola_conf/package.xml
[0.858s] Invoked command in '/home/kazusa/kazusa/build/mola_conf' returned '0': CMAKE_PREFIX_PATH=${CMAKE_PREFIX_PATH}:/opt/ros/jazzy DEBUGINFOD_URLS=https://debuginfod.ubuntu.com /usr/bin/cmake --install /home/kazusa/kazusa/build/mola_conf
