-- Found ament_cmake: 2.5.6 (/opt/ros/jazzy/share/ament_cmake/cmake)
-- Found controller: 0.0.0 (/home/kazusa/kazusa/install/controller/share/controller/cmake)
-- Found rosidl_generator_c: 4.6.9 (/opt/ros/jazzy/share/rosidl_generator_c/cmake)
-- Found rosidl_generator_cpp: 4.6.9 (/opt/ros/jazzy/share/rosidl_generator_cpp/cmake)
-- Using all available rosidl_typesupport_c: rosidl_typesupport_fastrtps_c;rosidl_typesupport_introspection_c
-- Using all available rosidl_typesupport_cpp: rosidl_typesupport_fastrtps_cpp;rosidl_typesupport_introspection_cpp
-- Found ament_lint_auto: 0.17.5 (/opt/ros/jazzy/share/ament_lint_auto/cmake)
-- Added test 'flake8' to check Python code syntax and style conventions
-- Configured 'flake8' exclude dirs and/or files: 
-- Added test 'lint_cmake' to check CMake code style
-- Added test 'pep257' to check Python code against some of the docstring style conventions in PEP 257
-- Added test 'xmllint' to check XML markup files
-- Configuring done (0.4s)
-- Generating done (0.0s)
[33mCMake Warning:
  Manually-specified variables were not used by the project:

    CMAKE_EXPORT_COMPILE_COMMANDS

[0m
-- Build files have been written to: /home/kazusa/kazusa/build/controller_src
-- Install configuration: ""
-- Installing: /home/kazusa/kazusa/install/controller_src/lib/controller_src/con.py
-- Up-to-date: /home/kazusa/kazusa/install/controller_src/lib/controller_src/launch_starter.py
-- Up-to-date: /home/kazusa/kazusa/install/controller_src/share/ament_index/resource_index/package_run_dependencies/controller_src
-- Installing: /home/kazusa/kazusa/install/controller_src/share/ament_index/resource_index/parent_prefix_path/controller_src
-- Up-to-date: /home/kazusa/kazusa/install/controller_src/share/controller_src/environment/ament_prefix_path.sh
-- Up-to-date: /home/kazusa/kazusa/install/controller_src/share/controller_src/environment/ament_prefix_path.dsv
-- Up-to-date: /home/kazusa/kazusa/install/controller_src/share/controller_src/environment/path.sh
-- Up-to-date: /home/kazusa/kazusa/install/controller_src/share/controller_src/environment/path.dsv
-- Up-to-date: /home/kazusa/kazusa/install/controller_src/share/controller_src/local_setup.bash
-- Up-to-date: /home/kazusa/kazusa/install/controller_src/share/controller_src/local_setup.sh
-- Up-to-date: /home/kazusa/kazusa/install/controller_src/share/controller_src/local_setup.zsh
-- Up-to-date: /home/kazusa/kazusa/install/controller_src/share/controller_src/local_setup.dsv
-- Installing: /home/kazusa/kazusa/install/controller_src/share/controller_src/package.dsv
-- Up-to-date: /home/kazusa/kazusa/install/controller_src/share/ament_index/resource_index/packages/controller_src
-- Up-to-date: /home/kazusa/kazusa/install/controller_src/share/controller_src/cmake/controller_srcConfig.cmake
-- Up-to-date: /home/kazusa/kazusa/install/controller_src/share/controller_src/cmake/controller_srcConfig-version.cmake
-- Up-to-date: /home/kazusa/kazusa/install/controller_src/share/controller_src/package.xml
