[0.020s] Invoking command in '/home/kazusa/kazusa/build/custom_msgs': CMAKE_PREFIX_PATH=${CMAKE_PREFIX_PATH}:/opt/ros/humble /usr/bin/cmake /home/kazusa/kazusa/ver0/custom_msgs -DCMAKE_EXPORT_COMPILE_COMMANDS=ON -DAMENT_CMAKE_SYMLINK_INSTALL=1 -DCMAKE_INSTALL_PREFIX=/home/kazusa/kazusa/install/custom_msgs
[0.080s] -- The C compiler identification is GNU 11.4.0
[0.138s] -- The CXX compiler identification is GNU 11.4.0
[0.146s] -- Detecting C compiler ABI info
[0.213s] -- Detecting C compiler ABI info - done
[0.217s] -- Check for working C compiler: /usr/bin/cc - skipped
[0.218s] -- Detecting C compile features
[0.218s] -- Detecting C compile features - done
[0.220s] -- Detecting CXX compiler ABI info
[0.300s] -- Detecting CXX compiler ABI info - done
[0.308s] -- Check for working CXX compiler: /usr/bin/c++ - skipped
[0.309s] -- Detecting CXX compile features
[0.309s] -- Detecting CXX compile features - done
[0.312s] -- Found ament_cmake: 1.3.14 (/opt/ros/humble/share/ament_cmake/cmake)
[0.446s] -- Found Python3: /usr/bin/python3 (found version "3.10.12") found components: Interpreter 
[0.510s] -- Override CMake install command with custom implementation using symlinks instead of copying resources
[0.539s] -- Found rosidl_default_generators: 1.2.1 (/opt/ros/humble/share/rosidl_default_generators/cmake)
[0.542s] -- Using all available rosidl_typesupport_c: rosidl_typesupport_fastrtps_c;rosidl_typesupport_introspection_c
[0.549s] -- Found rosidl_adapter: 3.1.9 (/opt/ros/humble/share/rosidl_adapter/cmake)
[0.589s] -- Using all available rosidl_typesupport_cpp: rosidl_typesupport_fastrtps_cpp;rosidl_typesupport_introspection_cpp
[0.952s] -- Found ament_cmake_ros: 0.10.0 (/opt/ros/humble/share/ament_cmake_ros/cmake)
[1.133s] -- Using all available rosidl_typesupport_c: rosidl_typesupport_fastrtps_c;rosidl_typesupport_introspection_c
[1.371s] -- Using all available rosidl_typesupport_cpp: rosidl_typesupport_fastrtps_cpp;rosidl_typesupport_introspection_cpp
[1.391s] -- Found PythonInterp: /usr/bin/python3 (found suitable version "3.10.12", minimum required is "3.6") 
[1.393s] -- Found python_cmake_module: 0.10.0 (/opt/ros/humble/share/python_cmake_module/cmake)
[1.419s] -- Found PythonLibs: /usr/lib/x86_64-linux-gnu/libpython3.10.so (found suitable version "3.10.12", minimum required is "3.5") 
[1.419s] -- Using PYTHON_EXECUTABLE: /usr/bin/python3
[1.419s] -- Using PYTHON_INCLUDE_DIRS: /usr/include/python3.10
[1.419s] -- Using PYTHON_LIBRARIES: /usr/lib/x86_64-linux-gnu/libpython3.10.so
[1.436s] -- Found PythonExtra: .so  
[1.539s] -- Found ament_lint_auto: 0.12.15 (/opt/ros/humble/share/ament_lint_auto/cmake)
[1.560s] -- Added test 'lint_cmake' to check CMake code style
[1.562s] -- Added test 'xmllint' to check XML markup files
[1.566s] -- Configuring done
[1.606s] -- Generating done
[1.619s] -- Build files have been written to: /home/kazusa/kazusa/build/custom_msgs
[1.639s] Invoked command in '/home/kazusa/kazusa/build/custom_msgs' returned '0': CMAKE_PREFIX_PATH=${CMAKE_PREFIX_PATH}:/opt/ros/humble /usr/bin/cmake /home/kazusa/kazusa/ver0/custom_msgs -DCMAKE_EXPORT_COMPILE_COMMANDS=ON -DAMENT_CMAKE_SYMLINK_INSTALL=1 -DCMAKE_INSTALL_PREFIX=/home/kazusa/kazusa/install/custom_msgs
[1.641s] Invoking command in '/home/kazusa/kazusa/build/custom_msgs': CMAKE_PREFIX_PATH=${CMAKE_PREFIX_PATH}:/opt/ros/humble /usr/bin/cmake --build /home/kazusa/kazusa/build/custom_msgs -- -j12 -l12
[1.684s] [  2%] [34m[1mGenerating C code for ROS interfaces[0m
[1.696s] [  4%] [34m[1mGenerating Rust code for ROS interfaces[0m
[1.697s] [  6%] [34m[1mGenerating C++ code for ROS interfaces[0m
[1.710s] [  6%] Built target ament_cmake_python_symlink_custom_msgs
[1.977s] running egg_info
[1.977s] creating custom_msgs.egg-info
[1.978s] writing custom_msgs.egg-info/PKG-INFO
[1.978s] writing dependency_links to custom_msgs.egg-info/dependency_links.txt
[1.978s] writing top-level names to custom_msgs.egg-info/top_level.txt
[1.978s] writing manifest file 'custom_msgs.egg-info/SOURCES.txt'
[1.980s] reading manifest file 'custom_msgs.egg-info/SOURCES.txt'
[1.981s] writing manifest file 'custom_msgs.egg-info/SOURCES.txt'
[2.019s] [  6%] Built target ament_cmake_python_build_custom_msgs_egg
[2.181s] [  6%] Built target custom_msgs__rs
[2.295s] [  6%] Built target custom_msgs__cpp
[2.312s] [  8%] [34m[1mGenerating C++ type support for eProsima Fast-RTPS[0m
[2.319s] [ 10%] [34m[1mGenerating C++ introspection for ROS interfaces[0m
[2.319s] [ 12%] [34m[1mGenerating C++ type support dispatch for ROS interfaces[0m
[2.349s] [ 14%] [32mBuilding C object CMakeFiles/custom_msgs__rosidl_generator_c.dir/rosidl_generator_c/custom_msgs/action/detail/follow_path__functions.c.o[0m
[2.349s] [ 16%] [32mBuilding C object CMakeFiles/custom_msgs__rosidl_generator_c.dir/rosidl_generator_c/custom_msgs/msg/detail/can_packet__functions.c.o[0m
[2.364s] [ 18%] [32mBuilding C object CMakeFiles/custom_msgs__rosidl_generator_c.dir/rosidl_generator_c/custom_msgs/action/detail/hoju__functions.c.o[0m
[2.597s] [ 20%] [32m[1mLinking C shared library libcustom_msgs__rosidl_generator_c.so[0m
[2.661s] [ 20%] Built target custom_msgs__rosidl_generator_c
[2.677s] [ 22%] [34m[1mGenerating C type support for eProsima Fast-RTPS[0m
[2.680s] [ 25%] [34m[1mGenerating C type support dispatch for ROS interfaces[0m
[2.681s] [ 27%] [34m[1mGenerating C introspection for ROS interfaces[0m
[2.949s] [ 29%] [32mBuilding CXX object CMakeFiles/custom_msgs__rosidl_typesupport_cpp.dir/rosidl_typesupport_cpp/custom_msgs/msg/can_packet__type_support.cpp.o[0m
[2.950s] [ 31%] [32mBuilding CXX object CMakeFiles/custom_msgs__rosidl_typesupport_cpp.dir/rosidl_typesupport_cpp/custom_msgs/action/follow_path__type_support.cpp.o[0m
[2.959s] [ 33%] [32mBuilding CXX object CMakeFiles/custom_msgs__rosidl_typesupport_cpp.dir/rosidl_typesupport_cpp/custom_msgs/action/hoju__type_support.cpp.o[0m
[3.092s] [ 35%] [32mBuilding CXX object CMakeFiles/custom_msgs__rosidl_typesupport_fastrtps_cpp.dir/rosidl_typesupport_fastrtps_cpp/custom_msgs/msg/detail/dds_fastrtps/can_packet__type_support.cpp.o[0m
[3.096s] [ 37%] [32mBuilding CXX object CMakeFiles/custom_msgs__rosidl_typesupport_fastrtps_cpp.dir/rosidl_typesupport_fastrtps_cpp/custom_msgs/action/detail/dds_fastrtps/hoju__type_support.cpp.o[0m
[3.102s] [ 39%] [32mBuilding CXX object CMakeFiles/custom_msgs__rosidl_typesupport_fastrtps_cpp.dir/rosidl_typesupport_fastrtps_cpp/custom_msgs/action/detail/dds_fastrtps/follow_path__type_support.cpp.o[0m
[3.108s] [ 41%] [32mBuilding CXX object CMakeFiles/custom_msgs__rosidl_typesupport_introspection_cpp.dir/rosidl_typesupport_introspection_cpp/custom_msgs/action/detail/follow_path__type_support.cpp.o[0m
[3.120s] [ 43%] [32mBuilding CXX object CMakeFiles/custom_msgs__rosidl_typesupport_introspection_cpp.dir/rosidl_typesupport_introspection_cpp/custom_msgs/msg/detail/can_packet__type_support.cpp.o[0m
[3.124s] [ 45%] [32mBuilding CXX object CMakeFiles/custom_msgs__rosidl_typesupport_introspection_cpp.dir/rosidl_typesupport_introspection_cpp/custom_msgs/action/detail/hoju__type_support.cpp.o[0m
[3.316s] [ 47%] [32mBuilding CXX object CMakeFiles/custom_msgs__rosidl_typesupport_c.dir/rosidl_typesupport_c/custom_msgs/msg/can_packet__type_support.cpp.o[0m
[3.337s] [ 50%] [32mBuilding CXX object CMakeFiles/custom_msgs__rosidl_typesupport_c.dir/rosidl_typesupport_c/custom_msgs/action/follow_path__type_support.cpp.o[0m
[3.409s] [ 52%] [32mBuilding CXX object CMakeFiles/custom_msgs__rosidl_typesupport_c.dir/rosidl_typesupport_c/custom_msgs/action/hoju__type_support.cpp.o[0m
[3.441s] [ 54%] [32mBuilding CXX object CMakeFiles/custom_msgs__rosidl_typesupport_fastrtps_c.dir/rosidl_typesupport_fastrtps_c/custom_msgs/msg/detail/can_packet__type_support_c.cpp.o[0m
[3.487s] [ 56%] [32mBuilding CXX object CMakeFiles/custom_msgs__rosidl_typesupport_fastrtps_c.dir/rosidl_typesupport_fastrtps_c/custom_msgs/action/detail/follow_path__type_support_c.cpp.o[0m
[3.507s] [ 58%] [32mBuilding CXX object CMakeFiles/custom_msgs__rosidl_typesupport_fastrtps_c.dir/rosidl_typesupport_fastrtps_c/custom_msgs/action/detail/hoju__type_support_c.cpp.o[0m
[3.510s] [ 60%] [32m[1mLinking CXX shared library libcustom_msgs__rosidl_typesupport_c.so[0m
[3.616s] [ 60%] Built target custom_msgs__rosidl_typesupport_c
[3.665s] [ 62%] [32mBuilding C object CMakeFiles/custom_msgs__rosidl_typesupport_introspection_c.dir/rosidl_typesupport_introspection_c/custom_msgs/msg/detail/can_packet__type_support.c.o[0m
[3.683s] [ 64%] [32mBuilding C object CMakeFiles/custom_msgs__rosidl_typesupport_introspection_c.dir/rosidl_typesupport_introspection_c/custom_msgs/action/detail/follow_path__type_support.c.o[0m
[3.685s] [ 66%] [32mBuilding C object CMakeFiles/custom_msgs__rosidl_typesupport_introspection_c.dir/rosidl_typesupport_introspection_c/custom_msgs/action/detail/hoju__type_support.c.o[0m
[3.712s] [ 68%] [32m[1mLinking CXX shared library libcustom_msgs__rosidl_typesupport_cpp.so[0m
[3.770s] [ 70%] [32m[1mLinking C shared library libcustom_msgs__rosidl_typesupport_introspection_c.so[0m
[3.776s] [ 70%] Built target custom_msgs__rosidl_typesupport_cpp
[3.809s] [ 70%] Built target custom_msgs__rosidl_typesupport_introspection_c
[3.870s] [ 72%] [32m[1mLinking CXX shared library libcustom_msgs__rosidl_typesupport_fastrtps_cpp.so[0m
[3.951s] [ 72%] Built target custom_msgs__rosidl_typesupport_fastrtps_cpp
[3.964s] [ 75%] [32m[1mLinking CXX shared library libcustom_msgs__rosidl_typesupport_fastrtps_c.so[0m
[3.990s] [ 77%] [32m[1mLinking CXX shared library libcustom_msgs__rosidl_typesupport_introspection_cpp.so[0m
[4.027s] [ 77%] Built target custom_msgs__rosidl_typesupport_fastrtps_c
[4.061s] [ 77%] Built target custom_msgs__rosidl_typesupport_introspection_cpp
[4.080s] [ 77%] Built target custom_msgs
[4.102s] [ 79%] [34m[1mGenerating Python code for ROS interfaces[0m
[4.868s] [ 79%] Built target custom_msgs__py
[4.888s] [ 83%] [32mBuilding C object CMakeFiles/custom_msgs__rosidl_generator_py.dir/rosidl_generator_py/custom_msgs/action/_follow_path_s.c.o[0m
[4.889s] [ 83%] [32mBuilding C object CMakeFiles/custom_msgs__rosidl_generator_py.dir/rosidl_generator_py/custom_msgs/action/_hoju_s.c.o[0m
[4.889s] [ 85%] [32mBuilding C object CMakeFiles/custom_msgs__rosidl_generator_py.dir/rosidl_generator_py/custom_msgs/msg/_can_packet_s.c.o[0m
[5.012s] [ 87%] [32m[1mLinking C shared library rosidl_generator_py/custom_msgs/libcustom_msgs__rosidl_generator_py.so[0m
[5.046s] [ 87%] Built target custom_msgs__rosidl_generator_py
[5.064s] [ 91%] [32mBuilding C object CMakeFiles/custom_msgs__rosidl_typesupport_fastrtps_c__pyext.dir/rosidl_generator_py/custom_msgs/_custom_msgs_s.ep.rosidl_typesupport_fastrtps_c.c.o[0m
[5.064s] [ 91%] [32mBuilding C object CMakeFiles/custom_msgs__rosidl_typesupport_introspection_c__pyext.dir/rosidl_generator_py/custom_msgs/_custom_msgs_s.ep.rosidl_typesupport_introspection_c.c.o[0m
[5.065s] [ 93%] [32mBuilding C object CMakeFiles/custom_msgs__rosidl_typesupport_c__pyext.dir/rosidl_generator_py/custom_msgs/_custom_msgs_s.ep.rosidl_typesupport_c.c.o[0m
[5.164s] [ 95%] [32m[1mLinking C shared library rosidl_generator_py/custom_msgs/custom_msgs_s__rosidl_typesupport_fastrtps_c.cpython-310-x86_64-linux-gnu.so[0m
[5.194s] [ 97%] [32m[1mLinking C shared library rosidl_generator_py/custom_msgs/custom_msgs_s__rosidl_typesupport_c.cpython-310-x86_64-linux-gnu.so[0m
[5.201s] [ 97%] Built target custom_msgs__rosidl_typesupport_fastrtps_c__pyext
[5.202s] [100%] [32m[1mLinking C shared library rosidl_generator_py/custom_msgs/custom_msgs_s__rosidl_typesupport_introspection_c.cpython-310-x86_64-linux-gnu.so[0m
[5.232s] [100%] Built target custom_msgs__rosidl_typesupport_c__pyext
[5.241s] [100%] Built target custom_msgs__rosidl_typesupport_introspection_c__pyext
[5.254s] Invoked command in '/home/kazusa/kazusa/build/custom_msgs' returned '0': CMAKE_PREFIX_PATH=${CMAKE_PREFIX_PATH}:/opt/ros/humble /usr/bin/cmake --build /home/kazusa/kazusa/build/custom_msgs -- -j12 -l12
[5.256s] Invoking command in '/home/kazusa/kazusa/build/custom_msgs': CMAKE_PREFIX_PATH=${CMAKE_PREFIX_PATH}:/opt/ros/humble /usr/bin/cmake --install /home/kazusa/kazusa/build/custom_msgs
[5.264s] -- Install configuration: ""
[5.265s] -- Execute custom install script
[5.265s] -- Symlinking: /home/kazusa/kazusa/install/custom_msgs/share/ament_index/resource_index/rosidl_interfaces/custom_msgs
[5.276s] -- Symlinking: /home/kazusa/kazusa/install/custom_msgs/include/custom_msgs/custom_msgs/action/detail/follow_path__functions.h
[5.287s] -- Symlinking: /home/kazusa/kazusa/install/custom_msgs/include/custom_msgs/custom_msgs/action/detail/follow_path__struct.h
[5.296s] -- Symlinking: /home/kazusa/kazusa/install/custom_msgs/include/custom_msgs/custom_msgs/action/detail/follow_path__type_support.h
[5.305s] -- Symlinking: /home/kazusa/kazusa/install/custom_msgs/include/custom_msgs/custom_msgs/action/detail/hoju__functions.h
[5.314s] -- Symlinking: /home/kazusa/kazusa/install/custom_msgs/include/custom_msgs/custom_msgs/action/detail/hoju__struct.h
[5.325s] -- Symlinking: /home/kazusa/kazusa/install/custom_msgs/include/custom_msgs/custom_msgs/action/detail/hoju__type_support.h
[5.334s] -- Symlinking: /home/kazusa/kazusa/install/custom_msgs/include/custom_msgs/custom_msgs/action/follow_path.h
[5.344s] -- Symlinking: /home/kazusa/kazusa/install/custom_msgs/include/custom_msgs/custom_msgs/action/hoju.h
[5.352s] -- Symlinking: /home/kazusa/kazusa/install/custom_msgs/include/custom_msgs/custom_msgs/msg/can_packet.h
[5.362s] -- Symlinking: /home/kazusa/kazusa/install/custom_msgs/include/custom_msgs/custom_msgs/msg/detail/can_packet__functions.h
[5.370s] -- Symlinking: /home/kazusa/kazusa/install/custom_msgs/include/custom_msgs/custom_msgs/msg/detail/can_packet__struct.h
[5.378s] -- Symlinking: /home/kazusa/kazusa/install/custom_msgs/include/custom_msgs/custom_msgs/msg/detail/can_packet__type_support.h
[5.387s] -- Symlinking: /home/kazusa/kazusa/install/custom_msgs/include/custom_msgs/custom_msgs/msg/rosidl_generator_c__visibility_control.h
[5.395s] -- Symlinking: /home/kazusa/kazusa/install/custom_msgs/share/custom_msgs/environment/library_path.sh
[5.404s] -- Symlinking: /home/kazusa/kazusa/install/custom_msgs/share/custom_msgs/environment/library_path.dsv
[5.415s] -- Symlinking: /home/kazusa/kazusa/install/custom_msgs/include/custom_msgs/custom_msgs/action/detail/follow_path__rosidl_typesupport_fastrtps_c.h
[5.426s] -- Symlinking: /home/kazusa/kazusa/install/custom_msgs/include/custom_msgs/custom_msgs/action/detail/hoju__rosidl_typesupport_fastrtps_c.h
[5.434s] -- Symlinking: /home/kazusa/kazusa/install/custom_msgs/include/custom_msgs/custom_msgs/msg/detail/can_packet__rosidl_typesupport_fastrtps_c.h
[5.442s] -- Symlinking: /home/kazusa/kazusa/install/custom_msgs/include/custom_msgs/custom_msgs/msg/rosidl_typesupport_fastrtps_c__visibility_control.h
[5.452s] -- Symlinking: /home/kazusa/kazusa/install/custom_msgs/include/custom_msgs/custom_msgs/action/detail/follow_path__rosidl_typesupport_introspection_c.h
[5.461s] -- Symlinking: /home/kazusa/kazusa/install/custom_msgs/include/custom_msgs/custom_msgs/action/detail/hoju__rosidl_typesupport_introspection_c.h
[5.471s] -- Symlinking: /home/kazusa/kazusa/install/custom_msgs/include/custom_msgs/custom_msgs/msg/detail/can_packet__rosidl_typesupport_introspection_c.h
[5.480s] -- Symlinking: /home/kazusa/kazusa/install/custom_msgs/include/custom_msgs/custom_msgs/msg/rosidl_typesupport_introspection_c__visibility_control.h
[5.490s] -- Symlinking: /home/kazusa/kazusa/install/custom_msgs/include/custom_msgs/custom_msgs/action/detail/follow_path__builder.hpp
[5.499s] -- Symlinking: /home/kazusa/kazusa/install/custom_msgs/include/custom_msgs/custom_msgs/action/detail/follow_path__struct.hpp
[5.509s] -- Symlinking: /home/kazusa/kazusa/install/custom_msgs/include/custom_msgs/custom_msgs/action/detail/follow_path__traits.hpp
[5.520s] -- Symlinking: /home/kazusa/kazusa/install/custom_msgs/include/custom_msgs/custom_msgs/action/detail/follow_path__type_support.hpp
[5.530s] -- Symlinking: /home/kazusa/kazusa/install/custom_msgs/include/custom_msgs/custom_msgs/action/detail/hoju__builder.hpp
[5.537s] -- Symlinking: /home/kazusa/kazusa/install/custom_msgs/include/custom_msgs/custom_msgs/action/detail/hoju__struct.hpp
[5.545s] -- Symlinking: /home/kazusa/kazusa/install/custom_msgs/include/custom_msgs/custom_msgs/action/detail/hoju__traits.hpp
[5.554s] -- Symlinking: /home/kazusa/kazusa/install/custom_msgs/include/custom_msgs/custom_msgs/action/detail/hoju__type_support.hpp
[5.564s] -- Symlinking: /home/kazusa/kazusa/install/custom_msgs/include/custom_msgs/custom_msgs/action/follow_path.hpp
[5.574s] -- Symlinking: /home/kazusa/kazusa/install/custom_msgs/include/custom_msgs/custom_msgs/action/hoju.hpp
[5.585s] -- Symlinking: /home/kazusa/kazusa/install/custom_msgs/include/custom_msgs/custom_msgs/msg/can_packet.hpp
[5.595s] -- Symlinking: /home/kazusa/kazusa/install/custom_msgs/include/custom_msgs/custom_msgs/msg/detail/can_packet__builder.hpp
[5.604s] -- Symlinking: /home/kazusa/kazusa/install/custom_msgs/include/custom_msgs/custom_msgs/msg/detail/can_packet__struct.hpp
[5.615s] -- Symlinking: /home/kazusa/kazusa/install/custom_msgs/include/custom_msgs/custom_msgs/msg/detail/can_packet__traits.hpp
[5.626s] -- Symlinking: /home/kazusa/kazusa/install/custom_msgs/include/custom_msgs/custom_msgs/msg/detail/can_packet__type_support.hpp
[5.633s] -- Symlinking: /home/kazusa/kazusa/install/custom_msgs/include/custom_msgs/custom_msgs/msg/rosidl_generator_cpp__visibility_control.hpp
[5.643s] -- Symlinking: /home/kazusa/kazusa/install/custom_msgs/include/custom_msgs/custom_msgs/action/detail/follow_path__rosidl_typesupport_fastrtps_cpp.hpp
[5.652s] -- Symlinking: /home/kazusa/kazusa/install/custom_msgs/include/custom_msgs/custom_msgs/action/detail/hoju__rosidl_typesupport_fastrtps_cpp.hpp
[5.661s] -- Symlinking: /home/kazusa/kazusa/install/custom_msgs/include/custom_msgs/custom_msgs/msg/detail/can_packet__rosidl_typesupport_fastrtps_cpp.hpp
[5.669s] -- Symlinking: /home/kazusa/kazusa/install/custom_msgs/include/custom_msgs/custom_msgs/msg/rosidl_typesupport_fastrtps_cpp__visibility_control.h
[5.679s] -- Symlinking: /home/kazusa/kazusa/install/custom_msgs/include/custom_msgs/custom_msgs/action/detail/follow_path__rosidl_typesupport_introspection_cpp.hpp
[5.688s] -- Symlinking: /home/kazusa/kazusa/install/custom_msgs/include/custom_msgs/custom_msgs/action/detail/hoju__rosidl_typesupport_introspection_cpp.hpp
[5.697s] -- Symlinking: /home/kazusa/kazusa/install/custom_msgs/include/custom_msgs/custom_msgs/msg/detail/can_packet__rosidl_typesupport_introspection_cpp.hpp
[5.707s] -- Symlinking: /home/kazusa/kazusa/install/custom_msgs/share/custom_msgs/environment/pythonpath.sh
[5.716s] -- Symlinking: /home/kazusa/kazusa/install/custom_msgs/share/custom_msgs/environment/pythonpath.dsv
[5.726s] -- Symlinking: /home/kazusa/kazusa/install/custom_msgs/local/lib/python3.10/dist-packages/custom_msgs-0.0.0-py3.10.egg-info/PKG-INFO
[5.735s] -- Symlinking: /home/kazusa/kazusa/install/custom_msgs/local/lib/python3.10/dist-packages/custom_msgs-0.0.0-py3.10.egg-info/SOURCES.txt
[5.744s] -- Symlinking: /home/kazusa/kazusa/install/custom_msgs/local/lib/python3.10/dist-packages/custom_msgs-0.0.0-py3.10.egg-info/dependency_links.txt
[5.752s] -- Symlinking: /home/kazusa/kazusa/install/custom_msgs/local/lib/python3.10/dist-packages/custom_msgs-0.0.0-py3.10.egg-info/top_level.txt
[5.762s] -- Symlinking: /home/kazusa/kazusa/install/custom_msgs/local/lib/python3.10/dist-packages/custom_msgs/__init__.py
[5.769s] -- Symlinking: /home/kazusa/kazusa/install/custom_msgs/local/lib/python3.10/dist-packages/custom_msgs/_custom_msgs_s.ep.rosidl_typesupport_c.c
[5.778s] -- Symlinking: /home/kazusa/kazusa/install/custom_msgs/local/lib/python3.10/dist-packages/custom_msgs/_custom_msgs_s.ep.rosidl_typesupport_fastrtps_c.c
[5.788s] -- Symlinking: /home/kazusa/kazusa/install/custom_msgs/local/lib/python3.10/dist-packages/custom_msgs/_custom_msgs_s.ep.rosidl_typesupport_introspection_c.c
[5.797s] -- Symlinking: /home/kazusa/kazusa/install/custom_msgs/local/lib/python3.10/dist-packages/custom_msgs/action/__init__.py
[5.807s] -- Symlinking: /home/kazusa/kazusa/install/custom_msgs/local/lib/python3.10/dist-packages/custom_msgs/action/_follow_path.py
[5.816s] -- Symlinking: /home/kazusa/kazusa/install/custom_msgs/local/lib/python3.10/dist-packages/custom_msgs/action/_follow_path_s.c
[5.826s] -- Symlinking: /home/kazusa/kazusa/install/custom_msgs/local/lib/python3.10/dist-packages/custom_msgs/action/_hoju.py
[5.837s] -- Symlinking: /home/kazusa/kazusa/install/custom_msgs/local/lib/python3.10/dist-packages/custom_msgs/action/_hoju_s.c
[5.846s] -- Symlinking: /home/kazusa/kazusa/install/custom_msgs/local/lib/python3.10/dist-packages/custom_msgs/custom_msgs_s__rosidl_typesupport_c.cpython-310-x86_64-linux-gnu.so
[5.856s] -- Symlinking: /home/kazusa/kazusa/install/custom_msgs/local/lib/python3.10/dist-packages/custom_msgs/custom_msgs_s__rosidl_typesupport_fastrtps_c.cpython-310-x86_64-linux-gnu.so
[5.865s] -- Symlinking: /home/kazusa/kazusa/install/custom_msgs/local/lib/python3.10/dist-packages/custom_msgs/custom_msgs_s__rosidl_typesupport_introspection_c.cpython-310-x86_64-linux-gnu.so
[5.875s] -- Symlinking: /home/kazusa/kazusa/install/custom_msgs/local/lib/python3.10/dist-packages/custom_msgs/libcustom_msgs__rosidl_generator_py.so
[5.885s] -- Symlinking: /home/kazusa/kazusa/install/custom_msgs/local/lib/python3.10/dist-packages/custom_msgs/msg/__init__.py
[5.895s] -- Symlinking: /home/kazusa/kazusa/install/custom_msgs/local/lib/python3.10/dist-packages/custom_msgs/msg/_can_packet.py
[5.904s] -- Symlinking: /home/kazusa/kazusa/install/custom_msgs/local/lib/python3.10/dist-packages/custom_msgs/msg/_can_packet_s.c
[5.914s] -- Up-to-date symlink: /home/kazusa/kazusa/install/custom_msgs/local/lib/python3.10/dist-packages/custom_msgs/custom_msgs_s__rosidl_typesupport_fastrtps_c.cpython-310-x86_64-linux-gnu.so
[5.914s] -- Up-to-date symlink: /home/kazusa/kazusa/install/custom_msgs/local/lib/python3.10/dist-packages/custom_msgs/custom_msgs_s__rosidl_typesupport_introspection_c.cpython-310-x86_64-linux-gnu.so
[5.914s] -- Up-to-date symlink: /home/kazusa/kazusa/install/custom_msgs/local/lib/python3.10/dist-packages/custom_msgs/custom_msgs_s__rosidl_typesupport_c.cpython-310-x86_64-linux-gnu.so
[5.914s] -- Symlinking: /home/kazusa/kazusa/install/custom_msgs/share/ament_index/resource_index/rust_packages/custom_msgs
[5.927s] -- Symlinking: /home/kazusa/kazusa/install/custom_msgs/share/custom_msgs/rust/Cargo.toml
[5.937s] -- Symlinking: /home/kazusa/kazusa/install/custom_msgs/share/custom_msgs/rust/build.rs
[5.946s] -- Symlinking: /home/kazusa/kazusa/install/custom_msgs/share/custom_msgs/rust/src/action.rs
[5.956s] -- Symlinking: /home/kazusa/kazusa/install/custom_msgs/share/custom_msgs/rust/src/action/rmw.rs
[5.966s] -- Symlinking: /home/kazusa/kazusa/install/custom_msgs/share/custom_msgs/rust/src/lib.rs
[5.976s] -- Symlinking: /home/kazusa/kazusa/install/custom_msgs/share/custom_msgs/rust/src/msg.rs
[5.985s] -- Symlinking: /home/kazusa/kazusa/install/custom_msgs/share/custom_msgs/rust/src/msg/rmw.rs
[5.995s] -- Symlinking: /home/kazusa/kazusa/install/custom_msgs/share/custom_msgs/msg/CanPacket.idl
[6.002s] -- Symlinking: /home/kazusa/kazusa/install/custom_msgs/share/custom_msgs/action/FollowPath.idl
[6.011s] -- Symlinking: /home/kazusa/kazusa/install/custom_msgs/share/custom_msgs/action/Hoju.idl
[6.023s] -- Symlinking: /home/kazusa/kazusa/install/custom_msgs/share/custom_msgs/msg/CanPacket.msg
[6.032s] -- Symlinking: /home/kazusa/kazusa/install/custom_msgs/share/custom_msgs/action/FollowPath.action
[6.043s] -- Symlinking: /home/kazusa/kazusa/install/custom_msgs/share/custom_msgs/action/Hoju.action
[6.052s] -- Symlinking: /home/kazusa/kazusa/install/custom_msgs/share/ament_index/resource_index/package_run_dependencies/custom_msgs
[6.062s] -- Symlinking: /home/kazusa/kazusa/install/custom_msgs/share/ament_index/resource_index/parent_prefix_path/custom_msgs
[6.070s] -- Symlinking: /home/kazusa/kazusa/install/custom_msgs/share/custom_msgs/environment/ament_prefix_path.sh
[6.077s] -- Symlinking: /home/kazusa/kazusa/install/custom_msgs/share/custom_msgs/environment/ament_prefix_path.dsv
[6.087s] -- Symlinking: /home/kazusa/kazusa/install/custom_msgs/share/custom_msgs/environment/path.sh
[6.095s] -- Symlinking: /home/kazusa/kazusa/install/custom_msgs/share/custom_msgs/environment/path.dsv
[6.105s] -- Symlinking: /home/kazusa/kazusa/install/custom_msgs/share/custom_msgs/local_setup.bash
[6.113s] -- Symlinking: /home/kazusa/kazusa/install/custom_msgs/share/custom_msgs/local_setup.sh
[6.126s] -- Symlinking: /home/kazusa/kazusa/install/custom_msgs/share/custom_msgs/local_setup.zsh
[6.135s] -- Symlinking: /home/kazusa/kazusa/install/custom_msgs/share/custom_msgs/local_setup.dsv
[6.145s] -- Symlinking: /home/kazusa/kazusa/install/custom_msgs/share/custom_msgs/package.dsv
[6.154s] -- Symlinking: /home/kazusa/kazusa/install/custom_msgs/share/ament_index/resource_index/packages/custom_msgs
[6.163s] -- Symlinking: /home/kazusa/kazusa/install/custom_msgs/share/custom_msgs/cmake/rosidl_cmake-extras.cmake
[6.173s] -- Symlinking: /home/kazusa/kazusa/install/custom_msgs/share/custom_msgs/cmake/ament_cmake_export_dependencies-extras.cmake
[6.184s] -- Symlinking: /home/kazusa/kazusa/install/custom_msgs/share/custom_msgs/cmake/ament_cmake_export_include_directories-extras.cmake
[6.193s] -- Symlinking: /home/kazusa/kazusa/install/custom_msgs/share/custom_msgs/cmake/ament_cmake_export_libraries-extras.cmake
[6.201s] -- Symlinking: /home/kazusa/kazusa/install/custom_msgs/share/custom_msgs/cmake/ament_cmake_export_targets-extras.cmake
[6.208s] -- Symlinking: /home/kazusa/kazusa/install/custom_msgs/share/custom_msgs/cmake/rosidl_cmake_export_typesupport_targets-extras.cmake
[6.215s] -- Symlinking: /home/kazusa/kazusa/install/custom_msgs/share/custom_msgs/cmake/rosidl_cmake_export_typesupport_libraries-extras.cmake
[6.227s] -- Symlinking: /home/kazusa/kazusa/install/custom_msgs/share/custom_msgs/cmake/rosidl_cmake_aggregate_target-extras.cmake
[6.237s] -- Symlinking: /home/kazusa/kazusa/install/custom_msgs/share/custom_msgs/cmake/custom_msgsConfig.cmake
[6.247s] -- Symlinking: /home/kazusa/kazusa/install/custom_msgs/share/custom_msgs/cmake/custom_msgsConfig-version.cmake
[6.256s] -- Symlinking: /home/kazusa/kazusa/install/custom_msgs/share/custom_msgs/package.xml
[6.266s] -- Installing: /home/kazusa/kazusa/install/custom_msgs/lib/libcustom_msgs__rosidl_generator_c.so
[6.267s] -- Set runtime path of "/home/kazusa/kazusa/install/custom_msgs/lib/libcustom_msgs__rosidl_generator_c.so" to ""
[6.267s] -- Installing: /home/kazusa/kazusa/install/custom_msgs/lib/libcustom_msgs__rosidl_typesupport_fastrtps_c.so
[6.267s] -- Set runtime path of "/home/kazusa/kazusa/install/custom_msgs/lib/libcustom_msgs__rosidl_typesupport_fastrtps_c.so" to ""
[6.267s] -- Installing: /home/kazusa/kazusa/install/custom_msgs/lib/libcustom_msgs__rosidl_typesupport_introspection_c.so
[6.268s] -- Set runtime path of "/home/kazusa/kazusa/install/custom_msgs/lib/libcustom_msgs__rosidl_typesupport_introspection_c.so" to ""
[6.268s] -- Installing: /home/kazusa/kazusa/install/custom_msgs/lib/libcustom_msgs__rosidl_typesupport_c.so
[6.268s] -- Set runtime path of "/home/kazusa/kazusa/install/custom_msgs/lib/libcustom_msgs__rosidl_typesupport_c.so" to ""
[6.268s] -- Installing: /home/kazusa/kazusa/install/custom_msgs/lib/libcustom_msgs__rosidl_typesupport_fastrtps_cpp.so
[6.268s] -- Set runtime path of "/home/kazusa/kazusa/install/custom_msgs/lib/libcustom_msgs__rosidl_typesupport_fastrtps_cpp.so" to ""
[6.268s] -- Installing: /home/kazusa/kazusa/install/custom_msgs/lib/libcustom_msgs__rosidl_typesupport_introspection_cpp.so
[6.269s] -- Set runtime path of "/home/kazusa/kazusa/install/custom_msgs/lib/libcustom_msgs__rosidl_typesupport_introspection_cpp.so" to ""
[6.269s] -- Installing: /home/kazusa/kazusa/install/custom_msgs/lib/libcustom_msgs__rosidl_typesupport_cpp.so
[6.269s] -- Set runtime path of "/home/kazusa/kazusa/install/custom_msgs/lib/libcustom_msgs__rosidl_typesupport_cpp.so" to ""
[6.307s] Listing '/home/kazusa/kazusa/install/custom_msgs/local/lib/python3.10/dist-packages/custom_msgs'...
[6.307s] Compiling '/home/kazusa/kazusa/install/custom_msgs/local/lib/python3.10/dist-packages/custom_msgs/__init__.py'...
[6.307s] Listing '/home/kazusa/kazusa/install/custom_msgs/local/lib/python3.10/dist-packages/custom_msgs/action'...
[6.307s] Compiling '/home/kazusa/kazusa/install/custom_msgs/local/lib/python3.10/dist-packages/custom_msgs/action/__init__.py'...
[6.307s] Compiling '/home/kazusa/kazusa/install/custom_msgs/local/lib/python3.10/dist-packages/custom_msgs/action/_follow_path.py'...
[6.307s] Compiling '/home/kazusa/kazusa/install/custom_msgs/local/lib/python3.10/dist-packages/custom_msgs/action/_hoju.py'...
[6.307s] Listing '/home/kazusa/kazusa/install/custom_msgs/local/lib/python3.10/dist-packages/custom_msgs/msg'...
[6.307s] Compiling '/home/kazusa/kazusa/install/custom_msgs/local/lib/python3.10/dist-packages/custom_msgs/msg/__init__.py'...
[6.307s] Compiling '/home/kazusa/kazusa/install/custom_msgs/local/lib/python3.10/dist-packages/custom_msgs/msg/_can_packet.py'...
[6.310s] -- Installing: /home/kazusa/kazusa/install/custom_msgs/lib/libcustom_msgs__rosidl_generator_py.so
[6.311s] -- Set runtime path of "/home/kazusa/kazusa/install/custom_msgs/lib/libcustom_msgs__rosidl_generator_py.so" to ""
[6.311s] -- Installing: /home/kazusa/kazusa/install/custom_msgs/share/custom_msgs/cmake/export_custom_msgs__rosidl_generator_cExport.cmake
[6.311s] -- Installing: /home/kazusa/kazusa/install/custom_msgs/share/custom_msgs/cmake/export_custom_msgs__rosidl_generator_cExport-noconfig.cmake
[6.311s] -- Installing: /home/kazusa/kazusa/install/custom_msgs/share/custom_msgs/cmake/export_custom_msgs__rosidl_typesupport_fastrtps_cExport.cmake
[6.311s] -- Installing: /home/kazusa/kazusa/install/custom_msgs/share/custom_msgs/cmake/export_custom_msgs__rosidl_typesupport_fastrtps_cExport-noconfig.cmake
[6.312s] -- Installing: /home/kazusa/kazusa/install/custom_msgs/share/custom_msgs/cmake/custom_msgs__rosidl_typesupport_introspection_cExport.cmake
[6.312s] -- Installing: /home/kazusa/kazusa/install/custom_msgs/share/custom_msgs/cmake/custom_msgs__rosidl_typesupport_introspection_cExport-noconfig.cmake
[6.312s] -- Installing: /home/kazusa/kazusa/install/custom_msgs/share/custom_msgs/cmake/custom_msgs__rosidl_typesupport_cExport.cmake
[6.312s] -- Installing: /home/kazusa/kazusa/install/custom_msgs/share/custom_msgs/cmake/custom_msgs__rosidl_typesupport_cExport-noconfig.cmake
[6.312s] -- Installing: /home/kazusa/kazusa/install/custom_msgs/share/custom_msgs/cmake/export_custom_msgs__rosidl_generator_cppExport.cmake
[6.312s] -- Installing: /home/kazusa/kazusa/install/custom_msgs/share/custom_msgs/cmake/export_custom_msgs__rosidl_typesupport_fastrtps_cppExport.cmake
[6.312s] -- Installing: /home/kazusa/kazusa/install/custom_msgs/share/custom_msgs/cmake/export_custom_msgs__rosidl_typesupport_fastrtps_cppExport-noconfig.cmake
[6.313s] -- Installing: /home/kazusa/kazusa/install/custom_msgs/share/custom_msgs/cmake/custom_msgs__rosidl_typesupport_introspection_cppExport.cmake
[6.313s] -- Installing: /home/kazusa/kazusa/install/custom_msgs/share/custom_msgs/cmake/custom_msgs__rosidl_typesupport_introspection_cppExport-noconfig.cmake
[6.313s] -- Installing: /home/kazusa/kazusa/install/custom_msgs/share/custom_msgs/cmake/custom_msgs__rosidl_typesupport_cppExport.cmake
[6.313s] -- Installing: /home/kazusa/kazusa/install/custom_msgs/share/custom_msgs/cmake/custom_msgs__rosidl_typesupport_cppExport-noconfig.cmake
[6.313s] -- Installing: /home/kazusa/kazusa/install/custom_msgs/share/custom_msgs/cmake/export_custom_msgs__rosidl_generator_pyExport.cmake
[6.313s] -- Installing: /home/kazusa/kazusa/install/custom_msgs/share/custom_msgs/cmake/export_custom_msgs__rosidl_generator_pyExport-noconfig.cmake
[6.317s] Invoked command in '/home/kazusa/kazusa/build/custom_msgs' returned '0': CMAKE_PREFIX_PATH=${CMAKE_PREFIX_PATH}:/opt/ros/humble /usr/bin/cmake --install /home/kazusa/kazusa/build/custom_msgs
