-- The C compiler identification is GNU 13.3.0
-- The CXX compiler identification is GNU 13.3.0
-- Detecting C compiler ABI info
-- Detecting C compiler ABI info - done
-- Check for working C compiler: /usr/bin/cc - skipped
-- Detecting C compile features
-- Detecting C compile features - done
-- Detecting CXX compiler ABI info
-- Detecting CXX compiler ABI info - done
-- Check for working CXX compiler: /usr/bin/c++ - skipped
-- Detecting CXX compile features
-- Detecting CXX compile features - done
-- Found ament_cmake: 2.5.6 (/opt/ros/jazzy/share/ament_cmake/cmake)
-- Found Python3: /usr/bin/python3 (found version "3.12.3") found components: Interpreter 
-- Found rosidl_default_generators: 1.6.1 (/opt/ros/jazzy/share/rosidl_default_generators/cmake)
-- Using all available rosidl_typesupport_c: rosidl_typesupport_fastrtps_c;rosidl_typesupport_introspection_c
-- Using all available rosidl_typesupport_cpp: rosidl_typesupport_fastrtps_cpp;rosidl_typesupport_introspection_cpp
-- Found rosidl_adapter: 4.6.9 (/opt/ros/jazzy/share/rosidl_adapter/cmake)
-- Found std_msgs: 5.3.8 (/opt/ros/jazzy/share/std_msgs/cmake)
-- Found ament_lint_auto: 0.17.5 (/opt/ros/jazzy/share/ament_lint_auto/cmake)
-- Found ament_cmake_ros: 0.12.1 (/opt/ros/jazzy/share/ament_cmake_ros/cmake)
-- Using all available rosidl_typesupport_c: rosidl_typesupport_fastrtps_c;rosidl_typesupport_introspection_c
-- Using all available rosidl_typesupport_cpp: rosidl_typesupport_fastrtps_cpp;rosidl_typesupport_introspection_cpp
-- Found python_cmake_module: 0.11.1 (/opt/ros/jazzy/share/python_cmake_module/cmake)
-- Found PythonExtra: /usr/bin/python3  
-- Found Python3: /usr/bin/python3 (found version "3.12.3") found components: Interpreter Development NumPy Development.Module Development.Embed 
-- Found Python3: /usr/bin/python3 (found version "3.12.3") found components: Interpreter 
-- Added test 'lint_cmake' to check CMake code style
-- Added test 'xmllint' to check XML markup files
-- Configuring done (3.6s)
-- Generating done (0.0s)
-- Build files have been written to: /home/kazusa/kazusa/build/controller
[  2%] [34m[1mGenerating type hashes for ROS interfaces[0m
[  5%] [34m[1mGenerating Rust code for ROS interfaces[0m
[  5%] Built target ament_cmake_python_copy_controller
running egg_info
creating controller.egg-info
writing controller.egg-info/PKG-INFO
writing dependency_links to controller.egg-info/dependency_links.txt
writing top-level names to controller.egg-info/top_level.txt
writing manifest file 'controller.egg-info/SOURCES.txt'
[  5%] Built target controller__rosidl_generator_type_description
[  8%] [34m[1mGenerating C code for ROS interfaces[0m
[ 11%] [34m[1mGenerating C++ code for ROS interfaces[0m
reading manifest file 'controller.egg-info/SOURCES.txt'
writing manifest file 'controller.egg-info/SOURCES.txt'
[ 11%] Built target ament_cmake_python_build_controller_egg
[ 11%] Built target controller__rs
[ 14%] [32mBuilding C object CMakeFiles/controller__rosidl_generator_c.dir/rosidl_generator_c/controller/msg/detail/controller__description.c.o[0m
[ 17%] [32mBuilding C object CMakeFiles/controller__rosidl_generator_c.dir/rosidl_generator_c/controller/msg/detail/controller__functions.c.o[0m
[ 20%] [32mBuilding C object CMakeFiles/controller__rosidl_generator_c.dir/rosidl_generator_c/controller/msg/detail/controller__type_support.c.o[0m
[ 20%] Built target controller__cpp
[ 22%] [32m[1mLinking C shared library libcontroller__rosidl_generator_c.so[0m
[ 22%] Built target controller__rosidl_generator_c
[ 31%] [34m[1mGenerating C++ type support for eProsima Fast-RTPS[0m
[ 31%] [34m[1mGenerating C type support dispatch for ROS interfaces[0m
[ 34%] [34m[1mGenerating C++ type support dispatch for ROS interfaces[0m
[ 34%] [34m[1mGenerating C type support for eProsima Fast-RTPS[0m
[ 37%] [34m[1mGenerating C++ introspection for ROS interfaces[0m
[ 40%] [34m[1mGenerating C introspection for ROS interfaces[0m
[ 42%] [32mBuilding CXX object CMakeFiles/controller__rosidl_typesupport_c.dir/rosidl_typesupport_c/controller/msg/controller__type_support.cpp.o[0m
[ 45%] [32mBuilding CXX object CMakeFiles/controller__rosidl_typesupport_introspection_cpp.dir/rosidl_typesupport_introspection_cpp/controller/msg/detail/controller__type_support.cpp.o[0m
[ 48%] [32mBuilding CXX object CMakeFiles/controller__rosidl_typesupport_cpp.dir/rosidl_typesupport_cpp/controller/msg/controller__type_support.cpp.o[0m
[ 51%] [32m[1mLinking CXX shared library libcontroller__rosidl_typesupport_c.so[0m
[ 54%] [32mBuilding C object CMakeFiles/controller__rosidl_typesupport_introspection_c.dir/rosidl_typesupport_introspection_c/controller/msg/detail/controller__type_support.c.o[0m
[ 54%] Built target controller__rosidl_typesupport_c
[ 57%] [32mBuilding CXX object CMakeFiles/controller__rosidl_typesupport_fastrtps_c.dir/rosidl_typesupport_fastrtps_c/controller/msg/detail/controller__type_support_c.cpp.o[0m
[ 60%] [32mBuilding CXX object CMakeFiles/controller__rosidl_typesupport_fastrtps_cpp.dir/rosidl_typesupport_fastrtps_cpp/controller/msg/detail/dds_fastrtps/controller__type_support.cpp.o[0m
[ 62%] [32m[1mLinking C shared library libcontroller__rosidl_typesupport_introspection_c.so[0m
[ 62%] Built target controller__rosidl_typesupport_introspection_c
[ 65%] [32m[1mLinking CXX shared library libcontroller__rosidl_typesupport_introspection_cpp.so[0m
[ 68%] [32m[1mLinking CXX shared library libcontroller__rosidl_typesupport_cpp.so[0m
[ 68%] Built target controller__rosidl_typesupport_cpp
[ 68%] Built target controller__rosidl_typesupport_introspection_cpp
[ 71%] [32m[1mLinking CXX shared library libcontroller__rosidl_typesupport_fastrtps_cpp.so[0m
[ 74%] [32m[1mLinking CXX shared library libcontroller__rosidl_typesupport_fastrtps_c.so[0m
[ 74%] Built target controller__rosidl_typesupport_fastrtps_cpp
[ 74%] Built target controller__rosidl_typesupport_fastrtps_c
[ 74%] Built target controller
[ 77%] [34m[1mGenerating Python code for ROS interfaces[0m
[ 77%] Built target controller__py
[ 80%] [32mBuilding C object CMakeFiles/controller__rosidl_generator_py.dir/rosidl_generator_py/controller/msg/_controller_s.c.o[0m
[ 82%] [32m[1mLinking C shared library libcontroller__rosidl_generator_py.so[0m
[ 82%] Built target controller__rosidl_generator_py
[ 85%] [32mBuilding C object CMakeFiles/controller_s__rosidl_typesupport_fastrtps_c.dir/rosidl_generator_py/controller/_controller_s.ep.rosidl_typesupport_fastrtps_c.c.o[0m
[ 88%] [32mBuilding C object CMakeFiles/controller_s__rosidl_typesupport_introspection_c.dir/rosidl_generator_py/controller/_controller_s.ep.rosidl_typesupport_introspection_c.c.o[0m
[ 91%] [32mBuilding C object CMakeFiles/controller_s__rosidl_typesupport_c.dir/rosidl_generator_py/controller/_controller_s.ep.rosidl_typesupport_c.c.o[0m
[ 94%] [32m[1mLinking C shared module rosidl_generator_py/controller/controller_s__rosidl_typesupport_introspection_c.so[0m
[ 97%] [32m[1mLinking C shared module rosidl_generator_py/controller/controller_s__rosidl_typesupport_c.so[0m
[100%] [32m[1mLinking C shared module rosidl_generator_py/controller/controller_s__rosidl_typesupport_fastrtps_c.so[0m
[100%] Built target controller_s__rosidl_typesupport_introspection_c
[100%] Built target controller_s__rosidl_typesupport_c
[100%] Built target controller_s__rosidl_typesupport_fastrtps_c
-- Install configuration: ""
-- Installing: /home/kazusa/kazusa/install/controller/share/ament_index/resource_index/rosidl_interfaces/controller
-- Installing: /home/kazusa/kazusa/install/controller/share/controller/msg/Controller.json
-- Installing: /home/kazusa/kazusa/install/controller/include/controller/controller
-- Installing: /home/kazusa/kazusa/install/controller/include/controller/controller/msg
-- Installing: /home/kazusa/kazusa/install/controller/include/controller/controller/msg/rosidl_generator_c__visibility_control.h
-- Installing: /home/kazusa/kazusa/install/controller/include/controller/controller/msg/controller.h
-- Installing: /home/kazusa/kazusa/install/controller/include/controller/controller/msg/detail
-- Installing: /home/kazusa/kazusa/install/controller/include/controller/controller/msg/detail/controller__type_support.c
-- Installing: /home/kazusa/kazusa/install/controller/include/controller/controller/msg/detail/controller__functions.h
-- Installing: /home/kazusa/kazusa/install/controller/include/controller/controller/msg/detail/controller__functions.c
-- Installing: /home/kazusa/kazusa/install/controller/include/controller/controller/msg/detail/controller__type_support.h
-- Installing: /home/kazusa/kazusa/install/controller/include/controller/controller/msg/detail/controller__description.c
-- Installing: /home/kazusa/kazusa/install/controller/include/controller/controller/msg/detail/controller__struct.h
-- Installing: /home/kazusa/kazusa/install/controller/share/controller/environment/library_path.sh
-- Installing: /home/kazusa/kazusa/install/controller/share/controller/environment/library_path.dsv
-- Installing: /home/kazusa/kazusa/install/controller/lib/libcontroller__rosidl_generator_c.so
-- Set non-toolchain portion of runtime path of "/home/kazusa/kazusa/install/controller/lib/libcontroller__rosidl_generator_c.so" to ""
-- Up-to-date: /home/kazusa/kazusa/install/controller/include/controller/controller
-- Up-to-date: /home/kazusa/kazusa/install/controller/include/controller/controller/msg
-- Up-to-date: /home/kazusa/kazusa/install/controller/include/controller/controller/msg/detail
-- Installing: /home/kazusa/kazusa/install/controller/include/controller/controller/msg/detail/controller__rosidl_typesupport_fastrtps_c.h
-- Installing: /home/kazusa/kazusa/install/controller/include/controller/controller/msg/rosidl_typesupport_fastrtps_c__visibility_control.h
-- Installing: /home/kazusa/kazusa/install/controller/lib/libcontroller__rosidl_typesupport_fastrtps_c.so
-- Set non-toolchain portion of runtime path of "/home/kazusa/kazusa/install/controller/lib/libcontroller__rosidl_typesupport_fastrtps_c.so" to ""
-- Up-to-date: /home/kazusa/kazusa/install/controller/include/controller/controller
-- Up-to-date: /home/kazusa/kazusa/install/controller/include/controller/controller/msg
-- Installing: /home/kazusa/kazusa/install/controller/include/controller/controller/msg/rosidl_typesupport_introspection_c__visibility_control.h
-- Up-to-date: /home/kazusa/kazusa/install/controller/include/controller/controller/msg/detail
-- Installing: /home/kazusa/kazusa/install/controller/include/controller/controller/msg/detail/controller__type_support.c
-- Installing: /home/kazusa/kazusa/install/controller/include/controller/controller/msg/detail/controller__rosidl_typesupport_introspection_c.h
-- Installing: /home/kazusa/kazusa/install/controller/lib/libcontroller__rosidl_typesupport_introspection_c.so
-- Set non-toolchain portion of runtime path of "/home/kazusa/kazusa/install/controller/lib/libcontroller__rosidl_typesupport_introspection_c.so" to ""
-- Installing: /home/kazusa/kazusa/install/controller/lib/libcontroller__rosidl_typesupport_c.so
-- Set non-toolchain portion of runtime path of "/home/kazusa/kazusa/install/controller/lib/libcontroller__rosidl_typesupport_c.so" to ""
-- Up-to-date: /home/kazusa/kazusa/install/controller/include/controller/controller
-- Up-to-date: /home/kazusa/kazusa/install/controller/include/controller/controller/msg
-- Up-to-date: /home/kazusa/kazusa/install/controller/include/controller/controller/msg/detail
-- Installing: /home/kazusa/kazusa/install/controller/include/controller/controller/msg/detail/controller__struct.hpp
-- Installing: /home/kazusa/kazusa/install/controller/include/controller/controller/msg/detail/controller__traits.hpp
-- Installing: /home/kazusa/kazusa/install/controller/include/controller/controller/msg/detail/controller__type_support.hpp
-- Installing: /home/kazusa/kazusa/install/controller/include/controller/controller/msg/detail/controller__builder.hpp
-- Installing: /home/kazusa/kazusa/install/controller/include/controller/controller/msg/controller.hpp
-- Installing: /home/kazusa/kazusa/install/controller/include/controller/controller/msg/rosidl_generator_cpp__visibility_control.hpp
-- Up-to-date: /home/kazusa/kazusa/install/controller/include/controller/controller
-- Up-to-date: /home/kazusa/kazusa/install/controller/include/controller/controller/msg
-- Up-to-date: /home/kazusa/kazusa/install/controller/include/controller/controller/msg/detail
-- Installing: /home/kazusa/kazusa/install/controller/include/controller/controller/msg/detail/dds_fastrtps
-- Installing: /home/kazusa/kazusa/install/controller/include/controller/controller/msg/detail/controller__rosidl_typesupport_fastrtps_cpp.hpp
-- Installing: /home/kazusa/kazusa/install/controller/include/controller/controller/msg/rosidl_typesupport_fastrtps_cpp__visibility_control.h
-- Installing: /home/kazusa/kazusa/install/controller/lib/libcontroller__rosidl_typesupport_fastrtps_cpp.so
-- Set non-toolchain portion of runtime path of "/home/kazusa/kazusa/install/controller/lib/libcontroller__rosidl_typesupport_fastrtps_cpp.so" to ""
-- Up-to-date: /home/kazusa/kazusa/install/controller/include/controller/controller
-- Up-to-date: /home/kazusa/kazusa/install/controller/include/controller/controller/msg
-- Up-to-date: /home/kazusa/kazusa/install/controller/include/controller/controller/msg/detail
-- Installing: /home/kazusa/kazusa/install/controller/include/controller/controller/msg/detail/controller__type_support.cpp
-- Installing: /home/kazusa/kazusa/install/controller/include/controller/controller/msg/detail/controller__rosidl_typesupport_introspection_cpp.hpp
-- Installing: /home/kazusa/kazusa/install/controller/lib/libcontroller__rosidl_typesupport_introspection_cpp.so
-- Set non-toolchain portion of runtime path of "/home/kazusa/kazusa/install/controller/lib/libcontroller__rosidl_typesupport_introspection_cpp.so" to ""
-- Installing: /home/kazusa/kazusa/install/controller/lib/libcontroller__rosidl_typesupport_cpp.so
-- Set non-toolchain portion of runtime path of "/home/kazusa/kazusa/install/controller/lib/libcontroller__rosidl_typesupport_cpp.so" to ""
-- Installing: /home/kazusa/kazusa/install/controller/share/controller/environment/pythonpath.sh
-- Installing: /home/kazusa/kazusa/install/controller/share/controller/environment/pythonpath.dsv
-- Installing: /home/kazusa/kazusa/install/controller/lib/python3.12/site-packages/controller-0.0.0-py3.12.egg-info
-- Installing: /home/kazusa/kazusa/install/controller/lib/python3.12/site-packages/controller-0.0.0-py3.12.egg-info/top_level.txt
-- Installing: /home/kazusa/kazusa/install/controller/lib/python3.12/site-packages/controller-0.0.0-py3.12.egg-info/SOURCES.txt
-- Installing: /home/kazusa/kazusa/install/controller/lib/python3.12/site-packages/controller-0.0.0-py3.12.egg-info/PKG-INFO
-- Installing: /home/kazusa/kazusa/install/controller/lib/python3.12/site-packages/controller-0.0.0-py3.12.egg-info/dependency_links.txt
-- Installing: /home/kazusa/kazusa/install/controller/lib/python3.12/site-packages/controller
-- Installing: /home/kazusa/kazusa/install/controller/lib/python3.12/site-packages/controller/_controller_s.ep.rosidl_typesupport_c.c
-- Installing: /home/kazusa/kazusa/install/controller/lib/python3.12/site-packages/controller/__init__.py
-- Installing: /home/kazusa/kazusa/install/controller/lib/python3.12/site-packages/controller/_controller_s.ep.rosidl_typesupport_fastrtps_c.c
-- Installing: /home/kazusa/kazusa/install/controller/lib/python3.12/site-packages/controller/msg
-- Installing: /home/kazusa/kazusa/install/controller/lib/python3.12/site-packages/controller/msg/__init__.py
-- Installing: /home/kazusa/kazusa/install/controller/lib/python3.12/site-packages/controller/msg/_controller_s.c
-- Installing: /home/kazusa/kazusa/install/controller/lib/python3.12/site-packages/controller/msg/_controller.py
-- Installing: /home/kazusa/kazusa/install/controller/lib/python3.12/site-packages/controller/_controller_s.ep.rosidl_typesupport_introspection_c.c
-- Installing: /home/kazusa/kazusa/install/controller/lib/python3.12/site-packages/controller/controller_s__rosidl_typesupport_fastrtps_c.so
-- Installing: /home/kazusa/kazusa/install/controller/lib/python3.12/site-packages/controller/controller_s__rosidl_typesupport_introspection_c.so
-- Installing: /home/kazusa/kazusa/install/controller/lib/python3.12/site-packages/controller/controller_s__rosidl_typesupport_c.so
Listing '/home/kazusa/kazusa/install/controller/lib/python3.12/site-packages/controller'...
Compiling '/home/kazusa/kazusa/install/controller/lib/python3.12/site-packages/controller/__init__.py'...
Listing '/home/kazusa/kazusa/install/controller/lib/python3.12/site-packages/controller/msg'...
Compiling '/home/kazusa/kazusa/install/controller/lib/python3.12/site-packages/controller/msg/__init__.py'...
Compiling '/home/kazusa/kazusa/install/controller/lib/python3.12/site-packages/controller/msg/_controller.py'...
-- Installing: /home/kazusa/kazusa/install/controller/lib/python3.12/site-packages/controller/controller_s__rosidl_typesupport_fastrtps_c.so
-- Set non-toolchain portion of runtime path of "/home/kazusa/kazusa/install/controller/lib/python3.12/site-packages/controller/controller_s__rosidl_typesupport_fastrtps_c.so" to ""
-- Installing: /home/kazusa/kazusa/install/controller/lib/python3.12/site-packages/controller/controller_s__rosidl_typesupport_introspection_c.so
-- Set non-toolchain portion of runtime path of "/home/kazusa/kazusa/install/controller/lib/python3.12/site-packages/controller/controller_s__rosidl_typesupport_introspection_c.so" to ""
-- Installing: /home/kazusa/kazusa/install/controller/lib/python3.12/site-packages/controller/controller_s__rosidl_typesupport_c.so
-- Set non-toolchain portion of runtime path of "/home/kazusa/kazusa/install/controller/lib/python3.12/site-packages/controller/controller_s__rosidl_typesupport_c.so" to ""
-- Installing: /home/kazusa/kazusa/install/controller/lib/libcontroller__rosidl_generator_py.so
-- Set non-toolchain portion of runtime path of "/home/kazusa/kazusa/install/controller/lib/libcontroller__rosidl_generator_py.so" to ""
-- Installing: /home/kazusa/kazusa/install/controller/share/ament_index/resource_index/rust_packages/controller
-- Installing: /home/kazusa/kazusa/install/controller/share/controller/rust
-- Installing: /home/kazusa/kazusa/install/controller/share/controller/rust/Cargo.toml
-- Installing: /home/kazusa/kazusa/install/controller/share/controller/rust/src
-- Installing: /home/kazusa/kazusa/install/controller/share/controller/rust/src/msg
-- Installing: /home/kazusa/kazusa/install/controller/share/controller/rust/src/msg/rmw.rs
-- Installing: /home/kazusa/kazusa/install/controller/share/controller/rust/src/msg.rs
-- Installing: /home/kazusa/kazusa/install/controller/share/controller/rust/src/lib.rs
-- Installing: /home/kazusa/kazusa/install/controller/share/controller/rust/build.rs
-- Installing: /home/kazusa/kazusa/install/controller/share/controller/msg/Controller.idl
-- Installing: /home/kazusa/kazusa/install/controller/share/controller/msg/Controller.msg
-- Installing: /home/kazusa/kazusa/install/controller/share/ament_index/resource_index/package_run_dependencies/controller
-- Installing: /home/kazusa/kazusa/install/controller/share/ament_index/resource_index/parent_prefix_path/controller
-- Installing: /home/kazusa/kazusa/install/controller/share/controller/environment/ament_prefix_path.sh
-- Installing: /home/kazusa/kazusa/install/controller/share/controller/environment/ament_prefix_path.dsv
-- Installing: /home/kazusa/kazusa/install/controller/share/controller/environment/path.sh
-- Installing: /home/kazusa/kazusa/install/controller/share/controller/environment/path.dsv
-- Installing: /home/kazusa/kazusa/install/controller/share/controller/local_setup.bash
-- Installing: /home/kazusa/kazusa/install/controller/share/controller/local_setup.sh
-- Installing: /home/kazusa/kazusa/install/controller/share/controller/local_setup.zsh
-- Installing: /home/kazusa/kazusa/install/controller/share/controller/local_setup.dsv
-- Installing: /home/kazusa/kazusa/install/controller/share/controller/package.dsv
-- Installing: /home/kazusa/kazusa/install/controller/share/ament_index/resource_index/packages/controller
-- Installing: /home/kazusa/kazusa/install/controller/share/controller/cmake/export_controller__rosidl_generator_cExport.cmake
-- Installing: /home/kazusa/kazusa/install/controller/share/controller/cmake/export_controller__rosidl_generator_cExport-noconfig.cmake
-- Installing: /home/kazusa/kazusa/install/controller/share/controller/cmake/export_controller__rosidl_typesupport_fastrtps_cExport.cmake
-- Installing: /home/kazusa/kazusa/install/controller/share/controller/cmake/export_controller__rosidl_typesupport_fastrtps_cExport-noconfig.cmake
-- Installing: /home/kazusa/kazusa/install/controller/share/controller/cmake/controller__rosidl_typesupport_introspection_cExport.cmake
-- Installing: /home/kazusa/kazusa/install/controller/share/controller/cmake/controller__rosidl_typesupport_introspection_cExport-noconfig.cmake
-- Installing: /home/kazusa/kazusa/install/controller/share/controller/cmake/controller__rosidl_typesupport_cExport.cmake
-- Installing: /home/kazusa/kazusa/install/controller/share/controller/cmake/controller__rosidl_typesupport_cExport-noconfig.cmake
-- Installing: /home/kazusa/kazusa/install/controller/share/controller/cmake/export_controller__rosidl_generator_cppExport.cmake
-- Installing: /home/kazusa/kazusa/install/controller/share/controller/cmake/export_controller__rosidl_typesupport_fastrtps_cppExport.cmake
-- Installing: /home/kazusa/kazusa/install/controller/share/controller/cmake/export_controller__rosidl_typesupport_fastrtps_cppExport-noconfig.cmake
-- Installing: /home/kazusa/kazusa/install/controller/share/controller/cmake/controller__rosidl_typesupport_introspection_cppExport.cmake
-- Installing: /home/kazusa/kazusa/install/controller/share/controller/cmake/controller__rosidl_typesupport_introspection_cppExport-noconfig.cmake
-- Installing: /home/kazusa/kazusa/install/controller/share/controller/cmake/controller__rosidl_typesupport_cppExport.cmake
-- Installing: /home/kazusa/kazusa/install/controller/share/controller/cmake/controller__rosidl_typesupport_cppExport-noconfig.cmake
-- Installing: /home/kazusa/kazusa/install/controller/share/controller/cmake/export_controller__rosidl_generator_pyExport.cmake
-- Installing: /home/kazusa/kazusa/install/controller/share/controller/cmake/export_controller__rosidl_generator_pyExport-noconfig.cmake
-- Installing: /home/kazusa/kazusa/install/controller/share/controller/cmake/rosidl_cmake-extras.cmake
-- Installing: /home/kazusa/kazusa/install/controller/share/controller/cmake/ament_cmake_export_dependencies-extras.cmake
-- Installing: /home/kazusa/kazusa/install/controller/share/controller/cmake/ament_cmake_export_include_directories-extras.cmake
-- Installing: /home/kazusa/kazusa/install/controller/share/controller/cmake/ament_cmake_export_libraries-extras.cmake
-- Installing: /home/kazusa/kazusa/install/controller/share/controller/cmake/ament_cmake_export_targets-extras.cmake
-- Installing: /home/kazusa/kazusa/install/controller/share/controller/cmake/rosidl_cmake_export_typesupport_targets-extras.cmake
-- Installing: /home/kazusa/kazusa/install/controller/share/controller/cmake/rosidl_cmake_export_typesupport_libraries-extras.cmake
-- Installing: /home/kazusa/kazusa/install/controller/share/controller/cmake/rosidl_cmake_aggregate_target-extras.cmake
-- Installing: /home/kazusa/kazusa/install/controller/share/controller/cmake/controllerConfig.cmake
-- Installing: /home/kazusa/kazusa/install/controller/share/controller/cmake/controllerConfig-version.cmake
-- Installing: /home/kazusa/kazusa/install/controller/share/controller/package.xml
