[0.044s] Invoking command in '/home/kazusa/kazusa/build/controller': CMAKE_PREFIX_PATH=${CMAKE_PREFIX_PATH}:/opt/ros/jazzy DEBUGINFOD_URLS=https://debuginfod.ubuntu.com /usr/bin/cmake /home/kazusa/kazusa/ver0/controller -DCMAKE_INSTALL_PREFIX=/home/kazusa/kazusa/install/controller
[0.231s] -- The C compiler identification is GNU 13.3.0
[0.366s] -- The CXX compiler identification is GNU 13.3.0
[0.394s] -- Detecting C compiler ABI info
[0.553s] -- Detecting C compiler ABI info - done
[0.566s] -- Check for working C compiler: /usr/bin/cc - skipped
[0.567s] -- Detecting C compile features
[0.568s] -- Detecting C compile features - done
[0.583s] -- Detecting CXX compiler ABI info
[0.751s] -- Detecting CXX compiler ABI info - done
[0.764s] -- Check for working CXX compiler: /usr/bin/c++ - skipped
[0.765s] -- Detecting CXX compile features
[0.765s] -- Detecting CXX compile features - done
[0.781s] -- Found ament_cmake: 2.5.6 (/opt/ros/jazzy/share/ament_cmake/cmake)
[1.025s] -- Found Python3: /usr/bin/python3 (found version "3.12.3") found components: Interpreter 
[1.265s] -- Found rosidl_default_generators: 1.6.1 (/opt/ros/jazzy/share/rosidl_default_generators/cmake)
[1.285s] -- Using all available rosidl_typesupport_c: rosidl_typesupport_fastrtps_c;rosidl_typesupport_introspection_c
[1.418s] -- Using all available rosidl_typesupport_cpp: rosidl_typesupport_fastrtps_cpp;rosidl_typesupport_introspection_cpp
[1.531s] -- Found rosidl_adapter: 4.6.9 (/opt/ros/jazzy/share/rosidl_adapter/cmake)
[1.542s] -- Found std_msgs: 5.3.8 (/opt/ros/jazzy/share/std_msgs/cmake)
[1.612s] -- Found ament_lint_auto: 0.17.5 (/opt/ros/jazzy/share/ament_lint_auto/cmake)
[2.229s] -- Found ament_cmake_ros: 0.12.1 (/opt/ros/jazzy/share/ament_cmake_ros/cmake)
[2.655s] -- Using all available rosidl_typesupport_c: rosidl_typesupport_fastrtps_c;rosidl_typesupport_introspection_c
[3.157s] -- Using all available rosidl_typesupport_cpp: rosidl_typesupport_fastrtps_cpp;rosidl_typesupport_introspection_cpp
[3.162s] -- Found python_cmake_module: 0.11.1 (/opt/ros/jazzy/share/python_cmake_module/cmake)
[3.276s] -- Found PythonExtra: /usr/bin/python3  
[3.648s] -- Found Python3: /usr/bin/python3 (found version "3.12.3") found components: Interpreter Development NumPy Development.Module Development.Embed 
[3.711s] -- Found Python3: /usr/bin/python3 (found version "3.12.3") found components: Interpreter 
[3.714s] -- Added test 'lint_cmake' to check CMake code style
[3.715s] -- Added test 'xmllint' to check XML markup files
[3.723s] -- Configuring done (3.6s)
[3.751s] -- Generating done (0.0s)
[3.758s] -- Build files have been written to: /home/kazusa/kazusa/build/controller
[3.767s] Invoked command in '/home/kazusa/kazusa/build/controller' returned '0': CMAKE_PREFIX_PATH=${CMAKE_PREFIX_PATH}:/opt/ros/jazzy DEBUGINFOD_URLS=https://debuginfod.ubuntu.com /usr/bin/cmake /home/kazusa/kazusa/ver0/controller -DCMAKE_INSTALL_PREFIX=/home/kazusa/kazusa/install/controller
[3.768s] Invoking command in '/home/kazusa/kazusa/build/controller': CMAKE_PREFIX_PATH=${CMAKE_PREFIX_PATH}:/opt/ros/jazzy DEBUGINFOD_URLS=https://debuginfod.ubuntu.com /usr/bin/cmake --build /home/kazusa/kazusa/build/controller -- -j12 -l12
[3.818s] [  2%] [34m[1mGenerating type hashes for ROS interfaces[0m
[3.819s] [  5%] [34m[1mGenerating Rust code for ROS interfaces[0m
[3.822s] [  5%] Built target ament_cmake_python_copy_controller
[3.976s] running egg_info
[3.976s] creating controller.egg-info
[3.988s] writing controller.egg-info/PKG-INFO
[3.988s] writing dependency_links to controller.egg-info/dependency_links.txt
[3.988s] writing top-level names to controller.egg-info/top_level.txt
[3.988s] writing manifest file 'controller.egg-info/SOURCES.txt'
[3.995s] [  5%] Built target controller__rosidl_generator_type_description
[4.006s] [  8%] [34m[1mGenerating C code for ROS interfaces[0m
[4.020s] [ 11%] [34m[1mGenerating C++ code for ROS interfaces[0m
[4.028s] reading manifest file 'controller.egg-info/SOURCES.txt'
[4.029s] writing manifest file 'controller.egg-info/SOURCES.txt'
[4.066s] [ 11%] Built target ament_cmake_python_build_controller_egg
[4.088s] [ 11%] Built target controller__rs
[4.263s] [ 14%] [32mBuilding C object CMakeFiles/controller__rosidl_generator_c.dir/rosidl_generator_c/controller/msg/detail/controller__description.c.o[0m
[4.264s] [ 17%] [32mBuilding C object CMakeFiles/controller__rosidl_generator_c.dir/rosidl_generator_c/controller/msg/detail/controller__functions.c.o[0m
[4.264s] [ 20%] [32mBuilding C object CMakeFiles/controller__rosidl_generator_c.dir/rosidl_generator_c/controller/msg/detail/controller__type_support.c.o[0m
[4.298s] [ 20%] Built target controller__cpp
[4.326s] [ 22%] [32m[1mLinking C shared library libcontroller__rosidl_generator_c.so[0m
[4.372s] [ 22%] Built target controller__rosidl_generator_c
[4.385s] [ 31%] [34m[1mGenerating C++ type support for eProsima Fast-RTPS[0m
[4.385s] [ 31%] [34m[1mGenerating C type support dispatch for ROS interfaces[0m
[4.386s] [ 34%] [34m[1mGenerating C++ type support dispatch for ROS interfaces[0m
[4.386s] [ 34%] [34m[1mGenerating C type support for eProsima Fast-RTPS[0m
[4.386s] [ 37%] [34m[1mGenerating C++ introspection for ROS interfaces[0m
[4.386s] [ 40%] [34m[1mGenerating C introspection for ROS interfaces[0m
[4.652s] [ 42%] [32mBuilding CXX object CMakeFiles/controller__rosidl_typesupport_c.dir/rosidl_typesupport_c/controller/msg/controller__type_support.cpp.o[0m
[4.669s] [ 45%] [32mBuilding CXX object CMakeFiles/controller__rosidl_typesupport_introspection_cpp.dir/rosidl_typesupport_introspection_cpp/controller/msg/detail/controller__type_support.cpp.o[0m
[4.676s] [ 48%] [32mBuilding CXX object CMakeFiles/controller__rosidl_typesupport_cpp.dir/rosidl_typesupport_cpp/controller/msg/controller__type_support.cpp.o[0m
[4.702s] [ 51%] [32m[1mLinking CXX shared library libcontroller__rosidl_typesupport_c.so[0m
[4.742s] [ 54%] [32mBuilding C object CMakeFiles/controller__rosidl_typesupport_introspection_c.dir/rosidl_typesupport_introspection_c/controller/msg/detail/controller__type_support.c.o[0m
[4.762s] [ 54%] Built target controller__rosidl_typesupport_c
[4.766s] [ 57%] [32mBuilding CXX object CMakeFiles/controller__rosidl_typesupport_fastrtps_c.dir/rosidl_typesupport_fastrtps_c/controller/msg/detail/controller__type_support_c.cpp.o[0m
[4.775s] [ 60%] [32mBuilding CXX object CMakeFiles/controller__rosidl_typesupport_fastrtps_cpp.dir/rosidl_typesupport_fastrtps_cpp/controller/msg/detail/dds_fastrtps/controller__type_support.cpp.o[0m
[4.779s] [ 62%] [32m[1mLinking C shared library libcontroller__rosidl_typesupport_introspection_c.so[0m
[4.807s] [ 62%] Built target controller__rosidl_typesupport_introspection_c
[5.066s] [ 65%] [32m[1mLinking CXX shared library libcontroller__rosidl_typesupport_introspection_cpp.so[0m
[5.073s] [ 68%] [32m[1mLinking CXX shared library libcontroller__rosidl_typesupport_cpp.so[0m
[5.117s] [ 68%] Built target controller__rosidl_typesupport_cpp
[5.133s] [ 68%] Built target controller__rosidl_typesupport_introspection_cpp
[5.229s] [ 71%] [32m[1mLinking CXX shared library libcontroller__rosidl_typesupport_fastrtps_cpp.so[0m
[5.266s] [ 74%] [32m[1mLinking CXX shared library libcontroller__rosidl_typesupport_fastrtps_c.so[0m
[5.320s] [ 74%] Built target controller__rosidl_typesupport_fastrtps_cpp
[5.359s] [ 74%] Built target controller__rosidl_typesupport_fastrtps_c
[5.383s] [ 74%] Built target controller
[5.407s] [ 77%] [34m[1mGenerating Python code for ROS interfaces[0m
[6.041s] [ 77%] Built target controller__py
[6.117s] [ 80%] [32mBuilding C object CMakeFiles/controller__rosidl_generator_py.dir/rosidl_generator_py/controller/msg/_controller_s.c.o[0m
[6.467s] [ 82%] [32m[1mLinking C shared library libcontroller__rosidl_generator_py.so[0m
[6.549s] [ 82%] Built target controller__rosidl_generator_py
[6.583s] [ 85%] [32mBuilding C object CMakeFiles/controller_s__rosidl_typesupport_fastrtps_c.dir/rosidl_generator_py/controller/_controller_s.ep.rosidl_typesupport_fastrtps_c.c.o[0m
[6.591s] [ 88%] [32mBuilding C object CMakeFiles/controller_s__rosidl_typesupport_introspection_c.dir/rosidl_generator_py/controller/_controller_s.ep.rosidl_typesupport_introspection_c.c.o[0m
[6.593s] [ 91%] [32mBuilding C object CMakeFiles/controller_s__rosidl_typesupport_c.dir/rosidl_generator_py/controller/_controller_s.ep.rosidl_typesupport_c.c.o[0m
[6.703s] [ 94%] [32m[1mLinking C shared module rosidl_generator_py/controller/controller_s__rosidl_typesupport_introspection_c.so[0m
[6.709s] [ 97%] [32m[1mLinking C shared module rosidl_generator_py/controller/controller_s__rosidl_typesupport_c.so[0m
[6.709s] [100%] [32m[1mLinking C shared module rosidl_generator_py/controller/controller_s__rosidl_typesupport_fastrtps_c.so[0m
[6.742s] [100%] Built target controller_s__rosidl_typesupport_introspection_c
[6.751s] [100%] Built target controller_s__rosidl_typesupport_c
[6.751s] [100%] Built target controller_s__rosidl_typesupport_fastrtps_c
[6.765s] Invoked command in '/home/kazusa/kazusa/build/controller' returned '0': CMAKE_PREFIX_PATH=${CMAKE_PREFIX_PATH}:/opt/ros/jazzy DEBUGINFOD_URLS=https://debuginfod.ubuntu.com /usr/bin/cmake --build /home/kazusa/kazusa/build/controller -- -j12 -l12
[6.767s] Invoking command in '/home/kazusa/kazusa/build/controller': CMAKE_PREFIX_PATH=${CMAKE_PREFIX_PATH}:/opt/ros/jazzy DEBUGINFOD_URLS=https://debuginfod.ubuntu.com /usr/bin/cmake --install /home/kazusa/kazusa/build/controller
[6.776s] -- Install configuration: ""
[6.776s] -- Installing: /home/kazusa/kazusa/install/controller/share/ament_index/resource_index/rosidl_interfaces/controller
[6.776s] -- Installing: /home/kazusa/kazusa/install/controller/share/controller/msg/Controller.json
[6.776s] -- Installing: /home/kazusa/kazusa/install/controller/include/controller/controller
[6.777s] -- Installing: /home/kazusa/kazusa/install/controller/include/controller/controller/msg
[6.777s] -- Installing: /home/kazusa/kazusa/install/controller/include/controller/controller/msg/rosidl_generator_c__visibility_control.h
[6.777s] -- Installing: /home/kazusa/kazusa/install/controller/include/controller/controller/msg/controller.h
[6.777s] -- Installing: /home/kazusa/kazusa/install/controller/include/controller/controller/msg/detail
[6.777s] -- Installing: /home/kazusa/kazusa/install/controller/include/controller/controller/msg/detail/controller__type_support.c
[6.777s] -- Installing: /home/kazusa/kazusa/install/controller/include/controller/controller/msg/detail/controller__functions.h
[6.777s] -- Installing: /home/kazusa/kazusa/install/controller/include/controller/controller/msg/detail/controller__functions.c
[6.777s] -- Installing: /home/kazusa/kazusa/install/controller/include/controller/controller/msg/detail/controller__type_support.h
[6.777s] -- Installing: /home/kazusa/kazusa/install/controller/include/controller/controller/msg/detail/controller__description.c
[6.777s] -- Installing: /home/kazusa/kazusa/install/controller/include/controller/controller/msg/detail/controller__struct.h
[6.778s] -- Installing: /home/kazusa/kazusa/install/controller/share/controller/environment/library_path.sh
[6.778s] -- Installing: /home/kazusa/kazusa/install/controller/share/controller/environment/library_path.dsv
[6.778s] -- Installing: /home/kazusa/kazusa/install/controller/lib/libcontroller__rosidl_generator_c.so
[6.778s] -- Set non-toolchain portion of runtime path of "/home/kazusa/kazusa/install/controller/lib/libcontroller__rosidl_generator_c.so" to ""
[6.778s] -- Up-to-date: /home/kazusa/kazusa/install/controller/include/controller/controller
[6.779s] -- Up-to-date: /home/kazusa/kazusa/install/controller/include/controller/controller/msg
[6.779s] -- Up-to-date: /home/kazusa/kazusa/install/controller/include/controller/controller/msg/detail
[6.779s] -- Installing: /home/kazusa/kazusa/install/controller/include/controller/controller/msg/detail/controller__rosidl_typesupport_fastrtps_c.h
[6.779s] -- Installing: /home/kazusa/kazusa/install/controller/include/controller/controller/msg/rosidl_typesupport_fastrtps_c__visibility_control.h
[6.779s] -- Installing: /home/kazusa/kazusa/install/controller/lib/libcontroller__rosidl_typesupport_fastrtps_c.so
[6.779s] -- Set non-toolchain portion of runtime path of "/home/kazusa/kazusa/install/controller/lib/libcontroller__rosidl_typesupport_fastrtps_c.so" to ""
[6.779s] -- Up-to-date: /home/kazusa/kazusa/install/controller/include/controller/controller
[6.779s] -- Up-to-date: /home/kazusa/kazusa/install/controller/include/controller/controller/msg
[6.780s] -- Installing: /home/kazusa/kazusa/install/controller/include/controller/controller/msg/rosidl_typesupport_introspection_c__visibility_control.h
[6.780s] -- Up-to-date: /home/kazusa/kazusa/install/controller/include/controller/controller/msg/detail
[6.780s] -- Installing: /home/kazusa/kazusa/install/controller/include/controller/controller/msg/detail/controller__type_support.c
[6.780s] -- Installing: /home/kazusa/kazusa/install/controller/include/controller/controller/msg/detail/controller__rosidl_typesupport_introspection_c.h
[6.780s] -- Installing: /home/kazusa/kazusa/install/controller/lib/libcontroller__rosidl_typesupport_introspection_c.so
[6.780s] -- Set non-toolchain portion of runtime path of "/home/kazusa/kazusa/install/controller/lib/libcontroller__rosidl_typesupport_introspection_c.so" to ""
[6.780s] -- Installing: /home/kazusa/kazusa/install/controller/lib/libcontroller__rosidl_typesupport_c.so
[6.781s] -- Set non-toolchain portion of runtime path of "/home/kazusa/kazusa/install/controller/lib/libcontroller__rosidl_typesupport_c.so" to ""
[6.781s] -- Up-to-date: /home/kazusa/kazusa/install/controller/include/controller/controller
[6.781s] -- Up-to-date: /home/kazusa/kazusa/install/controller/include/controller/controller/msg
[6.781s] -- Up-to-date: /home/kazusa/kazusa/install/controller/include/controller/controller/msg/detail
[6.781s] -- Installing: /home/kazusa/kazusa/install/controller/include/controller/controller/msg/detail/controller__struct.hpp
[6.781s] -- Installing: /home/kazusa/kazusa/install/controller/include/controller/controller/msg/detail/controller__traits.hpp
[6.781s] -- Installing: /home/kazusa/kazusa/install/controller/include/controller/controller/msg/detail/controller__type_support.hpp
[6.781s] -- Installing: /home/kazusa/kazusa/install/controller/include/controller/controller/msg/detail/controller__builder.hpp
[6.781s] -- Installing: /home/kazusa/kazusa/install/controller/include/controller/controller/msg/controller.hpp
[6.782s] -- Installing: /home/kazusa/kazusa/install/controller/include/controller/controller/msg/rosidl_generator_cpp__visibility_control.hpp
[6.782s] -- Up-to-date: /home/kazusa/kazusa/install/controller/include/controller/controller
[6.782s] -- Up-to-date: /home/kazusa/kazusa/install/controller/include/controller/controller/msg
[6.782s] -- Up-to-date: /home/kazusa/kazusa/install/controller/include/controller/controller/msg/detail
[6.782s] -- Installing: /home/kazusa/kazusa/install/controller/include/controller/controller/msg/detail/dds_fastrtps
[6.782s] -- Installing: /home/kazusa/kazusa/install/controller/include/controller/controller/msg/detail/controller__rosidl_typesupport_fastrtps_cpp.hpp
[6.782s] -- Installing: /home/kazusa/kazusa/install/controller/include/controller/controller/msg/rosidl_typesupport_fastrtps_cpp__visibility_control.h
[6.782s] -- Installing: /home/kazusa/kazusa/install/controller/lib/libcontroller__rosidl_typesupport_fastrtps_cpp.so
[6.782s] -- Set non-toolchain portion of runtime path of "/home/kazusa/kazusa/install/controller/lib/libcontroller__rosidl_typesupport_fastrtps_cpp.so" to ""
[6.782s] -- Up-to-date: /home/kazusa/kazusa/install/controller/include/controller/controller
[6.783s] -- Up-to-date: /home/kazusa/kazusa/install/controller/include/controller/controller/msg
[6.783s] -- Up-to-date: /home/kazusa/kazusa/install/controller/include/controller/controller/msg/detail
[6.783s] -- Installing: /home/kazusa/kazusa/install/controller/include/controller/controller/msg/detail/controller__type_support.cpp
[6.783s] -- Installing: /home/kazusa/kazusa/install/controller/include/controller/controller/msg/detail/controller__rosidl_typesupport_introspection_cpp.hpp
[6.783s] -- Installing: /home/kazusa/kazusa/install/controller/lib/libcontroller__rosidl_typesupport_introspection_cpp.so
[6.783s] -- Set non-toolchain portion of runtime path of "/home/kazusa/kazusa/install/controller/lib/libcontroller__rosidl_typesupport_introspection_cpp.so" to ""
[6.783s] -- Installing: /home/kazusa/kazusa/install/controller/lib/libcontroller__rosidl_typesupport_cpp.so
[6.784s] -- Set non-toolchain portion of runtime path of "/home/kazusa/kazusa/install/controller/lib/libcontroller__rosidl_typesupport_cpp.so" to ""
[6.784s] -- Installing: /home/kazusa/kazusa/install/controller/share/controller/environment/pythonpath.sh
[6.784s] -- Installing: /home/kazusa/kazusa/install/controller/share/controller/environment/pythonpath.dsv
[6.784s] -- Installing: /home/kazusa/kazusa/install/controller/lib/python3.12/site-packages/controller-0.0.0-py3.12.egg-info
[6.784s] -- Installing: /home/kazusa/kazusa/install/controller/lib/python3.12/site-packages/controller-0.0.0-py3.12.egg-info/top_level.txt
[6.784s] -- Installing: /home/kazusa/kazusa/install/controller/lib/python3.12/site-packages/controller-0.0.0-py3.12.egg-info/SOURCES.txt
[6.784s] -- Installing: /home/kazusa/kazusa/install/controller/lib/python3.12/site-packages/controller-0.0.0-py3.12.egg-info/PKG-INFO
[6.785s] -- Installing: /home/kazusa/kazusa/install/controller/lib/python3.12/site-packages/controller-0.0.0-py3.12.egg-info/dependency_links.txt
[6.785s] -- Installing: /home/kazusa/kazusa/install/controller/lib/python3.12/site-packages/controller
[6.785s] -- Installing: /home/kazusa/kazusa/install/controller/lib/python3.12/site-packages/controller/_controller_s.ep.rosidl_typesupport_c.c
[6.785s] -- Installing: /home/kazusa/kazusa/install/controller/lib/python3.12/site-packages/controller/__init__.py
[6.785s] -- Installing: /home/kazusa/kazusa/install/controller/lib/python3.12/site-packages/controller/_controller_s.ep.rosidl_typesupport_fastrtps_c.c
[6.785s] -- Installing: /home/kazusa/kazusa/install/controller/lib/python3.12/site-packages/controller/msg
[6.785s] -- Installing: /home/kazusa/kazusa/install/controller/lib/python3.12/site-packages/controller/msg/__init__.py
[6.785s] -- Installing: /home/kazusa/kazusa/install/controller/lib/python3.12/site-packages/controller/msg/_controller_s.c
[6.785s] -- Installing: /home/kazusa/kazusa/install/controller/lib/python3.12/site-packages/controller/msg/_controller.py
[6.785s] -- Installing: /home/kazusa/kazusa/install/controller/lib/python3.12/site-packages/controller/_controller_s.ep.rosidl_typesupport_introspection_c.c
[6.786s] -- Installing: /home/kazusa/kazusa/install/controller/lib/python3.12/site-packages/controller/controller_s__rosidl_typesupport_fastrtps_c.so
[6.786s] -- Installing: /home/kazusa/kazusa/install/controller/lib/python3.12/site-packages/controller/controller_s__rosidl_typesupport_introspection_c.so
[6.786s] -- Installing: /home/kazusa/kazusa/install/controller/lib/python3.12/site-packages/controller/controller_s__rosidl_typesupport_c.so
[6.831s] Listing '/home/kazusa/kazusa/install/controller/lib/python3.12/site-packages/controller'...
[6.831s] Compiling '/home/kazusa/kazusa/install/controller/lib/python3.12/site-packages/controller/__init__.py'...
[6.831s] Listing '/home/kazusa/kazusa/install/controller/lib/python3.12/site-packages/controller/msg'...
[6.831s] Compiling '/home/kazusa/kazusa/install/controller/lib/python3.12/site-packages/controller/msg/__init__.py'...
[6.832s] Compiling '/home/kazusa/kazusa/install/controller/lib/python3.12/site-packages/controller/msg/_controller.py'...
[6.838s] -- Installing: /home/kazusa/kazusa/install/controller/lib/python3.12/site-packages/controller/controller_s__rosidl_typesupport_fastrtps_c.so
[6.838s] -- Set non-toolchain portion of runtime path of "/home/kazusa/kazusa/install/controller/lib/python3.12/site-packages/controller/controller_s__rosidl_typesupport_fastrtps_c.so" to ""
[6.839s] -- Installing: /home/kazusa/kazusa/install/controller/lib/python3.12/site-packages/controller/controller_s__rosidl_typesupport_introspection_c.so
[6.839s] -- Set non-toolchain portion of runtime path of "/home/kazusa/kazusa/install/controller/lib/python3.12/site-packages/controller/controller_s__rosidl_typesupport_introspection_c.so" to ""
[6.839s] -- Installing: /home/kazusa/kazusa/install/controller/lib/python3.12/site-packages/controller/controller_s__rosidl_typesupport_c.so
[6.840s] -- Set non-toolchain portion of runtime path of "/home/kazusa/kazusa/install/controller/lib/python3.12/site-packages/controller/controller_s__rosidl_typesupport_c.so" to ""
[6.840s] -- Installing: /home/kazusa/kazusa/install/controller/lib/libcontroller__rosidl_generator_py.so
[6.840s] -- Set non-toolchain portion of runtime path of "/home/kazusa/kazusa/install/controller/lib/libcontroller__rosidl_generator_py.so" to ""
[6.840s] -- Installing: /home/kazusa/kazusa/install/controller/share/ament_index/resource_index/rust_packages/controller
[6.841s] -- Installing: /home/kazusa/kazusa/install/controller/share/controller/rust
[6.841s] -- Installing: /home/kazusa/kazusa/install/controller/share/controller/rust/Cargo.toml
[6.841s] -- Installing: /home/kazusa/kazusa/install/controller/share/controller/rust/src
[6.841s] -- Installing: /home/kazusa/kazusa/install/controller/share/controller/rust/src/msg
[6.841s] -- Installing: /home/kazusa/kazusa/install/controller/share/controller/rust/src/msg/rmw.rs
[6.841s] -- Installing: /home/kazusa/kazusa/install/controller/share/controller/rust/src/msg.rs
[6.841s] -- Installing: /home/kazusa/kazusa/install/controller/share/controller/rust/src/lib.rs
[6.841s] -- Installing: /home/kazusa/kazusa/install/controller/share/controller/rust/build.rs
[6.842s] -- Installing: /home/kazusa/kazusa/install/controller/share/controller/msg/Controller.idl
[6.842s] -- Installing: /home/kazusa/kazusa/install/controller/share/controller/msg/Controller.msg
[6.842s] -- Installing: /home/kazusa/kazusa/install/controller/share/ament_index/resource_index/package_run_dependencies/controller
[6.842s] -- Installing: /home/kazusa/kazusa/install/controller/share/ament_index/resource_index/parent_prefix_path/controller
[6.842s] -- Installing: /home/kazusa/kazusa/install/controller/share/controller/environment/ament_prefix_path.sh
[6.842s] -- Installing: /home/kazusa/kazusa/install/controller/share/controller/environment/ament_prefix_path.dsv
[6.843s] -- Installing: /home/kazusa/kazusa/install/controller/share/controller/environment/path.sh
[6.843s] -- Installing: /home/kazusa/kazusa/install/controller/share/controller/environment/path.dsv
[6.843s] -- Installing: /home/kazusa/kazusa/install/controller/share/controller/local_setup.bash
[6.843s] -- Installing: /home/kazusa/kazusa/install/controller/share/controller/local_setup.sh
[6.843s] -- Installing: /home/kazusa/kazusa/install/controller/share/controller/local_setup.zsh
[6.843s] -- Installing: /home/kazusa/kazusa/install/controller/share/controller/local_setup.dsv
[6.843s] -- Installing: /home/kazusa/kazusa/install/controller/share/controller/package.dsv
[6.844s] -- Installing: /home/kazusa/kazusa/install/controller/share/ament_index/resource_index/packages/controller
[6.844s] -- Installing: /home/kazusa/kazusa/install/controller/share/controller/cmake/export_controller__rosidl_generator_cExport.cmake
[6.844s] -- Installing: /home/kazusa/kazusa/install/controller/share/controller/cmake/export_controller__rosidl_generator_cExport-noconfig.cmake
[6.844s] -- Installing: /home/kazusa/kazusa/install/controller/share/controller/cmake/export_controller__rosidl_typesupport_fastrtps_cExport.cmake
[6.844s] -- Installing: /home/kazusa/kazusa/install/controller/share/controller/cmake/export_controller__rosidl_typesupport_fastrtps_cExport-noconfig.cmake
[6.844s] -- Installing: /home/kazusa/kazusa/install/controller/share/controller/cmake/controller__rosidl_typesupport_introspection_cExport.cmake
[6.845s] -- Installing: /home/kazusa/kazusa/install/controller/share/controller/cmake/controller__rosidl_typesupport_introspection_cExport-noconfig.cmake
[6.845s] -- Installing: /home/kazusa/kazusa/install/controller/share/controller/cmake/controller__rosidl_typesupport_cExport.cmake
[6.845s] -- Installing: /home/kazusa/kazusa/install/controller/share/controller/cmake/controller__rosidl_typesupport_cExport-noconfig.cmake
[6.845s] -- Installing: /home/kazusa/kazusa/install/controller/share/controller/cmake/export_controller__rosidl_generator_cppExport.cmake
[6.845s] -- Installing: /home/kazusa/kazusa/install/controller/share/controller/cmake/export_controller__rosidl_typesupport_fastrtps_cppExport.cmake
[6.845s] -- Installing: /home/kazusa/kazusa/install/controller/share/controller/cmake/export_controller__rosidl_typesupport_fastrtps_cppExport-noconfig.cmake
[6.846s] -- Installing: /home/kazusa/kazusa/install/controller/share/controller/cmake/controller__rosidl_typesupport_introspection_cppExport.cmake
[6.846s] -- Installing: /home/kazusa/kazusa/install/controller/share/controller/cmake/controller__rosidl_typesupport_introspection_cppExport-noconfig.cmake
[6.846s] -- Installing: /home/kazusa/kazusa/install/controller/share/controller/cmake/controller__rosidl_typesupport_cppExport.cmake
[6.846s] -- Installing: /home/kazusa/kazusa/install/controller/share/controller/cmake/controller__rosidl_typesupport_cppExport-noconfig.cmake
[6.846s] -- Installing: /home/kazusa/kazusa/install/controller/share/controller/cmake/export_controller__rosidl_generator_pyExport.cmake
[6.846s] -- Installing: /home/kazusa/kazusa/install/controller/share/controller/cmake/export_controller__rosidl_generator_pyExport-noconfig.cmake
[6.847s] -- Installing: /home/kazusa/kazusa/install/controller/share/controller/cmake/rosidl_cmake-extras.cmake
[6.847s] -- Installing: /home/kazusa/kazusa/install/controller/share/controller/cmake/ament_cmake_export_dependencies-extras.cmake
[6.847s] -- Installing: /home/kazusa/kazusa/install/controller/share/controller/cmake/ament_cmake_export_include_directories-extras.cmake
[6.847s] -- Installing: /home/kazusa/kazusa/install/controller/share/controller/cmake/ament_cmake_export_libraries-extras.cmake
[6.847s] -- Installing: /home/kazusa/kazusa/install/controller/share/controller/cmake/ament_cmake_export_targets-extras.cmake
[6.847s] -- Installing: /home/kazusa/kazusa/install/controller/share/controller/cmake/rosidl_cmake_export_typesupport_targets-extras.cmake
[6.848s] -- Installing: /home/kazusa/kazusa/install/controller/share/controller/cmake/rosidl_cmake_export_typesupport_libraries-extras.cmake
[6.848s] -- Installing: /home/kazusa/kazusa/install/controller/share/controller/cmake/rosidl_cmake_aggregate_target-extras.cmake
[6.848s] -- Installing: /home/kazusa/kazusa/install/controller/share/controller/cmake/controllerConfig.cmake
[6.848s] -- Installing: /home/kazusa/kazusa/install/controller/share/controller/cmake/controllerConfig-version.cmake
[6.848s] -- Installing: /home/kazusa/kazusa/install/controller/share/controller/package.xml
[6.852s] Invoked command in '/home/kazusa/kazusa/build/controller' returned '0': CMAKE_PREFIX_PATH=${CMAKE_PREFIX_PATH}:/opt/ros/jazzy DEBUGINFOD_URLS=https://debuginfod.ubuntu.com /usr/bin/cmake --install /home/kazusa/kazusa/build/controller
