[0.030s] Invoking command in '/home/kazusa/kazusa/build/controller': CMAKE_PREFIX_PATH=${CMAKE_PREFIX_PATH}:/opt/ros/humble /usr/bin/cmake --build /home/kazusa/kazusa/build/controller -- -j12 -l12
[0.052s] -- Found ament_cmake: 1.3.14 (/opt/ros/humble/share/ament_cmake/cmake)
[0.176s] -- Override CMake install command with custom implementation using symlinks instead of copying resources
[0.183s] -- Found rosidl_default_generators: 1.2.1 (/opt/ros/humble/share/rosidl_default_generators/cmake)
[0.185s] -- Using all available rosidl_typesupport_c: rosidl_typesupport_fastrtps_c;rosidl_typesupport_introspection_c
[0.188s] -- Found rosidl_adapter: 3.1.9 (/opt/ros/humble/share/rosidl_adapter/cmake)
[0.215s] -- Using all available rosidl_typesupport_cpp: rosidl_typesupport_fastrtps_cpp;rosidl_typesupport_introspection_cpp
[0.241s] -- Found std_msgs: 4.9.1 (/opt/ros/humble/share/std_msgs/cmake)
[0.261s] -- Found ament_lint_auto: 0.12.15 (/opt/ros/humble/share/ament_lint_auto/cmake)
[0.512s] -- Found ament_cmake_ros: 0.10.0 (/opt/ros/humble/share/ament_cmake_ros/cmake)
[0.678s] -- Using all available rosidl_typesupport_c: rosidl_typesupport_fastrtps_c;rosidl_typesupport_introspection_c
[0.889s] -- Using all available rosidl_typesupport_cpp: rosidl_typesupport_fastrtps_cpp;rosidl_typesupport_introspection_cpp
[0.904s] -- Found python_cmake_module: 0.10.0 (/opt/ros/humble/share/python_cmake_module/cmake)
[0.922s] -- Using PYTHON_EXECUTABLE: /usr/bin/python3
[0.922s] -- Using PYTHON_INCLUDE_DIRS: /usr/include/python3.10
[0.922s] -- Using PYTHON_LIBRARIES: /usr/lib/x86_64-linux-gnu/libpython3.10.so
[0.997s] -- Added test 'lint_cmake' to check CMake code style
[0.997s] -- Added test 'xmllint' to check XML markup files
[1.000s] -- Configuring done
[1.026s] -- Generating done
[1.034s] -- Build files have been written to: /home/kazusa/kazusa/build/controller
[1.067s] [  3%] [34m[1mGenerating C code for ROS interfaces[0m
[1.077s] [  6%] [34m[1mGenerating Rust code for ROS interfaces[0m
[1.077s] [  9%] [34m[1mGenerating C++ code for ROS interfaces[0m
[1.087s] [  9%] Built target ament_cmake_python_symlink_controller
[1.264s] [35m[1mConsolidate compiler generated dependencies of target controller__rosidl_generator_c[0m
[1.280s] [ 12%] [32mBuilding C object CMakeFiles/controller__rosidl_generator_c.dir/rosidl_generator_c/controller/msg/detail/controller__functions.c.o[0m
[1.285s] running egg_info
[1.286s] writing controller.egg-info/PKG-INFO
[1.286s] writing dependency_links to controller.egg-info/dependency_links.txt
[1.286s] writing top-level names to controller.egg-info/top_level.txt
[1.288s] reading manifest file 'controller.egg-info/SOURCES.txt'
[1.288s] writing manifest file 'controller.egg-info/SOURCES.txt'
[1.298s] [ 12%] Built target controller__cpp
[1.312s] [ 21%] [34m[1mGenerating C++ type support dispatch for ROS interfaces[0m
[1.312s] [ 21%] [34m[1mGenerating C++ introspection for ROS interfaces[0m
[1.312s] [ 21%] [34m[1mGenerating C++ type support for eProsima Fast-RTPS[0m
[1.320s] [ 21%] Built target ament_cmake_python_build_controller_egg
[1.339s] [ 25%] [32m[1mLinking C shared library libcontroller__rosidl_generator_c.so[0m
[1.339s] [ 25%] Built target controller__rs
[1.379s] [ 25%] Built target controller__rosidl_generator_c
[1.390s] [ 28%] [34m[1mGenerating C introspection for ROS interfaces[0m
[1.390s] [ 31%] [34m[1mGenerating C type support dispatch for ROS interfaces[0m
[1.391s] [ 34%] [34m[1mGenerating C type support for eProsima Fast-RTPS[0m
[1.506s] [35m[1mConsolidate compiler generated dependencies of target controller__rosidl_typesupport_introspection_cpp[0m
[1.524s] [ 37%] [32mBuilding CXX object CMakeFiles/controller__rosidl_typesupport_introspection_cpp.dir/rosidl_typesupport_introspection_cpp/controller/msg/detail/controller__type_support.cpp.o[0m
[1.554s] [35m[1mConsolidate compiler generated dependencies of target controller__rosidl_typesupport_cpp[0m
[1.569s] [ 40%] [32mBuilding CXX object CMakeFiles/controller__rosidl_typesupport_cpp.dir/rosidl_typesupport_cpp/controller/msg/controller__type_support.cpp.o[0m
[1.569s] [35m[1mConsolidate compiler generated dependencies of target controller__rosidl_typesupport_fastrtps_cpp[0m
[1.583s] [ 43%] [32mBuilding CXX object CMakeFiles/controller__rosidl_typesupport_fastrtps_cpp.dir/rosidl_typesupport_fastrtps_cpp/controller/msg/detail/dds_fastrtps/controller__type_support.cpp.o[0m
[1.589s] [35m[1mConsolidate compiler generated dependencies of target controller__rosidl_typesupport_introspection_c[0m
[1.600s] [ 46%] [32mBuilding C object CMakeFiles/controller__rosidl_typesupport_introspection_c.dir/rosidl_typesupport_introspection_c/controller/msg/detail/controller__type_support.c.o[0m
[1.633s] [ 50%] [32m[1mLinking C shared library libcontroller__rosidl_typesupport_introspection_c.so[0m
[1.639s] [35m[1mConsolidate compiler generated dependencies of target controller__rosidl_typesupport_c[0m
[1.654s] [ 53%] [32mBuilding CXX object CMakeFiles/controller__rosidl_typesupport_c.dir/rosidl_typesupport_c/controller/msg/controller__type_support.cpp.o[0m
[1.665s] [ 53%] Built target controller__rosidl_typesupport_introspection_c
[1.665s] [35m[1mConsolidate compiler generated dependencies of target controller__rosidl_typesupport_fastrtps_c[0m
[1.682s] [ 56%] [32mBuilding CXX object CMakeFiles/controller__rosidl_typesupport_fastrtps_c.dir/rosidl_typesupport_fastrtps_c/controller/msg/detail/controller__type_support_c.cpp.o[0m
[1.689s] [ 59%] [32m[1mLinking CXX shared library libcontroller__rosidl_typesupport_c.so[0m
[1.741s] [ 59%] Built target controller__rosidl_typesupport_c
[1.777s] [ 62%] [32m[1mLinking CXX shared library libcontroller__rosidl_typesupport_cpp.so[0m
[1.826s] [ 62%] Built target controller__rosidl_typesupport_cpp
[1.908s] [ 65%] [32m[1mLinking CXX shared library libcontroller__rosidl_typesupport_introspection_cpp.so[0m
[1.926s] [ 68%] [32m[1mLinking CXX shared library libcontroller__rosidl_typesupport_fastrtps_cpp.so[0m
[1.998s] [ 68%] Built target controller__rosidl_typesupport_introspection_cpp
[2.019s] [ 68%] Built target controller__rosidl_typesupport_fastrtps_cpp
[2.037s] [ 71%] [32m[1mLinking CXX shared library libcontroller__rosidl_typesupport_fastrtps_c.so[0m
[2.120s] [ 71%] Built target controller__rosidl_typesupport_fastrtps_c
[2.146s] [ 71%] Built target controller
[2.170s] [ 75%] [34m[1mGenerating Python code for ROS interfaces[0m
[2.493s] [ 75%] Built target controller__py
[2.503s] [35m[1mConsolidate compiler generated dependencies of target controller__rosidl_generator_py[0m
[2.521s] [ 78%] [32mBuilding C object CMakeFiles/controller__rosidl_generator_py.dir/rosidl_generator_py/controller/msg/_controller_s.c.o[0m
[2.612s] [ 81%] [32m[1mLinking C shared library rosidl_generator_py/controller/libcontroller__rosidl_generator_py.so[0m
[2.661s] [ 81%] Built target controller__rosidl_generator_py
[2.673s] [35m[1mConsolidate compiler generated dependencies of target controller__rosidl_typesupport_introspection_c__pyext[0m
[2.673s] [35m[1mConsolidate compiler generated dependencies of target controller__rosidl_typesupport_c__pyext[0m
[2.673s] [35m[1mConsolidate compiler generated dependencies of target controller__rosidl_typesupport_fastrtps_c__pyext[0m
[2.686s] [ 84%] [32mBuilding C object CMakeFiles/controller__rosidl_typesupport_c__pyext.dir/rosidl_generator_py/controller/_controller_s.ep.rosidl_typesupport_c.c.o[0m
[2.686s] [ 90%] [32mBuilding C object CMakeFiles/controller__rosidl_typesupport_fastrtps_c__pyext.dir/rosidl_generator_py/controller/_controller_s.ep.rosidl_typesupport_fastrtps_c.c.o[0m
[2.686s] [ 90%] [32mBuilding C object CMakeFiles/controller__rosidl_typesupport_introspection_c__pyext.dir/rosidl_generator_py/controller/_controller_s.ep.rosidl_typesupport_introspection_c.c.o[0m
[2.765s] [ 96%] [32m[1mLinking C shared library rosidl_generator_py/controller/controller_s__rosidl_typesupport_c.cpython-310-x86_64-linux-gnu.so[0m
[2.765s] [ 96%] [32m[1mLinking C shared library rosidl_generator_py/controller/controller_s__rosidl_typesupport_introspection_c.cpython-310-x86_64-linux-gnu.so[0m
[2.782s] [100%] [32m[1mLinking C shared library rosidl_generator_py/controller/controller_s__rosidl_typesupport_fastrtps_c.cpython-310-x86_64-linux-gnu.so[0m
[2.805s] [100%] Built target controller__rosidl_typesupport_c__pyext
[2.806s] [100%] Built target controller__rosidl_typesupport_introspection_c__pyext
[2.829s] [100%] Built target controller__rosidl_typesupport_fastrtps_c__pyext
[2.845s] Invoked command in '/home/kazusa/kazusa/build/controller' returned '0': CMAKE_PREFIX_PATH=${CMAKE_PREFIX_PATH}:/opt/ros/humble /usr/bin/cmake --build /home/kazusa/kazusa/build/controller -- -j12 -l12
[2.847s] Invoking command in '/home/kazusa/kazusa/build/controller': CMAKE_PREFIX_PATH=${CMAKE_PREFIX_PATH}:/opt/ros/humble /usr/bin/cmake --install /home/kazusa/kazusa/build/controller
[2.854s] -- Install configuration: ""
[2.854s] -- Execute custom install script
[2.854s] -- Up-to-date symlink: /home/kazusa/kazusa/install/controller/share/ament_index/resource_index/rosidl_interfaces/controller
[2.855s] -- Up-to-date symlink: /home/kazusa/kazusa/install/controller/include/controller/controller/msg/controller.h
[2.855s] -- Up-to-date symlink: /home/kazusa/kazusa/install/controller/include/controller/controller/msg/detail/controller__functions.h
[2.855s] -- Up-to-date symlink: /home/kazusa/kazusa/install/controller/include/controller/controller/msg/detail/controller__struct.h
[2.855s] -- Up-to-date symlink: /home/kazusa/kazusa/install/controller/include/controller/controller/msg/detail/controller__type_support.h
[2.855s] -- Up-to-date symlink: /home/kazusa/kazusa/install/controller/include/controller/controller/msg/rosidl_generator_c__visibility_control.h
[2.855s] -- Up-to-date symlink: /home/kazusa/kazusa/install/controller/share/controller/environment/library_path.sh
[2.855s] -- Up-to-date symlink: /home/kazusa/kazusa/install/controller/share/controller/environment/library_path.dsv
[2.856s] -- Up-to-date symlink: /home/kazusa/kazusa/install/controller/include/controller/controller/msg/detail/controller__rosidl_typesupport_fastrtps_c.h
[2.856s] -- Up-to-date symlink: /home/kazusa/kazusa/install/controller/include/controller/controller/msg/rosidl_typesupport_fastrtps_c__visibility_control.h
[2.856s] -- Up-to-date symlink: /home/kazusa/kazusa/install/controller/include/controller/controller/msg/detail/controller__rosidl_typesupport_introspection_c.h
[2.856s] -- Up-to-date symlink: /home/kazusa/kazusa/install/controller/include/controller/controller/msg/rosidl_typesupport_introspection_c__visibility_control.h
[2.856s] -- Up-to-date symlink: /home/kazusa/kazusa/install/controller/include/controller/controller/msg/controller.hpp
[2.856s] -- Up-to-date symlink: /home/kazusa/kazusa/install/controller/include/controller/controller/msg/detail/controller__builder.hpp
[2.856s] -- Up-to-date symlink: /home/kazusa/kazusa/install/controller/include/controller/controller/msg/detail/controller__struct.hpp
[2.856s] -- Up-to-date symlink: /home/kazusa/kazusa/install/controller/include/controller/controller/msg/detail/controller__traits.hpp
[2.856s] -- Up-to-date symlink: /home/kazusa/kazusa/install/controller/include/controller/controller/msg/detail/controller__type_support.hpp
[2.857s] -- Up-to-date symlink: /home/kazusa/kazusa/install/controller/include/controller/controller/msg/rosidl_generator_cpp__visibility_control.hpp
[2.857s] -- Up-to-date symlink: /home/kazusa/kazusa/install/controller/include/controller/controller/msg/detail/controller__rosidl_typesupport_fastrtps_cpp.hpp
[2.857s] -- Up-to-date symlink: /home/kazusa/kazusa/install/controller/include/controller/controller/msg/rosidl_typesupport_fastrtps_cpp__visibility_control.h
[2.857s] -- Up-to-date symlink: /home/kazusa/kazusa/install/controller/include/controller/controller/msg/detail/controller__rosidl_typesupport_introspection_cpp.hpp
[2.857s] -- Up-to-date symlink: /home/kazusa/kazusa/install/controller/share/controller/environment/pythonpath.sh
[2.857s] -- Up-to-date symlink: /home/kazusa/kazusa/install/controller/share/controller/environment/pythonpath.dsv
[2.857s] -- Up-to-date symlink: /home/kazusa/kazusa/install/controller/local/lib/python3.10/dist-packages/controller-0.0.0-py3.10.egg-info/PKG-INFO
[2.858s] -- Up-to-date symlink: /home/kazusa/kazusa/install/controller/local/lib/python3.10/dist-packages/controller-0.0.0-py3.10.egg-info/SOURCES.txt
[2.858s] -- Up-to-date symlink: /home/kazusa/kazusa/install/controller/local/lib/python3.10/dist-packages/controller-0.0.0-py3.10.egg-info/dependency_links.txt
[2.858s] -- Up-to-date symlink: /home/kazusa/kazusa/install/controller/local/lib/python3.10/dist-packages/controller-0.0.0-py3.10.egg-info/top_level.txt
[2.858s] -- Up-to-date symlink: /home/kazusa/kazusa/install/controller/local/lib/python3.10/dist-packages/controller/__init__.py
[2.858s] -- Up-to-date symlink: /home/kazusa/kazusa/install/controller/local/lib/python3.10/dist-packages/controller/_controller_s.ep.rosidl_typesupport_c.c
[2.858s] -- Up-to-date symlink: /home/kazusa/kazusa/install/controller/local/lib/python3.10/dist-packages/controller/_controller_s.ep.rosidl_typesupport_fastrtps_c.c
[2.858s] -- Up-to-date symlink: /home/kazusa/kazusa/install/controller/local/lib/python3.10/dist-packages/controller/_controller_s.ep.rosidl_typesupport_introspection_c.c
[2.858s] -- Up-to-date symlink: /home/kazusa/kazusa/install/controller/local/lib/python3.10/dist-packages/controller/controller_s__rosidl_typesupport_c.cpython-310-x86_64-linux-gnu.so
[2.858s] -- Up-to-date symlink: /home/kazusa/kazusa/install/controller/local/lib/python3.10/dist-packages/controller/controller_s__rosidl_typesupport_fastrtps_c.cpython-310-x86_64-linux-gnu.so
[2.859s] -- Up-to-date symlink: /home/kazusa/kazusa/install/controller/local/lib/python3.10/dist-packages/controller/controller_s__rosidl_typesupport_introspection_c.cpython-310-x86_64-linux-gnu.so
[2.859s] -- Up-to-date symlink: /home/kazusa/kazusa/install/controller/local/lib/python3.10/dist-packages/controller/libcontroller__rosidl_generator_py.so
[2.859s] -- Up-to-date symlink: /home/kazusa/kazusa/install/controller/local/lib/python3.10/dist-packages/controller/msg/__init__.py
[2.859s] -- Up-to-date symlink: /home/kazusa/kazusa/install/controller/local/lib/python3.10/dist-packages/controller/msg/_controller.py
[2.859s] -- Up-to-date symlink: /home/kazusa/kazusa/install/controller/local/lib/python3.10/dist-packages/controller/msg/_controller_s.c
[2.859s] -- Up-to-date symlink: /home/kazusa/kazusa/install/controller/local/lib/python3.10/dist-packages/controller/controller_s__rosidl_typesupport_fastrtps_c.cpython-310-x86_64-linux-gnu.so
[2.859s] -- Up-to-date symlink: /home/kazusa/kazusa/install/controller/local/lib/python3.10/dist-packages/controller/controller_s__rosidl_typesupport_introspection_c.cpython-310-x86_64-linux-gnu.so
[2.859s] -- Up-to-date symlink: /home/kazusa/kazusa/install/controller/local/lib/python3.10/dist-packages/controller/controller_s__rosidl_typesupport_c.cpython-310-x86_64-linux-gnu.so
[2.859s] -- Up-to-date symlink: /home/kazusa/kazusa/install/controller/share/ament_index/resource_index/rust_packages/controller
[2.860s] -- Up-to-date symlink: /home/kazusa/kazusa/install/controller/share/controller/rust/Cargo.toml
[2.860s] -- Up-to-date symlink: /home/kazusa/kazusa/install/controller/share/controller/rust/build.rs
[2.860s] -- Up-to-date symlink: /home/kazusa/kazusa/install/controller/share/controller/rust/src/lib.rs
[2.860s] -- Up-to-date symlink: /home/kazusa/kazusa/install/controller/share/controller/rust/src/msg.rs
[2.860s] -- Up-to-date symlink: /home/kazusa/kazusa/install/controller/share/controller/rust/src/msg/rmw.rs
[2.860s] -- Up-to-date symlink: /home/kazusa/kazusa/install/controller/share/controller/msg/Controller.idl
[2.860s] -- Up-to-date symlink: /home/kazusa/kazusa/install/controller/share/controller/msg/Controller.msg
[2.860s] -- Up-to-date symlink: /home/kazusa/kazusa/install/controller/share/ament_index/resource_index/package_run_dependencies/controller
[2.860s] -- Up-to-date symlink: /home/kazusa/kazusa/install/controller/share/ament_index/resource_index/parent_prefix_path/controller
[2.860s] -- Up-to-date symlink: /home/kazusa/kazusa/install/controller/share/controller/environment/ament_prefix_path.sh
[2.861s] -- Up-to-date symlink: /home/kazusa/kazusa/install/controller/share/controller/environment/ament_prefix_path.dsv
[2.861s] -- Up-to-date symlink: /home/kazusa/kazusa/install/controller/share/controller/environment/path.sh
[2.861s] -- Up-to-date symlink: /home/kazusa/kazusa/install/controller/share/controller/environment/path.dsv
[2.861s] -- Up-to-date symlink: /home/kazusa/kazusa/install/controller/share/controller/local_setup.bash
[2.861s] -- Up-to-date symlink: /home/kazusa/kazusa/install/controller/share/controller/local_setup.sh
[2.861s] -- Up-to-date symlink: /home/kazusa/kazusa/install/controller/share/controller/local_setup.zsh
[2.861s] -- Up-to-date symlink: /home/kazusa/kazusa/install/controller/share/controller/local_setup.dsv
[2.861s] -- Symlinking: /home/kazusa/kazusa/install/controller/share/controller/package.dsv
[2.872s] -- Up-to-date symlink: /home/kazusa/kazusa/install/controller/share/ament_index/resource_index/packages/controller
[2.872s] -- Up-to-date symlink: /home/kazusa/kazusa/install/controller/share/controller/cmake/rosidl_cmake-extras.cmake
[2.872s] -- Up-to-date symlink: /home/kazusa/kazusa/install/controller/share/controller/cmake/ament_cmake_export_dependencies-extras.cmake
[2.872s] -- Up-to-date symlink: /home/kazusa/kazusa/install/controller/share/controller/cmake/ament_cmake_export_include_directories-extras.cmake
[2.872s] -- Up-to-date symlink: /home/kazusa/kazusa/install/controller/share/controller/cmake/ament_cmake_export_libraries-extras.cmake
[2.872s] -- Up-to-date symlink: /home/kazusa/kazusa/install/controller/share/controller/cmake/ament_cmake_export_targets-extras.cmake
[2.873s] -- Up-to-date symlink: /home/kazusa/kazusa/install/controller/share/controller/cmake/rosidl_cmake_export_typesupport_targets-extras.cmake
[2.873s] -- Up-to-date symlink: /home/kazusa/kazusa/install/controller/share/controller/cmake/rosidl_cmake_export_typesupport_libraries-extras.cmake
[2.873s] -- Up-to-date symlink: /home/kazusa/kazusa/install/controller/share/controller/cmake/rosidl_cmake_aggregate_target-extras.cmake
[2.873s] -- Up-to-date symlink: /home/kazusa/kazusa/install/controller/share/controller/cmake/controllerConfig.cmake
[2.873s] -- Up-to-date symlink: /home/kazusa/kazusa/install/controller/share/controller/cmake/controllerConfig-version.cmake
[2.873s] -- Up-to-date symlink: /home/kazusa/kazusa/install/controller/share/controller/package.xml
[2.873s] -- Installing: /home/kazusa/kazusa/install/controller/lib/libcontroller__rosidl_generator_c.so
[2.874s] -- Set runtime path of "/home/kazusa/kazusa/install/controller/lib/libcontroller__rosidl_generator_c.so" to ""
[2.874s] -- Installing: /home/kazusa/kazusa/install/controller/lib/libcontroller__rosidl_typesupport_fastrtps_c.so
[2.875s] -- Set runtime path of "/home/kazusa/kazusa/install/controller/lib/libcontroller__rosidl_typesupport_fastrtps_c.so" to ""
[2.875s] -- Installing: /home/kazusa/kazusa/install/controller/lib/libcontroller__rosidl_typesupport_introspection_c.so
[2.875s] -- Set runtime path of "/home/kazusa/kazusa/install/controller/lib/libcontroller__rosidl_typesupport_introspection_c.so" to ""
[2.876s] -- Installing: /home/kazusa/kazusa/install/controller/lib/libcontroller__rosidl_typesupport_c.so
[2.876s] -- Set runtime path of "/home/kazusa/kazusa/install/controller/lib/libcontroller__rosidl_typesupport_c.so" to ""
[2.876s] -- Installing: /home/kazusa/kazusa/install/controller/lib/libcontroller__rosidl_typesupport_fastrtps_cpp.so
[2.877s] -- Set runtime path of "/home/kazusa/kazusa/install/controller/lib/libcontroller__rosidl_typesupport_fastrtps_cpp.so" to ""
[2.877s] -- Installing: /home/kazusa/kazusa/install/controller/lib/libcontroller__rosidl_typesupport_introspection_cpp.so
[2.877s] -- Set runtime path of "/home/kazusa/kazusa/install/controller/lib/libcontroller__rosidl_typesupport_introspection_cpp.so" to ""
[2.878s] -- Installing: /home/kazusa/kazusa/install/controller/lib/libcontroller__rosidl_typesupport_cpp.so
[2.878s] -- Set runtime path of "/home/kazusa/kazusa/install/controller/lib/libcontroller__rosidl_typesupport_cpp.so" to ""
[2.906s] Listing '/home/kazusa/kazusa/install/controller/local/lib/python3.10/dist-packages/controller'...
[2.906s] Compiling '/home/kazusa/kazusa/install/controller/local/lib/python3.10/dist-packages/controller/__init__.py'...
[2.906s] Listing '/home/kazusa/kazusa/install/controller/local/lib/python3.10/dist-packages/controller/msg'...
[2.906s] Compiling '/home/kazusa/kazusa/install/controller/local/lib/python3.10/dist-packages/controller/msg/__init__.py'...
[2.906s] Compiling '/home/kazusa/kazusa/install/controller/local/lib/python3.10/dist-packages/controller/msg/_controller.py'...
[2.910s] -- Installing: /home/kazusa/kazusa/install/controller/lib/libcontroller__rosidl_generator_py.so
[2.910s] -- Set runtime path of "/home/kazusa/kazusa/install/controller/lib/libcontroller__rosidl_generator_py.so" to ""
[2.910s] -- Up-to-date: /home/kazusa/kazusa/install/controller/share/controller/cmake/export_controller__rosidl_generator_cExport.cmake
[2.910s] -- Up-to-date: /home/kazusa/kazusa/install/controller/share/controller/cmake/export_controller__rosidl_generator_cExport-noconfig.cmake
[2.910s] -- Up-to-date: /home/kazusa/kazusa/install/controller/share/controller/cmake/export_controller__rosidl_typesupport_fastrtps_cExport.cmake
[2.910s] -- Up-to-date: /home/kazusa/kazusa/install/controller/share/controller/cmake/export_controller__rosidl_typesupport_fastrtps_cExport-noconfig.cmake
[2.910s] -- Up-to-date: /home/kazusa/kazusa/install/controller/share/controller/cmake/controller__rosidl_typesupport_introspection_cExport.cmake
[2.911s] -- Up-to-date: /home/kazusa/kazusa/install/controller/share/controller/cmake/controller__rosidl_typesupport_introspection_cExport-noconfig.cmake
[2.911s] -- Up-to-date: /home/kazusa/kazusa/install/controller/share/controller/cmake/controller__rosidl_typesupport_cExport.cmake
[2.911s] -- Up-to-date: /home/kazusa/kazusa/install/controller/share/controller/cmake/controller__rosidl_typesupport_cExport-noconfig.cmake
[2.911s] -- Up-to-date: /home/kazusa/kazusa/install/controller/share/controller/cmake/export_controller__rosidl_generator_cppExport.cmake
[2.911s] -- Up-to-date: /home/kazusa/kazusa/install/controller/share/controller/cmake/export_controller__rosidl_typesupport_fastrtps_cppExport.cmake
[2.911s] -- Up-to-date: /home/kazusa/kazusa/install/controller/share/controller/cmake/export_controller__rosidl_typesupport_fastrtps_cppExport-noconfig.cmake
[2.911s] -- Up-to-date: /home/kazusa/kazusa/install/controller/share/controller/cmake/controller__rosidl_typesupport_introspection_cppExport.cmake
[2.911s] -- Up-to-date: /home/kazusa/kazusa/install/controller/share/controller/cmake/controller__rosidl_typesupport_introspection_cppExport-noconfig.cmake
[2.911s] -- Up-to-date: /home/kazusa/kazusa/install/controller/share/controller/cmake/controller__rosidl_typesupport_cppExport.cmake
[2.911s] -- Up-to-date: /home/kazusa/kazusa/install/controller/share/controller/cmake/controller__rosidl_typesupport_cppExport-noconfig.cmake
[2.911s] -- Up-to-date: /home/kazusa/kazusa/install/controller/share/controller/cmake/export_controller__rosidl_generator_pyExport.cmake
[2.911s] -- Up-to-date: /home/kazusa/kazusa/install/controller/share/controller/cmake/export_controller__rosidl_generator_pyExport-noconfig.cmake
[2.914s] Invoked command in '/home/kazusa/kazusa/build/controller' returned '0': CMAKE_PREFIX_PATH=${CMAKE_PREFIX_PATH}:/opt/ros/humble /usr/bin/cmake --install /home/kazusa/kazusa/build/controller
