[0.015s] Invoking command in '/home/kazusa/kazusa/build/mast': CMAKE_PREFIX_PATH=/home/kazusa/kazusa/install/custom_msgs:/home/kazusa/kazusa/install/controller:/home/kazusa/kazusa/install/my_cart2:/home/kazusa/kazusa/install/mast:/home/kazusa/kazusa/install/launcher:/home/kazusa/kazusa/install/esp_agent:/home/kazusa/kazusa/install/controller_src:/home/kazusa/kazusa/install/amcl_config:/home/kazusa/ros2_deps_ws/install/emcl2:/opt/ros/humble /usr/bin/cmake --build /home/kazusa/kazusa/build/mast -- -j12 -l12
[0.061s] [35m[1mConsolidate compiler generated dependencies of target hoju_node[0m
[0.061s] [35m[1mConsolidate compiler generated dependencies of target mast_node[0m
[0.061s] [35m[1mConsolidate compiler generated dependencies of target path_follow_node[0m
[0.078s] [ 16%] [32m[1mLinking CXX executable hoju_node[0m
[0.081s] [ 33%] [32mBuilding CXX object CMakeFiles/mast_node.dir/src/mast.cpp.o[0m
[0.084s] [ 66%] Built target path_follow_node
[0.246s] [ 83%] Built target hoju_node
[8.547s] [100%] [32m[1mLinking CXX executable mast_node[0m
[8.986s] [100%] Built target mast_node
[8.996s] Invoked command in '/home/kazusa/kazusa/build/mast' returned '0': CMAKE_PREFIX_PATH=/home/kazusa/kazusa/install/custom_msgs:/home/kazusa/kazusa/install/controller:/home/kazusa/kazusa/install/my_cart2:/home/kazusa/kazusa/install/mast:/home/kazusa/kazusa/install/launcher:/home/kazusa/kazusa/install/esp_agent:/home/kazusa/kazusa/install/controller_src:/home/kazusa/kazusa/install/amcl_config:/home/kazusa/ros2_deps_ws/install/emcl2:/opt/ros/humble /usr/bin/cmake --build /home/kazusa/kazusa/build/mast -- -j12 -l12
[8.997s] Invoking command in '/home/kazusa/kazusa/build/mast': CMAKE_PREFIX_PATH=/home/kazusa/kazusa/install/custom_msgs:/home/kazusa/kazusa/install/controller:/home/kazusa/kazusa/install/my_cart2:/home/kazusa/kazusa/install/mast:/home/kazusa/kazusa/install/launcher:/home/kazusa/kazusa/install/esp_agent:/home/kazusa/kazusa/install/controller_src:/home/kazusa/kazusa/install/amcl_config:/home/kazusa/ros2_deps_ws/install/emcl2:/opt/ros/humble /usr/bin/cmake --install /home/kazusa/kazusa/build/mast
[9.004s] -- Install configuration: ""
[9.005s] -- Execute custom install script
[9.005s] -- Up-to-date symlink: /home/kazusa/kazusa/install/mast/lib/mast/mast_node
[9.005s] -- Up-to-date symlink: /home/kazusa/kazusa/install/mast/lib/mast/hoju_node
[9.005s] -- Up-to-date symlink: /home/kazusa/kazusa/install/mast/lib/mast/path_follow_node
[9.005s] -- Up-to-date symlink: /home/kazusa/kazusa/install/mast/share/mast/path/bucket_to_flag.yaml
[9.005s] -- Up-to-date symlink: /home/kazusa/kazusa/install/mast/share/mast/path/bucket_to_start.yaml
[9.005s] -- Up-to-date symlink: /home/kazusa/kazusa/install/mast/share/mast/path/flag_to_start.yaml
[9.005s] -- Up-to-date symlink: /home/kazusa/kazusa/install/mast/share/mast/path/start_to_bucket.yaml
[9.005s] -- Up-to-date symlink: /home/kazusa/kazusa/install/mast/share/mast/path/start_to_flag.yaml
[9.005s] -- Up-to-date symlink: /home/kazusa/kazusa/install/mast/share/ament_index/resource_index/package_run_dependencies/mast
[9.005s] -- Up-to-date symlink: /home/kazusa/kazusa/install/mast/share/ament_index/resource_index/parent_prefix_path/mast
[9.006s] -- Up-to-date symlink: /home/kazusa/kazusa/install/mast/share/mast/environment/ament_prefix_path.sh
[9.006s] -- Up-to-date symlink: /home/kazusa/kazusa/install/mast/share/mast/environment/ament_prefix_path.dsv
[9.006s] -- Up-to-date symlink: /home/kazusa/kazusa/install/mast/share/mast/environment/path.sh
[9.006s] -- Up-to-date symlink: /home/kazusa/kazusa/install/mast/share/mast/environment/path.dsv
[9.006s] -- Up-to-date symlink: /home/kazusa/kazusa/install/mast/share/mast/local_setup.bash
[9.006s] -- Up-to-date symlink: /home/kazusa/kazusa/install/mast/share/mast/local_setup.sh
[9.006s] -- Up-to-date symlink: /home/kazusa/kazusa/install/mast/share/mast/local_setup.zsh
[9.006s] -- Up-to-date symlink: /home/kazusa/kazusa/install/mast/share/mast/local_setup.dsv
[9.006s] -- Symlinking: /home/kazusa/kazusa/install/mast/share/mast/package.dsv
[9.015s] -- Up-to-date symlink: /home/kazusa/kazusa/install/mast/share/ament_index/resource_index/packages/mast
[9.016s] -- Up-to-date symlink: /home/kazusa/kazusa/install/mast/share/mast/cmake/mastConfig.cmake
[9.016s] -- Up-to-date symlink: /home/kazusa/kazusa/install/mast/share/mast/cmake/mastConfig-version.cmake
[9.016s] -- Up-to-date symlink: /home/kazusa/kazusa/install/mast/share/mast/package.xml
[9.018s] Invoked command in '/home/kazusa/kazusa/build/mast' returned '0': CMAKE_PREFIX_PATH=/home/kazusa/kazusa/install/custom_msgs:/home/kazusa/kazusa/install/controller:/home/kazusa/kazusa/install/my_cart2:/home/kazusa/kazusa/install/mast:/home/kazusa/kazusa/install/launcher:/home/kazusa/kazusa/install/esp_agent:/home/kazusa/kazusa/install/controller_src:/home/kazusa/kazusa/install/amcl_config:/home/kazusa/ros2_deps_ws/install/emcl2:/opt/ros/humble /usr/bin/cmake --install /home/kazusa/kazusa/build/mast
