[0.016s] Invoking command in '/home/kazusa/kazusa/build/launcher': CMAKE_PREFIX_PATH=${CMAKE_PREFIX_PATH}:/opt/ros/humble /usr/bin/cmake /home/kazusa/kazusa/ver0/launcher -DCMAKE_EXPORT_COMPILE_COMMANDS=ON -DAMENT_CMAKE_SYMLINK_INSTALL=1 -DCMAKE_INSTALL_PREFIX=/home/kazusa/kazusa/install/launcher
[0.071s] -- The C compiler identification is GNU 11.4.0
[0.129s] -- The CXX compiler identification is GNU 11.4.0
[0.137s] -- Detecting C compiler ABI info
[0.218s] -- Detecting C compiler ABI info - done
[0.222s] -- Check for working C compiler: /usr/bin/cc - skipped
[0.222s] -- Detecting C compile features
[0.222s] -- Detecting C compile features - done
[0.224s] -- Detecting CXX compiler ABI info
[0.305s] -- Detecting CXX compiler ABI info - done
[0.314s] -- Check for working CXX compiler: /usr/bin/c++ - skipped
[0.315s] -- Detecting CXX compile features
[0.315s] -- Detecting CXX compile features - done
[0.318s] -- Found ament_cmake: 1.3.14 (/opt/ros/humble/share/ament_cmake/cmake)
[0.468s] -- Found Python3: /usr/bin/python3 (found version "3.10.12") found components: Interpreter 
[0.531s] -- Override CMake install command with custom implementation using symlinks instead of copying resources
[0.552s] -- Found ament_lint_auto: 0.12.15 (/opt/ros/humble/share/ament_lint_auto/cmake)
[0.673s] -- Added test 'flake8' to check Python code syntax and style conventions
[0.674s] -- Added test 'lint_cmake' to check CMake code style
[0.675s] -- Added test 'pep257' to check Python code against some of the docstring style conventions in PEP 257
[0.677s] -- Added test 'xmllint' to check XML markup files
[0.679s] -- Configuring done
[0.683s] -- Generating done
[0.684s] [33mCMake Warning:
[0.684s]   Manually-specified variables were not used by the project:
[0.684s] 
[0.684s]     CMAKE_EXPORT_COMPILE_COMMANDS
[0.684s] 
[0.684s] [0m
[0.685s] -- Build files have been written to: /home/kazusa/kazusa/build/launcher
[0.691s] Invoked command in '/home/kazusa/kazusa/build/launcher' returned '0': CMAKE_PREFIX_PATH=${CMAKE_PREFIX_PATH}:/opt/ros/humble /usr/bin/cmake /home/kazusa/kazusa/ver0/launcher -DCMAKE_EXPORT_COMPILE_COMMANDS=ON -DAMENT_CMAKE_SYMLINK_INSTALL=1 -DCMAKE_INSTALL_PREFIX=/home/kazusa/kazusa/install/launcher
[0.693s] Invoking command in '/home/kazusa/kazusa/build/launcher': CMAKE_PREFIX_PATH=${CMAKE_PREFIX_PATH}:/opt/ros/humble /usr/bin/cmake --build /home/kazusa/kazusa/build/launcher -- -j12 -l12
[0.748s] Invoked command in '/home/kazusa/kazusa/build/launcher' returned '0': CMAKE_PREFIX_PATH=${CMAKE_PREFIX_PATH}:/opt/ros/humble /usr/bin/cmake --build /home/kazusa/kazusa/build/launcher -- -j12 -l12
[0.750s] Invoking command in '/home/kazusa/kazusa/build/launcher': CMAKE_PREFIX_PATH=${CMAKE_PREFIX_PATH}:/opt/ros/humble /usr/bin/cmake --install /home/kazusa/kazusa/build/launcher
[0.758s] -- Install configuration: ""
[0.758s] -- Execute custom install script
[0.759s] -- Symlinking: /home/kazusa/kazusa/install/launcher/share/launcher//launch/202689.py
[0.768s] -- Symlinking: /home/kazusa/kazusa/install/launcher/share/launcher//launch/202689master.py
[0.777s] -- Symlinking: /home/kazusa/kazusa/install/launcher/share/launcher//launch/2026omni_cart.py
[0.785s] -- Symlinking: /home/kazusa/kazusa/install/launcher/share/launcher//launch/2026omni_cartonlysim.py
[0.797s] -- Symlinking: /home/kazusa/kazusa/install/launcher/share/launcher//launch/2026omni_cartsim.py
[0.810s] -- Symlinking: /home/kazusa/kazusa/install/launcher/share/launcher//launch/2026omni_emclsim.py
[0.820s] -- Symlinking: /home/kazusa/kazusa/install/launcher/share/launcher//launch/2026omni_emclsimdum.py
[0.829s] -- Symlinking: /home/kazusa/kazusa/install/launcher/share/launcher//launch/2026omni_emclsimdum2.py
[0.838s] -- Symlinking: /home/kazusa/kazusa/install/launcher/share/launcher//launch/2026omni_emclsimdum3.py
[0.848s] -- Symlinking: /home/kazusa/kazusa/install/launcher/share/launcher//launch/2026omni_emclsimdum4katahou copy.py
[0.857s] -- Symlinking: /home/kazusa/kazusa/install/launcher/share/launcher//launch/2026omni_newpos_b.py
[0.872s] -- Symlinking: /home/kazusa/kazusa/install/launcher/share/launcher//launch/2026omni_newpos_r.py
[0.883s] -- Symlinking: /home/kazusa/kazusa/install/launcher/share/launcher//launch/2026omni_statictest.py
[0.893s] -- Symlinking: /home/kazusa/kazusa/install/launcher/share/launcher//launch/controller.py
[0.902s] -- Symlinking: /home/kazusa/kazusa/install/launcher/share/launcher//launch/map_test.py
[0.913s] -- Symlinking: /home/kazusa/kazusa/install/launcher/share/launcher//launch/mola_mapping.py
[0.922s] -- Symlinking: /home/kazusa/kazusa/install/launcher/share/launcher//launch/mola_test.py
[0.932s] -- Symlinking: /home/kazusa/kazusa/install/launcher/share/launcher//launch/similator.py
[0.940s] -- Symlinking: /home/kazusa/kazusa/install/launcher/share/launcher//launch/similator_merge.py
[0.949s] -- Symlinking: /home/kazusa/kazusa/install/launcher/share/launcher//launch/similator_rf2o.py
[0.960s] -- Symlinking: /home/kazusa/kazusa/install/launcher/share/launcher//launch/temp_frametest.py
[0.970s] -- Symlinking: /home/kazusa/kazusa/install/launcher/share/launcher//launch/temp_frametest_cpp.py
[0.979s] -- Symlinking: /home/kazusa/kazusa/install/launcher/share/launcher//launch/wheelodom_test.py
[0.987s] -- Symlinking: /home/kazusa/kazusa/install/launcher/share/ament_index/resource_index/package_run_dependencies/launcher
[1.000s] -- Symlinking: /home/kazusa/kazusa/install/launcher/share/ament_index/resource_index/parent_prefix_path/launcher
[1.009s] -- Symlinking: /home/kazusa/kazusa/install/launcher/share/launcher/environment/ament_prefix_path.sh
[1.019s] -- Symlinking: /home/kazusa/kazusa/install/launcher/share/launcher/environment/ament_prefix_path.dsv
[1.028s] -- Symlinking: /home/kazusa/kazusa/install/launcher/share/launcher/environment/path.sh
[1.037s] -- Symlinking: /home/kazusa/kazusa/install/launcher/share/launcher/environment/path.dsv
[1.045s] -- Symlinking: /home/kazusa/kazusa/install/launcher/share/launcher/local_setup.bash
[1.054s] -- Symlinking: /home/kazusa/kazusa/install/launcher/share/launcher/local_setup.sh
[1.063s] -- Symlinking: /home/kazusa/kazusa/install/launcher/share/launcher/local_setup.zsh
[1.072s] -- Symlinking: /home/kazusa/kazusa/install/launcher/share/launcher/local_setup.dsv
[1.082s] -- Symlinking: /home/kazusa/kazusa/install/launcher/share/launcher/package.dsv
[1.091s] -- Symlinking: /home/kazusa/kazusa/install/launcher/share/ament_index/resource_index/packages/launcher
[1.103s] -- Symlinking: /home/kazusa/kazusa/install/launcher/share/launcher/cmake/launcherConfig.cmake
[1.112s] -- Symlinking: /home/kazusa/kazusa/install/launcher/share/launcher/cmake/launcherConfig-version.cmake
[1.121s] -- Symlinking: /home/kazusa/kazusa/install/launcher/share/launcher/package.xml
[1.132s] Invoked command in '/home/kazusa/kazusa/build/launcher' returned '0': CMAKE_PREFIX_PATH=${CMAKE_PREFIX_PATH}:/opt/ros/humble /usr/bin/cmake --install /home/kazusa/kazusa/build/launcher
