[0.030s] Invoking command in '/home/kazusa/kazusa/build/launcher': CMAKE_PREFIX_PATH=${CMAKE_PREFIX_PATH}:/opt/ros/jazzy DEBUGINFOD_URLS=https://debuginfod.ubuntu.com /usr/bin/cmake /home/kazusa/kazusa/ver0/launcher -DCMAKE_INSTALL_PREFIX=/home/kazusa/kazusa/install/launcher
[0.123s] -- The C compiler identification is GNU 13.3.0
[0.179s] -- The CXX compiler identification is GNU 13.3.0
[0.199s] -- Detecting C compiler ABI info
[0.293s] -- Detecting C compiler ABI info - done
[0.300s] -- Check for working C compiler: /usr/bin/cc - skipped
[0.300s] -- Detecting C compile features
[0.300s] -- Detecting C compile features - done
[0.310s] -- Detecting CXX compiler ABI info
[0.410s] -- Detecting CXX compiler ABI info - done
[0.419s] -- Check for working CXX compiler: /usr/bin/c++ - skipped
[0.420s] -- Detecting CXX compile features
[0.420s] -- Detecting CXX compile features - done
[0.426s] -- Found ament_cmake: 2.5.6 (/opt/ros/jazzy/share/ament_cmake/cmake)
[0.593s] -- Found Python3: /usr/bin/python3 (found version "3.12.3") found components: Interpreter 
[0.707s] -- Found ament_lint_auto: 0.17.5 (/opt/ros/jazzy/share/ament_lint_auto/cmake)
[0.811s] -- Added test 'flake8' to check Python code syntax and style conventions
[0.811s] -- Configured 'flake8' exclude dirs and/or files: 
[0.812s] -- Added test 'lint_cmake' to check CMake code style
[0.813s] -- Added test 'pep257' to check Python code against some of the docstring style conventions in PEP 257
[0.815s] -- Added test 'xmllint' to check XML markup files
[0.817s] -- Configuring done (0.8s)
[0.820s] -- Generating done (0.0s)
[0.821s] -- Build files have been written to: /home/kazusa/kazusa/build/launcher
[0.825s] Invoked command in '/home/kazusa/kazusa/build/launcher' returned '0': CMAKE_PREFIX_PATH=${CMAKE_PREFIX_PATH}:/opt/ros/jazzy DEBUGINFOD_URLS=https://debuginfod.ubuntu.com /usr/bin/cmake /home/kazusa/kazusa/ver0/launcher -DCMAKE_INSTALL_PREFIX=/home/kazusa/kazusa/install/launcher
[0.827s] Invoking command in '/home/kazusa/kazusa/build/launcher': CMAKE_PREFIX_PATH=${CMAKE_PREFIX_PATH}:/opt/ros/jazzy DEBUGINFOD_URLS=https://debuginfod.ubuntu.com /usr/bin/cmake --build /home/kazusa/kazusa/build/launcher -- -j12 -l12
[0.870s] Invoked command in '/home/kazusa/kazusa/build/launcher' returned '0': CMAKE_PREFIX_PATH=${CMAKE_PREFIX_PATH}:/opt/ros/jazzy DEBUGINFOD_URLS=https://debuginfod.ubuntu.com /usr/bin/cmake --build /home/kazusa/kazusa/build/launcher -- -j12 -l12
[0.882s] Invoking command in '/home/kazusa/kazusa/build/launcher': CMAKE_PREFIX_PATH=${CMAKE_PREFIX_PATH}:/opt/ros/jazzy DEBUGINFOD_URLS=https://debuginfod.ubuntu.com /usr/bin/cmake --install /home/kazusa/kazusa/build/launcher
[0.893s] -- Install configuration: ""
[0.893s] -- Installing: /home/kazusa/kazusa/install/launcher/share/launcher//launch
[0.893s] -- Installing: /home/kazusa/kazusa/install/launcher/share/launcher//launch/2026omni_cartsim.py
[0.893s] -- Installing: /home/kazusa/kazusa/install/launcher/share/launcher//launch/202689master.py
[0.894s] -- Installing: /home/kazusa/kazusa/install/launcher/share/launcher//launch/2026omni_newpos_b.py
[0.894s] -- Installing: /home/kazusa/kazusa/install/launcher/share/launcher//launch/similator_merge.py
[0.894s] -- Installing: /home/kazusa/kazusa/install/launcher/share/launcher//launch/temp_frametest_cpp.py
[0.894s] -- Installing: /home/kazusa/kazusa/install/launcher/share/launcher//launch/2026omni_emclsimdum.py
[0.894s] -- Installing: /home/kazusa/kazusa/install/launcher/share/launcher//launch/temp_frametest.py
[0.894s] -- Installing: /home/kazusa/kazusa/install/launcher/share/launcher//launch/2026omni_emclsimdum4katahou copy.py
[0.894s] -- Installing: /home/kazusa/kazusa/install/launcher/share/launcher//launch/mola_mapping.py
[0.894s] -- Installing: /home/kazusa/kazusa/install/launcher/share/launcher//launch/similator.py
[0.894s] -- Installing: /home/kazusa/kazusa/install/launcher/share/launcher//launch/controller.py
[0.894s] -- Installing: /home/kazusa/kazusa/install/launcher/share/launcher//launch/wheelodom_test.py
[0.894s] -- Installing: /home/kazusa/kazusa/install/launcher/share/launcher//launch/map_test.py
[0.894s] -- Installing: /home/kazusa/kazusa/install/launcher/share/launcher//launch/2026omni_emclsimdum3.py
[0.895s] -- Installing: /home/kazusa/kazusa/install/launcher/share/launcher//launch/2026omni_cartonlysim.py
[0.895s] -- Installing: /home/kazusa/kazusa/install/launcher/share/launcher//launch/2026omni_cart.py
[0.896s] -- Installing: /home/kazusa/kazusa/install/launcher/share/launcher//launch/2026omni_emclsim.py
[0.896s] -- Installing: /home/kazusa/kazusa/install/launcher/share/launcher//launch/2026omni_newpos_r.py
[0.896s] -- Installing: /home/kazusa/kazusa/install/launcher/share/launcher//launch/2026omni_statictest.py
[0.896s] -- Installing: /home/kazusa/kazusa/install/launcher/share/launcher//launch/202689.py
[0.897s] -- Installing: /home/kazusa/kazusa/install/launcher/share/launcher//launch/mola_test.py
[0.897s] -- Installing: /home/kazusa/kazusa/install/launcher/share/launcher//launch/2026omni_emclsimdum2.py
[0.897s] -- Installing: /home/kazusa/kazusa/install/launcher/share/launcher//launch/similator_rf2o.py
[0.897s] -- Installing: /home/kazusa/kazusa/install/launcher/share/launcher//launch/2026omni_emcl_mola_sim.py
[0.898s] -- Installing: /home/kazusa/kazusa/install/launcher/share/ament_index/resource_index/package_run_dependencies/launcher
[0.898s] -- Installing: /home/kazusa/kazusa/install/launcher/share/ament_index/resource_index/parent_prefix_path/launcher
[0.898s] -- Installing: /home/kazusa/kazusa/install/launcher/share/launcher/environment/ament_prefix_path.sh
[0.898s] -- Installing: /home/kazusa/kazusa/install/launcher/share/launcher/environment/ament_prefix_path.dsv
[0.898s] -- Installing: /home/kazusa/kazusa/install/launcher/share/launcher/environment/path.sh
[0.898s] -- Installing: /home/kazusa/kazusa/install/launcher/share/launcher/environment/path.dsv
[0.898s] -- Installing: /home/kazusa/kazusa/install/launcher/share/launcher/local_setup.bash
[0.898s] -- Installing: /home/kazusa/kazusa/install/launcher/share/launcher/local_setup.sh
[0.898s] -- Installing: /home/kazusa/kazusa/install/launcher/share/launcher/local_setup.zsh
[0.898s] -- Installing: /home/kazusa/kazusa/install/launcher/share/launcher/local_setup.dsv
[0.898s] -- Installing: /home/kazusa/kazusa/install/launcher/share/launcher/package.dsv
[0.898s] -- Installing: /home/kazusa/kazusa/install/launcher/share/ament_index/resource_index/packages/launcher
[0.898s] -- Installing: /home/kazusa/kazusa/install/launcher/share/launcher/cmake/launcherConfig.cmake
[0.899s] -- Installing: /home/kazusa/kazusa/install/launcher/share/launcher/cmake/launcherConfig-version.cmake
[0.899s] -- Installing: /home/kazusa/kazusa/install/launcher/share/launcher/package.xml
[0.900s] Invoked command in '/home/kazusa/kazusa/build/launcher' returned '0': CMAKE_PREFIX_PATH=${CMAKE_PREFIX_PATH}:/opt/ros/jazzy DEBUGINFOD_URLS=https://debuginfod.ubuntu.com /usr/bin/cmake --install /home/kazusa/kazusa/build/launcher
