[0.011s] Invoking command in '/home/kazusa/kazusa/build/mast': AMENT_PREFIX_PATH=/home/kazusa/kazusa/install/custom_msgs:/home/kazusa/kazusa/install/controller:${AMENT_PREFIX_PATH} CMAKE_PREFIX_PATH=/home/kazusa/kazusa/install/custom_msgs:/home/kazusa/kazusa/install/controller:/home/kazusa/ros2_deps_ws/install/emcl2:/opt/ros/humble LD_LIBRARY_PATH=/home/kazusa/kazusa/install/custom_msgs/lib:/home/kazusa/kazusa/install/controller/lib:${LD_LIBRARY_PATH} PYTHONPATH=/home/kazusa/kazusa/install/custom_msgs/local/lib/python3.10/dist-packages:/home/kazusa/kazusa/install/controller/local/lib/python3.10/dist-packages:${PYTHONPATH} /usr/bin/cmake --build /home/kazusa/kazusa/build/mast -- -j12 -l12
[0.065s] [ 33%] Built target hoju_node
[0.066s] [ 66%] Built target path_follow_node
[0.068s] [100%] Built target mast_node
[0.083s] Invoked command in '/home/kazusa/kazusa/build/mast' returned '0': AMENT_PREFIX_PATH=/home/kazusa/kazusa/install/custom_msgs:/home/kazusa/kazusa/install/controller:${AMENT_PREFIX_PATH} CMAKE_PREFIX_PATH=/home/kazusa/kazusa/install/custom_msgs:/home/kazusa/kazusa/install/controller:/home/kazusa/ros2_deps_ws/install/emcl2:/opt/ros/humble LD_LIBRARY_PATH=/home/kazusa/kazusa/install/custom_msgs/lib:/home/kazusa/kazusa/install/controller/lib:${LD_LIBRARY_PATH} PYTHONPATH=/home/kazusa/kazusa/install/custom_msgs/local/lib/python3.10/dist-packages:/home/kazusa/kazusa/install/controller/local/lib/python3.10/dist-packages:${PYTHONPATH} /usr/bin/cmake --build /home/kazusa/kazusa/build/mast -- -j12 -l12
[0.085s] Invoking command in '/home/kazusa/kazusa/build/mast': AMENT_PREFIX_PATH=/home/kazusa/kazusa/install/custom_msgs:/home/kazusa/kazusa/install/controller:${AMENT_PREFIX_PATH} CMAKE_PREFIX_PATH=/home/kazusa/kazusa/install/custom_msgs:/home/kazusa/kazusa/install/controller:/home/kazusa/ros2_deps_ws/install/emcl2:/opt/ros/humble LD_LIBRARY_PATH=/home/kazusa/kazusa/install/custom_msgs/lib:/home/kazusa/kazusa/install/controller/lib:${LD_LIBRARY_PATH} PYTHONPATH=/home/kazusa/kazusa/install/custom_msgs/local/lib/python3.10/dist-packages:/home/kazusa/kazusa/install/controller/local/lib/python3.10/dist-packages:${PYTHONPATH} /usr/bin/cmake --install /home/kazusa/kazusa/build/mast
[0.091s] -- Install configuration: ""
[0.092s] -- Execute custom install script
[0.092s] -- Up-to-date symlink: /home/kazusa/kazusa/install/mast/lib/mast/mast_node
[0.092s] -- Up-to-date symlink: /home/kazusa/kazusa/install/mast/lib/mast/hoju_node
[0.093s] -- Up-to-date symlink: /home/kazusa/kazusa/install/mast/lib/mast/path_follow_node
[0.093s] -- Up-to-date symlink: /home/kazusa/kazusa/install/mast/share/mast/path/bucket_to_flag.yaml
[0.093s] -- Up-to-date symlink: /home/kazusa/kazusa/install/mast/share/mast/path/bucket_to_start.yaml
[0.093s] -- Up-to-date symlink: /home/kazusa/kazusa/install/mast/share/mast/path/flag_to_start.yaml
[0.093s] -- Up-to-date symlink: /home/kazusa/kazusa/install/mast/share/mast/path/start_to_bucket.yaml
[0.093s] -- Up-to-date symlink: /home/kazusa/kazusa/install/mast/share/mast/path/start_to_flag.yaml
[0.094s] -- Up-to-date symlink: /home/kazusa/kazusa/install/mast/share/ament_index/resource_index/package_run_dependencies/mast
[0.094s] -- Up-to-date symlink: /home/kazusa/kazusa/install/mast/share/ament_index/resource_index/parent_prefix_path/mast
[0.094s] -- Up-to-date symlink: /home/kazusa/kazusa/install/mast/share/mast/environment/ament_prefix_path.sh
[0.094s] -- Up-to-date symlink: /home/kazusa/kazusa/install/mast/share/mast/environment/ament_prefix_path.dsv
[0.094s] -- Up-to-date symlink: /home/kazusa/kazusa/install/mast/share/mast/environment/path.sh
[0.094s] -- Up-to-date symlink: /home/kazusa/kazusa/install/mast/share/mast/environment/path.dsv
[0.094s] -- Up-to-date symlink: /home/kazusa/kazusa/install/mast/share/mast/local_setup.bash
[0.094s] -- Up-to-date symlink: /home/kazusa/kazusa/install/mast/share/mast/local_setup.sh
[0.094s] -- Up-to-date symlink: /home/kazusa/kazusa/install/mast/share/mast/local_setup.zsh
[0.095s] -- Up-to-date symlink: /home/kazusa/kazusa/install/mast/share/mast/local_setup.dsv
[0.095s] -- Symlinking: /home/kazusa/kazusa/install/mast/share/mast/package.dsv
[0.102s] -- Up-to-date symlink: /home/kazusa/kazusa/install/mast/share/ament_index/resource_index/packages/mast
[0.102s] -- Up-to-date symlink: /home/kazusa/kazusa/install/mast/share/mast/cmake/mastConfig.cmake
[0.102s] -- Up-to-date symlink: /home/kazusa/kazusa/install/mast/share/mast/cmake/mastConfig-version.cmake
[0.102s] -- Up-to-date symlink: /home/kazusa/kazusa/install/mast/share/mast/package.xml
[0.112s] Invoked command in '/home/kazusa/kazusa/build/mast' returned '0': AMENT_PREFIX_PATH=/home/kazusa/kazusa/install/custom_msgs:/home/kazusa/kazusa/install/controller:${AMENT_PREFIX_PATH} CMAKE_PREFIX_PATH=/home/kazusa/kazusa/install/custom_msgs:/home/kazusa/kazusa/install/controller:/home/kazusa/ros2_deps_ws/install/emcl2:/opt/ros/humble LD_LIBRARY_PATH=/home/kazusa/kazusa/install/custom_msgs/lib:/home/kazusa/kazusa/install/controller/lib:${LD_LIBRARY_PATH} PYTHONPATH=/home/kazusa/kazusa/install/custom_msgs/local/lib/python3.10/dist-packages:/home/kazusa/kazusa/install/controller/local/lib/python3.10/dist-packages:${PYTHONPATH} /usr/bin/cmake --install /home/kazusa/kazusa/build/mast
