[0.012s] Invoking command in '/home/kazusa/kazusa/build/mast': CMAKE_PREFIX_PATH=/home/kazusa/kazusa/install/custom_msgs:/home/kazusa/kazusa/install/controller:/home/kazusa/kazusa/install/my_cart2:/home/kazusa/kazusa/install/mola_conf:/home/kazusa/kazusa/install/mast:/home/kazusa/kazusa/install/launcher:/home/kazusa/kazusa/install/esp_agent:/home/kazusa/kazusa/install/controller_src:/home/kazusa/kazusa/install/amcl_config:/home/kazusa/ros2_deps_ws/install/emcl2:/opt/ros/jazzy/opt/gz_sim_vendor:/opt/ros/jazzy/opt/gz_sensors_vendor:/opt/ros/jazzy/opt/gz_physics_vendor:/opt/ros/jazzy/opt/sdformat_vendor:/opt/ros/jazzy/opt/gz_gui_vendor:/opt/ros/jazzy/opt/gz_transport_vendor:/opt/ros/jazzy/opt/gz_rendering_vendor:/opt/ros/jazzy/opt/gz_plugin_vendor:/opt/ros/jazzy/opt/gz_fuel_tools_vendor:/opt/ros/jazzy/opt/gz_msgs_vendor:/opt/ros/jazzy/opt/gz_common_vendor:/opt/ros/jazzy/opt/gz_math_vendor:/opt/ros/jazzy/opt/gz_utils_vendor:/opt/ros/jazzy/opt/gz_tools_vendor:/opt/ros/jazzy/opt/gz_ogre_next_vendor:/opt/ros/jazzy/opt/gz_dartsim_vendor:/opt/ros/jazzy/opt/gz_cmake_vendor:/opt/ros/jazzy DEBUGINFOD_URLS=https://debuginfod.ubuntu.com /usr/bin/cmake --build /home/kazusa/kazusa/build/mast -- -j12 -l12
[0.071s] [ 16%] [32mBuilding CXX object CMakeFiles/mast_node.dir/src/mast.cpp.o[0m
[0.074s] [ 50%] Built target path_follow_node
[0.077s] [ 83%] Built target hoju_node
[8.906s] [100%] [32m[1mLinking CXX executable mast_node[0m
[9.294s] [100%] Built target mast_node
[9.307s] Invoked command in '/home/kazusa/kazusa/build/mast' returned '0': CMAKE_PREFIX_PATH=/home/kazusa/kazusa/install/custom_msgs:/home/kazusa/kazusa/install/controller:/home/kazusa/kazusa/install/my_cart2:/home/kazusa/kazusa/install/mola_conf:/home/kazusa/kazusa/install/mast:/home/kazusa/kazusa/install/launcher:/home/kazusa/kazusa/install/esp_agent:/home/kazusa/kazusa/install/controller_src:/home/kazusa/kazusa/install/amcl_config:/home/kazusa/ros2_deps_ws/install/emcl2:/opt/ros/jazzy/opt/gz_sim_vendor:/opt/ros/jazzy/opt/gz_sensors_vendor:/opt/ros/jazzy/opt/gz_physics_vendor:/opt/ros/jazzy/opt/sdformat_vendor:/opt/ros/jazzy/opt/gz_gui_vendor:/opt/ros/jazzy/opt/gz_transport_vendor:/opt/ros/jazzy/opt/gz_rendering_vendor:/opt/ros/jazzy/opt/gz_plugin_vendor:/opt/ros/jazzy/opt/gz_fuel_tools_vendor:/opt/ros/jazzy/opt/gz_msgs_vendor:/opt/ros/jazzy/opt/gz_common_vendor:/opt/ros/jazzy/opt/gz_math_vendor:/opt/ros/jazzy/opt/gz_utils_vendor:/opt/ros/jazzy/opt/gz_tools_vendor:/opt/ros/jazzy/opt/gz_ogre_next_vendor:/opt/ros/jazzy/opt/gz_dartsim_vendor:/opt/ros/jazzy/opt/gz_cmake_vendor:/opt/ros/jazzy DEBUGINFOD_URLS=https://debuginfod.ubuntu.com /usr/bin/cmake --build /home/kazusa/kazusa/build/mast -- -j12 -l12
[9.308s] Invoking command in '/home/kazusa/kazusa/build/mast': CMAKE_PREFIX_PATH=/home/kazusa/kazusa/install/custom_msgs:/home/kazusa/kazusa/install/controller:/home/kazusa/kazusa/install/my_cart2:/home/kazusa/kazusa/install/mola_conf:/home/kazusa/kazusa/install/mast:/home/kazusa/kazusa/install/launcher:/home/kazusa/kazusa/install/esp_agent:/home/kazusa/kazusa/install/controller_src:/home/kazusa/kazusa/install/amcl_config:/home/kazusa/ros2_deps_ws/install/emcl2:/opt/ros/jazzy/opt/gz_sim_vendor:/opt/ros/jazzy/opt/gz_sensors_vendor:/opt/ros/jazzy/opt/gz_physics_vendor:/opt/ros/jazzy/opt/sdformat_vendor:/opt/ros/jazzy/opt/gz_gui_vendor:/opt/ros/jazzy/opt/gz_transport_vendor:/opt/ros/jazzy/opt/gz_rendering_vendor:/opt/ros/jazzy/opt/gz_plugin_vendor:/opt/ros/jazzy/opt/gz_fuel_tools_vendor:/opt/ros/jazzy/opt/gz_msgs_vendor:/opt/ros/jazzy/opt/gz_common_vendor:/opt/ros/jazzy/opt/gz_math_vendor:/opt/ros/jazzy/opt/gz_utils_vendor:/opt/ros/jazzy/opt/gz_tools_vendor:/opt/ros/jazzy/opt/gz_ogre_next_vendor:/opt/ros/jazzy/opt/gz_dartsim_vendor:/opt/ros/jazzy/opt/gz_cmake_vendor:/opt/ros/jazzy DEBUGINFOD_URLS=https://debuginfod.ubuntu.com /usr/bin/cmake --install /home/kazusa/kazusa/build/mast
[9.317s] -- Install configuration: ""
[9.317s] -- Installing: /home/kazusa/kazusa/install/mast/lib/mast/mast_node
[9.326s] -- Set non-toolchain portion of runtime path of "/home/kazusa/kazusa/install/mast/lib/mast/mast_node" to ""
[9.326s] -- Up-to-date: /home/kazusa/kazusa/install/mast/lib/mast/hoju_node
[9.326s] -- Up-to-date: /home/kazusa/kazusa/install/mast/lib/mast/path_follow_node
[9.326s] -- Up-to-date: /home/kazusa/kazusa/install/mast/share/mast/path
[9.326s] -- Up-to-date: /home/kazusa/kazusa/install/mast/share/mast/path/start_to_flag.yaml
[9.326s] -- Up-to-date: /home/kazusa/kazusa/install/mast/share/mast/path/bucket_to_flag.yaml
[9.326s] -- Up-to-date: /home/kazusa/kazusa/install/mast/share/mast/path/flag_to_start.yaml
[9.326s] -- Up-to-date: /home/kazusa/kazusa/install/mast/share/mast/path/start_to_bucket.yaml
[9.326s] -- Up-to-date: /home/kazusa/kazusa/install/mast/share/mast/path/bucket_to_start.yaml
[9.327s] -- Up-to-date: /home/kazusa/kazusa/install/mast/share/ament_index/resource_index/package_run_dependencies/mast
[9.327s] -- Up-to-date: /home/kazusa/kazusa/install/mast/share/ament_index/resource_index/parent_prefix_path/mast
[9.327s] -- Up-to-date: /home/kazusa/kazusa/install/mast/share/mast/environment/ament_prefix_path.sh
[9.327s] -- Up-to-date: /home/kazusa/kazusa/install/mast/share/mast/environment/ament_prefix_path.dsv
[9.327s] -- Up-to-date: /home/kazusa/kazusa/install/mast/share/mast/environment/path.sh
[9.327s] -- Up-to-date: /home/kazusa/kazusa/install/mast/share/mast/environment/path.dsv
[9.327s] -- Up-to-date: /home/kazusa/kazusa/install/mast/share/mast/local_setup.bash
[9.327s] -- Up-to-date: /home/kazusa/kazusa/install/mast/share/mast/local_setup.sh
[9.327s] -- Up-to-date: /home/kazusa/kazusa/install/mast/share/mast/local_setup.zsh
[9.327s] -- Up-to-date: /home/kazusa/kazusa/install/mast/share/mast/local_setup.dsv
[9.327s] -- Installing: /home/kazusa/kazusa/install/mast/share/mast/package.dsv
[9.327s] -- Up-to-date: /home/kazusa/kazusa/install/mast/share/ament_index/resource_index/packages/mast
[9.327s] -- Up-to-date: /home/kazusa/kazusa/install/mast/share/mast/cmake/mastConfig.cmake
[9.327s] -- Up-to-date: /home/kazusa/kazusa/install/mast/share/mast/cmake/mastConfig-version.cmake
[9.327s] -- Up-to-date: /home/kazusa/kazusa/install/mast/share/mast/package.xml
[9.329s] Invoked command in '/home/kazusa/kazusa/build/mast' returned '0': CMAKE_PREFIX_PATH=/home/kazusa/kazusa/install/custom_msgs:/home/kazusa/kazusa/install/controller:/home/kazusa/kazusa/install/my_cart2:/home/kazusa/kazusa/install/mola_conf:/home/kazusa/kazusa/install/mast:/home/kazusa/kazusa/install/launcher:/home/kazusa/kazusa/install/esp_agent:/home/kazusa/kazusa/install/controller_src:/home/kazusa/kazusa/install/amcl_config:/home/kazusa/ros2_deps_ws/install/emcl2:/opt/ros/jazzy/opt/gz_sim_vendor:/opt/ros/jazzy/opt/gz_sensors_vendor:/opt/ros/jazzy/opt/gz_physics_vendor:/opt/ros/jazzy/opt/sdformat_vendor:/opt/ros/jazzy/opt/gz_gui_vendor:/opt/ros/jazzy/opt/gz_transport_vendor:/opt/ros/jazzy/opt/gz_rendering_vendor:/opt/ros/jazzy/opt/gz_plugin_vendor:/opt/ros/jazzy/opt/gz_fuel_tools_vendor:/opt/ros/jazzy/opt/gz_msgs_vendor:/opt/ros/jazzy/opt/gz_common_vendor:/opt/ros/jazzy/opt/gz_math_vendor:/opt/ros/jazzy/opt/gz_utils_vendor:/opt/ros/jazzy/opt/gz_tools_vendor:/opt/ros/jazzy/opt/gz_ogre_next_vendor:/opt/ros/jazzy/opt/gz_dartsim_vendor:/opt/ros/jazzy/opt/gz_cmake_vendor:/opt/ros/jazzy DEBUGINFOD_URLS=https://debuginfod.ubuntu.com /usr/bin/cmake --install /home/kazusa/kazusa/build/mast
