-- The C compiler identification is GNU 11.4.0
-- The CXX compiler identification is GNU 11.4.0
-- Detecting C compiler ABI info
-- Detecting C compiler ABI info - done
-- Check for working C compiler: /usr/bin/cc - skipped
-- Detecting C compile features
-- Detecting C compile features - done
-- Detecting CXX compiler ABI info
-- Detecting CXX compiler ABI info - done
-- Check for working CXX compiler: /usr/bin/c++ - skipped
-- Detecting CXX compile features
-- Detecting CXX compile features - done
-- Found ament_cmake: 1.3.14 (/opt/ros/humble/share/ament_cmake/cmake)
-- Found Python3: /usr/bin/python3 (found version "3.10.12") found components: Interpreter 
-- Override CMake install command with custom implementation using symlinks instead of copying resources
-- Found ament_lint_auto: 0.12.15 (/opt/ros/humble/share/ament_lint_auto/cmake)
-- Added test 'flake8' to check Python code syntax and style conventions
-- Added test 'lint_cmake' to check CMake code style
-- Added test 'pep257' to check Python code against some of the docstring style conventions in PEP 257
-- Added test 'xmllint' to check XML markup files
-- Configuring done
-- Generating done
[33mCMake Warning:
  Manually-specified variables were not used by the project:

    CMAKE_EXPORT_COMPILE_COMMANDS

[0m
-- Build files have been written to: /home/kazusa/kazusa/build/launcher
-- Install configuration: ""
-- Execute custom install script
-- Symlinking: /home/kazusa/kazusa/install/launcher/share/launcher//launch/202689.py
-- Symlinking: /home/kazusa/kazusa/install/launcher/share/launcher//launch/202689master.py
-- Symlinking: /home/kazusa/kazusa/install/launcher/share/launcher//launch/2026omni_cart.py
-- Symlinking: /home/kazusa/kazusa/install/launcher/share/launcher//launch/2026omni_cartonlysim.py
-- Symlinking: /home/kazusa/kazusa/install/launcher/share/launcher//launch/2026omni_cartsim.py
-- Symlinking: /home/kazusa/kazusa/install/launcher/share/launcher//launch/2026omni_emclsim.py
-- Symlinking: /home/kazusa/kazusa/install/launcher/share/launcher//launch/2026omni_emclsimdum.py
-- Symlinking: /home/kazusa/kazusa/install/launcher/share/launcher//launch/2026omni_emclsimdum2.py
-- Symlinking: /home/kazusa/kazusa/install/launcher/share/launcher//launch/2026omni_emclsimdum3.py
-- Symlinking: /home/kazusa/kazusa/install/launcher/share/launcher//launch/2026omni_emclsimdum4katahou copy.py
-- Symlinking: /home/kazusa/kazusa/install/launcher/share/launcher//launch/2026omni_newpos_b.py
-- Symlinking: /home/kazusa/kazusa/install/launcher/share/launcher//launch/2026omni_newpos_r.py
-- Symlinking: /home/kazusa/kazusa/install/launcher/share/launcher//launch/2026omni_statictest.py
-- Symlinking: /home/kazusa/kazusa/install/launcher/share/launcher//launch/controller.py
-- Symlinking: /home/kazusa/kazusa/install/launcher/share/launcher//launch/map_test.py
-- Symlinking: /home/kazusa/kazusa/install/launcher/share/launcher//launch/mola_mapping.py
-- Symlinking: /home/kazusa/kazusa/install/launcher/share/launcher//launch/mola_test.py
-- Symlinking: /home/kazusa/kazusa/install/launcher/share/launcher//launch/similator.py
-- Symlinking: /home/kazusa/kazusa/install/launcher/share/launcher//launch/similator_merge.py
-- Symlinking: /home/kazusa/kazusa/install/launcher/share/launcher//launch/similator_rf2o.py
-- Symlinking: /home/kazusa/kazusa/install/launcher/share/launcher//launch/temp_frametest.py
-- Symlinking: /home/kazusa/kazusa/install/launcher/share/launcher//launch/temp_frametest_cpp.py
-- Symlinking: /home/kazusa/kazusa/install/launcher/share/launcher//launch/wheelodom_test.py
-- Symlinking: /home/kazusa/kazusa/install/launcher/share/ament_index/resource_index/package_run_dependencies/launcher
-- Symlinking: /home/kazusa/kazusa/install/launcher/share/ament_index/resource_index/parent_prefix_path/launcher
-- Symlinking: /home/kazusa/kazusa/install/launcher/share/launcher/environment/ament_prefix_path.sh
-- Symlinking: /home/kazusa/kazusa/install/launcher/share/launcher/environment/ament_prefix_path.dsv
-- Symlinking: /home/kazusa/kazusa/install/launcher/share/launcher/environment/path.sh
-- Symlinking: /home/kazusa/kazusa/install/launcher/share/launcher/environment/path.dsv
-- Symlinking: /home/kazusa/kazusa/install/launcher/share/launcher/local_setup.bash
-- Symlinking: /home/kazusa/kazusa/install/launcher/share/launcher/local_setup.sh
-- Symlinking: /home/kazusa/kazusa/install/launcher/share/launcher/local_setup.zsh
-- Symlinking: /home/kazusa/kazusa/install/launcher/share/launcher/local_setup.dsv
-- Symlinking: /home/kazusa/kazusa/install/launcher/share/launcher/package.dsv
-- Symlinking: /home/kazusa/kazusa/install/launcher/share/ament_index/resource_index/packages/launcher
-- Symlinking: /home/kazusa/kazusa/install/launcher/share/launcher/cmake/launcherConfig.cmake
-- Symlinking: /home/kazusa/kazusa/install/launcher/share/launcher/cmake/launcherConfig-version.cmake
-- Symlinking: /home/kazusa/kazusa/install/launcher/share/launcher/package.xml
