[0.022s] Invoking command in '/home/kazusa/kazusa/build/launcher': CMAKE_PREFIX_PATH=${CMAKE_PREFIX_PATH}:/opt/ros/humble /usr/bin/cmake /home/kazusa/kazusa/ver0/launcher -DCMAKE_EXPORT_COMPILE_COMMANDS=ON -DAMENT_CMAKE_SYMLINK_INSTALL=1 -DCMAKE_INSTALL_PREFIX=/home/kazusa/kazusa/install/launcher
[0.105s] -- The C compiler identification is GNU 11.4.0
[0.175s] -- The CXX compiler identification is GNU 11.4.0
[0.184s] -- Detecting C compiler ABI info
[0.253s] -- Detecting C compiler ABI info - done
[0.260s] -- Check for working C compiler: /usr/bin/cc - skipped
[0.262s] -- Detecting C compile features
[0.262s] -- Detecting C compile features - done
[0.266s] -- Detecting CXX compiler ABI info
[0.340s] -- Detecting CXX compiler ABI info - done
[0.347s] -- Check for working CXX compiler: /usr/bin/c++ - skipped
[0.347s] -- Detecting CXX compile features
[0.348s] -- Detecting CXX compile features - done
[0.356s] -- Found ament_cmake: 1.3.14 (/opt/ros/humble/share/ament_cmake/cmake)
[0.502s] -- Found Python3: /usr/bin/python3 (found version "3.10.12") found components: Interpreter 
[0.573s] -- Override CMake install command with custom implementation using symlinks instead of copying resources
[0.604s] -- Found ament_lint_auto: 0.12.15 (/opt/ros/humble/share/ament_lint_auto/cmake)
[0.722s] -- Added test 'flake8' to check Python code syntax and style conventions
[0.723s] -- Added test 'lint_cmake' to check CMake code style
[0.724s] -- Added test 'pep257' to check Python code against some of the docstring style conventions in PEP 257
[0.727s] -- Added test 'xmllint' to check XML markup files
[0.728s] -- Configuring done
[0.732s] -- Generating done
[0.733s] [33mCMake Warning:
[0.733s]   Manually-specified variables were not used by the project:
[0.733s] 
[0.733s]     CMAKE_EXPORT_COMPILE_COMMANDS
[0.733s] 
[0.733s] [0m
[0.734s] -- Build files have been written to: /home/kazusa/kazusa/build/launcher
[0.751s] Invoked command in '/home/kazusa/kazusa/build/launcher' returned '0': CMAKE_PREFIX_PATH=${CMAKE_PREFIX_PATH}:/opt/ros/humble /usr/bin/cmake /home/kazusa/kazusa/ver0/launcher -DCMAKE_EXPORT_COMPILE_COMMANDS=ON -DAMENT_CMAKE_SYMLINK_INSTALL=1 -DCMAKE_INSTALL_PREFIX=/home/kazusa/kazusa/install/launcher
[0.753s] Invoking command in '/home/kazusa/kazusa/build/launcher': CMAKE_PREFIX_PATH=${CMAKE_PREFIX_PATH}:/opt/ros/humble /usr/bin/cmake --build /home/kazusa/kazusa/build/launcher -- -j12 -l12
[0.797s] Invoked command in '/home/kazusa/kazusa/build/launcher' returned '0': CMAKE_PREFIX_PATH=${CMAKE_PREFIX_PATH}:/opt/ros/humble /usr/bin/cmake --build /home/kazusa/kazusa/build/launcher -- -j12 -l12
[0.801s] Invoking command in '/home/kazusa/kazusa/build/launcher': CMAKE_PREFIX_PATH=${CMAKE_PREFIX_PATH}:/opt/ros/humble /usr/bin/cmake --install /home/kazusa/kazusa/build/launcher
[0.809s] -- Install configuration: ""
[0.809s] -- Execute custom install script
[0.810s] -- Symlinking: /home/kazusa/kazusa/install/launcher/share/launcher//launch/202689.py
[0.819s] -- Symlinking: /home/kazusa/kazusa/install/launcher/share/launcher//launch/202689master.py
[0.828s] -- Symlinking: /home/kazusa/kazusa/install/launcher/share/launcher//launch/2026omni_cart.py
[0.837s] -- Symlinking: /home/kazusa/kazusa/install/launcher/share/launcher//launch/2026omni_cartonlysim.py
[0.847s] -- Symlinking: /home/kazusa/kazusa/install/launcher/share/launcher//launch/2026omni_cartsim.py
[0.855s] -- Symlinking: /home/kazusa/kazusa/install/launcher/share/launcher//launch/2026omni_emclsim.py
[0.866s] -- Symlinking: /home/kazusa/kazusa/install/launcher/share/launcher//launch/2026omni_emclsimdum.py
[0.876s] -- Symlinking: /home/kazusa/kazusa/install/launcher/share/launcher//launch/2026omni_emclsimdum2.py
[0.884s] -- Symlinking: /home/kazusa/kazusa/install/launcher/share/launcher//launch/2026omni_emclsimdum3.py
[0.892s] -- Symlinking: /home/kazusa/kazusa/install/launcher/share/launcher//launch/2026omni_emclsimdum4katahou copy.py
[0.902s] -- Symlinking: /home/kazusa/kazusa/install/launcher/share/launcher//launch/2026omni_newpos_b.py
[0.911s] -- Symlinking: /home/kazusa/kazusa/install/launcher/share/launcher//launch/2026omni_newpos_r.py
[0.921s] -- Symlinking: /home/kazusa/kazusa/install/launcher/share/launcher//launch/2026omni_statictest.py
[0.932s] -- Symlinking: /home/kazusa/kazusa/install/launcher/share/launcher//launch/controller.py
[0.943s] -- Symlinking: /home/kazusa/kazusa/install/launcher/share/launcher//launch/map_test.py
[0.954s] -- Symlinking: /home/kazusa/kazusa/install/launcher/share/launcher//launch/mola_mapping.py
[0.965s] -- Symlinking: /home/kazusa/kazusa/install/launcher/share/launcher//launch/mola_test.py
[0.975s] -- Symlinking: /home/kazusa/kazusa/install/launcher/share/launcher//launch/similator.py
[0.987s] -- Symlinking: /home/kazusa/kazusa/install/launcher/share/launcher//launch/similator_merge.py
[0.997s] -- Symlinking: /home/kazusa/kazusa/install/launcher/share/launcher//launch/similator_rf2o.py
[1.009s] -- Symlinking: /home/kazusa/kazusa/install/launcher/share/launcher//launch/temp_frametest.py
[1.018s] -- Symlinking: /home/kazusa/kazusa/install/launcher/share/launcher//launch/temp_frametest_cpp.py
[1.027s] -- Symlinking: /home/kazusa/kazusa/install/launcher/share/launcher//launch/wheelodom_test.py
[1.035s] -- Symlinking: /home/kazusa/kazusa/install/launcher/share/ament_index/resource_index/package_run_dependencies/launcher
[1.044s] -- Symlinking: /home/kazusa/kazusa/install/launcher/share/ament_index/resource_index/parent_prefix_path/launcher
[1.056s] -- Symlinking: /home/kazusa/kazusa/install/launcher/share/launcher/environment/ament_prefix_path.sh
[1.065s] -- Symlinking: /home/kazusa/kazusa/install/launcher/share/launcher/environment/ament_prefix_path.dsv
[1.076s] -- Symlinking: /home/kazusa/kazusa/install/launcher/share/launcher/environment/path.sh
[1.084s] -- Symlinking: /home/kazusa/kazusa/install/launcher/share/launcher/environment/path.dsv
[1.092s] -- Symlinking: /home/kazusa/kazusa/install/launcher/share/launcher/local_setup.bash
[1.101s] -- Symlinking: /home/kazusa/kazusa/install/launcher/share/launcher/local_setup.sh
[1.113s] -- Symlinking: /home/kazusa/kazusa/install/launcher/share/launcher/local_setup.zsh
[1.122s] -- Symlinking: /home/kazusa/kazusa/install/launcher/share/launcher/local_setup.dsv
[1.131s] -- Symlinking: /home/kazusa/kazusa/install/launcher/share/launcher/package.dsv
[1.140s] -- Symlinking: /home/kazusa/kazusa/install/launcher/share/ament_index/resource_index/packages/launcher
[1.150s] -- Symlinking: /home/kazusa/kazusa/install/launcher/share/launcher/cmake/launcherConfig.cmake
[1.159s] -- Symlinking: /home/kazusa/kazusa/install/launcher/share/launcher/cmake/launcherConfig-version.cmake
[1.172s] -- Symlinking: /home/kazusa/kazusa/install/launcher/share/launcher/package.xml
