[0.028s] Invoking command in '/home/kazusa/kazusa/build/launcher': CMAKE_PREFIX_PATH=${CMAKE_PREFIX_PATH}:/opt/ros/jazzy DEBUGINFOD_URLS=https://debuginfod.ubuntu.com /usr/bin/cmake /home/kazusa/kazusa/ver0/launcher -DCMAKE_INSTALL_PREFIX=/home/kazusa/kazusa/install/launcher
[0.205s] -- The C compiler identification is GNU 13.3.0
[0.343s] -- The CXX compiler identification is GNU 13.3.0
[0.370s] -- Detecting C compiler ABI info
[0.524s] -- Detecting C compiler ABI info - done
[0.537s] -- Check for working C compiler: /usr/bin/cc - skipped
[0.538s] -- Detecting C compile features
[0.539s] -- Detecting C compile features - done
[0.556s] -- Detecting CXX compiler ABI info
[0.727s] -- Detecting CXX compiler ABI info - done
[0.745s] -- Check for working CXX compiler: /usr/bin/c++ - skipped
[0.746s] -- Detecting CXX compile features
[0.747s] -- Detecting CXX compile features - done
[0.755s] -- Found ament_cmake: 2.5.6 (/opt/ros/jazzy/share/ament_cmake/cmake)
[0.997s] -- Found Python3: /usr/bin/python3 (found version "3.12.3") found components: Interpreter 
[1.236s] -- Found ament_lint_auto: 0.17.5 (/opt/ros/jazzy/share/ament_lint_auto/cmake)
[1.441s] -- Added test 'flake8' to check Python code syntax and style conventions
[1.441s] -- Configured 'flake8' exclude dirs and/or files: 
[1.443s] -- Added test 'lint_cmake' to check CMake code style
[1.445s] -- Added test 'pep257' to check Python code against some of the docstring style conventions in PEP 257
[1.449s] -- Added test 'xmllint' to check XML markup files
[1.451s] -- Configuring done (1.4s)
[1.457s] -- Generating done (0.0s)
[1.461s] -- Build files have been written to: /home/kazusa/kazusa/build/launcher
[1.471s] Invoked command in '/home/kazusa/kazusa/build/launcher' returned '0': CMAKE_PREFIX_PATH=${CMAKE_PREFIX_PATH}:/opt/ros/jazzy DEBUGINFOD_URLS=https://debuginfod.ubuntu.com /usr/bin/cmake /home/kazusa/kazusa/ver0/launcher -DCMAKE_INSTALL_PREFIX=/home/kazusa/kazusa/install/launcher
[1.472s] Invoking command in '/home/kazusa/kazusa/build/launcher': CMAKE_PREFIX_PATH=${CMAKE_PREFIX_PATH}:/opt/ros/jazzy DEBUGINFOD_URLS=https://debuginfod.ubuntu.com /usr/bin/cmake --build /home/kazusa/kazusa/build/launcher -- -j12 -l12
[1.568s] Invoked command in '/home/kazusa/kazusa/build/launcher' returned '0': CMAKE_PREFIX_PATH=${CMAKE_PREFIX_PATH}:/opt/ros/jazzy DEBUGINFOD_URLS=https://debuginfod.ubuntu.com /usr/bin/cmake --build /home/kazusa/kazusa/build/launcher -- -j12 -l12
[1.569s] Invoking command in '/home/kazusa/kazusa/build/launcher': CMAKE_PREFIX_PATH=${CMAKE_PREFIX_PATH}:/opt/ros/jazzy DEBUGINFOD_URLS=https://debuginfod.ubuntu.com /usr/bin/cmake --install /home/kazusa/kazusa/build/launcher
[1.585s] -- Install configuration: ""
[1.586s] -- Installing: /home/kazusa/kazusa/install/launcher/share/launcher//launch
[1.586s] -- Installing: /home/kazusa/kazusa/install/launcher/share/launcher//launch/2026omni_cartsim.py
[1.586s] -- Installing: /home/kazusa/kazusa/install/launcher/share/launcher//launch/202689master.py
[1.588s] -- Installing: /home/kazusa/kazusa/install/launcher/share/launcher//launch/2026omni_newpos_b.py
[1.588s] -- Installing: /home/kazusa/kazusa/install/launcher/share/launcher//launch/similator_merge.py
[1.588s] -- Installing: /home/kazusa/kazusa/install/launcher/share/launcher//launch/temp_frametest_cpp.py
[1.588s] -- Installing: /home/kazusa/kazusa/install/launcher/share/launcher//launch/2026omni_emclsimdum.py
[1.588s] -- Installing: /home/kazusa/kazusa/install/launcher/share/launcher//launch/temp_frametest.py
[1.589s] -- Installing: /home/kazusa/kazusa/install/launcher/share/launcher//launch/2026omni_emclsimdum4katahou copy.py
[1.589s] -- Installing: /home/kazusa/kazusa/install/launcher/share/launcher//launch/mola_mapping.py
[1.589s] -- Installing: /home/kazusa/kazusa/install/launcher/share/launcher//launch/similator.py
[1.589s] -- Installing: /home/kazusa/kazusa/install/launcher/share/launcher//launch/controller.py
[1.589s] -- Installing: /home/kazusa/kazusa/install/launcher/share/launcher//launch/wheelodom_test.py
[1.590s] -- Installing: /home/kazusa/kazusa/install/launcher/share/launcher//launch/map_test.py
[1.590s] -- Installing: /home/kazusa/kazusa/install/launcher/share/launcher//launch/2026omni_emclsimdum3.py
[1.590s] -- Installing: /home/kazusa/kazusa/install/launcher/share/launcher//launch/2026omni_cartonlysim.py
[1.591s] -- Installing: /home/kazusa/kazusa/install/launcher/share/launcher//launch/2026omni_cart.py
[1.591s] -- Installing: /home/kazusa/kazusa/install/launcher/share/launcher//launch/2026omni_emclsim.py
[1.591s] -- Installing: /home/kazusa/kazusa/install/launcher/share/launcher//launch/2026omni_newpos_r.py
[1.591s] -- Installing: /home/kazusa/kazusa/install/launcher/share/launcher//launch/2026omni_statictest.py
[1.591s] -- Installing: /home/kazusa/kazusa/install/launcher/share/launcher//launch/202689.py
[1.592s] -- Installing: /home/kazusa/kazusa/install/launcher/share/launcher//launch/mola_test.py
[1.592s] -- Installing: /home/kazusa/kazusa/install/launcher/share/launcher//launch/2026omni_emclsimdum2.py
[1.592s] -- Installing: /home/kazusa/kazusa/install/launcher/share/launcher//launch/similator_rf2o.py
[1.592s] -- Installing: /home/kazusa/kazusa/install/launcher/share/ament_index/resource_index/package_run_dependencies/launcher
[1.592s] -- Installing: /home/kazusa/kazusa/install/launcher/share/ament_index/resource_index/parent_prefix_path/launcher
[1.593s] -- Installing: /home/kazusa/kazusa/install/launcher/share/launcher/environment/ament_prefix_path.sh
[1.593s] -- Installing: /home/kazusa/kazusa/install/launcher/share/launcher/environment/ament_prefix_path.dsv
[1.593s] -- Installing: /home/kazusa/kazusa/install/launcher/share/launcher/environment/path.sh
[1.594s] -- Installing: /home/kazusa/kazusa/install/launcher/share/launcher/environment/path.dsv
[1.594s] -- Installing: /home/kazusa/kazusa/install/launcher/share/launcher/local_setup.bash
[1.594s] -- Installing: /home/kazusa/kazusa/install/launcher/share/launcher/local_setup.sh
[1.594s] -- Installing: /home/kazusa/kazusa/install/launcher/share/launcher/local_setup.zsh
[1.595s] -- Installing: /home/kazusa/kazusa/install/launcher/share/launcher/local_setup.dsv
[1.595s] -- Installing: /home/kazusa/kazusa/install/launcher/share/launcher/package.dsv
[1.596s] -- Installing: /home/kazusa/kazusa/install/launcher/share/ament_index/resource_index/packages/launcher
[1.596s] -- Installing: /home/kazusa/kazusa/install/launcher/share/launcher/cmake/launcherConfig.cmake
[1.596s] -- Installing: /home/kazusa/kazusa/install/launcher/share/launcher/cmake/launcherConfig-version.cmake
[1.596s] -- Installing: /home/kazusa/kazusa/install/launcher/share/launcher/package.xml
[1.600s] Invoked command in '/home/kazusa/kazusa/build/launcher' returned '0': CMAKE_PREFIX_PATH=${CMAKE_PREFIX_PATH}:/opt/ros/jazzy DEBUGINFOD_URLS=https://debuginfod.ubuntu.com /usr/bin/cmake --install /home/kazusa/kazusa/build/launcher
