[0.031s] Invoking command in '/home/kazusa/kazusa/build/controller': CMAKE_PREFIX_PATH=${CMAKE_PREFIX_PATH}:/opt/ros/jazzy DEBUGINFOD_URLS=https://debuginfod.ubuntu.com /usr/bin/cmake --build /home/kazusa/kazusa/build/controller -- -j12 -l12
[0.079s] -- Found ament_cmake: 2.5.6 (/opt/ros/jazzy/share/ament_cmake/cmake)
[0.207s] -- Found rosidl_default_generators: 1.6.1 (/opt/ros/jazzy/share/rosidl_default_generators/cmake)
[0.212s] -- Using all available rosidl_typesupport_c: rosidl_typesupport_fastrtps_c;rosidl_typesupport_introspection_c
[0.255s] -- Using all available rosidl_typesupport_cpp: rosidl_typesupport_fastrtps_cpp;rosidl_typesupport_introspection_cpp
[0.295s] -- Found rosidl_adapter: 4.6.9 (/opt/ros/jazzy/share/rosidl_adapter/cmake)
[0.298s] -- Found std_msgs: 5.3.8 (/opt/ros/jazzy/share/std_msgs/cmake)
[0.327s] -- Found ament_lint_auto: 0.17.5 (/opt/ros/jazzy/share/ament_lint_auto/cmake)
[0.559s] -- Found ament_cmake_ros: 0.12.1 (/opt/ros/jazzy/share/ament_cmake_ros/cmake)
[0.669s] -- Using all available rosidl_typesupport_c: rosidl_typesupport_fastrtps_c;rosidl_typesupport_introspection_c
[0.809s] -- Using all available rosidl_typesupport_cpp: rosidl_typesupport_fastrtps_cpp;rosidl_typesupport_introspection_cpp
[0.812s] -- Found python_cmake_module: 0.11.1 (/opt/ros/jazzy/share/python_cmake_module/cmake)
[1.093s] -- Found Python3: /usr/bin/python3 (found version "3.12.3") found components: Interpreter Development NumPy Development.Module Development.Embed 
[1.158s] -- Found Python3: /usr/bin/python3 (found version "3.12.3") found components: Interpreter 
[1.166s] -- Added test 'lint_cmake' to check CMake code style
[1.167s] -- Added test 'xmllint' to check XML markup files
[1.175s] -- Configuring done (1.1s)
[1.234s] -- Generating done (0.0s)
[1.249s] -- Build files have been written to: /home/kazusa/kazusa/build/controller
[1.293s] [  5%] [34m[1mGenerating type hashes for ROS interfaces[0m
[1.294s] [  5%] [34m[1mGenerating Rust code for ROS interfaces[0m
[1.310s] [  5%] Built target ament_cmake_python_copy_controller
[1.487s] running egg_info
[1.499s] writing controller.egg-info/PKG-INFO
[1.499s] writing dependency_links to controller.egg-info/dependency_links.txt
[1.499s] writing top-level names to controller.egg-info/top_level.txt
[1.512s] [  5%] Built target controller__rs
[1.514s] [  5%] Built target controller__rosidl_generator_type_description
[1.526s] [  8%] [34m[1mGenerating C code for ROS interfaces[0m
[1.536s] reading manifest file 'controller.egg-info/SOURCES.txt'
[1.536s] writing manifest file 'controller.egg-info/SOURCES.txt'
[1.539s] [ 11%] [34m[1mGenerating C++ code for ROS interfaces[0m
[1.570s] [ 11%] Built target ament_cmake_python_build_controller_egg
[1.793s] [ 17%] [32mBuilding C object CMakeFiles/controller__rosidl_generator_c.dir/rosidl_generator_c/controller/msg/detail/controller__functions.c.o[0m
[1.793s] [ 17%] [32mBuilding C object CMakeFiles/controller__rosidl_generator_c.dir/rosidl_generator_c/controller/msg/detail/controller__description.c.o[0m
[1.793s] [ 20%] [32mBuilding C object CMakeFiles/controller__rosidl_generator_c.dir/rosidl_generator_c/controller/msg/detail/controller__type_support.c.o[0m
[1.813s] [ 20%] Built target controller__cpp
[1.901s] [ 22%] [32m[1mLinking C shared library libcontroller__rosidl_generator_c.so[0m
[1.959s] [ 22%] Built target controller__rosidl_generator_c
[1.973s] [ 31%] [34m[1mGenerating C++ type support dispatch for ROS interfaces[0m
[1.973s] [ 31%] [34m[1mGenerating C type support dispatch for ROS interfaces[0m
[1.973s] [ 31%] [34m[1mGenerating C type support for eProsima Fast-RTPS[0m
[1.973s] [ 34%] [34m[1mGenerating C++ type support for eProsima Fast-RTPS[0m
[1.974s] [ 37%] [34m[1mGenerating C introspection for ROS interfaces[0m
[1.975s] [ 40%] [34m[1mGenerating C++ introspection for ROS interfaces[0m
[2.200s] [ 42%] [32mBuilding CXX object CMakeFiles/controller__rosidl_typesupport_cpp.dir/rosidl_typesupport_cpp/controller/msg/controller__type_support.cpp.o[0m
[2.283s] [ 45%] [32mBuilding CXX object CMakeFiles/controller__rosidl_typesupport_introspection_cpp.dir/rosidl_typesupport_introspection_cpp/controller/msg/detail/controller__type_support.cpp.o[0m
[2.298s] [ 48%] [32mBuilding CXX object CMakeFiles/controller__rosidl_typesupport_c.dir/rosidl_typesupport_c/controller/msg/controller__type_support.cpp.o[0m
[2.302s] [ 51%] [32mBuilding C object CMakeFiles/controller__rosidl_typesupport_introspection_c.dir/rosidl_typesupport_introspection_c/controller/msg/detail/controller__type_support.c.o[0m
[2.322s] [ 54%] [32mBuilding CXX object CMakeFiles/controller__rosidl_typesupport_fastrtps_c.dir/rosidl_typesupport_fastrtps_c/controller/msg/detail/controller__type_support_c.cpp.o[0m
[2.344s] [ 60%] [32mBuilding CXX object CMakeFiles/controller__rosidl_typesupport_fastrtps_cpp.dir/rosidl_typesupport_fastrtps_cpp/controller/msg/detail/dds_fastrtps/controller__type_support.cpp.o[0m
[2.344s] [ 60%] [32m[1mLinking C shared library libcontroller__rosidl_typesupport_introspection_c.so[0m
[2.371s] [ 62%] [32m[1mLinking CXX shared library libcontroller__rosidl_typesupport_c.so[0m
[2.384s] [ 62%] Built target controller__rosidl_typesupport_introspection_c
[2.422s] [ 62%] Built target controller__rosidl_typesupport_c
[2.530s] [ 65%] [32m[1mLinking CXX shared library libcontroller__rosidl_typesupport_introspection_cpp.so[0m
[2.550s] [ 68%] [32m[1mLinking CXX shared library libcontroller__rosidl_typesupport_cpp.so[0m
[2.589s] [ 68%] Built target controller__rosidl_typesupport_introspection_cpp
[2.596s] [ 68%] Built target controller__rosidl_typesupport_cpp
[2.716s] [ 71%] [32m[1mLinking CXX shared library libcontroller__rosidl_typesupport_fastrtps_c.so[0m
[2.738s] [ 74%] [32m[1mLinking CXX shared library libcontroller__rosidl_typesupport_fastrtps_cpp.so[0m
[2.804s] [ 74%] Built target controller__rosidl_typesupport_fastrtps_c
[2.826s] [ 74%] Built target controller__rosidl_typesupport_fastrtps_cpp
[2.851s] [ 74%] Built target controller
[2.877s] [ 77%] [34m[1mGenerating Python code for ROS interfaces[0m
[3.157s] [ 77%] Built target controller__py
[3.186s] [ 80%] [32mBuilding C object CMakeFiles/controller__rosidl_generator_py.dir/rosidl_generator_py/controller/msg/_controller_s.c.o[0m
[3.329s] [ 82%] [32m[1mLinking C shared library libcontroller__rosidl_generator_py.so[0m
[3.370s] [ 82%] Built target controller__rosidl_generator_py
[3.394s] [ 85%] [32mBuilding C object CMakeFiles/controller_s__rosidl_typesupport_c.dir/rosidl_generator_py/controller/_controller_s.ep.rosidl_typesupport_c.c.o[0m
[3.394s] [ 88%] [32mBuilding C object CMakeFiles/controller_s__rosidl_typesupport_introspection_c.dir/rosidl_generator_py/controller/_controller_s.ep.rosidl_typesupport_introspection_c.c.o[0m
[3.394s] [ 91%] [32mBuilding C object CMakeFiles/controller_s__rosidl_typesupport_fastrtps_c.dir/rosidl_generator_py/controller/_controller_s.ep.rosidl_typesupport_fastrtps_c.c.o[0m
[3.469s] [ 94%] [32m[1mLinking C shared module rosidl_generator_py/controller/controller_s__rosidl_typesupport_introspection_c.so[0m
[3.472s] [ 97%] [32m[1mLinking C shared module rosidl_generator_py/controller/controller_s__rosidl_typesupport_fastrtps_c.so[0m
[3.488s] [100%] [32m[1mLinking C shared module rosidl_generator_py/controller/controller_s__rosidl_typesupport_c.so[0m
[3.505s] [100%] Built target controller_s__rosidl_typesupport_introspection_c
[3.506s] [100%] Built target controller_s__rosidl_typesupport_fastrtps_c
[3.514s] [100%] Built target controller_s__rosidl_typesupport_c
[3.528s] Invoked command in '/home/kazusa/kazusa/build/controller' returned '0': CMAKE_PREFIX_PATH=${CMAKE_PREFIX_PATH}:/opt/ros/jazzy DEBUGINFOD_URLS=https://debuginfod.ubuntu.com /usr/bin/cmake --build /home/kazusa/kazusa/build/controller -- -j12 -l12
[3.529s] Invoking command in '/home/kazusa/kazusa/build/controller': CMAKE_PREFIX_PATH=${CMAKE_PREFIX_PATH}:/opt/ros/jazzy DEBUGINFOD_URLS=https://debuginfod.ubuntu.com /usr/bin/cmake --install /home/kazusa/kazusa/build/controller
[3.537s] -- Install configuration: ""
[3.538s] -- Up-to-date: /home/kazusa/kazusa/install/controller/share/ament_index/resource_index/rosidl_interfaces/controller
[3.538s] -- Installing: /home/kazusa/kazusa/install/controller/share/controller/msg/Controller.json
[3.538s] -- Up-to-date: /home/kazusa/kazusa/install/controller/include/controller/controller
[3.538s] -- Up-to-date: /home/kazusa/kazusa/install/controller/include/controller/controller/msg
[3.538s] -- Up-to-date: /home/kazusa/kazusa/install/controller/include/controller/controller/msg/rosidl_generator_c__visibility_control.h
[3.538s] -- Installing: /home/kazusa/kazusa/install/controller/include/controller/controller/msg/controller.h
[3.538s] -- Up-to-date: /home/kazusa/kazusa/install/controller/include/controller/controller/msg/detail
[3.538s] -- Installing: /home/kazusa/kazusa/install/controller/include/controller/controller/msg/detail/controller__type_support.c
[3.538s] -- Installing: /home/kazusa/kazusa/install/controller/include/controller/controller/msg/detail/controller__functions.h
[3.539s] -- Installing: /home/kazusa/kazusa/install/controller/include/controller/controller/msg/detail/controller__functions.c
[3.539s] -- Installing: /home/kazusa/kazusa/install/controller/include/controller/controller/msg/detail/controller__type_support.h
[3.539s] -- Installing: /home/kazusa/kazusa/install/controller/include/controller/controller/msg/detail/controller__description.c
[3.539s] -- Installing: /home/kazusa/kazusa/install/controller/include/controller/controller/msg/detail/controller__struct.h
[3.539s] -- Up-to-date: /home/kazusa/kazusa/install/controller/share/controller/environment/library_path.sh
[3.539s] -- Up-to-date: /home/kazusa/kazusa/install/controller/share/controller/environment/library_path.dsv
[3.540s] -- Installing: /home/kazusa/kazusa/install/controller/lib/libcontroller__rosidl_generator_c.so
[3.541s] -- Set non-toolchain portion of runtime path of "/home/kazusa/kazusa/install/controller/lib/libcontroller__rosidl_generator_c.so" to ""
[3.541s] -- Up-to-date: /home/kazusa/kazusa/install/controller/include/controller/controller
[3.541s] -- Up-to-date: /home/kazusa/kazusa/install/controller/include/controller/controller/msg
[3.541s] -- Up-to-date: /home/kazusa/kazusa/install/controller/include/controller/controller/msg/detail
[3.541s] -- Installing: /home/kazusa/kazusa/install/controller/include/controller/controller/msg/detail/controller__rosidl_typesupport_fastrtps_c.h
[3.541s] -- Up-to-date: /home/kazusa/kazusa/install/controller/include/controller/controller/msg/rosidl_typesupport_fastrtps_c__visibility_control.h
[3.542s] -- Installing: /home/kazusa/kazusa/install/controller/lib/libcontroller__rosidl_typesupport_fastrtps_c.so
[3.542s] -- Set non-toolchain portion of runtime path of "/home/kazusa/kazusa/install/controller/lib/libcontroller__rosidl_typesupport_fastrtps_c.so" to ""
[3.542s] -- Up-to-date: /home/kazusa/kazusa/install/controller/include/controller/controller
[3.542s] -- Up-to-date: /home/kazusa/kazusa/install/controller/include/controller/controller/msg
[3.542s] -- Up-to-date: /home/kazusa/kazusa/install/controller/include/controller/controller/msg/rosidl_typesupport_introspection_c__visibility_control.h
[3.542s] -- Up-to-date: /home/kazusa/kazusa/install/controller/include/controller/controller/msg/detail
[3.542s] -- Up-to-date: /home/kazusa/kazusa/install/controller/include/controller/controller/msg/detail/controller__type_support.c
[3.542s] -- Installing: /home/kazusa/kazusa/install/controller/include/controller/controller/msg/detail/controller__rosidl_typesupport_introspection_c.h
[3.543s] -- Installing: /home/kazusa/kazusa/install/controller/lib/libcontroller__rosidl_typesupport_introspection_c.so
[3.543s] -- Set non-toolchain portion of runtime path of "/home/kazusa/kazusa/install/controller/lib/libcontroller__rosidl_typesupport_introspection_c.so" to ""
[3.543s] -- Installing: /home/kazusa/kazusa/install/controller/lib/libcontroller__rosidl_typesupport_c.so
[3.544s] -- Set non-toolchain portion of runtime path of "/home/kazusa/kazusa/install/controller/lib/libcontroller__rosidl_typesupport_c.so" to ""
[3.544s] -- Up-to-date: /home/kazusa/kazusa/install/controller/include/controller/controller
[3.544s] -- Up-to-date: /home/kazusa/kazusa/install/controller/include/controller/controller/msg
[3.544s] -- Up-to-date: /home/kazusa/kazusa/install/controller/include/controller/controller/msg/detail
[3.544s] -- Installing: /home/kazusa/kazusa/install/controller/include/controller/controller/msg/detail/controller__struct.hpp
[3.544s] -- Installing: /home/kazusa/kazusa/install/controller/include/controller/controller/msg/detail/controller__traits.hpp
[3.544s] -- Installing: /home/kazusa/kazusa/install/controller/include/controller/controller/msg/detail/controller__type_support.hpp
[3.544s] -- Installing: /home/kazusa/kazusa/install/controller/include/controller/controller/msg/detail/controller__builder.hpp
[3.544s] -- Installing: /home/kazusa/kazusa/install/controller/include/controller/controller/msg/controller.hpp
[3.544s] -- Installing: /home/kazusa/kazusa/install/controller/include/controller/controller/msg/rosidl_generator_cpp__visibility_control.hpp
[3.544s] -- Up-to-date: /home/kazusa/kazusa/install/controller/include/controller/controller
[3.544s] -- Up-to-date: /home/kazusa/kazusa/install/controller/include/controller/controller/msg
[3.544s] -- Up-to-date: /home/kazusa/kazusa/install/controller/include/controller/controller/msg/detail
[3.544s] -- Up-to-date: /home/kazusa/kazusa/install/controller/include/controller/controller/msg/detail/dds_fastrtps
[3.545s] -- Installing: /home/kazusa/kazusa/install/controller/include/controller/controller/msg/detail/controller__rosidl_typesupport_fastrtps_cpp.hpp
[3.545s] -- Up-to-date: /home/kazusa/kazusa/install/controller/include/controller/controller/msg/rosidl_typesupport_fastrtps_cpp__visibility_control.h
[3.545s] -- Installing: /home/kazusa/kazusa/install/controller/lib/libcontroller__rosidl_typesupport_fastrtps_cpp.so
[3.545s] -- Set non-toolchain portion of runtime path of "/home/kazusa/kazusa/install/controller/lib/libcontroller__rosidl_typesupport_fastrtps_cpp.so" to ""
[3.545s] -- Up-to-date: /home/kazusa/kazusa/install/controller/include/controller/controller
[3.545s] -- Up-to-date: /home/kazusa/kazusa/install/controller/include/controller/controller/msg
[3.545s] -- Up-to-date: /home/kazusa/kazusa/install/controller/include/controller/controller/msg/detail
[3.545s] -- Installing: /home/kazusa/kazusa/install/controller/include/controller/controller/msg/detail/controller__type_support.cpp
[3.546s] -- Installing: /home/kazusa/kazusa/install/controller/include/controller/controller/msg/detail/controller__rosidl_typesupport_introspection_cpp.hpp
[3.546s] -- Installing: /home/kazusa/kazusa/install/controller/lib/libcontroller__rosidl_typesupport_introspection_cpp.so
[3.546s] -- Set non-toolchain portion of runtime path of "/home/kazusa/kazusa/install/controller/lib/libcontroller__rosidl_typesupport_introspection_cpp.so" to ""
[3.547s] -- Installing: /home/kazusa/kazusa/install/controller/lib/libcontroller__rosidl_typesupport_cpp.so
[3.547s] -- Set non-toolchain portion of runtime path of "/home/kazusa/kazusa/install/controller/lib/libcontroller__rosidl_typesupport_cpp.so" to ""
[3.547s] -- Up-to-date: /home/kazusa/kazusa/install/controller/share/controller/environment/pythonpath.sh
[3.547s] -- Up-to-date: /home/kazusa/kazusa/install/controller/share/controller/environment/pythonpath.dsv
[3.547s] -- Up-to-date: /home/kazusa/kazusa/install/controller/lib/python3.12/site-packages/controller-0.0.0-py3.12.egg-info
[3.547s] -- Installing: /home/kazusa/kazusa/install/controller/lib/python3.12/site-packages/controller-0.0.0-py3.12.egg-info/top_level.txt
[3.547s] -- Installing: /home/kazusa/kazusa/install/controller/lib/python3.12/site-packages/controller-0.0.0-py3.12.egg-info/SOURCES.txt
[3.547s] -- Installing: /home/kazusa/kazusa/install/controller/lib/python3.12/site-packages/controller-0.0.0-py3.12.egg-info/PKG-INFO
[3.548s] -- Installing: /home/kazusa/kazusa/install/controller/lib/python3.12/site-packages/controller-0.0.0-py3.12.egg-info/dependency_links.txt
[3.548s] -- Up-to-date: /home/kazusa/kazusa/install/controller/lib/python3.12/site-packages/controller
[3.548s] -- Installing: /home/kazusa/kazusa/install/controller/lib/python3.12/site-packages/controller/_controller_s.ep.rosidl_typesupport_c.c
[3.548s] -- Installing: /home/kazusa/kazusa/install/controller/lib/python3.12/site-packages/controller/__init__.py
[3.548s] -- Installing: /home/kazusa/kazusa/install/controller/lib/python3.12/site-packages/controller/_controller_s.ep.rosidl_typesupport_fastrtps_c.c
[3.548s] -- Up-to-date: /home/kazusa/kazusa/install/controller/lib/python3.12/site-packages/controller/msg
[3.548s] -- Installing: /home/kazusa/kazusa/install/controller/lib/python3.12/site-packages/controller/msg/__init__.py
[3.548s] -- Installing: /home/kazusa/kazusa/install/controller/lib/python3.12/site-packages/controller/msg/_controller_s.c
[3.548s] -- Installing: /home/kazusa/kazusa/install/controller/lib/python3.12/site-packages/controller/msg/_controller.py
[3.548s] -- Installing: /home/kazusa/kazusa/install/controller/lib/python3.12/site-packages/controller/_controller_s.ep.rosidl_typesupport_introspection_c.c
[3.548s] -- Installing: /home/kazusa/kazusa/install/controller/lib/python3.12/site-packages/controller/controller_s__rosidl_typesupport_fastrtps_c.so
[3.549s] -- Installing: /home/kazusa/kazusa/install/controller/lib/python3.12/site-packages/controller/controller_s__rosidl_typesupport_introspection_c.so
[3.549s] -- Installing: /home/kazusa/kazusa/install/controller/lib/python3.12/site-packages/controller/controller_s__rosidl_typesupport_c.so
[3.586s] Listing '/home/kazusa/kazusa/install/controller/lib/python3.12/site-packages/controller'...
[3.586s] Compiling '/home/kazusa/kazusa/install/controller/lib/python3.12/site-packages/controller/__init__.py'...
[3.586s] Listing '/home/kazusa/kazusa/install/controller/lib/python3.12/site-packages/controller/msg'...
[3.586s] Compiling '/home/kazusa/kazusa/install/controller/lib/python3.12/site-packages/controller/msg/__init__.py'...
[3.586s] Compiling '/home/kazusa/kazusa/install/controller/lib/python3.12/site-packages/controller/msg/_controller.py'...
[3.592s] -- Installing: /home/kazusa/kazusa/install/controller/lib/python3.12/site-packages/controller/controller_s__rosidl_typesupport_fastrtps_c.so
[3.592s] -- Set non-toolchain portion of runtime path of "/home/kazusa/kazusa/install/controller/lib/python3.12/site-packages/controller/controller_s__rosidl_typesupport_fastrtps_c.so" to ""
[3.592s] -- Installing: /home/kazusa/kazusa/install/controller/lib/python3.12/site-packages/controller/controller_s__rosidl_typesupport_introspection_c.so
[3.593s] -- Set non-toolchain portion of runtime path of "/home/kazusa/kazusa/install/controller/lib/python3.12/site-packages/controller/controller_s__rosidl_typesupport_introspection_c.so" to ""
[3.593s] -- Installing: /home/kazusa/kazusa/install/controller/lib/python3.12/site-packages/controller/controller_s__rosidl_typesupport_c.so
[3.593s] -- Set non-toolchain portion of runtime path of "/home/kazusa/kazusa/install/controller/lib/python3.12/site-packages/controller/controller_s__rosidl_typesupport_c.so" to ""
[3.594s] -- Installing: /home/kazusa/kazusa/install/controller/lib/libcontroller__rosidl_generator_py.so
[3.594s] -- Set non-toolchain portion of runtime path of "/home/kazusa/kazusa/install/controller/lib/libcontroller__rosidl_generator_py.so" to ""
[3.595s] -- Up-to-date: /home/kazusa/kazusa/install/controller/share/ament_index/resource_index/rust_packages/controller
[3.595s] -- Up-to-date: /home/kazusa/kazusa/install/controller/share/controller/rust
[3.595s] -- Installing: /home/kazusa/kazusa/install/controller/share/controller/rust/Cargo.toml
[3.595s] -- Up-to-date: /home/kazusa/kazusa/install/controller/share/controller/rust/src
[3.595s] -- Up-to-date: /home/kazusa/kazusa/install/controller/share/controller/rust/src/msg
[3.595s] -- Installing: /home/kazusa/kazusa/install/controller/share/controller/rust/src/msg/rmw.rs
[3.595s] -- Installing: /home/kazusa/kazusa/install/controller/share/controller/rust/src/msg.rs
[3.595s] -- Installing: /home/kazusa/kazusa/install/controller/share/controller/rust/src/lib.rs
[3.596s] -- Installing: /home/kazusa/kazusa/install/controller/share/controller/rust/build.rs
[3.596s] -- Installing: /home/kazusa/kazusa/install/controller/share/controller/msg/Controller.idl
[3.596s] -- Installing: /home/kazusa/kazusa/install/controller/share/controller/msg/Controller.msg
[3.596s] -- Up-to-date: /home/kazusa/kazusa/install/controller/share/ament_index/resource_index/package_run_dependencies/controller
[3.596s] -- Up-to-date: /home/kazusa/kazusa/install/controller/share/ament_index/resource_index/parent_prefix_path/controller
[3.596s] -- Up-to-date: /home/kazusa/kazusa/install/controller/share/controller/environment/ament_prefix_path.sh
[3.597s] -- Up-to-date: /home/kazusa/kazusa/install/controller/share/controller/environment/ament_prefix_path.dsv
[3.597s] -- Up-to-date: /home/kazusa/kazusa/install/controller/share/controller/environment/path.sh
[3.597s] -- Up-to-date: /home/kazusa/kazusa/install/controller/share/controller/environment/path.dsv
[3.597s] -- Up-to-date: /home/kazusa/kazusa/install/controller/share/controller/local_setup.bash
[3.597s] -- Up-to-date: /home/kazusa/kazusa/install/controller/share/controller/local_setup.sh
[3.597s] -- Up-to-date: /home/kazusa/kazusa/install/controller/share/controller/local_setup.zsh
[3.597s] -- Up-to-date: /home/kazusa/kazusa/install/controller/share/controller/local_setup.dsv
[3.597s] -- Installing: /home/kazusa/kazusa/install/controller/share/controller/package.dsv
[3.597s] -- Up-to-date: /home/kazusa/kazusa/install/controller/share/ament_index/resource_index/packages/controller
[3.597s] -- Up-to-date: /home/kazusa/kazusa/install/controller/share/controller/cmake/export_controller__rosidl_generator_cExport.cmake
[3.597s] -- Up-to-date: /home/kazusa/kazusa/install/controller/share/controller/cmake/export_controller__rosidl_generator_cExport-noconfig.cmake
[3.598s] -- Up-to-date: /home/kazusa/kazusa/install/controller/share/controller/cmake/export_controller__rosidl_typesupport_fastrtps_cExport.cmake
[3.598s] -- Up-to-date: /home/kazusa/kazusa/install/controller/share/controller/cmake/export_controller__rosidl_typesupport_fastrtps_cExport-noconfig.cmake
[3.598s] -- Up-to-date: /home/kazusa/kazusa/install/controller/share/controller/cmake/controller__rosidl_typesupport_introspection_cExport.cmake
[3.598s] -- Up-to-date: /home/kazusa/kazusa/install/controller/share/controller/cmake/controller__rosidl_typesupport_introspection_cExport-noconfig.cmake
[3.599s] -- Up-to-date: /home/kazusa/kazusa/install/controller/share/controller/cmake/controller__rosidl_typesupport_cExport.cmake
[3.599s] -- Up-to-date: /home/kazusa/kazusa/install/controller/share/controller/cmake/controller__rosidl_typesupport_cExport-noconfig.cmake
[3.599s] -- Up-to-date: /home/kazusa/kazusa/install/controller/share/controller/cmake/export_controller__rosidl_generator_cppExport.cmake
[3.599s] -- Up-to-date: /home/kazusa/kazusa/install/controller/share/controller/cmake/export_controller__rosidl_typesupport_fastrtps_cppExport.cmake
[3.599s] -- Up-to-date: /home/kazusa/kazusa/install/controller/share/controller/cmake/export_controller__rosidl_typesupport_fastrtps_cppExport-noconfig.cmake
[3.599s] -- Up-to-date: /home/kazusa/kazusa/install/controller/share/controller/cmake/controller__rosidl_typesupport_introspection_cppExport.cmake
[3.599s] -- Up-to-date: /home/kazusa/kazusa/install/controller/share/controller/cmake/controller__rosidl_typesupport_introspection_cppExport-noconfig.cmake
[3.600s] -- Up-to-date: /home/kazusa/kazusa/install/controller/share/controller/cmake/controller__rosidl_typesupport_cppExport.cmake
[3.600s] -- Up-to-date: /home/kazusa/kazusa/install/controller/share/controller/cmake/controller__rosidl_typesupport_cppExport-noconfig.cmake
[3.600s] -- Up-to-date: /home/kazusa/kazusa/install/controller/share/controller/cmake/export_controller__rosidl_generator_pyExport.cmake
[3.600s] -- Up-to-date: /home/kazusa/kazusa/install/controller/share/controller/cmake/export_controller__rosidl_generator_pyExport-noconfig.cmake
[3.600s] -- Up-to-date: /home/kazusa/kazusa/install/controller/share/controller/cmake/rosidl_cmake-extras.cmake
[3.600s] -- Up-to-date: /home/kazusa/kazusa/install/controller/share/controller/cmake/ament_cmake_export_dependencies-extras.cmake
[3.600s] -- Up-to-date: /home/kazusa/kazusa/install/controller/share/controller/cmake/ament_cmake_export_include_directories-extras.cmake
[3.600s] -- Up-to-date: /home/kazusa/kazusa/install/controller/share/controller/cmake/ament_cmake_export_libraries-extras.cmake
[3.600s] -- Up-to-date: /home/kazusa/kazusa/install/controller/share/controller/cmake/ament_cmake_export_targets-extras.cmake
[3.600s] -- Up-to-date: /home/kazusa/kazusa/install/controller/share/controller/cmake/rosidl_cmake_export_typesupport_targets-extras.cmake
[3.601s] -- Up-to-date: /home/kazusa/kazusa/install/controller/share/controller/cmake/rosidl_cmake_export_typesupport_libraries-extras.cmake
[3.601s] -- Up-to-date: /home/kazusa/kazusa/install/controller/share/controller/cmake/rosidl_cmake_aggregate_target-extras.cmake
[3.601s] -- Up-to-date: /home/kazusa/kazusa/install/controller/share/controller/cmake/controllerConfig.cmake
[3.601s] -- Up-to-date: /home/kazusa/kazusa/install/controller/share/controller/cmake/controllerConfig-version.cmake
[3.601s] -- Up-to-date: /home/kazusa/kazusa/install/controller/share/controller/package.xml
[3.602s] Invoked command in '/home/kazusa/kazusa/build/controller' returned '0': CMAKE_PREFIX_PATH=${CMAKE_PREFIX_PATH}:/opt/ros/jazzy DEBUGINFOD_URLS=https://debuginfod.ubuntu.com /usr/bin/cmake --install /home/kazusa/kazusa/build/controller
